=~=~=~=~=~=~=~=~=~=~=~= PuTTY log 2011.05.31 23:21:46 =~=~=~=~=~=~=~=~=~=~=~=
[PAM:   ] ++FSR_PAM_Init
[PAM:   ]   OneNAND physical base address       : 0xb0000000
[PAM:   ]   OneNAND virtual  base address       : 0xb0000000
[PAM:   ]   FSR_PAM_InitNANDController Success!! 
[PAM:   ] --FSR_PAM_Init
[BM :   ]   FSR_BML_GetFullPartI() is completed
[BM :   ]   stPartI.nNumOfPartEntry : 7
[BM :   ]   1th PartEntrt(nAttr:0x1002)(nID:0x0)
[BM :   ]   [1th] pPEntry->n1stVun     : 1
[BM :   ]   [1th] pPEntry->nNumOfUnits : 7
[BM :   ]   [1th] pPEntry->nLoadAddr   : 0xffffffff
+-------------------------------+
| Bootloader Shadowing FINISHED |
+-------------------------------+
Launch Image at 0x42480000


[BOOT_V1.0  (May 28 2010, 21:22:23)] 
SelectBootingMode: H/W...0xe.
[BOOT] ARMCLK: 400000 KHz, MSYSHCLK 200000 KHz,MSYSPCLK: 100000 KHz,                            [BOOT] DSYSHCLK 166750 KHz,DSYSPCLK: 83375 KHz,PSYSHCLK: 133400 KHz, PSYSPCLK: 66700 KHz,SYSCON_A2M: 200000 KHz  

+++FIMD_Drv_INITIALIZE
FIMD_Drv_ChangeMode: MDNIE_MODE
Frame Rate:62SCLK_FIMD:133400 kHz ClkDiv:4
S6E63M0 : LDI_Pentile_Set_Change Pentile_Value =6c 
---FIMD_Drv_INITIALIZE
---FIMD_Drv_SetWinOnOff(WIN4:1)
LCD initialize Finished

Flash_Unlock failed
Poweron status - 20
FSA9480 0x03 Register = 1
FSA9480 0x0A Register = 0
FSA9480 0x0B Register = 8
FSA9480 0x07 Register = 1c
SelectBootingMode: Boot Mode = 1...
 UART OUTPUT ENABLED
+SDHC_Open(Ch0)
univ_SD_MEM_PowerOnDevice() : Power On
univ_SD_MEM_PowerOnDevice(ch0) : MASSMEMORY_EN Power On
[SDHC] MPLL source clock from SYSCON : 667000000Hz
[SDHC] SDHC(ch0) source clock from SYSCON : 47642000Hz
[SDHC] SDHC(ch0) Operating Clock : 372203Hz
[SDHC][MMC]byte mode
SD_MEM_Phy_CMD2(ch0) : CID(127~0) : 0x150100, 0x4d324731, 0x44441694, 0x8647125d
SD_MEM_Phy_MMC_CID(ch0) : PRV - 0x16
MMC_Spec = 4
----------------CSD Version 1.0--------in low level-------------
channel: [0]
One Block Size: [512]Byte
Total card Block Count = [4014080]
Total card Capacity Size  = [1960]MB
---------------------------------------------------
SD_HostCtrl_IssueCommand[ch0] not SDclk off, cmd13, SD_CLK_CTRL:0x400f
SD_MEM_Phy_TransferState(ch0) :High: Tx : SD_FeedBackClock_BasicDelay
SD_MEM_Phy_TransferState(ch0) :High: Rx : SD_FeedBackClock_InverterDelay
[SDHC] MPLL source clock from SYSCON : 667000000Hz
[SDHC] SDHC(ch0) source clock from SYSCON : 47642000Hz
[SDHC] SDHC(ch0) Operating Clock : 47642000Hz
SD_HostCtrl_IssueCommand[ch0] not SDclk off, cmd13, SD_CLK_CTRL:0xf
SD_HostCtrl_IssueCommand[ch0] not SDclk off, cmd13, SD_CLK_CTRL:0xf
-SDHC_Open(Ch0)
 Loading SBL
 loadfile to 0x40244000
 loadsize is 1310720 bytes
 debug: 1310720
 done!
 Patching SBL
 done!
 debug: 0x6A0544
 Loading kernel image to buf
 loadfile to 0x44000000
 loadsize is 6948164 bytes
 debug: 6948164
 done!
 Turning off MMU
 done!
 Jumpout to 0x40244000


Set cpu clk. from 800MHz to 800MHz.

OM=0x9, device=OnenandMux(Audi)

IROM e-fused - Non Secure Boot Version.


-----------------------------------------------------------

   Samsung SBL2FOTAv03 by mijoma-SBL S8500

   Copyright (C) Samsung Electronics Co., Ltd. 2006-2010


   Board Name: ARIES REV 03

   Build On: Mar 20 2011 14:57:11

-----------------------------------------------------------


Re_partition: magic code(0x0)

[PAM:   ] ++FSR_PAM_Init

[PAM:   ]   OneNAND physical base address       : 0xb0000000

[PAM:   ]   OneNAND virtual  base address       : 0xb0000000

[PAM:   ]   OneNAND nMID=0xec : nDID=0x50

[PAM:   ] --FSR_PAM_Init

fsr_bml_load_partition: pi->nNumOfPartEntry = 7

partitions loading success

board partition information update.. source: 0x0

.Done.

 
read 1 units.

==== PARTITION INFORMATION ====

 ID         : *unknown id* (0x9)

 ATTR       : RO SLC (0x1002)

 FIRST_UNIT : 0

 NO_UNITS   : 1

===============================

 ID         : *unknown id* (0x0)

 ATTR       : RO SLC (0x1002)

 FIRST_UNIT : 1

 NO_UNITS   : 7

===============================

 ID         : *unknown id* (0x1)

 ATTR       : RW SLC (0x1001)

 FIRST_UNIT : 8

 NO_UNITS   : 796

===============================

 ID         : *unknown id* (0x14)

 ATTR       : RW STL SLC (0x1101)

 FIRST_UNIT : 804

 NO_UNITS   : 716

===============================

 ID         : *unknown id* (0x15)

 ATTR       : RW STL SLC (0x1101)

 FIRST_UNIT : 1520

 NO_UNITS   : 372

===============================

 ID         : *unknown id* (0x17)

 ATTR       : RW STL SLC (0x1101)

 FIRST_UNIT : 1892

 NO_UNITS   : 56

===============================

 ID         : *unknown id* (0x18)

 ATTR       : RW SLC (0x1001)

 FIRST_UNIT : 1948

 NO_UNITS   : 56

===============================

FlashDevOpen 232: Error(nErr=0x80000002)

j4fs_open 136: Error(nErr=0x40000000)

loke_init: j4fs_open failed..

EXT_I2C(3) -> No ACK

EXT_I2C(3) -> No ACK

EXT_I2C(3) -> No ACK

EXT_I2C(3) -> No ACK

EXT_I2C(3) -> No ACK

EXT_I2C(3) -> No ACK

EXT_I2C(3) -> No ACK

EXT_I2C(3) -> No ACK

EXT_I2C(3) -> No ACK

EXT_I2C(3) -> No ACK

EXT_I2C(3) -> No ACK

EXT_I2C(3) -> No ACK

init_fuel_gauge: vcell = 0mV, soc = 0

FlashDevRead 63: Error(offset,length,j4fs_end,nErr)=(0x40000,0x1000,0x0,0x80040001)

nps status file does not exist..

nps status is incorrect!! set default status.(completed)

nps status=0x504d4f43

PMIC_IRQ1    = 0x0 

PMIC_IRQ2    = 0x0 

PMIC_IRQ3    = 0x0 

PMIC_IRQ4    = 0x0 

PMIC_STATUS1 = 0x40 

PMIC_STATUS2 = 0x0 

get_debug_level current debug level is 0x0.

get_debug_level current debug level is 0x0.

get_debug_level current debug level is 0x0.

aries_process_platform: Debug Level Invalid

keypad_scan: key value ----------------->= 0x0

CONFIG_ARIES_REV:48 , CONFIG_ARIES_REV03:48 

aries_process_platform: final s1 booting mode = 0

EXT_I2C(3) -> No ACK

EXT_I2C(3) -> No ACK

EXT_I2C(3) -> No ACK

aries_check_boot_low_battery: low battery detect. voltage=0, limit voltage=3430

FlashDevRead 63: Error(offset,length,j4fs_end,nErr)=(0x40000,0x1000,0x0,0x80040001)

DISPLAY_PATH_SEL[MDNIE 0x1]is on

MDNIE setting Init start!!

vsync interrupt is off

video interrupt is off

[fb0] turn on

MDNIE setting Init end!!


Autoboot (0 seconds) in progress, press any key to stop 

get_debug_level current debug level is 0x0.

get_debug_level current debug level is 0x0.

boot_kernel: Debug Level Low

 debug: 9999
 Reloc kernel to 0x32000000
 0x44000000=>0x32000000,s=0x6A0544
setting param.serialnr=0x3834785f 0x2a500ec

setting param.board_rev=0x30

setting param.cmdline=console=ttySAC2,115200 loglevel=4


Starting kernel at 0x32000000...

Uncompressing Linux......................................................................................................................................................................................................................................................................................................................................................................................................................................................................................................................................................................... done, booting the kernel.
<6>Initializing cgroup subsys cpu

<5>Linux version 2.6.32.9 (user@user-MS-7514) (gcc version 4.5.2 (Sourcery G++ Lite 2011.03-41) ) #5 Tue May 31 23:17:39 EEST 2011

CPU: ARMv7 Processor [412fc082] revision 2 (ARMv7), cr=10c53c7f

CPU: VIPT nonaliasing data cache, VIPT nonaliasing instruction cache

Machine: SMDKC110

Memory policy: ECC disabled, Data cache writeback

<7>On node 0 totalpages: 20480

<7>free_area_init_node: node 0, pgdat c10e1860, node_mem_map c12b8000

<7>  Normal zone: 160 pages used for memmap

<7>  Normal zone: 0 pages reserved

<7>  Normal zone: 20320 pages, LIFO batch:3

<7>On node 1 totalpages: 65536

<7>free_area_init_node: node 1, pgdat c10e1f18, node_mem_map d0002000

<7>  Normal zone: 512 pages used for memmap

<7>  Normal zone: 0 pages reserved

<7>  Normal zone: 65024 pages, LIFO batch:15

<7>On node 2 totalpages: 0

<7>free_area_init_node: node 2, pgdat c10e25d0, node_mem_map c1360c20

<4>  Normal zone: 1 pages exceeds realsize 0

<7>On node 3 totalpages: 0

<7>free_area_init_node: node 3, pgdat c10e2c88, node_mem_map c1368ce0

<4>  Normal zone: 1 pages exceeds realsize 0

CPU S5PV210/S5PC110 (id 0x43110222)

<7>s5pv210_init_clocks: initializing clocks

<6>S3C24XX Clocks, Copyright 2004 Simtec Electronics

<3>copy: bad source 0

<3>mout_audss: bad source 0

<7>s5pv210_setup_clocks: registering clocks

<7>s5pv210_setup_clocks: clkdiv0 = 14131330, clkdiv1 = 00300400

<7>s5pv210_setup_clocks: xtal is 24000000

<6>S5PV210: PLL settings, A=800000000, M=667000000, E=80000000

<6>s5pv210: 33554432 bytes system memory reserved for mfc at 0x31373000

<6>s5pv210: 33554432 bytes system memory reserved for mfc at 0x40204000

<6>s5pv210: 12582912 bytes system memory reserved for fimc0 at 0x42204000

<6>s5pv210: 1048576 bytes system memory reserved for fimc1 at 0x42e04000

<6>s5pv210: 12582912 bytes system memory reserved for fimc2 at 0x42f04000

<6>s5pv210: 2097152 bytes system memory reserved for pmem at 0x33373000

<6>s5pv210: 4194304 bytes system memory reserved for pmem_gpu1 at 0x33573000

<6>s5pv210: 1536000 bytes system memory reserved for pmem_adsp at 0x33973000

<6>s5pv210: 10485760 bytes system memory reserved for texstream at 0x33aea000

<6>s5pv210: 3145728 bytes system memory reserved for fimd at 0x43b04000

<6>s5pv210: 262144 bytes system memory reserved for wifi at 0x344ea000

Built 2 zonelists in Zone order, mobility grouping on.  Total pages: 85344

<5>Kernel command line: console=ttySAC2,115200 loglevel=4

<6>PID hash table entries: 2048 (order: 1, 8192 bytes)

<6>Dentry cache hash table entries: 65536 (order: 6, 262144 bytes)

<6>Inode-cache hash table entries: 32768 (order: 5, 131072 bytes)

<6>Memory: 80MB 256MB = 336MB total

<5>Memory: 209052KB available (9144K code, 1897K data, 7728K init, 0K highmem)

<6>SLUB: Genslabs=9, HWalign=64, Order=0-3, MinObjects=0, CPUs=1, Nodes=4

<6>Hierarchical RCU implementation.

<6>NR_IRQS:339

<6>VIC @fd000000: id 0x00041192, vendor 0x41

<6>VIC @fd010000: id 0x00041192, vendor 0x41

<6>VIC @fd020000: id 0x00041192, vendor 0x41

<6>VIC @fd030000: id 0x00041192, vendor 0x41

<6>mult[140737]

<6>max_delta_ns[2147483647]

<6>min_delta_ns[30517]

<6>rate[32768]

<6>HZ[256]

Console: colour dummy device 80x30

[    0.000000] copy: bad source 0
[    0.000000] mout_audss< bad source 0
6>console [ttySAC2] enabled

<6>Calibrating delay loop... <c>796.20 BogoMIPS (lpj=1556480)

Mount-cache hash table entries: 512

<6>Initializing cgroup subsys debug

<6>Initializing cgroup subsys cpuacct

<6>Initializing cgroup subsys freezer

<6>CPU: Testing write buffer coherency: ok

<0>KERNEL:kernel_sec_get_debug_level_from_boot=0x574f4c44

[    0.121619] KERNEL:kernel_sec_get_debug_level_from_b<ot=0x574f4c44
0>KERNEL:magic_number=0x0 DEBUG LEVEL low!!

[    0.131678] KERNEL:magic_number=0x0 DEB<G LEVEL low!!
0>(kernel_sec_set_upload_cause) : upload_cause set 0

[    0.141392] (kernel_sec_set_upload_cause) : upload_cause set 0
<6>regulator: core version 0.5

<6>NET: Registered protocol family 16

S5PC110 Hardware version : EVT1 

HWREV is 0xf

S3C Power Management, Copyright 2004 Simtec Electronics

<6>S5PV210 Power Domain API Enable

<6>S5PV210: Initializing architecture

<6>S3C PL330-DMA Controller Driver, (c) 2008-2009 Samsung Electronics

<6>Total 24 DMA channels will be initialized.

DMA: got clock for controller 0 and disabled 

DMA: got clock for controller 1 and disabled 

DMA: got clock for controller 2 and disabled 

<6>s3c24xx-pwm s3c24xx-pwm.0: tin at 66700000, tdiv at 66700000, tin=divclk, base 0

<6>s3c24xx-pwm s3c24xx-pwm.1: tin at 66700000, tdiv at 66700000, tin=divclk, base 8

<6>s3c24xx-pwm s3c24xx-pwm.2: tin at 4168750, tdiv at 4168750, tin=divclk, base 12

<6>s3c24xx-pwm s3c24xx-pwm.3: tin at 4168750, tdiv at 4168750, tin=divclk, base 16

bio: create slab <bio-0> at 0

<6>vgaarb: loaded

<5>SCSI subsystem initialized

<6>s3c-i2c s3c2410-i2c.0: i2c-0: S3C I2C adapter

<6>s3c-i2c s3c2410-i2c.1: i2c-1: S3C I2C adapter

<6>s3c-i2c s3c2410-i2c.2: i2c-2: S3C I2C adapter

<6>Bluetooth: Core ver 2.15

<6>NET: Registered protocol family 31

<6>Bluetooth: HCI device and connection manager initialized

<6>Bluetooth: HCI socket layer initialized

<6>Switching to clocksource clock_source_systimer

<6>NET: Registered protocol family 2

<6>IP route cache hash table entries: 4096 (order: 2, 16384 bytes)

<6>TCP established hash table entries: 16384 (order: 5, 131072 bytes)

<6>TCP bind hash table entries: 16384 (order: 6, 327680 bytes)

<6>TCP: Hash tables configured (established 16384 bind 16384)

<6>TCP reno registered

<6>NET: Registered protocol family 1

<7>[BT] rfkill_register(bt_rfk) 

<7>[BT] Device Powering ON 

<7>[BT] GPIO_BT_nRST = 0

[BT] GPIO_WLAN_BT_EN = 1

<7>[BT] bt_host_wake_irq_handler start

[BT] GPIO_BT_nRST = 1

<7>[BT] Device Powering OFF 

<7>[BT] bt_host_wake_irq_handler start

[BT] GPIO_BT_nRST = 0

[BT] GPIO_WLAN_BT_EN = 0

<7>[BT] bt_host_wake_irq_handler start

[BT] In the unblocked state of the sleep

<7>[BT] GPIO_BT_WAKE = 0

[BT] wake_unlock(bt_wake_lock)

[BT] In the unblocked state of the sleep

<7>[BT] GPIO_BT_WAKE = 0

[BT] wake_unlock(bt_wake_lock)

S5PC11X_FREQ_TAB=0 , S5PC11X_MAXFREQLEVEL=4

<6>S5PV210 ADC driver, (c) 2010 Samsung Electronics

[ JACK_DRIVER (sec_jack_init,800) ] 

<6>SEC JACK: Registering jack driver

<6>input: sec_jack as /devices/virtual/input/input0

[ JACK_DRIVER (sec_jack_probe,676) ] sended isr send=0Xbe, ret =0

[ JACK_DRIVER (sec_jack_probe,695) ] det isr det=0X26, ret =0

<4>NetWinder Floating Point Emulator V0.97 (extended precision)

<6>ashmem: initialized

<6>ROMFS MTD (C) 2007 Red Hat, Inc.

<6>msgmni has been set to 408

<6>alg: No test for cipher_null (cipher_null-generic)

<6>alg: No test for ecb(cipher_null) (ecb-cipher_null)

<6>alg: No test for digest_null (digest_null-generic)

<6>alg: No test for compress_null (compress_null-generic)

<6>alg: No test for stdrng (krng)

<6>alg: No test for ghash (ghash-generic)

<6>io scheduler noop registered

<6>io scheduler anticipatory registered

<6>io scheduler deadline registered

<6>io scheduler cfq registered (default)

MDNIE  INIT ..........

<6>S3C MDNIE Driver, (c) 2010 Samsung Electronics

MDNIE  INIT SUCCESS Addr : 0xe083c000

IELCD  INIT ..........

<6>S3C IELCD Driver, (c) 2010 Samsung Electronics

IELCD  INIT SUCCESS Addr : 0xe0840000

<6>s3cfb s3cfb: [fb0] dma: 0x43b04000, cpu: 0xe0c00000, size: 0x002ee000

<6>FIMD src sclk = 166750000

<6>s3cfb s3cfb: parent clock: 166750000, vclk: 25628040, vclk div: 7

<6>s3cfb s3cfb: registered successfully

<6>s5pv210-uart.0: s3c2410_serial0 at MMIO 0xe2900000 (irq = 16) is a S3C6400/10

<6>s5pv210-uart.1: s3c2410_serial1 at MMIO 0xe2900400 (irq = 20) is a S3C6400/10

<6>s5pv210-uart.2: s3c2410_serial2 at MMIO 0xe2900800 (irq = 24) is a S3C6400/10

<6>s5pv210-uart.3: s3c2410_serial3 at MMIO 0xe2900c00 (irq = 28) is a S3C6400/10

<6>brd: module loaded

<6>loop: module loaded

<6>pmem: 1 init

<6>pmem_gpu1: 1 init

<6>pmem_adsp: 1 init

[BIF:IN ] ++FSR_BML_Init(nFlag: 0x0)

[PAM:   ] ++FSR_PAM_Init

[PAM:   ]   OneNAND physical base address       : 0xb0000000

[PAM:   ]   OneNAND virtual  base address       : 0xe0880000

[PAM:   ]   OneNAND nMID=0xec : nDID=0x50 Page size=4

[PAM:   ] --FSR_PAM_Init

[BIF:   ]   FSR VERSION: FSR_1.2.1p1_b139_RTM

[OND:INF]   FSR_OND_4K_Open(nDev:0, pParam:0xc4ff1e50, nFlag:0x00000000) / 1033 line

            pstOND4kCxt->nBaseAddr: 0xe0880000

            nDev=0, nMID=0x00ec, nDID=0x0050, nVID=0x013e

[OND:INF]   pstOND4kCxt->nSysConf1:0xf0c6 / 1116 line

[OND:INF]   pstOND4kCxt->nBlksForSLCArea[0]:2048 / 1133 line

[OND:INF]   pstOND4kCxt->nIntID   :0x0000 / 1236 line

[OND:INF]   1X_CACHEPGM CMD : 0x007f

[OND:INF]   1X_PLOAD    CMD : 0x0003

[BBM:INF]   Scan from 2004 to 2047 to find BML meta blocks (die: 0)

[BBM:INF]   ffff ffff ffff ffff ffff ffff ffff ffff ffff ffff 

[BBM:INF]   ffff ffff ffff ffff ffff ffff ffff ffff ffff ffff 

[BBM:INF]   ffff ffff ffff ffff ffff ffff ffff ffff ffff ffff 

[BBM:INF]   ffff ffff ffff ffff ffff ffff ffff ffff ffff ffff 

[BBM:INF]   a5a5 a5a5 ffff 

FSR: Registered TinyFSR Driver.

<6>tl2796_probe::1124->s6e63m0 probed successfuly

<6>PPP generic driver version 2.4.2

<6>PPP Deflate Compression module registered

<6>PPP BSD Compression module registered

<6>PPP MPPE Compression module registered

<6>NET: Registered protocol family 24

<6>PPPoL2TP kernel driver, V1.0

<6>SLIP: version 0.8.4-NET3.019-NEWTTY (dynamic channels, max=256) (6 bit encapsulation enabled).

<6>CSLIP: code copyright 1989 Regents of the University of California.

[otg_clock_enable] clk_enable(otg_clock) OK.

[otg_clock_enable] clk_disable(otg_clock) OK.

<6>s3c-udc : S3C HS USB OTG Device Driver, (c) 2008-2009 Samsung Electronics

s3c-udc : version 15 March 2009 (DMA Mode) 

[ADB_UMS_ACM_RNDIS_MTP] string_dev = 1000785f02a5 

<4>android_adb_ums_acm_rndis_mtp gadget: using random self ethernet address

<4>android_adb_ums_acm_rndis_mtp gadget: using random host ethernet address

<6>usb0: MAC e6:8f:71:6f:c5:b0

<6>usb0: HOST MAC 26:ba:c0:9a:06:8f

<6>acm_function_add

<6>DUN is registerd

<6>fsg_function_bind cdrom patch after fsg->nluns 2

<6>android_adb_ums_acm_rndis_mtp gadget: Number of LUNs=2

<6>shaman: mass_storage_function_add success

<6>adb_function_add

[mtpg_function_bind] line = [891] 

[mtpg_function_bind] dual speed line = [958] 

***** [mtpg_function_bind:975] calling mtp_function_enable with 0 

[mtp_function_enable] mtp_function => (disabled)

****** mtp_function_enable and line 1267 null_desc 

  interface 0 = acm/c4c6bc00

  interface 1 = acm/c4c6bc00

  interface 2 = usb_mass_storage/df8b1800

  interface 3 = adb/df8adc00

  interface 4 = Gadget_MTP/df8ade00

  interface 5 = rndis/c4c6b180

  interface 6 = rndis/c4c6b180

<6>mass_storage_function_config_changed

  interface 0 = usb_mass_storage/df8b1800

<6>android_adb_ums_acm_rndis_mtp gadget: Android Composite USB, version: May 29 2011

<6>android_adb_ums_acm_rndis_mtp gadget: android_adb_ums_acm_rndis_mtp ready

<6>Registered gadget driver 'android_adb_ums_acm_rndis_mtp'

[udc_enable]AP_USB_Power off by Bootup : 1<4>mice: could not register psaux device, error: -16

<6>mice: PS/2 mouse device common for all mice

<6>input: s3c-keypad as /devices/virtual/input/input1

s3c-keypad Initialized

S3C-Keypad H3C f000333 H2C ff00f33 

S3C-Keypad keypad_scan() is called

S3C-Keypad row val = 7<6>S3C Keypad Driver

<6>i2c /dev entries driver

<6>i2c-gpio i2c-gpio.4: using pins 247 (SDA) and 246 (SCL)

<6>i2c-gpio i2c-gpio.5: using pins 203 (SDA) and 204 (SCL)

<6>regulator: DCDC1: 750 <--> 1500 mV 

<6>regulator: DCDC2: 750 <--> 1500 mV 

<6>regulator: LDO4: 3300 mV 

<6>regulator: LDO7: 1800 mV 

<6>regulator: LDO17: 3000 <--> 3200 mV 

<6>i2c-gpio i2c-gpio.6: using pins 206 (SDA) and 209 (SCL)

[FSA9480] fsa9480_codec_probe

RRR
fsa9480_interrupt

[FSA9480] FSA9480_ReadIntRegister

<6>using rtc device, s3c, for alarms<6>s3c2410-rtc s3c2410-rtc: rtc core: registered s3c as rtc0

<7>Another host want the wakelock : 1

<7> Universal : Card status  0

<6>VFP support v0.3: implementor 41 architecture 3 part 30 variant c rev 2

<7>qt602240 GPIO Status

<7>TOUCH_EN  : High

<7>TOUCH_INT : Low

<7>*** DEBUG : First we search for SDIO...(2)***

<7>*** DEBUG : ...then normal SD...(2) ***

<6>ldo38_control : turn ON LDO3 and LDO8 (cur_stat=0, req=1)

[otg_clock_enable] clk_enable(otg_clock) OK.

[udc_enable]AP_USB_Power off by Bootup : 1[FSA9480] FSA9480_ProcessDevice (dev1 : 0x0, dev2 : 0x8)

FSA9480_DEV_TY2_JIG_UART_OFF --- ATTACH

JIT UART OFF

qt602240_i2c is attached..

<7>|  Quantum Touch Driver Probe!            |

<6>input: qt602240_ts_input as /devices/virtual/input/input2

QT_reprogram check

[QT] init_touch_driver start

[QT] init_I2C start


[TSP] Touch device found

Version:    0x16


Family:   0x80


Variant:    0x1


Build number:   0xab


Matrix X size : 19


Matrix Y size : 11


Calculated CRC:0x1c 0x34 0xff 0x00 




Stored CRC:0x1c 0x34 0xff 0x00 




Info block CRC value OK.




[TSP]qt_Power_Config_Init real board 

<6>mmc2: new high speed SDHC card at address e624

<6>mmcblk1: mmc2:e624 SU16G 14.8 GiB 

<6> mmcblk1:

[TSP][reset_chip] 


<7>mmc2: wake_lock_timeout 1sec 0

Chip reset OK!


[QT] ret : 0, qt602240->client name : qt602240_ts

<7>[TSP] msg id =  1 90 d0 8c 67 0 0 0 0

[QT] qt602240_init/5959

[QT] qt602240_init/5987, platform_driver_register!!

<6>s3c2410-rtc s3c2410-rtc: setting system clock to 2011-05-31 20:28:15 UTC (1306873695)

<6>FIMC0 registered successfully

<7>[TSP] msg id =  1 0 d0 8c 67 0 0 0 0

<6>FIMC1 registered successfully

<6>FIMC2 registered successfully

<6>S5PC1XX TVOUT Driver, (c) 2009 Samsung Electronics

<6>s5p-tvout s5p-tvout: hpd status is cable removed

<6>fg_read_vcell: VCELL=3878

[SOC] C:0, P:75

pmic interrupt registered 

<6>Freeing init memory: 7728K

<4>Warning: unable to open an initial console.

<3>init: /init.rc: 40: invalid command 'chmode'

[    2.349869] init: /init.rc: 40: invalid command 'chmode'
<3>init: /init.rc: 256: chmod requires 2 arguments

[    2.359669] init: /init.rc: 256: chmod requires 2 arguments
!@Init process: device_init #3

<3>init: ro.secure:1

[    2.832754] init: ro.secure:1
<3>init: ro.allow.mock.location:0

[    2.839899] init: ro.allow.m<ck.location:0
3>init: ro.debuggable:1

[    2.846143] init: r<.debuggable:1
3>init: persist.service.adb.enable:1

[    2.852735] init: persist.service.adb.enable:1
<3>init: cannot open '/initlogo.rle'

[    2.865840] init: cannot open '/initlogo.rle'
<3>init: ro.factorytest:0

[    2.872518] init: ro<factorytest:0
3>init: ro.serialno:

[    2.877809] init< ro.serialno:
3>init: ro.bootmode:unknown

[    2.883360] init: ro.bo<tmode:unknown
3>init: ro.baseband:unknown

[    2.889518] init: ro.ba<eband:unknown
3>init: ro.carrier:unknown

[    2.895589] init: ro.c<rrier:unknown
3>init: ro.bootloader:unknown

[    2.901834] init: ro.boot<oader:unknown
3>init: ro.hardware:SMDKC110

[    2.908252] init: ro.har<ware:SMDKC110
3>init: ro.revision:48

[    2.914063] init: <o.revision:48
3>init: dpm.allowcamera:0

[    2.919614] init: dpm<allowcamera:0
6>init: command 'loglevel' r=0

<6>init: command 'export' r=0

<6>init: command 'export' r=0

<6>init: command 'export' r=0

<6>init: command 'export' r=0

<6>init: command 'export' r=0

<6>init: command 'export' r=0

<6>init: command 'export' r=0

<6>init: command 'export' r=0

<6>init: command 'export' r=0

<6>init: command 'export' r=0

<6>init: command 'export' r=0

<6>init: command 'insmod' r=0

PA FB = 0x43B04000, bits per pixel = 32

screen width=480 height=800 va=0xd3b04000 pa=0x43b04000

Back frameBuffer[0].VAddr=d3c7b000 PAddr=43c7b000 size=1536000

<6>init: command 'insmod' r=0

<6>init: command 'insmod' r=0

[VIBETONZ:WJYOO] MISC_REGISTER nRet = 0

<6>init: command 'insmod' r=0

<2>--------Si4709_driver_init called

[    3.067841] --------Si4709_driver_init called
<2>--------Si4709_isr: FM device called IRQ: 321

[    3.076511] --------Si4709_isr: FM device called IRQ: 321
<2>--------Si4709_driver_init request_irq success 192

[    3.086659] --------Si4709_driver_init request_i<q success 192
2>--------Si4709 i2c driver Si4709_i2c_driver_init called

[    3.097587] --------Si4709 i2c driver Si4709_i2c_driver_init called
<2>------------- si4709_i2c_probe 88


[    3.107301] ------------- si4709_i2c_probe 88
[<   3.107309] 
2>--------Si4709 i2c driver Si4709_probe called

[    3.117361] --------Si4709 i2c driver Si470<_probe called
2>--------Si4709_dev_init called

[    3.125688] --------Si4709_dev_init called
<2>--------Si4709_dev_init call over

[    3.136928] --------Si4709_dev_init call over
<2>--------Si4709_driver_init successful

[    3.144908] --------Si4709_driver_init successful
<6>init: command 'insmod' r=0

<6>init: command 'mkdir' r=0

<6>init: command 'mount' r=0

<6>init: command 'symlink' r=0

<6>init: command 'symlink' r=0

<6>init: command 'symlink' r=0

<6>init: command 'mkdir' r=0

<6>init: command 'mount' r=0

<6>init: command 'mkdir' r=0

<6>init: command 'mount' r=0

<6>init: command 'mkdir' r=0

<6>init: command 'mount' r=0

<3>init: audioflinger.bootsnd:1

[    3.219375] init: audiofli<ger.bootsnd:1
6>init: command 'setprop' r=0

<6>init: command 'symlink' r=0

<6>init: command 'symlink' r=0

<6>init: command 'mkdir' r=0

<6>init: command 'mkdir' r=0

<6>init: command 'symlink' r=0

<6>init: command 'chown' r=0

<6>init: command 'mkdir' r=0

<6>init: command 'mount' r=0

<6>init: command 'mkdir' r=0

<4>fsr: module license 'Samsung Proprietary' taints kernel.

<4>Disabling lock debugging due to kernel taint

[BIF:IN ] ++FSR_BML_Init(nFlag: 0x0)

[PAM:   ] ++FSR_PAM_Init

[PAM:   ]   OneNAND physical base address       : 0xb0000000

[PAM:   ]   OneNAND virtual  base address       : 0xe0b40000

[PAM:   ]   OneNAND Controller DMA physical base address       : 0xb0600000

[PAM:   ]   OneNAND Controller DMA virtual  base address       : 0xe0b80000

[PAM:   ]   OneNAND nMID=0xec : nDID=0x50 Page size=4

[PAM:   ] --FSR_PAM_Init

[BIF:   ]   FSR VERSION: FSR_1.2.1p1_b139_RTM

[OND:INF]   FSR_OND_4K_Open(nDev:0, pParam:0xc4ff1e00, nFlag:0x00000000) / 1033 line

            pstOND4kCxt->nBaseAddr: 0xe0b40000

            nDev=0, nMID=0x00ec, nDID=0x0050, nVID=0x013e

[OND:INF]   pstOND4kCxt->nSysConf1:0xf0c6 / 1116 line

[OND:INF]   pstOND4kCxt->nBlksForSLCArea[0]:2048 / 1133 line

[OND:INF]   pstOND4kCxt->nIntID   :0x0000 / 1236 line

[OND:INF]   1X_CACHEPGM CMD : 0x007f

[OND:INF]   1X_PLOAD    CMD : 0x0003

[BBM:INF]   Scan from 2004 to 2047 to find BML meta blocks (die: 0)

[BBM:INF]   ffff ffff ffff ffff ffff ffff ffff ffff ffff ffff 

[BBM:INF]   ffff ffff ffff ffff ffff ffff ffff ffff ffff ffff 

[BBM:INF]   ffff ffff ffff ffff ffff ffff ffff ffff ffff ffff 

[BBM:INF]   ffff ffff ffff ffff ffff ffff ffff ffff ffff ffff 

[BBM:INF]   a5a5 a5a5 ffff 

[BBM:   ]  << DevNO:0, DieNO: 0 MAPPING INFORMATION >>

[BBM:   ]   Bad Mark Information

[BBM:   ]      - Bad Mark (0x2222) by erase error

[BBM:   ]      - Bad Mark (0x4444) by write error

[BBM:   ]   << Total : 0 BAD-MAPPING INFORMATION >>

[BIF:   ]   nPartition Information (nVol : 0)

            nVer : 0xffffffff

            00 / nID:0x09 / nAttr:0x00001002 / 1stVun:    0 / Units:    1

            01 / nID:0x00 / nAttr:0x00001002 / 1stVun:    1 / Units:    7

            02 / nID:0x01 / nAttr:0x00001001 / 1stVun:    8 / Units:  796

            03 / nID:0x20 / nAttr:0x00001101 / 1stVun:  804 / Units:  716

            04 / nID:0x21 / nAttr:0x00001101 / 1stVun: 1520 / Units:  372

            05 / nID:0x23 / nAttr:0x00001101 / 1stVun: 1892 / Units:   56

            06 / nID:0x24 / nAttr:0x00001001 / 1stVun: 1948 / Units:   56

[BBM:INF]   The registered blocks in ERL are handled

[BBM:INF]   (number of blocks: 0)

BML: Registered BML Driver.

<6>init: command 'insmod' r=0

[BIF:IN ] ++FSR_BML_Init(nFlag: 0x0)

[BIF:   ]   FSR_BML_Init(nFlag:0x0, nRe:FSR_BML_ALREADY_INITIALIZED) / 1027 line

FSR: Registered STL Driver.

<6>init: command 'insmod' r=0

<6>init: command 'insmod' r=0

<6>init: command 'insmod' r=0

<6>init: command 'insmod' r=0

<6>param_init

<6>load_lfs_param_value: param.blk read successfully.

<6>init: command 'insmod' r=0

<6>init: command 'symlink' r=0

<6>init: command 'mkdir' r=-17

<6>init: command 'mkdir' r=-17

<6>init: command 'mkdir' r=0

<6>init: command 'chown' r=0

<6>init: command 'chmod' r=0

<6>init: command 'mkdir' r=-17

<6>init: command 'mkdir' r=0

<6>init: command 'mkdir' r=0

<6>init: command 'mkdir' r=0

<6>init: command 'mkdir' r=0

<6>init: command 'mkdir' r=0

<6>init: command 'mount' r=0

<6>init: command 'write' r=0

<6>init: command 'write' r=0

<6>init: command 'write' r=0

<6>init: command 'write' r=0

<6>init: command 'write' r=0

<6>init: command 'write' r=0

<6>init: command 'write' r=0

<6>init: command 'mkdir' r=0

<6>init: command 'mount' r=0

<6>init: command 'chown' r=0

<6>init: command 'chown' r=0

<6>init: command 'chmod' r=0

<6>init: command 'write' r=-22

<6>init: command 'mkdir' r=0

<6>init: command 'chown' r=0

<6>init: command 'chmod' r=0

<6>init: command 'write' r=0

<6>init: command 'mkdir' r=0

<6>init: command 'chown' r=0

<6>init: command 'chmod' r=0

<6>init: command 'write' r=0

<6>init: command 'chmod' r=-2

<6>init: command 'mkdir' r=-17

<6>init: command 'chown' r=-1

<6>init: command 'chmod' r=0

<6>init: command 'mkdir' r=-17

<6>init: command 'chown' r=-1

<6>init: command 'chmod' r=0

<6>init: command 'copy' r=-1

<6>init: command 'chown' r=-2

<6>init: command 'chmod' r=-2

<6>init: command 'copy' r=-1

<6>init: command 'chown' r=-2

<6>init: command 'chmod' r=-2

<6>init: command 'write' r=-2

<6>init: command 'chown' r=-1

<6>init: command 'chmod' r=0

<6>init: command 'chown' r=-1

<6>init: command 'chmod' r=0

<6>init: command 'mount' r=-1

<6>init: command 'chown' r=0

<6>init: command 'chmod' r=0

<6>init: command 'chown' r=0

<6>init: command 'chmod' r=0

[FSA9480]connectivity_switching_init = switch_sel : 0x7

[FSA9480_Enable_AP_USB] Enable AP USB

[ap_usb_power_on]AP USB Power ON, askon: 0, mtp : 0

!!!!!!!!!!! [ap_usb_power_on]AP samsung_kies_mtp_mode_flag0, mtp:0

[USB] enable_adb - enable(0x01), prev_status(0x00)

Here is enable_adb@@@@

[enable_adb]USBSTATUS_SAMSUNG_KIES

<6>acm_function_config_changed

<6>mtp_function_config_changed

  interface 0 = acm/c4c6bc00

  interface 1 = acm/c4c6bc00

  interface 2 = Gadget_MTP/df8ade00

[ap_usb_power_on]AP USB Power ON, askon: 0, mtp : 0

!!!!!!!!!!! [ap_usb_power_on]AP samsung_kies_mtp_mode_flag0, mtp:0

<6>ldo38_control : turn ON LDO3 and LDO8 (cur_stat=1, req=1)

[otg_clock_enable] already clk_enabled.

[otg_clock_enable] clk_disable(otg_clock) OK.

<6>ldo38_control : turn OFF LDO3 and LDO8 (cur_stat=1, req=1)

[FSA9480]connectivity_switching_init = switch_sel : 0x7

<6>init: command 'mkdir' r=-17

<6>init: command 'chown' r=-1

<6>init: command 'chmod' r=0

<6>init: command 'mkdir' r=-17

<6>init: command 'mkdir' r=-17

<6>init: command 'mkdir' r=-17

<6>init: command 'mkdir' r=-17

<6>init: command 'mkdir' r=-17

<6>init: command 'mkdir' r=-17

<6>init: command 'mkdir' r=-17

<6>init: command 'mkdir' r=-17

<6>init: command 'mkdir' r=-17

<6>init: command 'chmod' r=0

<6>init: command 'mkdir' r=-17

<6>init: command 'mkdir' r=-17

<6>init: command 'mkdir' r=-17

<6>init: command 'chmod' r=-2

<6>init: command 'mkdir' r=-17

<6>init: command 'mkdir' r=-17

<6>init: command 'mkdir' r=-17

<6>init: command 'mkdir' r=-17

<6>init: command 'mkdir' r=-17

<6>init: command 'mkdir' r=-17

<6>init: command 'mkdir' r=-17

<6>init: command 'chmod' r=0

<6>init: command 'chmod' r=0

<6>init: command 'chmod' r=0

<6>init: command 'chmod' r=0

<6>init: command 'chmod' r=0

<6>init: command 'chmod' r=0

<6>init: command 'mkdir' r=-17

<6>init: command 'chown' r=-1

<6>init: command 'chmod' r=0

<6>init: command 'mkdir' r=-17

<6>init: command 'mkdir' r=-17

<6>init: command 'chown' r=0

<6>init: command 'chmod' r=0

<6>init: command 'chown' r=0

<6>init: command 'chmod' r=0

Storage device init

<6>init: command 'insmod' r=0

######## bthid_init: ########

######## bthid_init: done ########

<6>init: command 'insmod' r=0

<6>init: command 'mkdir' r=-17

<6>init: command 'chown' r=0

<6>init: command 'chmod' r=0

<6>init: command 'chmod' r=-2

<6>init: command 'mkdir' r=-17

<6>init: command 'mkdir' r=-17

<6>init: command 'mkdir' r=0

<6>init: command 'chmod' r=-2

<6>init: command 'mkdir' r=-17

<6>init: command 'mount' r=0

<6>init: command 'mkdir' r=-30

<6>init: command 'chown' r=-2

<3>init: ro.build.id:FROYO

[    4.257430] init: ro.<uild.id:FROYO
3>init: ro.build.display.id:FROYO.XXJPX

[    4.264456] init: ro.build.display.<d:FROYO.XXJPX
3>init: ro.build.version.incremental:XXJPX

[    4.272955] init: ro.build.version.inc<emental:XXJPX
3>init: ro.build.version.sdk:8

[    4.280674] init: ro.build<version.sdk:8
3>init: ro.build.version.codename:REL

[    4.287960] init: ro.build.versio<.codename:REL
3>init: ro.build.version.release:2.2.1

[    4.295939] init: ro.build.version<release:2.2.1
3>init: ro.build.date:2010. 12. 17. () 17:06:56 KST

[    4.305393] init: ro.build.date:2010. 12. 17. (< 17:06:56 KST
3>init: ro.build.date.utc:1292573216

[    4.314673] init: ro.build.date.<tc:1292573216
3>init: ro.build.type:user

[    4.321525] init: ro.b<ild.type:user
3>init: ro.build.user:root

[    4.327509] init: ro.b<ild.user:root
3>init: ro.build.host:sep-60

[    4.333667] init: ro.bui<d.host:sep-60
3>init: ro.build.tags:release-keys

[    4.340519] init: ro.build.tag<:release-keys
3>init: ro.product.model:GT-I9000

[    4.347805] init: ro.product.<odel:GT-I9000
3>init: ro.product.brand:samsung

[    4.354917] init: ro.product<brand:samsung
3>init: ro.product.name:GT-I9000

[    4.361942] init: ro.product<name:GT-I9000
3>init: ro.product.device:GT-I9000

[    4.369141] init: ro.product.d<vice:GT-I9000
3>init: ro.product.board:GT-I9000

[    4.376426] init: ro.product.<oard:GT-I9000
3>init: ro.product.cpu.abi:armeabi-v7a

[    4.384058] init: ro.product.cpu.a<i:armeabi-v7a
3>init: ro.product.cpu.abi2:armeabi

[    4.391864] init: ro.product.cp<.abi2:armeabi
3>init: ro.product.manufacturer:samsung

[    4.399757] init: ro.product.manufa<turer:samsung
3>init: ro.product.locale.language:en

[    4.407823] init: ro.product.loca<e.language:en
3>init: ro.product.locale.region:GB

[    4.415542] init: ro.product.lo<ale.region:GB
3>init: ro.wifi.channels:

[    4.422220] init: ro.<ifi.channels:
3>init: ro.board.platform:s5pc110

[    4.428725] init: ro.board.pl<tform:s5pc110
3>init: ro.build.product:GT-I9000

[    4.435924] init: ro.build.pr<duct:GT-I9000
3>init: ro.build.description:GT-I9000-user 2.2.1 FROYO XXJPX release-keys

[    4.446592] init: ro.build.description:GT-I9000-user 2.2.1 FROYO XXJP< release-keys
3>init: ro.build.fingerprint:samsung/GT-I9000/GT-I9000/GT-I9000:2.2.1/FROYO/XXJPX:user/release-keys

[    4.462984] init: ro.build.fingerprint:samsung/GT-I9000/GT-I9000/GT-I9000:2.2.1/FROYO/XXJPX:use</release-keys
3>init: ro.build.PDA:I9000XXJPX

[    4.475734] init: ro.build.<DA:I9000XXJPX
3>init: ro.build.hidden_ver:I9000XXJPX

[    4.483193] init: ro.build.hidden_<er:I9000XXJPX
3>init: ro.build.changelist:787513

[    4.490912] init: ro.build.cha<gelist:787513
3>init: ro.tether.denied:false

[    4.497937] init: ro.tethe<.denied:false
3>init: rild.libpath:/system/lib/libsec-ril.so

[    4.506003] init: rild.libpath:/system/lib<libsec-ril.so
3>init: rild.libargs:-d /dev/ttyS0

[    4.514416] init: rild.libargs<-d /dev/ttyS0
3>init: ro.sf.lcd_density:240

[    4.521355] init: ro.sf.l<d_density:240
3>init: dalvik.vm.heapsize:48m

[    4.527946] init: dalvik.v<.heapsize:48m
3>init: dalvik.vm.execution-mode:int:jit

[    4.535492] init: dalvik.vm.executio<-mode:int:jit
3>init: ro.opengles.version:131072

[    4.543385] init: ro.opengles.<ersion:131072
3>init: windowsmgr.max_events_per_sec:55

[    4.551277] init: windowsmgr.max_eve<ts_per_sec:55
3>init: keyinputqueue.use_finger_id:true

[    4.559690] init: keyinputqueue.use_<inger_id:true
3>init: media.stagefright.enable-player:true

[    4.568450] init: media.stagefright.enab<e-player:true
3>init: media.stagefright.enable-meta:true

[    4.577383] init: media.stagefright.en<ble-meta:true
3>init: media.stagefright.enable-scan:true

[    4.586143] init: media.stagefright.en<ble-scan:true
3>init: media.stagefright.enable-http:true

[    4.594903] init: media.stagefright.en<ble-http:true
3>init: keyguard.no_require_sim:true

[    4.603143] init: keyguard.no_re<uire_sim:true
3>init: ro.config.ringtone:01_Samsung_tune.ogg

[    4.611729] init: ro.config.ringtone:01_Sa<sung_tune.ogg
3>init: ro.config.notification_sound:01_Sherbet.ogg

[    4.621616] init: ro.config.notification_sound:<1_Sherbet.ogg
3>init: ro.config.alarm_alert:Good_Morning.ogg

[    4.631504] init: ro.config.alarm_alert:Go<d_Morning.ogg
3>init: ro.opengles.version:131072

[    4.639917] init: ro.opengles.<ersion:131072
3>init: net.bt.name:Android

[    4.646682] init: net.b<.name:Android
3>init: net.change:net.bt.name

[    4.653100] init: net.chan<e:net.bt.name
3>init: dalvik.vm.stack-trace-file:/data/anr/traces.txt

[    4.661946] init: dalvik.vm.stack-trace-file:/data/anr/traces.txt
<3>init: ro.url.legal:http://www.google.com/intl/%s/mobile/android/basic/phone-legal.html

[    4.675910] init: ro.url.legal:http://www.google.com/intl/%s/mobile/android/basic/ph<ne-legal.html
3>init: ro.url.legal.android_privacy:http://www.google.com/intl/%s/mobile/android/basic/privacy.html

[    4.693690] init: ro.url.legal.android_privacy:http://www.google.com/intl/%s/mobile/android/basi</privacy.html
3>init: ro.com.google.locationfeatures:1

[    4.707307] init: ro.com.google.loca<ionfeatures:1
3>init: ro.setupwizard.mode:DISABLED

[    4.715373] init: ro.setupwizard<mode:DISABLED
3>init: ro.com.google.clientidbase:android-samsung

[    4.724307] init: ro.com.google.clientidbase:a<droid-samsung
3>init: ro.com.google.clientidbase.yt:android-samsung

[    4.734714] init: ro.com.google.clientidbase.yt:a<droid-samsung
3>init: ro.com.google.clientidbase.am:android-samsung

[    4.745382] init: ro.com.google.clientidbase.am:a<droid-samsung
3>init: ro.com.google.clientidbase.vs:android-samsung

[    4.756050] init: ro.com.google.clientidbase.vs:a<droid-samsung
3>init: ro.com.google.clientidbase.gmm:android-samsung

[    4.766805] init: ro.com.google.clientidbase.gmm:a<droid-samsung
3>init: ro.com.google.gmsversion:2.2_r8

[    4.776345] init: ro.com.google.gmsversion:2.2_r8
<6>init: Created socket '/dev/socket/property_service' with mode '666', user '0', group '0'

<6>init: processing action 0x331a0 (boot)

[UART Switch] Path : PDA

<6>inside set_param_value1 idx = 4, value = -1055271436

<6>save_lfs_param_value: param.blk write successfully.

<6>init: command 'write' r=0

[FSA9480]usb_sel_store

 [FSA9480] usb_switch_mode: Path = PDA

[FSA9480_Enable_AP_USB] Enable AP USB

[ap_usb_power_on]AP USB Power ON, askon: 0, mtp : 0

!!!!!!!!!!! [ap_usb_power_on]AP samsung_kies_mtp_mode_flag0, mtp:0

<6>inside set_param_value1 idx = 4, value = -1055271436

<6>save_lfs_param_value: param.blk write successfully.

<6>init: command 'write' r=0

<6>init: command 'ifup' r=0

<6>init: command 'hostname' r=0

<6>init: command 'domainname' r=0

<6>init: command 'setrlimit' r=0

<3>init: ro.FOREGROUND_APP_ADJ:0

[    4.972697] init: ro.FOREGR<UND_APP_ADJ:0
6>init: command 'setprop' r=0

<3>init: ro.VISIBLE_APP_ADJ:1

[    4.982064] init: ro.VIS<BLE_APP_ADJ:1
6>init: command 'setprop' r=0

<3>init: ro.SECONDARY_SERVER_ADJ:2

[    4.991604] init: ro.SECONDAR<_SERVER_ADJ:2
6>init: command 'setprop' r=0

<3>init: ro.BACKUP_APP_ADJ:2

[    5.001058] init: ro.BA<KUP_APP_ADJ:2
6>init: command 'setprop' r=0

<3>init: ro.HOME_APP_ADJ:4

[    5.009818] init: ro.<OME_APP_ADJ:4
6>init: command 'setprop' r=0

<3>init: ro.HIDDEN_APP_MIN_ADJ:7

[    5.018925] init: ro.HIDDEN<APP_MIN_ADJ:7
6>init: command 'setprop' r=0

<3>init: ro.CONTENT_PROVIDER_ADJ:14

[    5.028812] init: ro.CONTENT_P<OVIDER_ADJ:14
6>init: command 'setprop' r=0

<3>init: ro.EMPTY_APP_ADJ:15

[    5.038352] init: ro.EM<TY_APP_ADJ:15
6>init: command 'setprop' r=0

<3>init: ro.FOREGROUND_APP_MEM:2560

[    5.047893] init: ro.FOREGROUN<_APP_MEM:2560
6>init: command 'setprop' r=0

<3>init: ro.VISIBLE_APP_MEM:4096

[    5.057780] init: ro.VISIBL<_APP_MEM:4096
6>init: command 'setprop' r=0

<3>init: ro.SECONDARY_SERVER_MEM:5120

[    5.067841] init: ro.SECONDARY_S<RVER_MEM:5120
6>init: command 'setprop' r=0

<3>init: ro.BACKUP_APP_MEM:5120

[    5.077815] init: ro.BACKU<_APP_MEM:5120
6>init: command 'setprop' r=0

<3>init: ro.HOME_APP_MEM:5120

[    5.087095] init: ro.HOM<_APP_MEM:5120
6>init: command 'setprop' r=0

<3>init: ro.HIDDEN_APP_MEM:6144

[    5.096376] init: ro.HIDDE<_APP_MEM:6144
6>init: command 'setprop' r=0

<3>init: ro.CONTENT_PROVIDER_MEM:7168

[    5.106350] init: ro.CONTENT_PRO<IDER_MEM:7168
6>init: command 'setprop' r=0

<3>init: ro.EMPTY_APP_MEM:8192

[    5.116238] init: ro.EMPT<_APP_MEM:8192
6>init: command 'setprop' r=0

<3>init: wifi.interface:eth0

[    5.125344] init: wifi.<nterface:eth0
6>init: command 'setprop' r=0

<3>init: ro.bt.bdaddr_path:/data/misc/bluetooth/bt_addr

[    5.136619] init: ro.bt.bdaddr_path:/data/misc/blu<tooth/bt_addr
6>init: command 'setprop' r=0

<6>init: command 'write' r=0

<6>init: command 'write' r=0

<6>init: command 'write' r=0

<6>init: command 'write' r=0

<6>init: command 'write' r=0

<6>init: command 'write' r=0

<6>init: command 'write' r=0

<6>init: command 'write' r=0

<6>init: command 'chown' r=-2

<6>init: command 'chown' r=-2

<6>init: command 'chown' r=-2

<6>init: command 'chown' r=-2

<6>init: command 'chown' r=-2

<6>init: command 'chown' r=0

<6>init: command 'chown' r=0

<6>init: command 'chown' r=0

<6>init: command 'chown' r=0

<6>init: command 'chmod' r=0

<6>init: command 'chmod' r=0

<6>init: command 'chmod' r=0

<6>init: command 'chmod' r=0

<6>init: command 'chown' r=0

<6>init: command 'chown' r=-2

<6>init: command 'chown' r=0

<6>init: command 'chown' r=-2

<6>init: command 'chown' r=-2

<6>init: command 'chown' r=-2

<6>init: command 'chown' r=-2

<6>init: command 'chown' r=-2

<6>init: command 'chown' r=-2

<6>init: command 'chown' r=-2

<6>init: command 'chown' r=-2

<6>init: command 'chown' r=-2

<6>init: command 'chown' r=-2

<6>init: command 'chown' r=-2

<6>init: command 'chown' r=-2

<6>init: command 'chown' r=-2

<6>init: command 'chown' r=-2

<6>init: command 'chown' r=0

<6>init: command 'chown' r=0

<6>init: command 'chown' r=0

<6>init: command 'chown' r=0

<6>init: command 'chown' r=0

<6>init: command 'chown' r=0

<6>init: command 'chown' r=0

<6>init: command 'chown' r=0

<6>init: command 'chown' r=0

<3>init: net.tcp.buffersize.default:4096,87380,196608,4096,16384,110208

[    5.275659] init: net.tcp.buffersize.default:4096,87380,196608,4096,16384,110208
<3>init: net.change:net.tcp.buffersize.default

[    5.287195] init: net.change:net.tcp.buff<rsize.default
6>init: command 'setprop' r=0

<3>init: net.tcp.buffersize.wifi:4095,87380,196608,4096,16384,110208

[    5.301158] init: net.tcp.buffersize.wifi:4095,87380,196608,4096,16384,110208
<3>init: net.change:net.tcp.buffersize.wifi

[    5.312173] init: net.change:net.tcp.b<ffersize.wifi
6>init: command 'setprop' r=0

<3>init: net.tcp.buffersize.umts:4094,87380,196608,4096,16384,110208

[    5.325877] init: net.tcp.buffersize.umts:4094,87380,196608,409<,16384,110208
3>init: net.change:net.tcp.buffersize.umts

[    5.336805] init: net.change:net.tcp.b<ffersize.umts
6>init: command 'setprop' r=0

<3>init: net.tcp.buffersize.edge:4093,26280,35040,4096,16384,35040

[    5.350335] init: net.tcp.buffersize.edge:4093,26280,35040,40<6,16384,35040
3>init: net.change:net.tcp.buffersize.edge

[    5.361090] init: net.change:net.tcp.b<ffersize.edge
6>init: command 'setprop' r=0

<3>init: net.tcp.buffersize.gprs:4092,8760,11680,4096,8760,11680

[    5.374446] init: net.tcp.buffersize.gprs:4092,8760,11680,4<96,8760,11680
3>init: net.change:net.tcp.buffersize.gprs

[    5.385027] init: net.change:net.tcp.b<ffersize.gprs
6>init: command 'setprop' r=0

<6>init: command 'chmod' r=0

<6>init: command 'chmod' r=0

<6>init: command 'chmod' r=0

<6>init: command 'chmod' r=0

<6>init: command 'chmod' r=0

<6>init: command 'chmod' r=0

<6>init: command 'chmod' r=0

<6>init: command 'chmod' r=-2

<6>init: command 'write' r=0

<6>init: command 'write' r=0

<6>init: command 'write' r=-2

<6>init: command 'write' r=-2

<6>init: command 'chown' r=-2

<6>init: command 'chown' r=-2

<6>init: command 'chown' r=0

<6>init: command 'chmod' r=-2

<6>init: command 'chmod' r=-2

<6>init: command 'chown' r=0

<6>init: command 'chmod' r=0

<6>init: command 'chown' r=0

<6>init: command 'chmod' r=0

<6>init: command 'chmod' r=0

<6>init: command 'chmod' r=0

<6>init: command 'chown' r=0

<6>init: command 'chown' r=0

<6>init: command 'chmod' r=-2

<6>init: command 'chown' r=0

<6>init: command 'chown' r=0

<5>init: starting 'console'

<3>init: init.svc.console:running

[    5.476538] init: init.svc.console:running
sh: can't access <5>init: starting 'playlogos1'

tty; job contro<3>init: init.svc.playlogos1:running

[    5.491031] init: init.svc.playlogos1:running
<5>init: starting 'pvrsrvinit'

l turned off
$<3>init: init.svc.pvrsrvinit:running

[    5.502740] init: init.svc.pvrsrvinit:running
 <5>init: starting 'servicemanager'

<3>init: init.svc.servicemanager:running

[    5.515394] init: init.svc.servicemanager:running
<5>init: starting 'vold'

<3>init: init.svc.vold:running

[    5.528621] init: init.svc.vold:running
<6>init: Created socket '/dev/socket/vold' with mode '660', user '0', group '1009'

<5>init: starting 'notified_event'

<3>init: init.svc.notified_event:running

[    5.551448] init: init.svc.notified_event:running
<6>init: Created socket '/dev/socket/notified_event' with mode '660', user '0', group '1000'

<5>init: starting 'netd'

<3>init: init.svc.netd:running

[    5.570226] init: init.svc.netd:running
<6>init: Created socket '/dev/socket/netd' with mode '660', user '0', group '1000'

<5>init: starting 'debuggerd'

<3>init: init.svc.debuggerd:running

[    5.588691] init: init.svc.debuggerd:running
<5>init: starting 'DR-daemon'

<3>init: init.svc.DR-daemon:running

[    5.600365] init: init.svc.DR-daemon:running
<5>init: starting 'mobex-daemon'

<3>init: init.svc.mobex-daemon:running

[    5.611571] init: init.svc.mobex-daemon:running
<5>init: starting 'zygote'

<3>init: init.svc.zygote:running

[    5.622343] init: init.svc.zygote:running
<6>init: Created socket '/dev/socket/zygote' with mode '666', user '0', group '0'

<5>init: starting 'media'

<3>init: init.svc.media:running

[    5.639993] init: init.svc.media:running
<3>init: cannot find '/system/bin/vtserver', disabling 'vt'

[    5.653480] init: cannot find '/system/bin/vtserver', disabling 'vt'
<5>init: starting 'dbus'

<3>init: init.svc.dbus:running

[    5.665067] init: init.svc.dbus:running
<5>init: starting 'installd'

<6>init: Created socket '/dev/socket/dbus' with mode '660', user '1002', group '1002'

<3>init: init.svc.installd:running

[    5.691477] init: init.svc.installd:running
<6>init: Created socket '/dev/socket/installd' with mode '600', user '1000', group '1000'

<3>init: cannot find '/system/etc/install-recovery.sh', disabling 'flash_recovery'

[    5.712761] init: cannot find '/system/etc/install-recovery.sh', disabling 'flash_recovery'
<5>init: starting 'sensor-daemon'

<3>init: init.svc.sensor-daemon:running

[    5.733073] init: init.svc.sensor-daemon:running
<5>init: starting 'keystore'

<3>init: init.svc.keystore:running

[    5.745988] init: init.svc.keystore:running
<6>init: Created socket '/dev/socket/keystore' with mode '666', user '0', group '0'

<5>init: starting 'immvibed'

<3>init: init.svc.immvibed:running

[    5.770429] init: init.svc.immvibed:running
<3>init: cannot find '/system/bin/immvbsd', disabling 'immvbsd'

[    5.780776] init: cannot find '/system/bin/immvbsd', disabling 'immvbsd'
<5>init: starting 'tvout'

<3>init: init.svc.tvout:running

[    5.798955] init: init.svc.tvout:running
<5>init: starting 'dfta'

<3>init: init.svc.dfta:running

[    5.808538] init: init.svc.dfta:running
<6>init: command 'class_start' r=0

<6>init: processing action 0x34490 (property:persist.service.adb.enable=1)

<5>init: starting 'adbd'

<3>init: init.svc.adbd:running

[    5.860915] init: init.svc.adbd:running
<6>warning: `adbd' uses 32-bit capabilities (legacy support in use)

<6>init: command 'start' r=0

<6>init: waitpid returned pid 2294, status = 00000200

<6>enabling adb

[USB] enable_adb - enable(0x10), prev_status(0x01)

Here is enable_adb@@@@

[enable_adb]USBSTATUS_ADB

<6>acm_function_config_changed

<6>mass_storage_function_config_changed

<6>adb_function_config_changed

  interface 0 = acm/c4c6bc00

  interface 1 = acm/c4c6bc00

  interface 2 = usb_mass_storage/df8b1800

  interface 3 = adb/df8adc00

[ap_usb_power_on]AP USB Power ON, askon: 0, mtp : 0

!!!!!!!!!!! [ap_usb_power_on]AP samsung_kies_mtp_mode_flag0, mtp:0

<5>init: process 'dfta', pid 2294 exited

<3>init: init.svc.dfta:stopped

[    5.934499] init: init.svc.dfta:stopped
<6>init: make_device '/dev/pvrsrvkm' block 0, major 240, minor 0 r=0

<6>init: make_device '/dev/s3c_bc' block 0, major 253, minor 0 r=0

<6>init: make_device '/dev/tspdrv' block 0, major 10, minor 43 r=0

<6>init: make_device '/dev/fmradio' block 0, major 10, minor 42 r=0

<6>init: make_device '/dev/block/bml0!c' block 1, major 137, minor 0 r=0

<6>init: make_device '/dev/block/bml1' block 1, major 137, minor 1 r=0

<6>init: make_device '/dev/block/bml2' block 1, major 137, minor 2 r=0

<6>init: make_device '/dev/block/bml3' block 1, major 137, minor 3 r=0

<6>init: make_device '/dev/block/bml4' block 1, major 137, minor 4 r=0

<6>init: make_device '/dev/block/bml5' block 1, major 137, minor 5 r=0

<6>init: make_device '/dev/block/bml6' block 1, major 137, minor 6 r=0

<6>PVR_K:(Warning): SysFinalise: Version string: SGX540 S5PC110 [475, services4/system/s5pc110/sysconfig.c]

<6>init: make_device '/dev/block/bml7' block 1, major 137, minor 7 r=0

<6>init: make_device '/dev/block/stl1' block 1, major 138, minor 1 r=0

<6>init: make_device '/dev/block/stl2' block 1, major 138, minor 2 r=0

<6>init: make_device '/dev/block/stl3' block 1, major 138, minor 3 r=0

<6>init: make_device '/dev/block/stl4' block 1, major 138, minor 4 r=0

<6>init: make_device '/dev/block/stl5' block 1, major 138, minor 5 r=0

<6>init: make_device '/dev/block/stl6' block 1, major 138, minor 6 r=0

<6>init: make_device '/dev/block/stl7' block 1, major 138, minor 7 r=0

<6>init: make_device '/dev/storage' block 0, major 10, minor 234 r=0

<6>init: make_device '/dev/bthid' block 0, major 10, minor 224 r=0

<6>init: make_device '/dev/block/ram0' block 1, major 1, minor 0 r=0

<6>init: make_device '/dev/block/ram1' block 1, major 1, minor 1 r=0

<6>init: make_device '/dev/block/ram2' block 1, major 1, minor 2 r=0

<6>init: make_device '/dev/block/ram3' block 1, major 1, minor 3 r=0

<6>init: make_device '/dev/block/ram4' block 1, major 1, minor 4 r=0

<6>init: make_device '/dev/block/ram5' block 1, major 1, minor 5 r=0

<6>init: make_device '/dev/block/ram6' block 1, major 1, minor 6 r=0

<6>init: make_device '/dev/block/ram7' block 1, major 1, minor 7 r=0

<6>init: make_device '/dev/block/ram8' block 1, major 1, minor 8 r=0

<6>init: make_device '/dev/block/ram9' block 1, major 1, minor 9 r=0

<6>init: make_device '/dev/block/ram10' block 1, major 1, minor 10 r=0

<6>init: make_device '/dev/block/ram11' block 1, major 1, minor 11 r=0

<6>init: make_device '/dev/block/ram12' block 1, major 1, minor 12 r=0

<6>init: make_device '/dev/block/ram13' block 1, major 1, minor 13 r=0

<6>init: make_device '/dev/block/ram14' block 1, major 1, minor 14 r=0

<6>init: make_device '/dev/block/ram15' block 1, major 1, minor 15 r=0

<6>init: make_device '/dev/block/loop0' block 1, major 7, minor 0 r=0

<6>init: make_device '/dev/block/loop1' block 1, major 7, minor 1 r=0

<6>init: make_device '/dev/block/loop2' block 1, major 7, minor 2 r=0

<6>init: make_device '/dev/block/loop3' block 1, major 7, minor 3 r=0

<6>init: make_device '/dev/block/loop4' block 1, major 7, minor 4 r=0

<6>init: make_device '/dev/block/loop5' block 1, major 7, minor 5 r=0

<6>init: make_device '/dev/block/loop6' block 1, major 7, minor 6 r=0

<6>init: make_device '/dev/block/loop7' block 1, major 7, minor 7 r=0

<6>init: make_device '/dev/block/tfsr0!c' block 1, major 139, minor 0 r=0

<6>init: make_device '/dev/block/tfsr1' block 1, major 139, minor 1 r=0

<6>init: make_device '/dev/block/tfsr2' block 1, major 139, minor 2 r=0

<6>init: make_device '/dev/block/tfsr3' block 1, major 139, minor 3 r=0

<6>init: make_device '/dev/block/tfsr4' block 1, major 139, minor 4 r=0

<6>init: make_device '/dev/block/tfsr5' block 1, major 139, minor 5 r=0

<6>init: make_device '/dev/block/tfsr6' block 1, major 139, minor 6 r=0

<6>init: make_device '/dev/block/tfsr7' block 1, major 139, minor 7 r=0

<6>init: make_device '/dev/block/mmcblk0' block 1, major 179, minor 0 r=0

<6>init: make_device '/dev/block/mmcblk0p1' block 1, major 179, minor 1 r=0

<6>init: make_device '/dev/block/mmcblk0p2' block 1, major 179, minor 2 r=0

<6>init: make_device '/dev/block/mmcblk0p3' block 1, major 179, minor 3 r=0

<6>init: make_device '/dev/block/mmcblk1' block 1, major 179, minor 8 r=0

<6>init: make_device '/dev/block/bml0!c' block 1, major 137, minor 0 r=0

<6>init: make_device '/dev/block/bml1' block 1, major 137, minor 1 r=0

<6>init: make_device '/dev/block/bml2' block 1, major 137, minor 2 r=0

<6>init: make_device '/dev/block/bml3' block 1, major 137, minor 3 r=0

<6>init: make_device '/dev/block/bml4' block 1, major 137, minor 4 r=0

<6>init: make_device '/dev/block/bml5' block 1, major 137, minor 5 r=0

<6>init: make_device '/dev/block/bml6' block 1, major 137, minor 6 r=0

<6>init: make_device '/dev/block/bml7' block 1, major 137, minor 7 r=0

<6>init: make_device '/dev/block/stl1' block 1, major 138, minor 1 r=0

<6>init: make_device '/dev/block/stl2' block 1, major 138, minor 2 r=0

<6>init: make_device '/dev/block/stl3' block 1, major 138, minor 3 r=0

<6>init: make_device '/dev/block/stl4' block 1, major 138, minor 4 r=0

<6>init: make_device '/dev/block/stl5' block 1, major 138, minor 5 r=0

<6>init: make_device '/dev/block/stl6' block 1, major 138, minor 6 r=0

<6>init: make_device '/dev/block/stl7' block 1, major 138, minor 7 r=0

<6>init: waitpid returned pid 2275, status = 00000000

<5>init: process 'pvrsrvinit', pid 2275 exited

<3>init: init.svc.pvrsrvinit:stopped

[    6.561376] init: init.svc.pvrsrvinit:stopped
<6>init: waitpid returned pid 2281, status = 00000100

<5>init: process 'DR-daemon', pid 2281 exited

<5>init: process 'DR-daemon' killing any children in process group

<3>init: init.svc.DR-daemon:restarting

[    6.584377] init: init.svc.DR-daemon:restarting
<6>init: waitpid returned pid 2290, status = 00000000

<5>init: process 'immvibed', pid 2290 exited

<3>init: init.svc.immvibed:stopped

[    6.600874] init: init.svc.immvibed:stopped
<6>init: waitpid returned pid 2355, status = 00000100

<3>init: untracked pid 2355 exited

[    6.612990] init: untracked pid 2355 exited
<6>fg_read_vcell: VCELL=3878

DmaAddr=@4f940000 Total=32768bytes PrdSz=2048 #Prds=4, dmaEnd 0x4f948000

DmaAddr=@4f940000 Total=32768bytes PrdSz=2048 #Prds=4, dmaEnd 0x4f948000

<5>init: starting 'DR-daemon'

<3>init: init.svc.DR-daemon:running

[   10.622407] init: init.svc.DR-daemon:running
<6>init: waitpid returned pid 2364, status = 00000100

<5>init: process 'DR-daemon', pid 2364 exited

<5>init: process 'DR-daemon' killing any children in process group

<3>init: init.svc.DR-daemon:restarting

[   10.682243] init: init.svc.DR-daemon:restarting
!@beginofsystem_init1()

<6>init: make_device '/dev/vcs7' block 0, major 7, minor 7 r=0

<6>init: make_device '/dev/vcsa7' block 0, major 7, minor 135 r=0

!@endofsystem_init1()

<3>init: no such service 'bootanim'

[   11.806475] init: no such service 'bootanim'
!@beginofPackageManager

<6>fg_read_vcell: VCELL=3878

<3>init: audioflinger.bootsnd:0

[   13.803756] init: audioflinger.bootsnd:0
<3>BUG: soft lockup - CPU#0 stuck for 61s! [Playback Thread:2361]

[   78.392289] BUG: soft lockup - CPU#0 stuck for 61s! [Playbac< Thread:2361]
d>Modules linked in: bthid storage(P) param(P) j4fs(P) rfs_fat(P) rfs_glue(P) fsr_stl(P) fsr(P) Si4709_driver vibrator s3c_bc s3c_lcd pvrsrvkm


Pid: 2361, comm:      Playback Thread

CPU: 0    Tainted: P            (2.6.32.9 #5)

PC is at __do_softirq+0x70/0x1e0

LR is at __warned.20475+0x0/0x4

pc : [<c07d9564>]    lr : [<c1155a40>]    psr: 60000113

sp : de407d78  ip : 00001db0  fp : de407dbc

r10: 00000000  r9 : 00000000  r8 : c10f1b88

r7 : de406000  r6 : c11303e0  r5 : de407d78  r4 : 00000202

r3 : 00000000  r2 : c1155a40  r1 : 00000000  r0 : 00000100

Flags: nZCv  IRQs on  FIQs on  Mode SVC_32  ISA ARM  Segment user

Control: 10c5387d  Table: 4fa38019  DAC: 00000015


PC: 0xc07d94e4:

94e4  e89da818 ebffff68 e121f004 e89da818 e1a0c00d e92ddff0 e24cb004 e24dd01c

9504  e52de004 ebfeef17 e1a0500d e3c57d7f e3054a40 e3c7703f e34c4115 e50b4038

9524  e51b2038 e5971004 e5924040 e2810c01 e5870004 e30063e0 e3018b88 e34c6113

9544  e34c810f e3a0300a e50b3034 e51be038 e3a03000 e58e3040 f1080080 e301cdb0

9564  e59f5164 e34cc10f e50bc030 ea000000 e2855004 e3140001 0a000015 e59fa148

9584  e596c004 e06a9005 e597a004 e35c0000 e1a09149 e2891012 e7982101 e2820001

95a4  e7880101 1a000019 e5951000 e1a00005 e12fff31 e5963024 e3530000 1a000032

95c4  e5970004 e15a0000 1a000022 e3a00000 eb00ff95 e1b040a4 1affffe4 f10c0080


LR: 0xc11559c0:

59c0  00000000 00000000 00000000 00000000 00000000 00000000 00000000 00000000

59e0  00000000 00000000 00000000 00000000 00000000 00000000 00000000 00000000

5a00  00000000 00000000 00000001 00000001 00000001 00000001 00000000 00000000

5a20  00000000 00000000 00000000 00000000 00000000 00000000 00000000 00000000

5a40  00000000 00000000 00000000 00000000 00000000 00000000 00000000 00000000

5a60  00000000 00000000 00000000 00000000 00000000 00000000 00000000 00000000

5a80  00000202 00000000 00000000 00000000 00000000 00000000 00000000 00000000

5aa0  00000000 00000000 00000000 00000000 00000000 00000000 00000000 00000000


SP: 0xde407cf8:

7cf8  de407df8 de406000 de407d2c de407d10 c0794054 c0817194 60000113 ffffffff

7d18  fd000000 00000002 de407dbc de407d30 c0794c34 c079400c 00000100 00000000

7d38  c1155a40 00000000 00000202 de407d78 c11303e0 de406000 c10f1b88 00000000

7d58  00000000 de407dbc 00001db0 de407d78 c1155a40 c07d9564 60000113 ffffffff

7d78  0000003d dfb46e40 00000000 c1155a40 0000000a c07a1948 c07a192c de406000

7d98  0000003d 00000000 df900a88 00000800 00000000 00000000 de407dd4 de407dc0

7db8  c07d9ab4 c07d9500 c07a192c c110c4d0 de407df4 de407dd8 c0794058 c07d9a2c

7dd8  60000013 ffffffff fd000000 00000002 de407e4c de407df8 c0794c34 c079400c


FP: 0xde407d3c:

7d3c  00000000 00000202 de407d78 c11303e0 de406000 c10f1b88 00000000 00000000

7d5c  de407dbc 00001db0 de407d78 c1155a40 c07d9564 60000113 ffffffff 0000003d

7d7c  dfb46e40 00000000 c1155a40 0000000a c07a1948 c07a192c de406000 0000003d

7d9c  00000000 df900a88 00000800 00000000 00000000 de407dd4 de407dc0 c07d9ab4

7dbc  c07d9500 c07a192c c110c4d0 de407df4 de407dd8 c0794058 c07d9a2c 60000013

7ddc  ffffffff fd000000 00000002 de407e4c de407df8 c0794c34 c079400c c1124e48

7dfc  00000000 deaf1eed deaf1eed df900a00 dfb4d000 00000800 df900a88 00000800

7e1c  00000000 00000000 de407e4c de407e40 de407e40 c0c00ad4 c0c00ad8 60000013


R2: 0xc11559c0:

59c0  00000000 00000000 00000000 00000000 00000000 00000000 00000000 00000000

59e0  00000000 00000000 00000000 00000000 00000000 00000000 00000000 00000000

5a00  00000000 00000000 00000001 00000001 00000001 00000001 00000000 00000000

5a20  00000000 00000000 00000000 00000000 00000000 00000000 00000000 00000000

5a40  00000000 00000000 00000000 00000000 00000000 00000000 00000000 00000000

5a60  00000000 00000000 00000000 00000000 00000000 00000000 00000000 00000000

5a80  00000202 00000000 00000000 00000000 00000000 00000000 00000000 00000000

5aa0  00000000 00000000 00000000 00000000 00000000 00000000 00000000 00000000


R5: 0xde407cf8:

7cf8  de407df8 de406000 de407d2c de407d10 c0794054 c0817194 60000113 ffffffff

7d18  fd000000 00000002 de407dbc de407d30 c0794c34 c079400c 00000100 00000000

7d38  c1155a40 00000000 00000202 de407d78 c11303e0 de406000 c10f1b88 00000000

7d58  00000000 de407dbc 00001db0 de407d78 c1155a40 c07d9564 60000113 ffffffff

7d78  0000003d dfb46e40 00000000 c1155a40 0000000a c07a1948 c07a192c de406000

7d98  0000003d 00000000 df900a88 00000800 00000000 00000000 de407dd4 de407dc0

7db8  c07d9ab4 c07d9500 c07a192c c110c4d0 de407df4 de407dd8 c0794058 c07d9a2c

7dd8  60000013 ffffffff fd000000 00000002 de407e4c de407df8 c0794c34 c079400c


R6: 0xc1130360:

0360  c1063098 00000000 00000000 00000000 00000000 00000000 00000000 00000000

0380  c10630ac 00000000 00000000 00000000 00000000 00000000 00000000 00000000

03a0  c10630c0 00000000 00000000 00000000 00000000 00000000 00000000 00000000

03c0  c10630d4 00000000 00000000 00000000 00000000 00000000 00000000 00000000

03e0  c106315c 00000000 00000000 00000000 00000000 00000000 00000000 00000000

0400  c106316c 00000000 00000000 00000000 00000000 00000000 00000000 00000000

0420  c1063134 00000000 00000000 00000000 00000000 00000000 00000000 00000000

0440  c1063148 00000000 00000000 00000000 00000000 00000000 00000000 00000000


R7: 0xde405f80:

5f80  00029a28 40206e78 000000f0 c07952ec de404000 00000000 00000000 de405fa8

5fa0  c07950c0 c0801720 00029a24 00029a28 00029a28 00000080 ffffffc4 40206e78

5fc0  00029a24 00029a28 40206e78 000000f0 00000080 00029a24 ffffffff 7fffffff

5fe0  a8d3667c 40206e48 afd10914 afd0ee48 60000010 00029a28 00000000 00000000

6000  00000002 00010101 00000000 dfb46e40 c10f1c38 00000000 00000017 dfb46e40

6020  c10f16d8 db503100 de406000 00004164 c06b4c40 c06b4c40 de407ecc de407e60

6040  c0bfe008 00000000 00000000 00000000 00000000 00000000 01010000 00000000

6060  40307f00 00000000 00000000 00000000 00000000 00000000 00000000 00000000


R8: 0xc10f1b08:

1b08  00000000 dfb46e40 c10dfc08 00000000 00000000 00000000 403509cf 00000012

1b28  00000000 ffff2410 00000009 00000000 00003c7a 00000000 f4f163bf 00000000

1b48  00000000 00000000 00000000 00000000 00000000 00000000 94fa1f0d 00000002

1b68  00000000 00000000 000044ff 00000502 00000000 00000000 00000000 00000000

1b88  00000446 00000000 00000000 00000000 000005af 00000000 0000409b 00000000

1ba8  00000006 00000000 00000075 00000000 00000255 00000000 00000000 00000000

1bc8  00000000 00000000 00000000 00000ac0 00000000 00000000 00000000 00000000

1be8  0000061c 00000000 00000001 0000165c 0000008c 00000001 dead4ead ffffffff

[<c0796a38>] (show_regs+0x0/0x58) from [<c08148e0>] (softlockup_tick+0x138/0x164)

 r4:c10f4ff8 r3:c10f1d48

[<c08147a8>] (softlockup_tick+0x0/0x164) from [<c07e2274>] (run_local_timers+0x24/0x28)

 r8:c07fd2ac r7:de407d30 r6:c10f41a0 r5:00000000 r4:dfb46e40

[<c07e2250>] (run_local_timers+0x0/0x28) from [<c07e22b0>] (update_process_times+0x38/0x58)

[<c07e2278>] (update_process_times+0x0/0x58) from [<c07fd32c>] (tick_sched_timer+0x80/0xd0)

 r5:0000004e r4:15e4215b

[<c07fd2ac>] (tick_sched_timer+0x0/0xd0) from [<c07f252c>] (__run_hrtimer+0x80/0x170)

 r7:de407c68 r6:c10f3b88 r5:c10f3bc8 r4:c10f41a0

[<c07f24ac>] (__run_hrtimer+0x0/0x170) from [<c07f3170>] (hrtimer_interrupt+0x12c/0x254)

[<c07f3044>] (hrtimer_interrupt+0x0/0x254) from [<c07aa2ac>] (s5p_tick_timer_interrupt+0x54/0x60)

[<c07aa258>] (s5p_tick_timer_interrupt+0x0/0x60) from [<c081562c>] (handle_IRQ_event+0xd8/0x250)

[<c0815554>] (handle_IRQ_event+0x0/0x250) from [<c0817220>] (handle_level_irq+0x98/0x130)

[<c0817188>] (handle_level_irq+0x0/0x130) from [<c0794054>] (asm_do_IRQ+0x54/0x98)

 r7:de406000 r6:de407df8 r5:0000003d r4:c110c4d0

[<c0794000>] (asm_do_IRQ+0x0/0x98) from [<c0794c34>] (__irq_svc+0x34/0xa0)

Exception stack(0xde407d30 to 0xde407d78)

7d20:                                     00000100 00000000 c1155a40 00000000

7d40: 00000202 de407d78 c11303e0 de406000 c10f1b88 00000000 00000000 de407dbc

7d60: 00001db0 de407d78 c1155a40 c07d9564 60000113 ffffffff

 r6:00000002 r5:fd000000 r4:ffffffff r3:60000113

[<c07d94f4>] (__do_softirq+0x0/0x1e0) from [<c07d9ab4>] (irq_exit+0x94/0xac)

[<c07d9a20>] (irq_exit+0x0/0xac) from [<c0794058>] (asm_do_IRQ+0x58/0x98)

 r4:c110c4d0 r3:c07a192c

[<c0794000>] (asm_do_IRQ+0x0/0x98) from [<c0794c34>] (__irq_svc+0x34/0xa0)

Exception stack(0xde407df8 to 0xde407e40)

7de0:                                                       c1124e48 00000000

7e00: deaf1eed deaf1eed df900a00 dfb4d000 00000800 df900a88 00000800 00000000

7e20: 00000000 de407e4c de407e40 de407e40 c0c00ad4 c0c00ad8 60000013 ffffffff

 r6:00000002 r5:fd000000 r4:ffffffff r3:60000013

[<c0c00abc>] (_read_unlock_irq+0x0/0x20) from [<c0ad23ec>] (snd_pcm_lib_write1+0xa0/0x2d8)

[<c0ad234c>] (snd_pcm_lib_write1+0x0/0x2d8) from [<c0ad26dc>] (snd_pcm_lib_write+0x54/0x70)

[<c0ad2688>] (snd_pcm_lib_write+0x0/0x70) from [<c0acda80>] (snd_pcm_playback_ioctl1+0x10c/0x484)

 r4:df900a00

[<c0acd974>] (snd_pcm_playback_ioctl1+0x0/0x484) from [<c0acde38>] (snd_pcm_playback_ioctl+0x40/0x44)

 r7:00000010 r6:400c4150 r5:dfbf3f00 r4:40307d2c

[<c0acddf8>] (snd_pcm_playback_ioctl+0x0/0x44) from [<c087a3f4>] (do_vfs_ioctl+0x90/0x5ac)

[<c087a364>] (do_vfs_ioctl+0x0/0x5ac) from [<c087a958>] (sys_ioctl+0x48/0x70)

 r9:de406000 r8:c07952ec r7:00000010 r6:400c4150 r5:40307d2c

r4:dfbf3f00

[<c087a910>] (sys_ioctl+0x0/0x70) from [<c07950c0>] (ret_fast_syscall+0x0/0x2c)

 r7:00000036 r6:00000000 r5:0002b8b8 r4:0002b868

<0>Kernel panic - not syncing: softlockup: hung tasks

[   79.224825] Kernel panic - not syncing: softlock[p: hung tasks
<c079c800>] (unwind_backtrace+0x0/0xec) from [<c0bfd6e8>] (dump_stack+0x20/0x24)

[<c0bfd6e8>] (dump_stack+0x20/0x24) from [<c0bfd74c>] (panic+0x60/0x118)

[<c0bfd74c>] (panic+0x60/0x118) from [<c0814900>] (softlockup_tick+0x158/0x164)

[<c0814900>] (softlockup_tick+0x158/0x164) from [<c07e2274>] (run_local_timers+0x24/0x28)

[<c07e2274>] (run_local_timers+0x24/0x28) from [<c07e22b0>] (update_process_times+0x38/0x58)

[<c07e22b0>] (update_process_times+0x38/0x58) from [<c07fd32c>] (tick_sched_timer+0x80/0xd0)

[<c07fd32c>] (tick_sched_timer+0x80/0xd0) from [<c07f252c>] (__run_hrtimer+0x80/0x170)

[<c07f252c>] (__run_hrtimer+0x80/0x170) from [<c07f3170>] (hrtimer_interrupt+0x12c/0x254)

[<c07f3170>] (hrtimer_interrupt+0x12c/0x254) from [<c07aa2ac>] (s5p_tick_timer_interrupt+0x54/0x60)

[<c07aa2ac>] (s5p_tick_timer_interrupt+0x54/0x60) from [<c081562c>] (handle_IRQ_event+0xd8/0x250)

[<c081562c>] (handle_IRQ_event+0xd8/0x250) from [<c0817220>] (handle_level_irq+0x98/0x130)

[<c0817220>] (handle_level_irq+0x98/0x130) from [<c0794054>] (asm_do_IRQ+0x54/0x98)

[<c0794054>] (asm_do_IRQ+0x54/0x98) from [<c0794c34>] (__irq_svc+0x34/0xa0)

Exception stack(0xde407d30 to 0xde407d78)

7d20:                                     00000100 00000000 c1155a40 00000000

7d40: 00000202 de407d78 c11303e0 de406000 c10f1b88 00000000 00000000 de407dbc

7d60: 00001db0 de407d78 c1155a40 c07d9564 60000113 ffffffff

[<c0794c34>] (__irq_svc+0x34/0xa0) from [<c07d9564>] (__do_softirq+0x70/0x1e0)

[<c07d9564>] (__do_softirq+0x70/0x1e0) from [<c07d9ab4>] (irq_exit+0x94/0xac)

[<c07d9ab4>] (irq_exit+0x94/0xac) from [<c0794058>] (asm_do_IRQ+0x58/0x98)

[<c0794058>] (asm_do_IRQ+0x58/0x98) from [<c0794c34>] (__irq_svc+0x34/0xa0)

Exception stack(0xde407df8 to 0xde407e40)

7de0:                                                       c1124e48 00000000

7e00: deaf1eed deaf1eed df900a00 dfb4d000 00000800 df900a88 00000800 00000000

7e20: 00000000 de407e4c de407e40 de407e40 c0c00ad4 c0c00ad8 60000013 ffffffff

[<c0794c34>] (__irq_svc+0x34/0xa0) from [<c0c00ad8>] (_read_unlock_irq+0x1c/0x20)

[<c0c00ad8>] (_read_unlock_irq+0x1c/0x20) from [<c0ad23ec>] (snd_pcm_lib_write1+0xa0/0x2d8)

[<c0ad23ec>] (snd_pcm_lib_write1+0xa0/0x2d8) from [<c0ad26dc>] (snd_pcm_lib_write+0x54/0x70)

[<c0ad26dc>] (snd_pcm_lib_write+0x54/0x70) from [<c0acda80>] (snd_pcm_playback_ioctl1+0x10c/0x484)

[<c0acda80>] (snd_pcm_playback_ioctl1+0x10c/0x484) from [<c0acde38>] (snd_pcm_playback_ioctl+0x40/0x44)

[<c0acde38>] (snd_pcm_playback_ioctl+0x40/0x44) from [<c087a3f4>] (do_vfs_ioctl+0x90/0x5ac)

[<c087a3f4>] (do_vfs_ioctl+0x90/0x5ac) from [<c087a958>] (sys_ioctl+0x48/0x70)

[<c087a958>] (sys_ioctl+0x48/0x70) from [<c07950c0>] (ret_fast_syscall+0x0/0x2c)

