=~=~=~=~=~=~=~=~=~=~=~= PuTTY log 2011.05.31 21:06:56 =~=~=~=~=~=~=~=~=~=~=~=
[PAM:   ] ++FSR_PAM_Init
[PAM:   ]   OneNAND physical base address       : 0xb0000000
[PAM:   ]   OneNAND virtual  base address       : 0xb0000000
[PAM:   ]   FSR_PAM_InitNANDController Success!! 
[PAM:   ] --FSR_PAM_Init
[BM :   ]   FSR_BML_GetFullPartI() is completed
[BM :   ]   stPartI.nNumOfPartEntry : 7
[BM :   ]   1th PartEntrt(nAttr:0x1002)(nID:0x0)
[BM :   ]   [1th] pPEntry->n1stVun     : 1
[BM :   ]   [1th] pPEntry->nNumOfUnits : 7
[BM :   ]   [1th] pPEntry->nLoadAddr   : 0xffffffff
+-------------------------------+
| Bootloader Shadowing FINISHED |
+-------------------------------+
Launch Image at 0x42480000

[BOOT_V1.0  (May 28 2010, 21:22:23)] 
SelectBootingMode: H/W...0xe.
[BOOT] ARMCLK: 400000 KHz, MSYSHCLK 200000 KHz,MSYSPCLK: 100000 KHz,                            [BOOT] DSYSHCLK 166750 KHz,DSYSPCLK: 83375 KHz,PSYSHCLK: 133400 KHz, PSYSPCLK: 66700 KHz,SYSCON_A2M: 200000 KHz  
+++FIMD_Drv_INITIALIZE
FIMD_Drv_ChangeMode: MDNIE_MODE
Frame Rate:62SCLK_FIMD:133400 kHz ClkDiv:4
S6E63M0 : LDI_Pentile_Set_Change Pentile_Value =6c 
---FIMD_Drv_INITIALIZE
---FIMD_Drv_SetWinOnOff(WIN4:1)
LCD initialize Finished
Flash_Unlock failed
Poweron status - 20
FSA9480 0x03 Register = 1
FSA9480 0x0A Register = 0
FSA9480 0x0B Register = 8
FSA9480 0x07 Register = 1c
SelectBootingMode: Boot Mode = 1...
Display_LSI_Boot : disp_Main_Clean 
Display_LSI_Boot : disp_Main_Clean_All 
Display_LSI_Boot : disp_dimming_backlight 
Display_LSI_Boot : disp_Normal_Init 
 DRV_modem_reset!!!!!!!!!!!!!!!!!  
 DRV_Send_DBL!!!!!!!!!!!!!!!!!  

[DLOAD] Download Completed !!!
DRV_Wait_ModemInit!!!!!!!!!!!!!!!!!  
DRV_CopyQSCBootBinary!!!!!!!!!!!!!!!!!  
DRV_Send_BootBinaryCopyComplete!!!!!!!!!!!!!!!!!  
DRV_Modem_BootingStart retry count = 0.
 UART OUTPUT ENABLED
+SDHC_Open(Ch0)
univ_SD_MEM_PowerOnDevice() : Power On
univ_SD_MEM_PowerOnDevice(ch0) : MASSMEMORY_EN Power On
[SDHC] MPLL source clock from SYSCON : 667000000Hz
[SDHC] SDHC(ch0) source clock from SYSCON : 47642000Hz
[SDHC] SDHC(ch0) Operating Clock : 372203Hz
[SDHC][MMC]byte mode
SD_MEM_Phy_CMD2(ch0) : CID(127~0) : 0x150100, 0x4d324731, 0x44441694, 0x8647125d
SD_MEM_Phy_MMC_CID(ch0) : PRV - 0x16
MMC_Spec = 4
----------------CSD Version 1.0--------in low level-------------
channel: [0]
One Block Size: [512]Byte
Total card Block Count = [4014080]
Total card Capacity Size  = [1960]MB
---------------------------------------------------
SD_HostCtrl_IssueCommand[ch0] not SDclk off, cmd13, SD_CLK_CTRL:0x400f
SD_MEM_Phy_TransferState(ch0) :High: Tx : SD_FeedBackClock_BasicDelay
SD_MEM_Phy_TransferState(ch0) :High: Rx : SD_FeedBackClock_InverterDelay
[SDHC] MPLL source clock from SYSCON : 667000000Hz
[SDHC] SDHC(ch0) source clock from SYSCON : 47642000Hz
[SDHC] SDHC(ch0) Operating Clock : 47642000Hz
SD_HostCtrl_IssueCommand[ch0] not SDclk off, cmd13, SD_CLK_CTRL:0xf
SD_HostCtrl_IssueCommand[ch0] not SDclk off, cmd13, SD_CLK_CTRL:0xf
-SDHC_Open(Ch0)
 debug: 0x663E88
 Loading kernel image to buf
 loadfile to 0x44000000
 loadsize is 6700680 bytes
 debug: 6700680
 done!
 Turning off MMU
 done!
 debug: 12345
 debug: 12345
 0x43800BFE=>0x3000012C,s=0x22
 Reloc kernel to 0x32000000
 0x44000000=>0x32000000,s=0x663E88
 done!
Display_LSI_Boot : disp_Main_Clean 
Display_LSI_Boot : disp_Main_Clean_All 
Display_LSI_Boot : disp_dimming_backlight 
Display_LSI_Boot : disp_Normal_Init 
 Jumpout to 0x32000000
Uncompressing Linux...................................................................................................................................................................................................................................................................................................................................................................................................................................................................................................................................................... done, booting the kernel.
<6>Initializing cgroup subsys cpu
<5>Linux version 2.6.32.9 (user@user-MS-7514) (gcc version 4.5.2 (Sourcery G++ Lite 2011.03-41) ) #2 Tue May 31 21:04:18 EEST 2011
CPU: ARMv7 Processor [412fc082] revision 2 (ARMv7), cr=10c53c7f
CPU: VIPT nonaliasing data cache, VIPT nonaliasing instruction cache
Machine: SMDKC110
Memory policy: ECC disabled, Data cache writeback
<7>On node 0 totalpages: 20480
<7>free_area_init_node: node 0, pgdat c1049860, node_mem_map c1220000
<7>  Normal zone: 160 pages used for memmap
<7>  Normal zone: 0 pages reserved
<7>  Normal zone: 20320 pages, LIFO batch:3
<7>On node 1 totalpages: 65536
<7>free_area_init_node: node 1, pgdat c1049f18, node_mem_map d0002000
<7>  Normal zone: 512 pages used for memmap
<7>  Normal zone: 0 pages reserved
<7>  Normal zone: 65024 pages, LIFO batch:15
<7>On node 2 totalpages: 0
<7>free_area_init_node: node 2, pgdat c104a5d0, node_mem_map c12c8c20
<4>  Normal zone: 1 pages exceeds realsize 0
<7>On node 3 totalpages: 0
<7>free_area_init_node: node 3, pgdat c104ac88, node_mem_map c12d0ce0
<4>  Normal zone: 1 pages exceeds realsize 0
CPU S5PV210/S5PC110 (id 0x43110222)
<7>s5pv210_init_clocks: initializing clocks
<6>S3C24XX Clocks, Copyright 2004 Simtec Electronics
<3>copy: bad source 0
<3>mout_audss: bad source 0
<7>s5pv210_setup_clocks: registering clocks
<7>s5pv210_setup_clocks: clkdiv0 = 14131330, clkdiv1 = 00400400
<7>s5pv210_setup_clocks: xtal is 24000000
<6>S5PV210: PLL settings, A=800000000, M=667000000, E=80000000
<6>s5pv210: 33554432 bytes system memory reserved for mfc at 0x312db000
<6>s5pv210: 33554432 bytes system memory reserved for mfc at 0x40204000
<6>s5pv210: 12582912 bytes system memory reserved for fimc0 at 0x42204000
<6>s5pv210: 1048576 bytes system memory reserved for fimc1 at 0x42e04000
<6>s5pv210: 12582912 bytes system memory reserved for fimc2 at 0x42f04000
<6>s5pv210: 2097152 bytes system memory reserved for pmem at 0x332db000
<6>s5pv210: 4194304 bytes system memory reserved for pmem_gpu1 at 0x334db000
<6>s5pv210: 1536000 bytes system memory reserved for pmem_adsp at 0x338db000
<6>s5pv210: 10485760 bytes system memory reserved for texstream at 0x33a52000
<6>s5pv210: 3145728 bytes system memory reserved for fimd at 0x43b04000
<6>s5pv210: 262144 bytes system memory reserved for wifi at 0x34452000
Built 2 zonelists in Zone order, mobility grouping on.  Total pages: 85344
<5>Kernel command line: console=ttySAC2,115200 loglevel=4
<6>PID hash table entries: 2048 (order: 1, 8192 bytes)
<6>Dentry cache hash table entries: 65536 (order: 6, 262144 bytes)
<6>Inode-cache hash table entries: 32768 (order: 5, 131072 bytes)
<6>Memory: 80MB 256MB = 336MB total
<5>Memory: 209656KB available (9144K code, 1897K data, 7124K init, 0K highmem)
<6>SLUB: Genslabs=9, HWalign=64, Order=0-3, MinObjects=0, CPUs=1, Nodes=4
<6>Hierarchical RCU implementation.
<6>NR_IRQS:339
<6>VIC @fd000000: id 0x00041192, vendor 0x41
<6>VIC @fd010000: id 0x00041192, vendor 0x41
<6>VIC @fd020000: id 0x00041192, vendor 0x41
<6>VIC @fd030000: id 0x00041192, vendor 0x41
<6>mult[140737]
<6>max_delta_ns[2147483647]
<6>min_delta_ns[30517]
<6>rate[32768]
<6>HZ[256]
Console: colour dummy device 80x30
[    0.000000] copy: bad source 0
[    0.000000] mout_audss< bad source 0
6>console [ttySAC2] enabled
<6>Calibrating delay loop... <c>796.20 BogoMIPS (lpj=1556480)
Mount-cache hash table entries: 512
<6>Initializing cgroup subsys debug
<6>Initializing cgroup subsys cpuacct
<6>Initializing cgroup subsys freezer
<6>CPU: Testing write buffer coherency: ok
<0>KERNEL:kernel_sec_get_debug_level_from_boot=0x574f4c44
[    0.121619] KERNEL:kernel_sec_get_debug_level_from_b<ot=0x574f4c44
0>KERNEL:magic_number=0x0 DEBUG LEVEL low!!
[    0.131679] KERNEL:magic_number=0x0 DEB<G LEVEL low!!
0>(kernel_sec_set_upload_cause) : upload_cause set 0
[    0.141392] (kernel_sec_set_upload_cause) : upload_cause set 0
<6>regulator: core version 0.5
<6>NET: Registered protocol family 16
S5PC110 Hardware version : EVT1 
HWREV is 0xf
S3C Power Management, Copyright 2004 Simtec Electronics
<6>S5PV210 Power Domain API Enable
<6>S5PV210: Initializing architecture
<6>S3C PL330-DMA Controller Driver, (c) 2008-2009 Samsung Electronics
<6>Total 24 DMA channels will be initialized.
DMA: got clock for controller 0 and disabled 
DMA: got clock for controller 1 and disabled 
DMA: got clock for controller 2 and disabled 
<6>s3c24xx-pwm s3c24xx-pwm.0: tin at 33350000, tdiv at 33350000, tin=divclk, base 0
<6>s3c24xx-pwm s3c24xx-pwm.1: tin at 33350000, tdiv at 33350000, tin=divclk, base 8
<6>s3c24xx-pwm s3c24xx-pwm.2: tin at 33350000, tdiv at 33350000, tin=divclk, base 12
<6>s3c24xx-pwm s3c24xx-pwm.3: tin at 33350000, tdiv at 33350000, tin=divclk, base 16
bio: create slab <bio-0> at 0
<6>vgaarb: loaded
<5>SCSI subsystem initialized
<6>s3c-i2c s3c2410-i2c.0: i2c-0: S3C I2C adapter
<6>s3c-i2c s3c2410-i2c.1: i2c-1: S3C I2C adapter
<6>s3c-i2c s3c2410-i2c.2: i2c-2: S3C I2C adapter
<6>Bluetooth: Core ver 2.15
<6>NET: Registered protocol family 31
<6>Bluetooth: HCI device and connection manager initialized
<6>Bluetooth: HCI socket layer initialized
<6>Switching to clocksource clock_source_systimer
<6>NET: Registered protocol family 2
<6>IP route cache hash table entries: 4096 (order: 2, 16384 bytes)
<6>TCP established hash table entries: 16384 (order: 5, 131072 bytes)
<6>TCP bind hash table entries: 16384 (order: 6, 327680 bytes)
<6>TCP: Hash tables configured (established 16384 bind 16384)
<6>TCP reno registered
<6>NET: Registered protocol family 1
<7>[BT] rfkill_register(bt_rfk) 
<7>[BT] Device Powering ON 
<7>[BT] GPIO_BT_nRST = 0
[BT] GPIO_WLAN_BT_EN = 1
<7>[BT] bt_host_wake_irq_handler start
[BT] GPIO_BT_nRST = 1
<7>[BT] Device Powering OFF 
<7>[BT] bt_host_wake_irq_handler start
[BT] GPIO_BT_nRST = 0
[BT] GPIO_WLAN_BT_EN = 0
<7>[BT] bt_host_wake_irq_handler start
[BT] In the unblocked state of the sleep
<7>[BT] GPIO_BT_WAKE = 0
[BT] wake_unlock(bt_wake_lock)
[BT] In the unblocked state of the sleep
<7>[BT] GPIO_BT_WAKE = 0
[BT] wake_unlock(bt_wake_lock)
S5PC11X_FREQ_TAB=0 , S5PC11X_MAXFREQLEVEL=4
<6>S5PV210 ADC driver, (c) 2010 Samsung Electronics
[ JACK_DRIVER (sec_jack_init,800) ] 
<6>SEC JACK: Registering jack driver
<6>input: sec_jack as /devices/virtual/input/input0
[ JACK_DRIVER (sec_jack_probe,676) ] sended isr send=0Xbe, ret =0
[ JACK_DRIVER (sec_jack_probe,695) ] det isr det=0X26, ret =0
<4>NetWinder Floating Point Emulator V0.97 (extended precision)
<6>ashmem: initialized
<6>ROMFS MTD (C) 2007 Red Hat, Inc.
<6>msgmni has been set to 410
<6>alg: No test for cipher_null (cipher_null-generic)
<6>alg: No test for ecb(cipher_null) (ecb-cipher_null)
<6>alg: No test for digest_null (digest_null-generic)
<6>alg: No test for compress_null (compress_null-generic)
<6>alg: No test for stdrng (krng)
<6>alg: No test for ghash (ghash-generic)
<6>io scheduler noop registered
<6>io scheduler anticipatory registered
<6>io scheduler deadline registered
<6>io scheduler cfq registered (default)
MDNIE  INIT ..........
<6>S3C MDNIE Driver, (c) 2010 Samsung Electronics
MDNIE  INIT SUCCESS Addr : 0xe083c000
IELCD  INIT ..........
<6>S3C IELCD Driver, (c) 2010 Samsung Electronics
IELCD  INIT SUCCESS Addr : 0xe0840000
<6>s3cfb s3cfb: [fb0] dma: 0x43b04000, cpu: 0xe0c00000, size: 0x002ee000
<6>FIMD src sclk = 166750000
<6>s3cfb s3cfb: parent clock: 166750000, vclk: 25628040, vclk div: 7
<6>s3cfb s3cfb: registered successfully
<6>s5pv210-uart.0: s3c2410_serial0 at MMIO 0xe2900000 (irq = 16) is a S3C6400/10
<6>s5pv210-uart.1: s3c2410_serial1 at MMIO 0xe2900400 (irq = 20) is a S3C6400/10
<6>s5pv210-uart.2: s3c2410_serial2 at MMIO 0xe2900800 (irq = 24) is a S3C6400/10
<6>s5pv210-uart.3: s3c2410_serial3 at MMIO 0xe2900c00 (irq = 28) is a S3C6400/10
<6>brd: module loaded
<6>loop: module loaded
<6>pmem: 1 init
<6>pmem_gpu1: 1 init
<6>pmem_adsp: 1 init
[BIF:IN ] ++FSR_BML_Init(nFlag: 0x0)
[PAM:   ] ++FSR_PAM_Init
[PAM:   ]   OneNAND physical base address       : 0xb0000000
[PAM:   ]   OneNAND virtual  base address       : 0xe0880000
[PAM:   ]   OneNAND nMID=0xec : nDID=0x50 Page size=4
[PAM:   ] --FSR_PAM_Init
[BIF:   ]   FSR VERSION: FSR_1.2.1p1_b139_RTM
[OND:INF]   FSR_OND_4K_Open(nDev:0, pParam:0xc4c03e50, nFlag:0x00000000) / 1033 line
            pstOND4kCxt->nBaseAddr: 0xe0880000
            nDev=0, nMID=0x00ec, nDID=0x0050, nVID=0x013e
[OND:INF]   pstOND4kCxt->nSysConf1:0xf0c6 / 1116 line
[OND:INF]   pstOND4kCxt->nBlksForSLCArea[0]:2048 / 1133 line
[OND:INF]   pstOND4kCxt->nIntID   :0x0000 / 1236 line
[OND:INF]   1X_CACHEPGM CMD : 0x007f
[OND:INF]   1X_PLOAD    CMD : 0x0003
[BBM:INF]   Scan from 2004 to 2047 to find BML meta blocks (die: 0)
[BBM:INF]   ffff ffff ffff ffff ffff ffff ffff ffff ffff ffff 
[BBM:INF]   ffff ffff ffff ffff ffff ffff ffff ffff ffff ffff 
[BBM:INF]   ffff ffff ffff ffff ffff ffff ffff ffff ffff ffff 
[BBM:INF]   ffff ffff ffff ffff ffff ffff ffff ffff ffff ffff 
[BBM:INF]   a5a5 a5a5 ffff 
FSR: Registered TinyFSR Driver.
<6>tl2796_probe::1124->s6e63m0 probed successfuly
<6>PPP generic driver version 2.4.2
<6>PPP Deflate Compression module registered
<6>PPP BSD Compression module registered
<6>PPP MPPE Compression module registered
<6>NET: Registered protocol family 24
<6>PPPoL2TP kernel driver, V1.0
<6>SLIP: version 0.8.4-NET3.019-NEWTTY (dynamic channels, max=256) (6 bit encapsulation enabled).
<6>CSLIP: code copyright 1989 Regents of the University of California.
[otg_clock_enable] clk_enable(otg_clock) OK.
[otg_clock_enable] clk_disable(otg_clock) OK.
<6>s3c-udc : S3C HS USB OTG Device Driver, (c) 2008-2009 Samsung Electronics
s3c-udc : version 15 March 2009 (DMA Mode) 
[ADB_UMS_ACM_RNDIS_MTP] string_dev = 100004560000 
<4>android_adb_ums_acm_rndis_mtp gadget: using random self ethernet address
<4>android_adb_ums_acm_rndis_mtp gadget: using random host ethernet address
<6>usb0: MAC be:ea:7b:66:81:65
<6>usb0: HOST MAC 86:62:15:00:6f:86
<6>acm_function_add
<6>DUN is registerd
<6>fsg_function_bind cdrom patch after fsg->nluns 2
<6>android_adb_ums_acm_rndis_mtp gadget: Number of LUNs=2
<6>shaman: mass_storage_function_add success
<6>adb_function_add
[mtpg_function_bind] line = [891] 
[mtpg_function_bind] dual speed line = [958] 
***** [mtpg_function_bind:975] calling mtp_function_enable with 0 
[mtp_function_enable] mtp_function => (disabled)
****** mtp_function_enable and line 1267 null_desc 
  interface 0 = acm/c4c7fc00
  interface 1 = acm/c4c7fc00
  interface 2 = usb_mass_storage/c48cf800
  interface 3 = adb/c4891c00
  interface 4 = Gadget_MTP/c4891e00
  interface 5 = rndis/c4c7f600
  interface 6 = rndis/c4c7f600
<6>mass_storage_function_config_changed
  interface 0 = usb_mass_storage/c48cf800
<6>android_adb_ums_acm_rndis_mtp gadget: Android Composite USB, version: May 29 2011
<6>android_adb_ums_acm_rndis_mtp gadget: android_adb_ums_acm_rndis_mtp ready
<6>Registered gadget driver 'android_adb_ums_acm_rndis_mtp'
[udc_enable]AP_USB_Power off by Bootup : 1<4>mice: could not register psaux device, error: -16
<6>mice: PS/2 mouse device common for all mice
<6>input: s3c-keypad as /devices/virtual/input/input1
s3c-keypad Initialized
S3C-Keypad H3C f000333 H2C ff00f33 
S3C-Keypad keypad_scan() is called
S3C-Keypad row val = 7<6>S3C Keypad Driver
<6>i2c /dev entries driver
<6>i2c-gpio i2c-gpio.4: using pins 247 (SDA) and 246 (SCL)
<6>i2c-gpio i2c-gpio.5: using pins 203 (SDA) and 204 (SCL)
<6>regulator: DCDC1: 750 <--> 1500 mV 
<6>regulator: DCDC2: 750 <--> 1500 mV 
<6>regulator: LDO4: 3300 mV 
<6>regulator: LDO7: 1800 mV 
<6>regulator: LDO17: 3000 <--> 3200 mV 
<6>i2c-gpio i2c-gpio.6: using pins 206 (SDA) and 209 (SCL)
[FSA9480] fsa9480_codec_probe
,2alarmsfsa9480_interrupt
<6>s3c2410-rtc s3c2410-rtc: rtc core: registered s3c as rtc0
[FSA9480] FSA9480_ReadIntRegister
<7>*** DEBUG : ...and finally MMC. (1)***
<7>Another host want the wakelock : 1
<7> Universal : Card status  0
<6>VFP support v0.3: implementor 41 architecture 3 part 30 variant c rev 2
<7>qt602240 GPIO Status
<7>TOUCH_EN  : High
<7>TOUCH_INT : Low
<7>*** DEBUG : First we search for SDIO...(2)***
<7>*** DEBUG : ...then normal SD...(2) ***
<6>ldo38_control : turn ON LDO3 and LDO8 (cur_stat=0, req=1)
[otg_clock_enable] clk_enable(otg_clock) OK.
[udc_enable]AP_USB_Power off by Bootup : 1[FSA9480] FSA9480_ProcessDevice (dev1 : 0x0, dev2 : 0x8)
FSA9480_DEV_TY2_JIG_UART_OFF --- ATTACH
JIT UART OFF
qt602240_i2c is attached..
<7>|  Quantum Touch Driver Probe!            |
<6>input: qt602240_ts_input as /devices/virtual/input/input2
QT_reprogram check
[QT] init_touch_driver start
[QT] init_I2C start

[TSP] Touch device found
Version:    0x16
Family:   0x80
Variant:    0x1
Build number:   0xab
Matrix X size : 18
Matrix Y size : 12
Calculated CRC:0x5c 0xe4 0x8e 0x00 

Stored CRC:0x5c 0xe4 0x8e 0x00 

Info block CRC value OK.


[TSP]qt_Power_Config_Init real board 
<6>mmc2: new high speed SDHC card at address e624
<6>mmcblk1: mmc2:e624 SU16G 14.8 GiB 
<6> mmcblk1:
[TSP][reset_chip] 

<7>mmc2: wake_lock_timeout 1sec 0
Chip reset OK!
[QT] ret : 0, qt602240->client name : qt602240_ts
<7>[TSP] msg id =  1 90 f9 7b e8 0 0 0 0
[QT] qt602240_init/5959
[QT] qt602240_init/5987, platform_driver_register!!
<6>s3c2410-rtc s3c2410-rtc: setting system clock to 2011-05-31 18:06:31 UTC (1306865191)
<6>FIMC0 registered successfully
<7>[TSP] msg id =  1 0 f9 7b e8 0 0 0 0
<6>FIMC1 registered successfully
<6>FIMC2 registered successfully
<6>S5PC1XX TVOUT Driver, (c) 2009 Samsung Electronics
<6>s5p-tvout s5p-tvout: hpd status is cable removed
<6>fg_read_vcell: VCELL=3878
[SOC] C:0, P:75
pmic interrupt registered 
<6>Freeing init memory: 7124K
<4>Warning: unable to open an initial console.
<3>init: /init.rc: 237: chmod requires 2 arguments
[    2.354934] init: /init.rc: 237: chmod requires 2 arguments
!@Init process: device_init #3
<3>init: ro.secure:1
[    2.828652] init: ro.secure:1
<3>init: ro.allow.mock.location:0
[    2.834634] init: ro.allow.mock.location:0
<3>init: ro.debuggable:1
[    2.841876] init: r<.debuggable:1
3>init: persist.service.adb.enable:1
[    2.848468] init: persist.service.adb.enable:1
<3>init: cannot open '/initlogo.rle'
[    2.862285] init: cannot open '/initlogo.rle'
<3>init: ro.factorytest:0
[    2.868963] init: ro<factorytest:0
3>init: ro.serialno:
[    2.874254] init< ro.serialno:
3>init: ro.bootmode:unknown
[    2.879805] init: ro.bo<tmode:unknown
3>init: ro.baseband:unknown
[    2.885962] init: ro.ba<eband:unknown
3>init: ro.carrier:unknown
[    2.892034] init: ro.c<rrier:unknown
3>init: ro.bootloader:unknown
[    2.898278] init: ro.boot<oader:unknown
3>init: ro.hardware:SMDKC110
[    2.904696] init: ro.har<ware:SMDKC110
3>init: ro.revision:48
[    2.910507] init: <o.revision:48
3>init: dpm.allowcamera:0
[    2.916058] init: dpm<allowcamera:0
6>init: command 'loglevel' r=0
<6>init: command 'export' r=0
<6>init: command 'export' r=0
<6>init: command 'export' r=0
<6>init: command 'export' r=0
<6>init: command 'export' r=0
<6>init: command 'export' r=0
<6>init: command 'export' r=0
<6>init: command 'export' r=0
<6>init: command 'export' r=0
<6>init: command 'export' r=0
<6>init: command 'export' r=0
<6>init: command 'insmod' r=0
PA FB = 0x43B04000, bits per pixel = 32
screen width=480 height=800 va=0xd3b04000 pa=0x43b04000
Back frameBuffer[0].VAddr=d3c7b000 PAddr=43c7b000 size=1536000
<6>init: command 'insmod' r=0
<6>init: command 'insmod' r=0
[VIBETONZ:WJYOO] MISC_REGISTER nRet = 0
<6>init: command 'insmod' r=0
<6>init: command 'insmod' r=0
<6>init: command 'mkdir' r=0
<6>init: command 'mount' r=0
<6>init: command 'symlink' r=0
<6>init: command 'symlink' r=0
<6>init: command 'symlink' r=0
<6>init: command 'mkdir' r=0
<6>init: command 'mount' r=0
<6>init: command 'mkdir' r=0
<6>init: command 'mount' r=0
<6>init: command 'mkdir' r=0
<6>init: command 'mount' r=0
<3>init: audioflinger.bootsnd:1
[    3.133364] init: audiofli<ger.bootsnd:1
6>init: command 'setprop' r=0
<6>init: command 'symlink' r=0
<6>init: command 'symlink' r=0
<6>init: command 'mkdir' r=0
<6>init: command 'mkdir' r=0
<6>init: command 'mkdir' r=0
<6>init: command 'mount' r=0
<6>init: command 'mkdir' r=0
<4>fsr: module license 'Samsung Proprietary' taints kernel.
<4>Disabling lock debugging due to kernel taint
[BIF:IN ] ++FSR_BML_Init(nFlag: 0x0)
[PAM:   ] ++FSR_PAM_Init
[PAM:   ]   OneNAND physical base address       : 0xb0000000
[PAM:   ]   OneNAND virtual  base address       : 0xe0980000
[PAM:   ]   OneNAND Controller DMA physical base address       : 0xb0600000
[PAM:   ]   OneNAND Controller DMA virtual  base address       : 0xe09c0000
[PAM:   ]   OneNAND nMID=0xec : nDID=0x50 Page size=4
[PAM:   ] --FSR_PAM_Init
[BIF:   ]   FSR VERSION: FSR_1.2.1p1_b139_RTM
[OND:INF]   FSR_OND_4K_Open(nDev:0, pParam:0xc4c03e00, nFlag:0x00000000) / 1033 line
            pstOND4kCxt->nBaseAddr: 0xe0980000
            nDev=0, nMID=0x00ec, nDID=0x0050, nVID=0x013e
[OND:INF]   pstOND4kCxt->nSysConf1:0xf0c6 / 1116 line
[OND:INF]   pstOND4kCxt->nBlksForSLCArea[0]:2048 / 1133 line
[OND:INF]   pstOND4kCxt->nIntID   :0x0000 / 1236 line
[OND:INF]   1X_CACHEPGM CMD : 0x007f
[OND:INF]   1X_PLOAD    CMD : 0x0003
[BBM:INF]   Scan from 2004 to 2047 to find BML meta blocks (die: 0)
[BBM:INF]   ffff ffff ffff ffff ffff ffff ffff ffff ffff ffff 
[BBM:INF]   ffff ffff ffff ffff ffff ffff ffff ffff ffff ffff 
[BBM:INF]   ffff ffff ffff ffff ffff ffff ffff ffff ffff ffff 
[BBM:INF]   ffff ffff ffff ffff ffff ffff ffff ffff ffff ffff 
[BBM:INF]   a5a5 a5a5 ffff 
[BBM:   ]  << DevNO:0, DieNO: 0 MAPPING INFORMATION >>
[BBM:   ]   Bad Mark Information
[BBM:   ]      - Bad Mark (0x2222) by erase error
[BBM:   ]      - Bad Mark (0x4444) by write error
[BBM:   ]   << Total : 0 BAD-MAPPING INFORMATION >>
[BIF:   ]   nPartition Information (nVol : 0)
            nVer : 0xffffffff
            00 / nID:0x09 / nAttr:0x00001002 / 1stVun:    0 / Units:    1
            01 / nID:0x00 / nAttr:0x00001002 / 1stVun:    1 / Units:    7
            02 / nID:0x01 / nAttr:0x00001001 / 1stVun:    8 / Units:  796
            03 / nID:0x20 / nAttr:0x00001101 / 1stVun:  804 / Units:  716
            04 / nID:0x21 / nAttr:0x00001101 / 1stVun: 1520 / Units:  372
            05 / nID:0x23 / nAttr:0x00001101 / 1stVun: 1892 / Units:   56
            06 / nID:0x24 / nAttr:0x00001001 / 1stVun: 1948 / Units:   56
[BBM:INF]   The registered blocks in ERL are handled
[BBM:INF]   (number of blocks: 0)
BML: Registered BML Driver.
<6>init: command 'insmod' r=0
[BIF:IN ] ++FSR_BML_Init(nFlag: 0x0)
[BIF:   ]   FSR_BML_Init(nFlag:0x0, nRe:FSR_BML_ALREADY_INITIALIZED) / 1027 line
FSR: Registered STL Driver.
<6>init: command 'insmod' r=0
<6>init: command 'insmod' r=0
<6>init: command 'insmod' r=0
<6>init: command 'mkdir' r=0
<6>init: command 'insmod' r=0
[BIF:   ]   FSR VERSION: FSR_1.2.1p1_b139_RTM
[BIF:   ]   FSR_BML_Open(nVol:0, nFlag:0x0, nOpenCnt:2) / 1171 line
[SIF:INF]   stPartEntry.nAttr has no FSR_BML_PI_ATTR_STL
[SIF:INF]   ===> STL Clst[ 2] Scan Root Info
[SIF:ERR] Root page : ZeroBit Error (nVpn = 0)
[SIF:ERR] STL Partition(Cluster) is not formatted. 
[SIF:ERR] --FSR_STL_OpenCluster() L(3844): 0x80000002 - Root may be corrupted
[BIF:   ]   FSR_BML_Close(nVol: 0, nFlag: 0x0, nOpenCnt: 1)
LinuStoreIII_NERR: stl_block_open[666] STL: open error = 80000002

<6>init: command 'mount' r=-1
<6>param_init
<3>lfs_param_op: filp_open failed. (-2)
[    3.725793] lfs_param_op: filp_ope< failed. (-2)
3>param_init(304): Loading parameters failed. Parameters have been initialized as default.
[    3.738369] param_init(304): Loading parameters failed. Parameters have been initialized as default.
<6>init: command 'insmod' r=0
<6>init: command 'symlink' r=0
<6>init: command 'mkdir' r=-17
<6>init: command 'mkdir' r=-17
<6>init: command 'mkdir' r=0
<6>init: command 'chown' r=0
<6>init: command 'chmod' r=0
<6>init: command 'mkdir' r=-17
<6>init: command 'mkdir' r=0
<6>init: command 'mkdir' r=0
<6>init: command 'mkdir' r=0
<6>init: command 'mkdir' r=0
<6>init: command 'mkdir' r=0
<6>init: command 'mount' r=0
<6>init: command 'write' r=0
<6>init: command 'write' r=0
<6>init: command 'write' r=0
<6>init: command 'write' r=0
<6>init: command 'write' r=0
<6>init: command 'write' r=0
<6>init: command 'write' r=0
<6>init: command 'mkdir' r=0
<6>init: command 'mount' r=0
<6>init: command 'chown' r=0
<6>init: command 'chown' r=0
<6>init: command 'chmod' r=0
<6>init: command 'write' r=-22
<6>init: command 'mkdir' r=0
<6>init: command 'chown' r=0
<6>init: command 'chmod' r=0
<6>init: command 'write' r=0
<6>init: command 'mkdir' r=0
<6>init: command 'chown' r=0
<6>init: command 'chmod' r=0
<6>init: command 'write' r=0
[FSA9480]connectivity_switching_init = switch_sel : 0x1
<6>inside set_param_value1 idx = 4, value = -1055894028
<3>lfs_param_op: filp_open failed. (-2)
[    3.856636] lfs_param_op: filp_ope[ failed. (-2)
FSA9480_Enable_AP_USB] Enable AP USB
[ap_usb_power_on]AP USB Power ON, askon: 0, mtp : 0
!!!!!!!!!!! [ap_usb_power_on]AP samsung_kies_mtp_mode_flag0, mtp:0
<6>inside set_param_value1 idx = 4, value = -1055894028
<3>lfs_param_op: filp_open failed. (-2)
[    3.894355] lfs_param_op: filp_op[UART Switch] Path : PDA
<6>inside set_param_value1 idx = 4, value = -1055894028
<3>lfs_param_op: filp_open failed. (-2)
[    4.874908] lfs_param_op: filp_ope< failed. (-2)
6>init: command 'write' r=0
[FSA9480]usb_sel_store
 [FSA9480] usb_switch_mode: Path = PDA
[FSA9480_Enable_AP_USB] Enable AP USB
[ap_usb_power_on]AP USB Power ON, askon: 0, mtp : 0
!!!!!!!!!!! [ap_usb_power_on]AP samsung_kies_mtp_mode_flag0, mtp:0
<6>inside set_param_value1 idx = 4, value = -1055894028
<3>lfs_param_op: filp_open failed. (-2)
[    4.920780] lfs_param_op: filp_ope< failed. (-2)
6>init: command 'write' r=0
<6>init: command 'ifup' r=0
<6>init: command 'hostname' r=0
<6>init: command 'domainname' r=0
<6>init: command 'setrlimit' r=0
<3>init: ro.FOREGROUND_APP_ADJ:0
[    4.942593] init: ro.FOREGR<UND_APP_ADJ:0
6>init: command 'setprop' r=0
<3>init: ro.VISIBLE_APP_ADJ:1
[    4.951960] init: ro.VIS<BLE_APP_ADJ:1
6>init: command 'setprop' r=0
<3>init: ro.SECONDARY_SERVER_ADJ:2
[    4.961501] init: ro.SECONDAR<_SERVER_ADJ:2
6>init: command 'setprop' r=0
<3>init: ro.BACKUP_APP_ADJ:2
[    4.970954] init: ro.BA<KUP_APP_ADJ:2
6>init: command 'setprop' r=0
<3>init: ro.HOME_APP_ADJ:4
[    4.979714] init: ro.<OME_APP_ADJ:4
6>init: command 'setprop' r=0
<3>init: ro.HIDDEN_APP_MIN_ADJ:7
[    4.988821] init: ro.HIDDEN<APP_MIN_ADJ:7
6>init: command 'setprop' r=0
<3>init: ro.CONTENT_PROVIDER_ADJ:14
[    4.998709] init: ro.CONTENT_P<OVIDER_ADJ:14
6>init: command 'setprop' r=0
<3>init: ro.EMPTY_APP_ADJ:15
[    5.008249] init: ro.EM<TY_APP_ADJ:15
6>init: command 'setprop' r=0
<3>init: ro.FOREGROUND_APP_MEM:2560
[    5.017790] init: ro.FOREGROUN<_APP_MEM:2560
6>init: command 'setprop' r=0
<3>init: ro.VISIBLE_APP_MEM:4096
[    5.027677] init: ro.VISIBL<_APP_MEM:4096
6>init: command 'setprop' r=0
<3>init: ro.SECONDARY_SERVER_MEM:5120
[    5.037738] init: ro.SECONDARY_S<RVER_MEM:5120
6>init: command 'setprop' r=0
<3>init: ro.BACKUP_APP_MEM:5120
[    5.047712] init: ro.BACKU<_APP_MEM:5120
6>init: command 'setprop' r=0
<3>init: ro.HOME_APP_MEM:5120
[    5.056992] init: ro.HOM<_APP_MEM:5120
6>init: command 'setprop' r=0
<3>init: ro.HIDDEN_APP_MEM:6144
[    5.066272] init: ro.HIDDE<_APP_MEM:6144
6>init: command 'setprop' r=0
<3>init: ro.CONTENT_PROVIDER_MEM:7168
[    5.076247] init: ro.CONTENT_PRO<IDER_MEM:7168
6>init: command 'setprop' r=0
<3>init: ro.EMPTY_APP_MEM:8192
[    5.086134] init: ro.EMPT<_APP_MEM:8192
6>init: command 'setprop' r=0
<3>init: wifi.interface:eth0
[    5.095241] init: wifi.<nterface:eth0
6>init: command 'setprop' r=0
<3>init: ro.bt.bdaddr_path:/data/misc/bluetooth/bt_addr
[    5.106516] init: ro.bt.bdaddr_path:/data/misc/blu<tooth/bt_addr
6>init: command 'setprop' r=0
<6>init: command 'write' r=0
<6>init: command 'write' r=0
<6>init: command 'write' r=0
<6>init: command 'write' r=0
<6>init: command 'write' r=0
<6>init: command 'write' r=0
<6>init: command 'write' r=0
<6>init: command 'write' r=0
<6>init: command 'chown' r=-2
<6>init: command 'chown' r=-2
<6>init: command 'chown' r=-2
<6>init: command 'chown' r=-2
<6>init: command 'chown' r=-2
<6>init: command 'chown' r=0
<6>init: command 'chown' r=0
<6>init: command 'chown' r=0
<6>init: command 'chown' r=0
<6>init: command 'chmod' r=0
<6>init: command 'chmod' r=0
<6>init: command 'chmod' r=0
<6>init: command 'chmod' r=0
<6>init: command 'chown' r=0
<6>init: command 'chown' r=-2
<6>init: command 'chown' r=0
<6>init: command 'chown' r=-2
<6>init: command 'chown' r=-2
<6>init: command 'chown' r=-2
<6>init: command 'chown' r=-2
<6>init: command 'chown' r=-2
<6>init: command 'chown' r=-2
<6>init: command 'chown' r=-2
<6>init: command 'chown' r=-2
<6>init: command 'chown' r=-2
<6>init: command 'chown' r=-2
<6>init: command 'chown' r=-2
<6>init: command 'chown' r=-2
<6>init: command 'chown' r=-2
<6>init: command 'chown' r=-2
<6>init: command 'chown' r=0
<6>init: command 'chown' r=0
<6>init: command 'chown' r=0
<6>init: command 'chown' r=0
<6>init: command 'chown' r=0
<6>init: command 'chown' r=0
<6>init: command 'chown' r=0
<6>init: command 'chown' r=0
<6>init: command 'chown' r=0
<3>init: net.tcp.buffersize.default:4096,87380,196608,4096,16384,110208
[    5.245556] init: net.tcp.buffersize.default:4096,87380,196608,409<,16384,110208
3>init: net.change:net.tcp.buffersize.default
[    5.257004] init: net.change:net.tcp.buff<rsize.default
6>init: command 'setprop' r=0
<3>init: net.tcp.buffersize.wifi:4095,87380,196608,4096,16384,110208
[    5.270968] init: net.tcp.buffersize.wifi:4095,87380,196608,409<,16384,110208
3>init: net.change:net.tcp.buffersize.wifi
[    5.281896] init: net.change:net.tcp.buffersize.wifi
<6>init: command 'setprop' r=0
<3>init: net.tcp.buffersize.umts:4094,87380,196608,4096,16384,110208
[    5.295687] init: net.tcp.buffersize.umts:4094,87380,196608,4096,16384,110208
<3>init: net.change:net.tcp.buffersize.umts
[    5.306701] init: net.change:net.tcp.b<ffersize.umts
6>init: command 'setprop' r=0
<3>init: net.tcp.buffersize.edge:4093,26280,35040,4096,16384,35040
[    5.320231] init: net.tcp.buffersize.edge:4093,26280,35040,40<6,16384,35040
3>init: net.change:net.tcp.buffersize.edge
[    5.330986] init: net.change:net.tcp.b<ffersize.edge
6>init: command 'setprop' r=0
<3>init: net.tcp.buffersize.gprs:4092,8760,11680,4096,8760,11680
[    5.344343] init: net.tcp.buffersize.gprs:4092,8760,11680,4<96,8760,11680
3>init: net.change:net.tcp.buffersize.gprs
[    5.354924] init: net.change:net.tcp.b<ffersize.gprs
6>init: command 'setprop' r=0
<6>init: command 'chmod' r=0
<6>init: command 'chmod' r=0
<6>init: command 'chmod' r=0
<6>init: command 'chmod' r=0
<6>init: command 'chmod' r=0
<6>init: command 'chmod' r=0
<6>init: command 'chmod' r=0
<6>init: command 'chmod' r=-2
<6>init: command 'write' r=0
<6>init: command 'write' r=0
<6>init: command 'write' r=-2
<6>init: command 'write' r=-2
<6>init: command 'chown' r=-2
<6>init: command 'chown' r=-2
<6>init: command 'chown' r=0
<6>init: command 'chmod' r=-2
<6>init: command 'chmod' r=-2
<6>init: command 'chown' r=0
<6>init: command 'chmod' r=0
<6>init: command 'chown' r=0
<6>init: command 'chmod' r=0
<6>init: command 'chmod' r=0
<6>init: command 'chmod' r=0
<6>init: command 'chown' r=0
<6>init: command 'chown' r=0
<6>init: command 'chmod' r=-2
<6>init: command 'chown' r=0
<6>init: command 'chown' r=0
<5>init: starting 'console'
<3>init: init.svc.console:running
[    5.444189] init: init.svc.console:running
sh: can't access <5>init: starting 'playlogos1'
tty; job contro<3>init: init.svc.playlogos1:running
[    5.458742] init: init.svc.playlogos1:running
<5>init: starting 'pvrsrvinit'
l turned off
$<3>init: init.svc.pvrsrvinit:running
[    5.470451] init: init.svc.pvrsrvinit:running
 <5>init: starting 'servicemanager'
<3>init: init.svc.servicemanager:running
[    5.483036] init: init.svc.servicemanager:running
<5>init: starting 'vold'
<3>init: init.svc.vold:running
[    5.496306] init: init.svc.vold:running
<6>init: Created socket '/dev/socket/vold' with mode '660', user '0', group '1009'
<5>init: starting 'notified_event'
<3>init: init.svc.notified_event:running
[    5.519299] init: init.svc.notified_event:running
<6>init: Created socket '/dev/socket/notified_event' with mode '660', user '0', group '1000'
<5>init: starting 'netd'
<3>init: init.svc.netd:running
[    5.538102] init: init.svc.netd:running
<6>init: Created socket '/dev/socket/netd' with mode '660', user '0', group '1000'
<5>init: starting 'debuggerd'
<3>init: init.svc.debuggerd:running
[    5.556185] init: init.svc.debuggerd:running
<5>init: starting 'DR-daemon'
<3>init: init.svc.DR-daemon:running
[    5.567894] init: init.svc.DR-daemon:running
<5>init: starting 'mobex-daemon'
<3>init: init.svc.mobex-daemon:running
[    5.579204] init: init.svc.mobex-daemon:running
<5>init: starting 'zygote'
<3>init: init.svc.zygote:running
[    5.589985] init: init.svc.zygote:running
<6>init: Created socket '/dev/socket/zygote' with mode '666', user '0', group '0'
<5>init: starting 'media'
<3>init: init.svc.media:running
[    5.607652] init: init.svc.media:running
<3>init: cannot find '/system/bin/vtserver', disabling 'vt'
[    5.619474] init: cannot find '/system/bin/vtserver', disabling 'vt'
<5>init: starting 'dbus'
<3>init: init.svc.dbus:running
[    5.634322] init: init.svc.dbus:running
<6>init: Created socket '/dev/socket/dbus' with mode '660', user '1002', group '1002'
<5>init: starting 'installd'
<3>init: init.svc.installd:running
[    5.652249] init: init.svc.installd:running
<6>init: Created socket '/dev/socket/installd' with mode '600', user '1000', group '1000'
<3>init: cannot find '/system/etc/install-recovery.sh', disabling 'flash_recovery'
[    5.674765] init: cannot find '/system/etc/install-recovery.sh', disabling 'flash_recovery'
<5>init: starting 'sensor-daemon'
<3>init: init.svc.sensor-daemon:running
[    5.691244] init: init.svc.sensor-daemon:running
<5>init: starting 'keystore'
<3>init: init.svc.keystore:running
[    5.712779] init: init.svc.keystore:running
<6>init: Created socket '/dev/socket/keystore' with mode '666', user '0', group '0'
<5>init: starting 'immvibed'
<3>init: init.svc.immvibed:running
[    5.733135] init: init.svc.immvibed:running
<3>init: cannot find '/system/bin/immvbsd', disabling 'immvbsd'
[    5.753414] init: cannot find '/system/bin/immvbsd', disabling 'immvbsd'
<5>init: starting 'tvout'
<3>init: init.svc.tvout:running
[    5.785807] init: init.svc.tvout:running
<6>PVR_K:(Warning): SysFinalise: Version string: SGX540 S5PC110 [475, services4/system/s5pc110/sysconfig.c]
<5>init: starting 'dfta'
<3>init: init.svc.dfta:running
[    5.811142] init: init.svc.dfta:running
<6>init: command 'class_start' r=0
<6>init: processing action 0x34440 (property:persist.service.adb.enable=1)
<5>init: starting 'adbd'
<3>init: init.svc.adbd:running
[    5.880110] init: init.svc.adbd:running
<6>warning: `adbd' uses 32-bit capabilities (legacy support in use)
<6>init: command 'start' r=0
<6>init: waitpid returned pid 2280, status = 00000000
<6>enabling adb
[USB] enable_adb - enable(0x10), prev_status(0x01)
Here is enable_adb@@@@
[enable_adb]USBSTATUS_ADB
<6>acm_function_config_changed
<6>mass_storage_function_config_changed
<6>adb_function_config_changed
  interface 0 = acm/c4c7fc00
  interface 1 = acm/c4c7fc00
  interface 2 = usb_mass_storage/c48cf800
  interface 3 = adb/c4891c00
[ap_usb_power_on]AP USB Power ON, askon: 0, mtp : 0
!!!!!!!!!!! [ap_usb_power_on]AP samsung_kies_mtp_mode_flag0, mtp:0
<5>init: process 'pvrsrvinit', pid 2280 exited
<3>init: init.svc.pvrsrvinit:stopped
[    5.959123] init: init.svc.pvrsrvinit:stopped
<6>init: waitpid returned pid 2298, status = 00000200
<5>init: process 'dfta', pid 2298 exited
<3>init: init.svc.dfta:stopped
[    5.978923] init: init.svc.dfta:stopped
<6>init: make_device '/dev/pvrsrvkm' block 0, major 240, minor 0 r=0
<6>init: make_device '/dev/s3c_bc' block 0, major 253, minor 0 r=0
<6>init: make_device '/dev/tspdrv' block 0, major 10, minor 43 r=0
<6>init: make_device '/dev/fmradio' block 0, major 10, minor 42 r=0
<6>init: make_device '/dev/block/bml0!c' block 1, major 137, minor 0 r=0
<6>init: make_device '/dev/block/bml1' block 1, major 137, minor 1 r=0
<6>init: make_device '/dev/block/bml2' block 1, major 137, minor 2 r=0
<6>init: make_device '/dev/block/bml3' block 1, major 137, minor 3 r=0
<6>init: make_device '/dev/block/bml4' block 1, major 137, minor 4 r=0
<6>init: make_device '/dev/block/bml5' block 1, major 137, minor 5 r=0
<6>init: make_device '/dev/block/bml6' block 1, major 137, minor 6 r=0
<6>init: make_device '/dev/block/bml7' block 1, major 137, minor 7 r=0
<6>init: make_device '/dev/block/stl1' block 1, major 138, minor 1 r=0
<6>init: make_device '/dev/block/stl2' block 1, major 138, minor 2 r=0
<6>init: make_device '/dev/block/stl3' block 1, major 138, minor 3 r=0
<6>init: make_device '/dev/block/stl4' block 1, major 138, minor 4 r=0
<6>init: make_device '/dev/block/stl5' block 1, major 138, minor 5 r=0
<6>init: make_device '/dev/block/stl6' block 1, major 138, minor 6 r=0
<6>init: make_device '/dev/block/stl7' block 1, major 138, minor 7 r=0
<6>init: make_device '/dev/storage' block 0, major 10, minor 234 r=0
<6>init: make_device '/dev/bthid' block 0, major 10, minor 224 r=0
<6>init: make_device '/dev/block/ram0' block 1, major 1, minor 0 r=0
<6>init: make_device '/dev/block/ram1' block 1, major 1, minor 1 r=0
<6>init: make_device '/dev/block/ram2' block 1, major 1, minor 2 r=0
<6>init: make_device '/dev/block/ram3' block 1, major 1, minor 3 r=0
<6>init: make_device '/dev/block/ram4' block 1, major 1, minor 4 r=0
<6>init: make_device '/dev/block/ram5' block 1, major 1, minor 5 r=0
<6>init: make_device '/dev/block/ram6' block 1, major 1, minor 6 r=0
<6>init: make_device '/dev/block/ram7' block 1, major 1, minor 7 r=0
<6>init: make_device '/dev/block/ram8' block 1, major 1, minor 8 r=0
<6>init: make_device '/dev/block/ram9' block 1, major 1, minor 9 r=0
<6>init: make_device '/dev/block/ram10' block 1, major 1, minor 10 r=0
<6>init: make_device '/dev/block/ram11' block 1, major 1, minor 11 r=0
<6>init: make_device '/dev/block/ram12' block 1, major 1, minor 12 r=0
<6>init: make_device '/dev/block/ram13' block 1, major 1, minor 13 r=0
<6>init: make_device '/dev/block/ram14' block 1, major 1, minor 14 r=0
<6>init: make_device '/dev/block/ram15' block 1, major 1, minor 15 r=0
<6>init: make_device '/dev/block/loop0' block 1, major 7, minor 0 r=0
<6>init: make_device '/dev/block/loop1' block 1, major 7, minor 1 r=0
<6>init: make_device '/dev/block/loop2' block 1, major 7, minor 2 r=0
<6>init: make_device '/dev/block/loop3' block 1, major 7, minor 3 r=0
<6>init: make_device '/dev/block/loop4' block 1, major 7, minor 4 r=0
<6>init: make_device '/dev/block/loop5' block 1, major 7, minor 5 r=0
<6>init: make_device '/dev/block/loop6' block 1, major 7, minor 6 r=0
<6>init: make_device '/dev/block/loop7' block 1, major 7, minor 7 r=0
<6>init: make_device '/dev/block/tfsr0!c' block 1, major 139, minor 0 r=0
<6>init: make_device '/dev/block/tfsr1' block 1, major 139, minor 1 r=0
<6>init: make_device '/dev/block/tfsr2' block 1, major 139, minor 2 r=0
<6>init: make_device '/dev/block/tfsr3' block 1, major 139, minor 3 r=0
<6>init: make_device '/dev/block/tfsr4' block 1, major 139, minor 4 r=0
<6>init: make_device '/dev/block/tfsr5' block 1, major 139, minor 5 r=0
<6>init: make_device '/dev/block/tfsr6' block 1, major 139, minor 6 r=0
<6>init: make_device '/dev/block/tfsr7' block 1, major 139, minor 7 r=0
<6>init: make_device '/dev/block/mmcblk0' block 1, major 179, minor 0 r=0
<6>init: make_device '/dev/block/mmcblk0p1' block 1, major 179, minor 1 r=0
<6>init: make_device '/dev/block/mmcblk0p2' block 1, major 179, minor 2 r=0
<6>init: make_device '/dev/block/mmcblk0p3' block 1, major 179, minor 3 r=0
<6>init: make_device '/dev/block/mmcblk1' block 1, major 179, minor 8 r=0
<6>init: make_device '/dev/block/bml0!c' block 1, major 137, minor 0 r=0
<6>init: make_device '/dev/block/bml1' block 1, major 137, minor 1 r=0
<6>init: make_device '/dev/block/bml2' block 1, major 137, minor 2 r=0
<6>init: make_device '/dev/block/bml3' block 1, major 137, minor 3 r=0
<6>init: make_device '/dev/block/bml4' block 1, major 137, minor 4 r=0
<6>init: make_device '/dev/block/bml5' block 1, major 137, minor 5 r=0
<6>init: make_device '/dev/block/bml6' block 1, major 137, minor 6 r=0
<6>init: make_device '/dev/block/bml7' block 1, major 137, minor 7 r=0
<6>init: make_device '/dev/block/stl1' block 1, major 138, minor 1 r=0
<6>init: make_device '/dev/block/stl2' block 1, major 138, minor 2 r=0
<6>init: make_device '/dev/block/stl3' block 1, major 138, minor 3 r=0
<6>init: make_device '/dev/block/stl4' block 1, major 138, minor 4 r=0
<6>init: make_device '/dev/block/stl5' block 1, major 138, minor 5 r=0
<6>init: make_device '/dev/block/stl6' block 1, major 138, minor 6 r=0
<6>init: make_device '/dev/block/stl7' block 1, major 138, minor 7 r=0
<6>init: waitpid returned pid 2286, status = 00000100
<5>init: process 'DR-daemon', pid 2286 exited
<5>init: process 'DR-daemon' killing any children in process group
<3>init: init.svc.DR-daemon:restarting
[    6.547569] init: init.svc.DR-daemon:restarting
<6>init: waitpid returned pid 2295, status = 00000000
<5>init: process 'immvibed', pid 2295 exited
<3>init: init.svc.immvibed:stopped
[    6.564291] init: init.svc.immvibed:stopped
<6>init: waitpid returned pid 2358, status = 00000100
<3>init: untracked pid 2358 exited
[    6.581065] init: untracked pid 2358 exited
<6>fg_read_vcell: VCELL=3878
DmaAddr=@4f800000 Total=32768bytes PrdSz=2048 #Prds=4, dmaEnd 0x4f808000
DmaAddr=@4f800000 Total=32768bytes PrdSz=2048 #Prds=4, dmaEnd 0x4f808000
<5>init: starting 'DR-daemon'
<3>init: init.svc.DR-daemon:running
[   10.591485] init: init.svc.DR-daemon:running
<6>init: waitpid returned pid 2369, status = 00000100
<5>init: process 'DR-daemon', pid 2369 exited
<5>init: process 'DR-daemon' killing any children in process group
<3>init: init.svc.DR-daemon:restarting
[   10.651339] init: init.svc.DR-daemon:restarting
!@beginofsystem_init1()
<6>init: make_device '/dev/vcs7' block 0, major 7, minor 7 r=0
<6>init: make_device '/dev/vcsa7' block 0, major 7, minor 135 r=0
!@endofsystem_init1()
<3>init: no such service 'bootanim'
[   11.791972] init: no such service 'bootanim'
!@beginofPackageManager
<6>fg_read_vcell: VCELL=3878
<3>init: audioflinger.bootsnd:0
[   13.661981] init: audioflinger.bootsnd:0
<3>BUG: soft lockup - CPU#0 stuck for 61s! [Playback Thread:2366]
[   78.392062] BUG: soft lockup - CPU#0 stuck for 61s! [Playbac< Thread:2366]
d>Modules linked in: bthid storage(P) param(P) j4fs(P) rfs_fat(P) rfs_glue(P) fsr_stl(P) fsr(P) Si4709_driver vibrator s3c_bc s3c_lcd pvrsrvkm

Pid: 2366, comm:      Playback Thread
CPU: 0    Tainted: P            (2.6.32.9 #2)
PC is at __do_softirq+0x70/0x1e0
LR is at __warned.20475+0x0/0x4
pc : [<c0742564>]    lr : [<c10bda40>]    psr: 60000113
sp : dfb05d78  ip : 00009db0  fp : dfb05dbc
r10: 00000000  r9 : 00000000  r8 : c1059b88
r7 : dfb04000  r6 : c10983e0  r5 : dfb05d78  r4 : 00000202
r3 : 00000000  r2 : c10bda40  r1 : 00000000  r0 : 00000100
Flags: nZCv  IRQs on  FIQs on  Mode SVC_32  ISA ARM  Segment user
Control: 10c5387d  Table: 4f944019  DAC: 00000015

PC: 0xc07424e4:
24e4  e89da818 ebffff68 e121f004 e89da818 e1a0c00d e92ddff0 e24cb004 e24dd01c
2504  e52de004 ebfeef17 e1a0500d e3c57d7f e30d4a40 e3c7703f e34c410b e50b4038
2524  e51b2038 e5971004 e5924040 e2810c01 e5870004 e30863e0 e3098b88 e34c6109
2544  e34c8105 e3a0300a e50b3034 e51be038 e3a03000 e58e3040 f1080080 e309cdb0
2564  e59f5164 e34cc105 e50bc030 ea000000 e2855004 e3140001 0a000015 e59fa148
2584  e596c004 e06a9005 e597a004 e35c0000 e1a09149 e2891012 e7982101 e2820001
25a4  e7880101 1a000019 e5951000 e1a00005 e12fff31 e5963024 e3530000 1a000032
25c4  e5970004 e15a0000 1a000022 e3a00000 eb00ff95 e1b040a4 1affffe4 f10c0080

LR: 0xc10bd9c0:
d9c0  00000000 00000000 00000000 00000000 00000000 00000000 00000000 00000000
d9e0  00000000 00000000 00000000 00000000 00000000 00000000 00000000 00000000
da00  00000000 00000000 00000001 00000001 00000001 00000001 00000000 00000000
da20  00000000 00000000 00000000 00000000 00000000 00000000 00000000 00000000
da40  00000000 00000000 00000000 00000000 00000000 00000000 00000000 00000000
da60  00000000 00000000 00000000 00000000 00000000 00000000 00000000 00000000
da80  00000202 00000000 00000000 00000000 00000000 00000000 00000000 00000000
daa0  00000000 00000000 00000000 00000000 00000000 00000000 00000000 00000000

SP: 0xdfb05cf8:
5cf8  dfb05df8 dfb04000 dfb05d2c dfb05d10 c06fd054 c0780194 60000113 ffffffff
5d18  fd000000 00000002 dfb05dbc dfb05d30 c06fdc34 c06fd00c 00000100 00000000
5d38  c10bda40 00000000 00000202 dfb05d78 c10983e0 dfb04000 c1059b88 00000000
5d58  00000000 dfb05dbc 00009db0 dfb05d78 c10bda40 c0742564 60000113 ffffffff
5d78  0000003d dfa66e40 00000000 c10bda40 0000000a c070a948 c070a92c dfb04000
5d98  0000003d 00000000 c48dea88 00000800 00000000 00000000 dfb05dd4 dfb05dc0
5db8  c0742ab4 c0742500 c070a92c c10744d0 dfb05df4 dfb05dd8 c06fd058 c0742a2c
5dd8  60000013 ffffffff fd000000 00000002 dfb05e4c dfb05df8 c06fdc34 c06fd00c

FP: 0xdfb05d3c:
5d3c  00000000 00000202 dfb05d78 c10983e0 dfb04000 c1059b88 00000000 00000000
5d5c  dfb05dbc 00009db0 dfb05d78 c10bda40 c0742564 60000113 ffffffff 0000003d
5d7c  dfa66e40 00000000 c10bda40 0000000a c070a948 c070a92c dfb04000 0000003d
5d9c  00000000 c48dea88 00000800 00000000 00000000 dfb05dd4 dfb05dc0 c0742ab4
5dbc  c0742500 c070a92c c10744d0 dfb05df4 dfb05dd8 c06fd058 c0742a2c 60000013
5ddc  ffffffff fd000000 00000002 dfb05e4c dfb05df8 c06fdc34 c06fd00c c108ce48
5dfc  00000000 deaf1eed deaf1eed c48dea00 c4ffd000 00000800 c48dea88 00000800
5e1c  00000000 00000000 dfb05e4c dfb05e40 dfb05e40 c0b69ad4 c0b69ad8 60000013

R2: 0xc10bd9c0:
d9c0  00000000 00000000 00000000 00000000 00000000 00000000 00000000 00000000
d9e0  00000000 00000000 00000000 00000000 00000000 00000000 00000000 00000000
da00  00000000 00000000 00000001 00000001 00000001 00000001 00000000 00000000
da20  00000000 00000000 00000000 00000000 00000000 00000000 00000000 00000000
da40  00000000 00000000 00000000 00000000 00000000 00000000 00000000 00000000
da60  00000000 00000000 00000000 00000000 00000000 00000000 00000000 00000000
da80  00000202 00000000 00000000 00000000 00000000 00000000 00000000 00000000
daa0  00000000 00000000 00000000 00000000 00000000 00000000 00000000 00000000

R5: 0xdfb05cf8:
5cf8  dfb05df8 dfb04000 dfb05d2c dfb05d10 c06fd054 c0780194 60000113 ffffffff
5d18  fd000000 00000002 dfb05dbc dfb05d30 c06fdc34 c06fd00c 00000100 00000000
5d38  c10bda40 00000000 00000202 dfb05d78 c10983e0 dfb04000 c1059b88 00000000
5d58  00000000 dfb05dbc 00009db0 dfb05d78 c10bda40 c0742564 60000113 ffffffff
5d78  0000003d dfa66e40 00000000 c10bda40 0000000a c070a948 c070a92c dfb04000
5d98  0000003d 00000000 c48dea88 00000800 00000000 00000000 dfb05dd4 dfb05dc0
5db8  c0742ab4 c0742500 c070a92c c10744d0 dfb05df4 dfb05dd8 c06fd058 c0742a2c
5dd8  60000013 ffffffff fd000000 00000002 dfb05e4c dfb05df8 c06fdc34 c06fd00c

R6: 0xc1098360:
8360  c0fcc098 00000000 00000000 00000000 00000000 00000000 00000000 00000000
8380  c0fcc0ac 00000000 00000000 00000000 00000000 00000000 00000000 00000000
83a0  c0fcc0c0 00000000 00000000 00000000 00000000 00000000 00000000 00000000
83c0  c0fcc0d4 00000000 00000000 00000000 00000000 00000000 00000000 00000000
83e0  c0fcc15c 00000000 00000000 00000000 00000000 00000000 00000000 00000000
8400  c0fcc16c 00000000 00000000 00000000 00000000 00000000 00000000 00000000
8420  c0fcc134 00000000 00000000 00000000 00000000 00000000 00000000 00000000
8440  c0fcc148 00000000 00000000 00000000 00000000 00000000 00000000 00000000

R7: 0xdfb03f80:
3f80  00029a28 40206e78 000000f0 c06fe2ec dfb02000 00000000 00000000 dfb03fa8
3fa0  c06fe0c0 c076a720 00029a24 00029a28 00029a28 00000080 ffffffc4 40206e78
3fc0  00029a24 00029a28 40206e78 000000f0 00000080 00029a24 ffffffff 7fffffff
3fe0  a8d3667c 40206e48 afd10914 afd0ee48 60000010 00029a28 00000000 00000000
4000  00000002 00010101 00000000 dfa66e40 c1059c38 00000000 00000017 dfa66e40
4020  c10596d8 db003100 dfb04000 00005029 df8f7700 df8f7700 dfb05ecc dfb05e60
4040  c0b67008 00000000 00000000 00000000 00000000 00000000 01010000 00000000
4060  40307f00 00000000 00000000 00000000 00000000 00000000 00000000 00000000

R8: 0xc1059b08:
9b08  00000000 dfa66e40 c1047c08 00000000 00000000 00000000 403195f4 00000012
9b28  00000000 ffff2410 00000009 00000000 000049ab 00000000 e095cee4 00000000
9b48  00000000 00000000 00000000 00000000 00000000 00000000 94d9c600 00000002
9b68  00000000 00000000 000053cc 000006a7 00000000 00000000 00000000 00000000
9b88  00000429 00000000 00000000 00000000 000005d8 00000000 000040c0 00000000
9ba8  00000008 00000000 00000074 00000000 00000222 00000000 00000000 00000000
9bc8  00000000 00000000 00000000 00000ac4 00000000 00000000 00000000 00000000
9be8  00000d49 00000000 00000001 00001674 0000008c 00000001 dead4ead ffffffff
[<c06ffa38>] (show_regs+0x0/0x58) from [<c077d8e0>] (softlockup_tick+0x138/0x164)
 r4:c105cff8 r3:c1059d48
[<c077d7a8>] (softlockup_tick+0x0/0x164) from [<c074b274>] (run_local_timers+0x24/0x28)
 r8:c07662ac r7:dfb05d30 r6:c105c1a0 r5:00000000 r4:dfa66e40
[<c074b250>] (run_local_timers+0x0/0x28) from [<c074b2b0>] (update_process_times+0x38/0x58)
[<c074b278>] (update_process_times+0x0/0x58) from [<c076632c>] (tick_sched_timer+0x80/0xd0)
 r5:0000004e r4:15a8669c
[<c07662ac>] (tick_sched_timer+0x0/0xd0) from [<c075b52c>] (__run_hrtimer+0x80/0x170)
 r7:dfb05c68 r6:c105bb88 r5:c105bbc8 r4:c105c1a0
[<c075b4ac>] (__run_hrtimer+0x0/0x170) from [<c075c170>] (hrtimer_interrupt+0x12c/0x254)
[<c075c044>] (hrtimer_interrupt+0x0/0x254) from [<c07132ac>] (s5p_tick_timer_interrupt+0x54/0x60)
[<c0713258>] (s5p_tick_timer_interrupt+0x0/0x60) from [<c077e62c>] (handle_IRQ_event+0xd8/0x250)
[<c077e554>] (handle_IRQ_event+0x0/0x250) from [<c0780220>] (handle_level_irq+0x98/0x130)
[<c0780188>] (handle_level_irq+0x0/0x130) from [<c06fd054>] (asm_do_IRQ+0x54/0x98)
 r7:dfb04000 r6:dfb05df8 r5:0000003d r4:c10744d0
[<c06fd000>] (asm_do_IRQ+0x0/0x98) from [<c06fdc34>] (__irq_svc+0x34/0xa0)
Exception stack(0xdfb05d30 to 0xdfb05d78)
5d20:                                     00000100 00000000 c10bda40 00000000
5d40: 00000202 dfb05d78 c10983e0 dfb04000 c1059b88 00000000 00000000 dfb05dbc
5d60: 00009db0 dfb05d78 c10bda40 c0742564 60000113 ffffffff
 r6:00000002 r5:fd000000 r4:ffffffff r3:60000113
[<c07424f4>] (__do_softirq+0x0/0x1e0) from [<c0742ab4>] (irq_exit+0x94/0xac)
[<c0742a20>] (irq_exit+0x0/0xac) from [<c06fd058>] (asm_do_IRQ+0x58/0x98)
 r4:c10744d0 r3:c070a92c
[<c06fd000>] (asm_do_IRQ+0x0/0x98) from [<c06fdc34>] (__irq_svc+0x34/0xa0)
Exception stack(0xdfb05df8 to 0xdfb05e40)
5de0:                                                       c108ce48 00000000
5e00: deaf1eed deaf1eed c48dea00 c4ffd000 00000800 c48dea88 00000800 00000000
5e20: 00000000 dfb05e4c dfb05e40 dfb05e40 c0b69ad4 c0b69ad8 60000013 ffffffff
 r6:00000002 r5:fd000000 r4:ffffffff r3:60000013
[<c0b69abc>] (_read_unlock_irq+0x0/0x20) from [<c0a3b3ec>] (snd_pcm_lib_write1+0xa0/0x2d8)
[<c0a3b34c>] (snd_pcm_lib_write1+0x0/0x2d8) from [<c0a3b6dc>] (snd_pcm_lib_write+0x54/0x70)
[<c0a3b688>] (snd_pcm_lib_write+0x0/0x70) from [<c0a36a80>] (snd_pcm_playback_ioctl1+0x10c/0x484)
 r4:c48dea00
[<c0a36974>] (snd_pcm_playback_ioctl1+0x0/0x484) from [<c0a36e38>] (snd_pcm_playback_ioctl+0x40/0x44)
 r7:00000010 r6:400c4150 r5:dfaeef00 r4:40307d2c
[<c0a36df8>] (snd_pcm_playback_ioctl+0x0/0x44) from [<c07e33f4>] (do_vfs_ioctl+0x90/0x5ac)
[<c07e3364>] (do_vfs_ioctl+0x0/0x5ac) from [<c07e3958>] (sys_ioctl+0x48/0x70)
 r9:dfb04000 r8:c06fe2ec r7:00000010 r6:400c4150 r5:40307d2c
r4:dfaeef00
[<c07e3910>] (sys_ioctl+0x0/0x70) from [<c06fe0c0>] (ret_fast_syscall+0x0/0x2c)
 r7:00000036 r6:00000000 r5:0002b8b8 r4:0002b868
<0>Kernel panic - not syncing: softlockup: hung tasks
[   79.224597] Kernel panic - not syncing: softlock[p: hung tasks
<c0705800>] (unwind_backtrace+0x0/0xec) from [<c0b666e8>] (dump_stack+0x20/0x24)
[<c0b666e8>] (dump_stack+0x20/0x24) from [<c0b6674c>] (panic+0x60/0x118)
[<c0b6674c>] (panic+0x60/0x118) from [<c077d900>] (softlockup_tick+0x158/0x164)
[<c077d900>] (softlockup_tick+0x158/0x164) from [<c074b274>] (run_local_timers+0x24/0x28)
[<c074b274>] (run_local_timers+0x24/0x28) from [<c074b2b0>] (update_process_times+0x38/0x58)
[<c074b2b0>] (update_process_times+0x38/0x58) from [<c076632c>] (tick_sched_timer+0x80/0xd0)
[<c076632c>] (tick_sched_timer+0x80/0xd0) from [<c075b52c>] (__run_hrtimer+0x80/0x170)
[<c075b52c>] (__run_hrtimer+0x80/0x170) from [<c075c170>] (hrtimer_interrupt+0x12c/0x254)
[<c075c170>] (hrtimer_interrupt+0x12c/0x254) from [<c07132ac>] (s5p_tick_timer_interrupt+0x54/0x60)
[<c07132ac>] (s5p_tick_timer_interrupt+0x54/0x60) from [<c077e62c>] (handle_IRQ_event+0xd8/0x250)
[<c077e62c>] (handle_IRQ_event+0xd8/0x250) from [<c0780220>] (handle_level_irq+0x98/0x130)
[<c0780220>] (handle_level_irq+0x98/0x130) from [<c06fd054>] (asm_do_IRQ+0x54/0x98)
[<c06fd054>] (asm_do_IRQ+0x54/0x98) from [<c06fdc34>] (__irq_svc+0x34/0xa0)
Exception stack(0xdfb05d30 to 0xdfb05d78)
5d20:                                     00000100 00000000 c10bda40 00000000
5d40: 00000202 dfb05d78 c10983e0 dfb04000 c1059b88 00000000 00000000 dfb05dbc
5d60: 00009db0 dfb05d78 c10bda40 c0742564 60000113 ffffffff
[<c06fdc34>] (__irq_svc+0x34/0xa0) from [<c0742564>] (__do_softirq+0x70/0x1e0)
[<c0742564>] (__do_softirq+0x70/0x1e0) from [<c0742ab4>] (irq_exit+0x94/0xac)
[<c0742ab4>] (irq_exit+0x94/0xac) from [<c06fd058>] (asm_do_IRQ+0x58/0x98)
[<c06fd058>] (asm_do_IRQ+0x58/0x98) from [<c06fdc34>] (__irq_svc+0x34/0xa0)
Exception stack(0xdfb05df8 to 0xdfb05e40)
5de0:                                                       c108ce48 00000000
5e00: deaf1eed deaf1eed c48dea00 c4ffd000 00000800 c48dea88 00000800 00000000
5e20: 00000000 dfb05e4c dfb05e40 dfb05e40 c0b69ad4 c0b69ad8 60000013 ffffffff
[<c06fdc34>] (__irq_svc+0x34/0xa0) from [<c0b69ad8>] (_read_unlock_irq+0x1c/0x20)
[<c0b69ad8>] (_read_unlock_irq+0x1c/0x20) from [<c0a3b3ec>] (snd_pcm_lib_write1+0xa0/0x2d8)
[<c0a3b3ec>] (snd_pcm_lib_write1+0xa0/0x2d8) from [<c0a3b6dc>] (snd_pcm_lib_write+0x54/0x70)
[<c0a3b6dc>] (snd_pcm_lib_write+0x54/0x70) from [<c0a36a80>] (snd_pcm_playback_ioctl1+0x10c/0x484)
[<c0a36a80>] (snd_pcm_playback_ioctl1+0x10c/0x484) from [<c0a36e38>] (snd_pcm_playback_ioctl+0x40/0x44)
[<c0a36e38>] (snd_pcm_playback_ioctl+0x40/0x44) from [<c07e33f4>] (do_vfs_ioctl+0x90/0x5ac)
[<c07e33f4>] (do_vfs_ioctl+0x90/0x5ac) from [<c07e3958>] (sys_ioctl+0x48/0x70)
[<c07e3958>] (sys_ioctl+0x48/0x70) from [<c06fe0c0>] (ret_fast_syscall+0x0/0x2c)
[PAM:   ] ++FSR_PAM_Init
[PAM:   ]   OneNAND physical base address       : 0xb0000000
[PAM:   ]   OneNAND virtual  base address       : 0xb0000000
[PAM:   ]   FSR_PAM_InitNANDController Success!! 
[PAM:   ] --FSR_PAM_Init
[BM :   ]   FSR_BML_GetFullPartI() is completed
[BM :   ]   stPartI.nNumOfPartEntry : 7
[BM :   ]   1th PartEntrt(nAttr:0x1002)(nID:0x0)
[BM :   ]   [1th] pPEntry->n1stVun     : 1
[BM :   ]   [1th] pPEntry->nNumOfUnits : 7
[BM :   ]   [1th] pPEntry->nLoadAddr   : 0xffffffff
+-------------------------------+
| Bootloader Shadowing FINISHED |
+-------------------------------+
Launch Image at 0x42480000

[BOOT_V1.0  (May 28 2010, 21:22:23)] 
SelectBootingMode: H/W...0xe.
[BOOT] ARMCLK: 400000 KHz, MSYSHCLK 200000 KHz,MSYSPCLK: 100000 KHz,                            [BOOT] DSYSHCLK 166750 KHz,DSYSPCLK: 83375 KHz,PSYSHCLK: 133400 KHz, PSYSPCLK: 66700 KHz,SYSCON_A2M: 200000 KHz  
+++FIMD_Drv_INITIALIZE
FIMD_Drv_ChangeMode: MDNIE_MODE
Frame Rate:62SCLK_FIMD:133400 kHz ClkDiv:4
S6E63M0 : LDI_Pentile_Set_Change Pentile_Value =6c 
---FIMD_Drv_INITIALIZE
---FIMD_Drv_SetWinOnOff(WIN4:1)
LCD initialize Finished
Flash_Unlock failed
Poweron status - 70
FSA9480 0x03 Register = 1
FSA9480 0x0A Register = 0
FSA9480 0x0B Register = 8
FSA9480 0x07 Register = 1c
SelectBootingMode: Boot Mode = 1...
Display_LSI_Boot : disp_Main_Clean 
Display_LSI_Boot : disp_Main_Clean_All 
Display_LSI_Boot : disp_dimming_backlight 
Display_LSI_Boot : disp_Normal_Init 
 DRV_modem_reset!!!!!!!!!!!!!!!!!  
 DRV_Send_DBL!!!!!!!!!!!!!!!!!  

[DLOAD] Download Completed !!!
DRV_Wait_ModemInit!!!!!!!!!!!!!!!!!  
DRV_CopyQSCBootBinary!!!!!!!!!!!!!!!!!  
DRV_Send_BootBinaryCopyComplete!!!!!!!!!!!!!!!!!  
DRV_Modem_BootingStart retry count = 0.
 UART OUTPUT ENABLED
+SDHC_Open(Ch0)
univ_SD_MEM_PowerOnDevice() : Power On
univ_SD_MEM_PowerOnDevice(ch0) : MASSMEMORY_EN Power On
[SDHC] MPLL source clock from SYSCON : 667000000Hz
[SDHC] SDHC(ch0) source clock from SYSCON : 47642000Hz
[SDHC] SDHC(ch0) Operating Clock : 372203Hz
[SDHC][MMC]byte mode
SD_MEM_Phy_CMD2(ch0) : CID(127~0) : 0x150100, 0x4d324731, 0x44441694, 0x8647125d
SD_MEM_Phy_MMC_CID(ch0) : PRV - 0x16
MMC_Spec = 4
----------------CSD Version 1.0--------in low level-------------
channel: [0]
One Block Size: [512]Byte
Total card Block Count = [4014080]
Total card Capacity Size  = [1960]MB
---------------------------------------------------
SD_HostCtrl_IssueCommand[ch0] not SDclk off, cmd13, SD_CLK_CTRL:0x400f
SD_MEM_Phy_TransferState(ch0) :High: Tx : SD_FeedBackClock_BasicDelay
SD_MEM_Phy_TransferState(ch0) :High: Rx : SD_FeedBackClock_InverterDelay
[SDHC] MPLL source clock from SYSCON : 667000000Hz
[SDHC] SDHC(ch0) source clock from SYSCON : 47642000Hz
[SDHC] SDHC(ch0) Operating Clock : 47642000Hz
SD_HostCtrl_IssueCommand[ch0] not SDclk off, cmd13, SD_CLK_CTRL:0xf
SD_HostCtrl_IssueCommand[ch0] not SDclk off, cmd13, SD_CLK_CTRL:0xf
-SDHC_Open(Ch0)
 debug: 0x663E88
 Loading kernel image to buf
 loadfile to 0x44000000
 loadsize is 6700680 bytes
 debug: 6700680
 done!
 Turning off MMU
 done!
 debug: 12345
 debug: 12345
 0x43800BFE=>0x3000012C,s=0x22
 Reloc kernel to 0x32000000
 0x44000000=>0x32000000,s=0x663E88
 done!
Display_LSI_Boot : disp_Main_Clean 
Display_LSI_Boot : disp_Main_Clean_All 
Display_LSI_Boot : disp_dimming_backlight 
Display_LSI_Boot : disp_Normal_Init 
 Jumpout to 0x32000000
Uncompressing Linux...................................................................................................................................................................................................................................................................................................................................................................................................................................................................................................................................................... done, booting the kernel.
<6>Initializing cgroup subsys cpu
<5>Linux version 2.6.32.9 (user@user-MS-7514) (gcc version 4.5.2 (Sourcery G++ Lite 2011.03-41) ) #2 Tue May 31 21:04:18 EEST 2011
CPU: ARMv7 Processor [412fc082] revision 2 (ARMv7), cr=10c53c7f
CPU: VIPT nonaliasing data cache, VIPT nonaliasing instruction cache
Machine: SMDKC110
Memory policy: ECC disabled, Data cache writeback
<7>On node 0 totalpages: 20480
<7>free_area_init_node: node 0, pgdat c1049860, node_mem_map c1220000
<7>  Normal zone: 160 pages used for memmap
<7>  Normal zone: 0 pages reserved
<7>  Normal zone: 20320 pages, LIFO batch:3
<7>On node 1 totalpages: 65536
<7>free_area_init_node: node 1, pgdat c1049f18, node_mem_map d0002000
<7>  Normal zone: 512 pages used for memmap
<7>  Normal zone: 0 pages reserved
<7>  Normal zone: 65024 pages, LIFO batch:15
<7>On node 2 totalpages: 0
<7>free_area_init_node: node 2, pgdat c104a5d0, node_mem_map c12c8c20
<4>  Normal zone: 1 pages exceeds realsize 0
<7>On node 3 totalpages: 0
<7>free_area_init_node: node 3, pgdat c104ac88, node_mem_map c12d0ce0
<4>  Normal zone: 1 pages exceeds realsize 0
CPU S5PV210/S5PC110 (id 0x43110222)
<7>s5pv210_init_clocks: initializing clocks
<6>S3C24XX Clocks, Copyright 2004 Simtec Electronics
<3>copy: bad source 0
<3>mout_audss: bad source 0
<7>s5pv210_setup_clocks: registering clocks
<7>s5pv210_setup_clocks: clkdiv0 = 14131330, clkdiv1 = 00400400
<7>s5pv210_setup_clocks: xtal is 24000000
<6>S5PV210: PLL settings, A=800000000, M=667000000, E=80000000
<6>s5pv210: 33554432 bytes system memory reserved for mfc at 0x312db000
<6>s5pv210: 33554432 bytes system memory reserved for mfc at 0x40204000
<6>s5pv210: 12582912 bytes system memory reserved for fimc0 at 0x42204000
<6>s5pv210: 1048576 bytes system memory reserved for fimc1 at 0x42e04000
<6>s5pv210: 12582912 bytes system memory reserved for fimc2 at 0x42f04000
<6>s5pv210: 2097152 bytes system memory reserved for pmem at 0x332db000
<6>s5pv210: 4194304 bytes system memory reserved for pmem_gpu1 at 0x334db000
<6>s5pv210: 1536000 bytes system memory reserved for pmem_adsp at 0x338db000
<6>s5pv210: 10485760 bytes system memory reserved for texstream at 0x33a52000
<6>s5pv210: 3145728 bytes system memory reserved for fimd at 0x43b04000
<6>s5pv210: 262144 bytes system memory reserved for wifi at 0x34452000
Built 2 zonelists in Zone order, mobility grouping on.  Total pages: 85344
<5>Kernel command line: console=ttySAC2,115200 loglevel=4
<6>PID hash table entries: 2048 (order: 1, 8192 bytes)
<6>Dentry cache hash table entries: 65536 (order: 6, 262144 bytes)
<6>Inode-cache hash table entries: 32768 (order: 5, 131072 bytes)
<6>Memory: 80MB 256MB = 336MB total
<5>Memory: 209656KB available (9144K code, 1897K data, 7124K init, 0K highmem)
<6>SLUB: Genslabs=9, HWalign=64, Order=0-3, MinObjects=0, CPUs=1, Nodes=4
<6>Hierarchical RCU implementation.
<6>NR_IRQS:339
<6>VIC @fd000000: id 0x00041192, vendor 0x41
<6>VIC @fd010000: id 0x00041192, vendor 0x41
<6>VIC @fd020000: id 0x00041192, vendor 0x41
<6>VIC @fd030000: id 0x00041192, vendor 0x41
<6>mult[140737]
<6>max_delta_ns[2147483647]
<6>min_delta_ns[30517]
<6>rate[32768]
<6>HZ[256]
Console: colour dummy device 80x30
[    0.000000] copy: bad source 0
[    0.000000] mout_audss< bad source 0
6>console [ttySAC2] enabled
<6>Calibrating delay loop... <c>796.20 BogoMIPS (lpj=1556480)
Mount-cache hash table entries: 512
<6>Initializing cgroup subsys debug
<6>Initializing cgroup subsys cpuacct
<6>Initializing cgroup subsys freezer
<6>CPU: Testing write buffer coherency: ok
<0>KERNEL:kernel_sec_get_debug_level_from_boot=0x574f4c44
[    0.121625] KERNEL:kernel_sec_get_debug_level_from_b<ot=0x574f4c44
0>KERNEL:magic_number=0x0 DEBUG LEVEL low!!
[    0.131684] KERNEL:magic_number=0x0 DEB<G LEVEL low!!
0>(kernel_sec_set_upload_cause) : upload_cause set 0
[    0.141398] (kernel_sec_set_upload_cause) : upload_cause set 0
<6>regulator: core version 0.5
<6>NET: Registered protocol family 16
S5PC110 Hardware version : EVT1 
HWREV is 0xf
S3C Power Management, Copyright 2004 Simtec Electronics
<6>S5PV210 Power Domain API Enable
<6>S5PV210: Initializing architecture
<6>S3C PL330-DMA Controller Driver, (c) 2008-2009 Samsung Electronics
<6>Total 24 DMA channels will be initialized.
DMA: got clock for controller 0 and disabled 
DMA: got clock for controller 1 and disabled 
DMA: got clock for controller 2 and disabled 
<6>s3c24xx-pwm s3c24xx-pwm.0: tin at 33350000, tdiv at 33350000, tin=divclk, base 0
<6>s3c24xx-pwm s3c24xx-pwm.1: tin at 33350000, tdiv at 33350000, tin=divclk, base 8
<6>s3c24xx-pwm s3c24xx-pwm.2: tin at 33350000, tdiv at 33350000, tin=divclk, base 12
<6>s3c24xx-pwm s3c24xx-pwm.3: tin at 33350000, tdiv at 33350000, tin=divclk, base 16
bio: create slab <bio-0> at 0
<6>vgaarb: loaded
<5>SCSI subsystem initialized
<6>s3c-i2c s3c2410-i2c.0: i2c-0: S3C I2C adapter
<6>s3c-i2c s3c2410-i2c.1: i2c-1: S3C I2C adapter
<6>s3c-i2c s3c2410-i2c.2: i2c-2: S3C I2C adapter
<6>Bluetooth: Core ver 2.15
<6>NET: Registered protocol family 31
<6>Bluetooth: HCI device and connection manager initialized
<6>Bluetooth: HCI socket layer initialized
<6>Switching to clocksource clock_source_systimer
<6>NET: Registered protocol family 2
<6>IP route cache hash table entries: 4096 (order: 2, 16384 bytes)
<6>TCP established hash table entries: 16384 (order: 5, 131072 bytes)
<6>TCP bind hash table entries: 16384 (order: 6, 327680 bytes)
<6>TCP: Hash tables configured (established 16384 bind 16384)
<6>TCP reno registered
<6>NET: Registered protocol family 1
<7>[BT] rfkill_register(bt_rfk) 
<7>[BT] Device Powering ON 
<7>[BT] GPIO_BT_nRST = 0
[BT] GPIO_WLAN_BT_EN = 1
<7>[BT] bt_host_wake_irq_handler start
[BT] GPIO_BT_nRST = 1
<7>[BT] Device Powering OFF 
<7>[BT] bt_host_wake_irq_handler start
[BT] GPIO_BT_nRST = 0
[BT] GPIO_WLAN_BT_EN = 0
<7>[BT] bt_host_wake_irq_handler start
[BT] In the unblocked state of the sleep
<7>[BT] GPIO_BT_WAKE = 0
[BT] wake_unlock(bt_wake_lock)
[BT] In the unblocked state of the sleep
<7>[BT] GPIO_BT_WAKE = 0
[BT] wake_unlock(bt_wake_lock)
S5PC11X_FREQ_TAB=0 , S5PC11X_MAXFREQLEVEL=4
<6>S5PV210 ADC driver, (c) 2010 Samsung Electronics
[ JACK_DRIVER (sec_jack_init,800) ] 
<6>SEC JACK: Registering jack driver
<6>input: sec_jack as /devices/virtual/input/input0
[ JACK_DRIVER (sec_jack_probe,676) ] sended isr send=0Xbe, ret =0
[ JACK_DRIVER (sec_jack_probe,695) ] det isr det=0X26, ret =0
<4>NetWinder Floating Point Emulator V0.97 (extended precision)
<6>ashmem: initialized
<6>ROMFS MTD (C) 2007 Red Hat, Inc.
<6>msgmni has been set to 410
<6>alg: No test for cipher_null (cipher_null-generic)
<6>alg: No test for ecb(cipher_null) (ecb-cipher_null)
<6>alg: No test for digest_null (digest_null-generic)
<6>alg: No test for compress_null (compress_null-generic)
<6>alg: No test for stdrng (krng)
<6>alg: No test for ghash (ghash-generic)
<6>io scheduler noop registered
<6>io scheduler anticipatory registered
<6>io scheduler deadline registered
<6>io scheduler cfq registered (default)
MDNIE  INIT ..........
<6>S3C MDNIE Driver, (c) 2010 Samsung Electronics
MDNIE  INIT SUCCESS Addr : 0xe083c000
IELCD  INIT ..........
<6>S3C IELCD Driver, (c) 2010 Samsung Electronics
IELCD  INIT SUCCESS Addr : 0xe0840000
<6>s3cfb s3cfb: [fb0] dma: 0x43b04000, cpu: 0xe0c00000, size: 0x002ee000
<6>FIMD src sclk = 166750000
<6>s3cfb s3cfb: parent clock: 166750000, vclk: 25628040, vclk div: 7
<6>s3cfb s3cfb: registered successfully
<6>s5pv210-uart.0: s3c2410_serial0 at MMIO 0xe2900000 (irq = 16) is a S3C6400/10
<6>s5pv210-uart.1: s3c2410_serial1 at MMIO 0xe2900400 (irq = 20) is a S3C6400/10
<6>s5pv210-uart.2: s3c2410_serial2 at MMIO 0xe2900800 (irq = 24) is a S3C6400/10
<6>s5pv210-uart.3: s3c2410_serial3 at MMIO 0xe2900c00 (irq = 28) is a S3C6400/10
<6>brd: module loaded
<6>loop: module loaded
<6>pmem: 1 init
<6>pmem_gpu1: 1 init
<6>pmem_adsp: 1 init
[BIF:IN ] ++FSR_BML_Init(nFlag: 0x0)
[PAM:   ] ++FSR_PAM_Init
[PAM:   ]   OneNAND physical base address       : 0xb0000000
[PAM:   ]   OneNAND virtual  base address       : 0xe0880000
[PAM:   ]   OneNAND nMID=0xec : nDID=0x50 Page size=4
[PAM:   ] --FSR_PAM_Init
[BIF:   ]   FSR VERSION: FSR_1.2.1p1_b139_RTM
[OND:INF]   FSR_OND_4K_Open(nDev:0, pParam:0xc4c03e50, nFlag:0x00000000) / 1033 line
            pstOND4kCxt->nBaseAddr: 0xe0880000
            nDev=0, nMID=0x00ec, nDID=0x0050, nVID=0x013e
[OND:INF]   pstOND4kCxt->nSysConf1:0xf0c6 / 1116 line
[OND:INF]   pstOND4kCxt->nBlksForSLCArea[0]:2048 / 1133 line
[OND:INF]   pstOND4kCxt->nIntID   :0x0000 / 1236 line
[OND:INF]   1X_CACHEPGM CMD : 0x007f
[OND:INF]   1X_PLOAD    CMD : 0x0003
[BBM:INF]   Scan from 2004 to 2047 to find BML meta blocks (die: 0)
[BBM:INF]   ffff ffff ffff ffff ffff ffff ffff ffff ffff ffff 
[BBM:INF]   ffff ffff ffff ffff ffff ffff ffff ffff ffff ffff 
[BBM:INF]   ffff ffff ffff ffff ffff ffff ffff ffff ffff ffff 
[BBM:INF]   ffff ffff ffff ffff ffff ffff ffff ffff ffff ffff 
[BBM:INF]   a5a5 a5a5 ffff 
FSR: Registered TinyFSR Driver.
<6>tl2796_probe::1124->s6e63m0 probed successfuly
<6>PPP generic driver version 2.4.2
<6>PPP Deflate Compression module registered
<6>PPP BSD Compression module registered
<6>PPP MPPE Compression module registered
<6>NET: Registered protocol family 24
<6>PPPoL2TP kernel driver, V1.0
<6>SLIP: version 0.8.4-NET3.019-NEWTTY (dynamic channels, max=256) (6 bit encapsulation enabled).
<6>CSLIP: code copyright 1989 Regents of the University of California.
[otg_clock_enable] clk_enable(otg_clock) OK.
[otg_clock_enable] clk_disable(otg_clock) OK.
<6>s3c-udc : S3C HS USB OTG Device Driver, (c) 2008-2009 Samsung Electronics
s3c-udc : version 15 March 2009 (DMA Mode) 
[ADB_UMS_ACM_RNDIS_MTP] string_dev = 100004560000 
<4>android_adb_ums_acm_rndis_mtp gadget: using random self ethernet address
<4>android_adb_ums_acm_rndis_mtp gadget: using random host ethernet address
<6>usb0: MAC 56:74:8c:1d:79:85
<6>usb0: HOST MAC 76:dd:a6:1d:9e:43
<6>acm_function_add
<6>DUN is registerd
<6>fsg_function_bind cdrom patch after fsg->nluns 2
<6>android_adb_ums_acm_rndis_mtp gadget: Number of LUNs=2
<6>shaman: mass_storage_function_add success
<6>adb_function_add
[mtpg_function_bind] line = [891] 
[mtpg_function_bind] dual speed line = [958] 
***** [mtpg_function_bind:975] calling mtp_function_enable with 0 
[mtp_function_enable] mtp_function => (disabled)
****** mtp_function_enable and line 1267 null_desc 
  interface 0 = acm/c4fa2780
  interface 1 = acm/c4fa2780
  interface 2 = usb_mass_storage/c4aeb800
  interface 3 = adb/c4895c00
  interface 4 = Gadget_MTP/c4895e00
  interface 5 = rndis/c4fa2480
  interface 6 = rndis/c4fa2480
<6>mass_storage_function_config_changed
  interface 0 = usb_mass_storage/c4aeb800
<6>android_adb_ums_acm_rndis_mtp gadget: Android Composite USB, version: May 29 2011
<6>android_adb_ums_acm_rndis_mtp gadget: android_adb_ums_acm_rndis_mtp ready
<6>Registered gadget driver 'android_adb_ums_acm_rndis_mtp'
[udc_enable]AP_USB_Power off by Bootup : 1<4>mice: could not register psaux device, error: -16
<6>mice: PS/2 mouse device common for all mice
<6>input: s3c-keypad as /devices/virtual/input/input1
S3C-Keypad H3C f000333 H2C f00f33 
S3C-Keypad keypad_scan() is called
S3C-Keypad row val = 7s3c-keypad Initialized
<6>S3C Keypad Driver
<6>i2c /dev entries driver
<6>i2c-gpio i2c-gpio.4: using pins 247 (SDA) and 246 (SCL)
<6>i2c-gpio i2c-gpio.5: using pins 203 (SDA) and 204 (SCL)
<6>regulator: DCDC1: 750 <--> 1500 mV 
<6>regulator: DCDC2: 750 <--> 1500 mV 
<6>regulator: LDO4: 3300 mV 
<6>regulator: LDO7: 1800 mV 
<6>regulator: LDO17: 3000 <--> 3200 mV 
<6>i2c-gpio i2c-gpio.6: using pins 206 (SDA) and 209 (SCL)
[FSA9480] fsa9480_codec_probe
410-rtc: rtc core: registered s3c as rtc0
fsa9480_interrupt
[FSA9480] FSA9480_ReadIntRegister
<7>*** DEBUG : ...and finally MMC. (1)***
<7>Another host want the wakelock : 1
<7> Universal : Card status  0
<6>VFP support v0.3: implementor 41 architecture 3 part 30 variant c rev 2
<7>qt602240 GPIO Status
<7>TOUCH_EN  : High
<7>TOUCH_INT : Low
<7>*** DEBUG : First we search for SDIO...(2)***
<7>*** DEBUG : ...then normal SD...(2) ***
<6>ldo38_control : turn ON LDO3 and LDO8 (cur_stat=0, req=1)
[otg_clock_enable] clk_enable(otg_clock) OK.
[udc_enable]AP_USB_Power off by Bootup : 1[FSA9480] FSA9480_ProcessDevice (dev1 : 0x0, dev2 : 0x8)
FSA9480_DEV_TY2_JIG_UART_OFF --- ATTACH
JIT UART OFF
qt602240_i2c is attached..
<7>|  Quantum Touch Driver Probe!            |
<6>input: qt602240_ts_input as /devices/virtual/input/input2
QT_reprogram check
[QT] init_touch_driver start
[QT] init_I2C start

[TSP] Touch device found
Version:    0x16
Family:   0x80
Variant:    0x1
Build number:   0xab
Matrix X size : 19
Matrix Y size : 11
Calculated CRC:0x1c 0x34 0xff 0x00 

Stored CRC:0x1c 0x34 0xff 0x00 

Info block CRC value OK.


[TSP]qt_Power_Config_Init real board 
<6>mmc2: new high speed SDHC card at address e624
<6>mmcblk1: mmc2:e624 SU16G 14.8 GiB 
<6> mmcblk1:
[TSP][reset_chip] 

<7>mmc2: wake_lock_timeout 1sec 0
Chip reset OK!
[QT] ret : 0, qt602240->client name : qt602240_ts
<7>[TSP] msg id =  1 90 f9 7b e8 0 0 0 0
[QT] qt602240_init/5959
[QT] qt602240_init/5987, platform_driver_register!!
<6>s3c2410-rtc s3c2410-rtc: setting system clock to 2011-05-31 18:13:34 UTC (1306865614)
<6>FIMC0 registered successfully
<7>[TSP] msg id =  1 0 f9 7b e8 0 0 0 0
<6>FIMC1 registered successfully
<6>FIMC2 registered successfully
<6>S5PC1XX TVOUT Driver, (c) 2009 Samsung Electronics
<6>s5p-tvout s5p-tvout: hpd status is cable removed
<6>fg_read_vcell: VCELL=3878
[SOC] C:0, P:75
pmic interrupt registered 
<6>Freeing init memory: 7124K
<4>Warning: unable to open an initial console.
<3>init: /init.rc: 237: chmod requires 2 arguments
[    2.339268] init: /init.rc: 237: chmod requires 2 arguments
!@Init process: device_init #3
<3>init: ro.secure:1
[    2.813045] init: ro.secure:1
<3>init: ro.allow.mock.location:0
[    2.819028] init: ro.allow.mock.location:0
<3>init: ro.debuggable:1
[    2.826262] init: r<.debuggable:1
3>init: persist.service.adb.enable:1
[    2.832853] init: persist.service.adb.enable:1
<3>init: cannot open '/initlogo.rle'
[    2.846679] init: cannot open '/initlogo.rle'
<3>init: ro.factorytest:0
[    2.853357] init: ro<factorytest:0
3>init: ro.serialno:
[    2.858647] init< ro.serialno:
3>init: ro.bootmode:unknown
[    2.864198] init: ro.bo<tmode:unknown
3>init: ro.baseband:unknown
[    2.870356] init: ro.ba<eband:unknown
3>init: ro.carrier:unknown
[    2.876427] init: ro.c<rrier:unknown
3>init: ro.bootloader:unknown
[    2.882672] init: ro.boot<oader:unknown
3>init: ro.hardware:SMDKC110
[    2.889090] init: ro.har<ware:SMDKC110
3>init: ro.revision:48
[    2.894901] init: <o.revision:48
3>init: dpm.allowcamera:0
[    2.900452] init: dpm<allowcamera:0
6>init: command 'loglevel' r=0
<6>init: command 'export' r=0
<6>init: command 'export' r=0
<6>init: command 'export' r=0
<6>init: command 'export' r=0
<6>init: command 'export' r=0
<6>init: command 'export' r=0
<6>init: command 'export' r=0
<6>init: command 'export' r=0
<6>init: command 'export' r=0
<6>init: command 'export' r=0
<6>init: command 'export' r=0
<6>init: command 'insmod' r=0
PA FB = 0x43B04000, bits per pixel = 32
screen width=480 height=800 va=0xd3b04000 pa=0x43b04000
Back frameBuffer[0].VAddr=d3c7b000 PAddr=43c7b000 size=1536000
<6>init: command 'insmod' r=0
<6>init: command 'insmod' r=0
[VIBETONZ:WJYOO] MISC_REGISTER nRet = 0
<6>init: command 'insmod' r=0
<6>init: command 'insmod' r=0
<6>init: command 'mkdir' r=0
<6>init: command 'mount' r=0
<6>init: command 'symlink' r=0
<6>init: command 'symlink' r=0
<6>init: command 'symlink' r=0
<6>init: command 'mkdir' r=0
<6>init: command 'mount' r=0
<6>init: command 'mkdir' r=0
<6>init: command 'mount' r=0
<6>init: command 'mkdir' r=0
<6>init: command 'mount' r=0
<3>init: audioflinger.bootsnd:1
[    3.117688] init: audiofli<ger.bootsnd:1
6>init: command 'setprop' r=0
<6>init: command 'symlink' r=0
<6>init: command 'symlink' r=0
<6>init: command 'mkdir' r=0
<6>init: command 'mkdir' r=0
<6>init: command 'mkdir' r=0
<6>init: command 'mount' r=0
<6>init: command 'mkdir' r=0
<4>fsr: module license 'Samsung Proprietary' taints kernel.
<4>Disabling lock debugging due to kernel taint
[BIF:IN ] ++FSR_BML_Init(nFlag: 0x0)
[PAM:   ] ++FSR_PAM_Init
[PAM:   ]   OneNAND physical base address       : 0xb0000000
[PAM:   ]   OneNAND virtual  base address       : 0xe0980000
[PAM:   ]   OneNAND Controller DMA physical base address       : 0xb0600000
[PAM:   ]   OneNAND Controller DMA virtual  base address       : 0xe09c0000
[PAM:   ]   OneNAND nMID=0xec : nDID=0x50 Page size=4
[PAM:   ] --FSR_PAM_Init
[BIF:   ]   FSR VERSION: FSR_1.2.1p1_b139_RTM
[OND:INF]   FSR_OND_4K_Open(nDev:0, pParam:0xc4c03e00, nFlag:0x00000000) / 1033 line
            pstOND4kCxt->nBaseAddr: 0xe0980000
            nDev=0, nMID=0x00ec, nDID=0x0050, nVID=0x013e
[OND:INF]   pstOND4kCxt->nSysConf1:0xf0c6 / 1116 line
[OND:INF]   pstOND4kCxt->nBlksForSLCArea[0]:2048 / 1133 line
[OND:INF]   pstOND4kCxt->nIntID   :0x0000 / 1236 line
[OND:INF]   1X_CACHEPGM CMD : 0x007f
[OND:INF]   1X_PLOAD    CMD : 0x0003
[BBM:INF]   Scan from 2004 to 2047 to find BML meta blocks (die: 0)
[BBM:INF]   ffff ffff ffff ffff ffff ffff ffff ffff ffff ffff 
[BBM:INF]   ffff ffff ffff ffff ffff ffff ffff ffff ffff ffff 
[BBM:INF]   ffff ffff ffff ffff ffff ffff ffff ffff ffff ffff 
[BBM:INF]   ffff ffff ffff ffff ffff ffff ffff ffff ffff ffff 
[BBM:INF]   a5a5 a5a5 ffff 
[BBM:   ]  << DevNO:0, DieNO: 0 MAPPING INFORMATION >>
[BBM:   ]   Bad Mark Information
[BBM:   ]      - Bad Mark (0x2222) by erase error
[BBM:   ]      - Bad Mark (0x4444) by write error
[BBM:   ]   << Total : 0 BAD-MAPPING INFORMATION >>
[BIF:   ]   nPartition Information (nVol : 0)
            nVer : 0xffffffff
            00 / nID:0x09 / nAttr:0x00001002 / 1stVun:    0 / Units:    1
            01 / nID:0x00 / nAttr:0x00001002 / 1stVun:    1 / Units:    7
            02 / nID:0x01 / nAttr:0x00001001 / 1stVun:    8 / Units:  796
            03 / nID:0x20 / nAttr:0x00001101 / 1stVun:  804 / Units:  716
            04 / nID:0x21 / nAttr:0x00001101 / 1stVun: 1520 / Units:  372
            05 / nID:0x23 / nAttr:0x00001101 / 1stVun: 1892 / Units:   56
            06 / nID:0x24 / nAttr:0x00001001 / 1stVun: 1948 / Units:   56
[BBM:INF]   The registered blocks in ERL are handled
[BBM:INF]   (number of blocks: 0)
BML: Registered BML Driver.
<6>init: command 'insmod' r=0
[BIF:IN ] ++FSR_BML_Init(nFlag: 0x0)
[BIF:   ]   FSR_BML_Init(nFlag:0x0, nRe:FSR_BML_ALREADY_INITIALIZED) / 1027 line
FSR: Registered STL Driver.
<6>init: command 'insmod' r=0
<6>init: command 'insmod' r=0
<6>init: command 'insmod' r=0
<6>init: command 'mkdir' r=0
<6>init: command 'insmod' r=0
[BIF:   ]   FSR VERSION: FSR_1.2.1p1_b139_RTM
[BIF:   ]   FSR_BML_Open(nVol:0, nFlag:0x0, nOpenCnt:2) / 1171 line
[SIF:INF]   stPartEntry.nAttr has no FSR_BML_PI_ATTR_STL
[SIF:INF]   ===> STL Clst[ 2] Scan Root Info
[SIF:ERR] Root page : ZeroBit Error (nVpn = 0)
[SIF:ERR] STL Partition(Cluster) is not formatted. 
[SIF:ERR] --FSR_STL_OpenCluster() L(3844): 0x80000002 - Root may be corrupted
[BIF:   ]   FSR_BML_Close(nVol: 0, nFlag: 0x0, nOpenCnt: 1)
LinuStoreIII_NERR: stl_block_open[666] STL: open error = 80000002

<6>init: command 'mount' r=-1
<6>param_init
<3>lfs_param_op: filp_open failed. (-2)
[    3.710117] lfs_param_op: filp_ope< failed. (-2)
3>param_init(304): Loading parameters failed. Parameters have been initialized as default.
[    3.722693] param_init(304): Loading parameters failed. Parameters have been initialized as default.
<6>init: command 'insmod' r=0
<6>init: command 'symlink' r=0
<6>init: command 'mkdir' r=-17
<6>init: command 'mkdir' r=-17
<6>init: command 'mkdir' r=0
<6>init: command 'chown' r=0
<6>init: command 'chmod' r=0
<6>init: command 'mkdir' r=-17
<6>init: command 'mkdir' r=0
<6>init: command 'mkdir' r=0
<6>init: command 'mkdir' r=0
<6>init: command 'mkdir' r=0
<6>init: command 'mkdir' r=0
<6>init: command 'mount' r=0
<6>init: command 'write' r=0
<6>init: command 'write' r=0
<6>init: command 'write' r=0
<6>init: command 'write' r=0
<6>init: command 'write' r=0
<6>init: command 'write' r=0
<6>init: command 'write' r=0
<6>init: command 'mkdir' r=0
<6>init: command 'mount' r=0
<6>init: command 'chown' r=0
<6>init: command 'chown' r=0
<6>init: command 'chmod' r=0
<6>init: command 'write' r=-22
<6>init: command 'mkdir' r=0
<6>init: command 'chown' r=0
<6>init: command 'chmod' r=0
<6>init: command 'write' r=0
<6>init: command 'mkdir' r=0
<6>init: command 'chown' r=0
<6>init: command 'chmod' r=0
<6>init: command 'write' r=0
[FSA9480]connectivity_switching_init = switch_sel : 0x1
<6>inside set_param_value1 idx = 4, value = -1055894028
<3>lfs_param_op: filp_open failed. (-2)
[    3.841021] lfs_param_op: filp_ope[ failed. (-2)
FSA9480_Enable_AP_USB] Enable AP USB
[ap_usb_power_on]AP USB Power ON, askon: 0, mtp : 0
!!!!!!!!!!! [ap_usb_power_on]AP samsung_kies_mtp_mode_flag0, mtp:0
<6>inside set_param_value1 idx = 4, value = -1055894028
<3>lfs_param_op: filp_open failed. (-2)
[    3.878740] lfs_param_op: filp_op[UART Switch] Path : PDA
<6>inside set_param_value1 idx = 4, value = -1055894028
<3>lfs_param_op: filp_open failed. (-2)
[    4.886301] lfs_param_op: filp_ope< failed. (-2)
6>init: command 'write' r=0
[FSA9480]usb_sel_store
 [FSA9480] usb_switch_mode: Path = PDA
[FSA9480_Enable_AP_USB] Enable AP USB
[ap_usb_power_on]AP USB Power ON, askon: 0, mtp : 0
!!!!!!!!!!! [ap_usb_power_on]AP samsung_kies_mtp_mode_flag0, mtp:0
<6>inside set_param_value1 idx = 4, value = -1055894028
<3>lfs_param_op: filp_open failed. (-2)
[    4.932173] lfs_param_op: filp_ope< failed. (-2)
6>init: command 'write' r=0
<6>init: command 'ifup' r=0
<6>init: command 'hostname' r=0
<6>init: command 'domainname' r=0
<6>init: command 'setrlimit' r=0
<3>init: ro.FOREGROUND_APP_ADJ:0
[    4.953986] init: ro.FOREGR<UND_APP_ADJ:0
6>init: command 'setprop' r=0
<3>init: ro.VISIBLE_APP_ADJ:1
[    4.963353] init: ro.VIS<BLE_APP_ADJ:1
6>init: command 'setprop' r=0
<3>init: ro.SECONDARY_SERVER_ADJ:2
[    4.972894] init: ro.SECONDAR<_SERVER_ADJ:2
6>init: command 'setprop' r=0
<3>init: ro.BACKUP_APP_ADJ:2
[    4.982347] init: ro.BA<KUP_APP_ADJ:2
6>init: command 'setprop' r=0
<3>init: ro.HOME_APP_ADJ:4
[    4.991107] init: ro.<OME_APP_ADJ:4
6>init: command 'setprop' r=0
<3>init: ro.HIDDEN_APP_MIN_ADJ:7
[    5.000214] init: ro.HIDDEN<APP_MIN_ADJ:7
6>init: command 'setprop' r=0
<3>init: ro.CONTENT_PROVIDER_ADJ:14
[    5.010102] init: ro.CONTENT_P<OVIDER_ADJ:14
6>init: command 'setprop' r=0
<3>init: ro.EMPTY_APP_ADJ:15
[    5.019642] init: ro.EM<TY_APP_ADJ:15
6>init: command 'setprop' r=0
<3>init: ro.FOREGROUND_APP_MEM:2560
[    5.029183] init: ro.FOREGROUN<_APP_MEM:2560
6>init: command 'setprop' r=0
<3>init: ro.VISIBLE_APP_MEM:4096
[    5.039070] init: ro.VISIBL<_APP_MEM:4096
6>init: command 'setprop' r=0
<3>init: ro.SECONDARY_SERVER_MEM:5120
[    5.049131] init: ro.SECONDARY_S<RVER_MEM:5120
6>init: command 'setprop' r=0
<3>init: ro.BACKUP_APP_MEM:5120
[    5.059105] init: ro.BACKU<_APP_MEM:5120
6>init: command 'setprop' r=0
<3>init: ro.HOME_APP_MEM:5120
[    5.068385] init: ro.HOM<_APP_MEM:5120
6>init: command 'setprop' r=0
<3>init: ro.HIDDEN_APP_MEM:6144
[    5.077666] init: ro.HIDDE<_APP_MEM:6144
6>init: command 'setprop' r=0
<3>init: ro.CONTENT_PROVIDER_MEM:7168
[    5.087640] init: ro.CONTENT_PRO<IDER_MEM:7168
6>init: command 'setprop' r=0
<3>init: ro.EMPTY_APP_MEM:8192
[    5.097527] init: ro.EMPT<_APP_MEM:8192
6>init: command 'setprop' r=0
<3>init: wifi.interface:eth0
[    5.106634] init: wifi.<nterface:eth0
6>init: command 'setprop' r=0
<3>init: ro.bt.bdaddr_path:/data/misc/bluetooth/bt_addr
[    5.117909] init: ro.bt.bdaddr_path:/data/misc/blu<tooth/bt_addr
6>init: command 'setprop' r=0
<6>init: command 'write' r=0
<6>init: command 'write' r=0
<6>init: command 'write' r=0
<6>init: command 'write' r=0
<6>init: command 'write' r=0
<6>init: command 'write' r=0
<6>init: command 'write' r=0
<6>init: command 'write' r=0
<6>init: command 'chown' r=-2
<6>init: command 'chown' r=-2
<6>init: command 'chown' r=-2
<6>init: command 'chown' r=-2
<6>init: command 'chown' r=-2
<6>init: command 'chown' r=0
<6>init: command 'chown' r=0
<6>init: command 'chown' r=0
<6>init: command 'chown' r=0
<6>init: command 'chmod' r=0
<6>init: command 'chmod' r=0
<6>init: command 'chmod' r=0
<6>init: command 'chmod' r=0
<6>init: command 'chown' r=0
<6>init: command 'chown' r=-2
<6>init: command 'chown' r=0
<6>init: command 'chown' r=-2
<6>init: command 'chown' r=-2
<6>init: command 'chown' r=-2
<6>init: command 'chown' r=-2
<6>init: command 'chown' r=-2
<6>init: command 'chown' r=-2
<6>init: command 'chown' r=-2
<6>init: command 'chown' r=-2
<6>init: command 'chown' r=-2
<6>init: command 'chown' r=-2
<6>init: command 'chown' r=-2
<6>init: command 'chown' r=-2
<6>init: command 'chown' r=-2
<6>init: command 'chown' r=-2
<6>init: command 'chown' r=0
<6>init: command 'chown' r=0
<6>init: command 'chown' r=0
<6>init: command 'chown' r=0
<6>init: command 'chown' r=0
<6>init: command 'chown' r=0
<6>init: command 'chown' r=0
<6>init: command 'chown' r=0
<6>init: command 'chown' r=0
<3>init: net.tcp.buffersize.default:4096,87380,196608,4096,16384,110208
[    5.256948] init: net.tcp.buffersize.default:4096,87380,196608,409<,16384,110208
3>init: net.change:net.tcp.buffersize.default
[    5.268397] init: net.change:net.tcp.buff<rsize.default
6>init: command 'setprop' r=0
<3>init: net.tcp.buffersize.wifi:4095,87380,196608,4096,16384,110208
[    5.282361] init: net.tcp.buffersize.wifi:4095,87380,196608,4096,16384,110208
<3>init: net.change:net.tcp.buffersize.wifi
[    5.293376] init: net.change:net.tcp.buffersize.wifi
<6>init: command 'setprop' r=0
<3>init: net.tcp.buffersize.umts:4094,87380,196608,4096,16384,110208
[    5.307166] init: net.tcp.buffersize.umts:4094,87380,196608,4096,16384,110208
<3>init: net.change:net.tcp.buffersize.umts
[    5.318181] init: net.change:net.tcp.b<ffersize.umts
6>init: command 'setprop' r=0
<3>init: net.tcp.buffersize.edge:4093,26280,35040,4096,16384,35040
[    5.331711] init: net.tcp.buffersize.edge:4093,26280,35040,40<6,16384,35040
3>init: net.change:net.tcp.buffersize.edge
[    5.342466] init: net.change:net.tcp.b<ffersize.edge
6>init: command 'setprop' r=0
<3>init: net.tcp.buffersize.gprs:4092,8760,11680,4096,8760,11680
[    5.355822] init: net.tcp.buffersize.gprs:4092,8760,11680,4<96,8760,11680
3>init: net.change:net.tcp.buffersize.gprs
[    5.366404] init: net.change:net.tcp.b<ffersize.gprs
6>init: command 'setprop' r=0
<6>init: command 'chmod' r=0
<6>init: command 'chmod' r=0
<6>init: command 'chmod' r=0
<6>init: command 'chmod' r=0
<6>init: command 'chmod' r=0
<6>init: command 'chmod' r=0
<6>init: command 'chmod' r=0
<6>init: command 'chmod' r=-2
<6>init: command 'write' r=0
<6>init: command 'write' r=0
<6>init: command 'write' r=-2
<6>init: command 'write' r=-2
<6>init: command 'chown' r=-2
<6>init: command 'chown' r=-2
<6>init: command 'chown' r=0
<6>init: command 'chmod' r=-2
<6>init: command 'chmod' r=-2
<6>init: command 'chown' r=0
<6>init: command 'chmod' r=0
<6>init: command 'chown' r=0
<6>init: command 'chmod' r=0
<6>init: command 'chmod' r=0
<6>init: command 'chmod' r=0
<6>init: command 'chown' r=0
<6>init: command 'chown' r=0
<6>init: command 'chmod' r=-2
<6>init: command 'chown' r=0
<6>init: command 'chown' r=0
<5>init: starting 'console'
<3>init: init.svc.console:running
[    5.455564] init: init.svc.console:running
sh: can't access <5>init: starting 'playlogos1'
tty; job contro<3>init: init.svc.playlogos1:running
[    5.470049] init: init.svc.playlogos1:running
<5>init: starting 'pvrsrvinit'
l turned off
$<3>init: init.svc.pvrsrvinit:running
[    5.481757] init: init.svc.pvrsrvinit:running
 <5>init: starting 'servicemanager'
<3>init: init.svc.servicemanager:running
[    5.494298] init: init.svc.servicemanager:running
<5>init: starting 'vold'
<3>init: init.svc.vold:running
[    5.507516] init: init.svc.vold:running
<6>init: Created socket '/dev/socket/vold' with mode '660', user '0', group '1009'
<5>init: starting 'notified_event'
<3>init: init.svc.notified_event:running
[    5.530457] init: init.svc.notified_event:running
<6>init: Created socket '/dev/socket/notified_event' with mode '660', user '0', group '1000'
<5>init: starting 'netd'
<3>init: init.svc.netd:running
[    5.549260] init: init.svc.netd:running
<6>init: Created socket '/dev/socket/netd' with mode '660', user '0', group '1000'
<5>init: starting 'debuggerd'
<3>init: init.svc.debuggerd:running
[    5.567318] init: init.svc.debuggerd:running
<5>init: starting 'DR-daemon'
<3>init: init.svc.DR-daemon:running
[    5.579010] init: init.svc.DR-daemon:running
<5>init: starting 'mobex-daemon'
<3>init: init.svc.mobex-daemon:running
[    5.590319] init: init.svc.mobex-daemon:running
<5>init: starting 'zygote'
<3>init: init.svc.zygote:running
[    5.601082] init: init.svc.zygote:running
<6>init: Created socket '/dev/socket/zygote' with mode '666', user '0', group '0'
<5>init: starting 'media'
<3>init: init.svc.media:running
[    5.618776] init: init.svc.media:running
<3>init: cannot find '/system/bin/vtserver', disabling 'vt'
[    5.630537] init: cannot find '/system/bin/vtserver', disabling 'vt'
<5>init: starting 'dbus'
<3>init: init.svc.dbus:running
[    5.645402] init: init.svc.dbus:running
<6>init: Created socket '/dev/socket/dbus' with mode '660', user '1002', group '1002'
<5>init: starting 'installd'
<3>init: init.svc.installd:running
[    5.663312] init: init.svc.installd:running
<6>init: Created socket '/dev/socket/installd' with mode '600', user '1000', group '1000'
<3>init: cannot find '/system/etc/install-recovery.sh', disabling 'flash_recovery'
[    5.683660] init: cannot find '/system/etc/install-recovery.sh', disabling 'flash_recovery'
<5>init: starting 'sensor-daemon'
<3>init: init.svc.sensor-daemon:running
[    5.700208] init: init.svc.sensor-daemon:running
<5>init: starting 'keystore'
<3>init: init.svc.keystore:running
[    5.713009] init: init.svc.keystore:running
<6>init: Created socket '/dev/socket/keystore' with mode '666', user '0', group '0'
<5>init: starting 'immvibed'
<3>init: init.svc.immvibed:running
[    5.742507] init: init.svc.immvibed:running
<3>init: cannot find '/system/bin/immvbsd', disabling 'immvbsd'
[    5.754598] init: cannot find '/system/bin/immvbsd', disabling 'immvbsd'
<5>init: starting 'tvout'
<3>init: init.svc.tvout:running
[    5.775067] init: init.svc.tvout:running
<5>init: starting 'dfta'
<3>init: init.svc.dfta:running
[    5.801199] init: init.svc.dfta:running
<6>init: command 'class_start' r=0
<6>PVR_K:(Warning): SysFinalise: Version string: SGX540 S5PC110 [475, services4/system/s5pc110/sysconfig.c]
<6>init: processing action 0x34440 (property:persist.service.adb.enable=1)
<5>init: starting 'adbd'
<3>init: init.svc.adbd:running
[    5.837556] init: init.svc.adbd:running
<6>init: command 'start' r=0
<6>warning: `adbd' uses 32-bit capabilities (legacy support in use)
<6>init: waitpid returned pid 2280, status = 00000000
<6>enabling adb
[USB] enable_adb - enable(0x10), prev_status(0x01)
Here is enable_adb@@@@
[enable_adb]USBSTATUS_ADB
<6>acm_function_config_changed
<6>mass_storage_function_config_changed
<6>adb_function_config_changed
  interface 0 = acm/c4fa2780
  interface 1 = acm/c4fa2780
  interface 2 = usb_mass_storage/c4aeb800
  interface 3 = adb/c4895c00
[ap_usb_power_on]AP USB Power ON, askon: 0, mtp : 0
!!!!!!!!!!! [ap_usb_power_on]AP samsung_kies_mtp_mode_flag0, mtp:0
<5>init: process 'pvrsrvinit', pid 2280 exited
<3>init: init.svc.pvrsrvinit:stopped
[    5.936360] init: init.svc.pvrsrvinit:stopped
<6>init: waitpid returned pid 2297, status = 00000200
<5>init: process 'dfta', pid 2297 exited
<3>init: init.svc.dfta:stopped
[    5.953386] init: init.svc.dfta:stopped
<6>init: make_device '/dev/pvrsrvkm' block 0, major 240, minor 0 r=0
<6>init: make_device '/dev/s3c_bc' block 0, major 253, minor 0 r=0
<6>init: make_device '/dev/tspdrv' block 0, major 10, minor 43 r=0
<6>init: make_device '/dev/fmradio' block 0, major 10, minor 42 r=0
<6>init: make_device '/dev/block/bml0!c' block 1, major 137, minor 0 r=0
<6>init: make_device '/dev/block/bml1' block 1, major 137, minor 1 r=0
<6>init: make_device '/dev/block/bml2' block 1, major 137, minor 2 r=0
<6>init: make_device '/dev/block/bml3' block 1, major 137, minor 3 r=0
<6>init: make_device '/dev/block/bml4' block 1, major 137, minor 4 r=0
<6>init: make_device '/dev/block/bml5' block 1, major 137, minor 5 r=0
<6>init: make_device '/dev/block/bml6' block 1, major 137, minor 6 r=0
<6>init: make_device '/dev/block/bml7' block 1, major 137, minor 7 r=0
<6>init: make_device '/dev/block/stl1' block 1, major 138, minor 1 r=0
<6>init: make_device '/dev/block/stl2' block 1, major 138, minor 2 r=0
<6>init: make_device '/dev/block/stl3' block 1, major 138, minor 3 r=0
<6>init: make_device '/dev/block/stl4' block 1, major 138, minor 4 r=0
<6>init: make_device '/dev/block/stl5' block 1, major 138, minor 5 r=0
<6>init: make_device '/dev/block/stl6' block 1, major 138, minor 6 r=0
<6>init: make_device '/dev/block/stl7' block 1, major 138, minor 7 r=0
<6>init: make_device '/dev/storage' block 0, major 10, minor 234 r=0
<6>init: make_device '/dev/bthid' block 0, major 10, minor 224 r=0
<6>init: make_device '/dev/block/ram0' block 1, major 1, minor 0 r=0
<6>init: make_device '/dev/block/ram1' block 1, major 1, minor 1 r=0
<6>init: make_device '/dev/block/ram2' block 1, major 1, minor 2 r=0
<6>init: make_device '/dev/block/ram3' block 1, major 1, minor 3 r=0
<6>init: make_device '/dev/block/ram4' block 1, major 1, minor 4 r=0
<6>init: make_device '/dev/block/ram5' block 1, major 1, minor 5 r=0
<6>init: make_device '/dev/block/ram6' block 1, major 1, minor 6 r=0
<6>init: make_device '/dev/block/ram7' block 1, major 1, minor 7 r=0
<6>init: make_device '/dev/block/ram8' block 1, major 1, minor 8 r=0
<6>init: make_device '/dev/block/ram9' block 1, major 1, minor 9 r=0
<6>init: make_device '/dev/block/ram10' block 1, major 1, minor 10 r=0
<6>init: make_device '/dev/block/ram11' block 1, major 1, minor 11 r=0
<6>init: make_device '/dev/block/ram12' block 1, major 1, minor 12 r=0
<6>init: make_device '/dev/block/ram13' block 1, major 1, minor 13 r=0
<6>init: make_device '/dev/block/ram14' block 1, major 1, minor 14 r=0
<6>init: make_device '/dev/block/ram15' block 1, major 1, minor 15 r=0
<6>init: make_device '/dev/block/loop0' block 1, major 7, minor 0 r=0
<6>init: make_device '/dev/block/loop1' block 1, major 7, minor 1 r=0
<6>init: make_device '/dev/block/loop2' block 1, major 7, minor 2 r=0
<6>init: make_device '/dev/block/loop3' block 1, major 7, minor 3 r=0
<6>init: make_device '/dev/block/loop4' block 1, major 7, minor 4 r=0
<6>init: make_device '/dev/block/loop5' block 1, major 7, minor 5 r=0
<6>init: make_device '/dev/block/loop6' block 1, major 7, minor 6 r=0
<6>init: make_device '/dev/block/loop7' block 1, major 7, minor 7 r=0
<6>init: make_device '/dev/block/tfsr0!c' block 1, major 139, minor 0 r=0
<6>init: make_device '/dev/block/tfsr1' block 1, major 139, minor 1 r=0
<6>init: make_device '/dev/block/tfsr2' block 1, major 139, minor 2 r=0
<6>init: make_device '/dev/block/tfsr3' block 1, major 139, minor 3 r=0
<6>init: make_device '/dev/block/tfsr4' block 1, major 139, minor 4 r=0
<6>init: make_device '/dev/block/tfsr5' block 1, major 139, minor 5 r=0
<6>init: make_device '/dev/block/tfsr6' block 1, major 139, minor 6 r=0
<6>init: make_device '/dev/block/tfsr7' block 1, major 139, minor 7 r=0
<6>init: make_device '/dev/block/mmcblk0' block 1, major 179, minor 0 r=0
<6>init: make_device '/dev/block/mmcblk0p1' block 1, major 179, minor 1 r=0
<6>init: make_device '/dev/block/mmcblk0p2' block 1, major 179, minor 2 r=0
<6>init: make_device '/dev/block/mmcblk0p3' block 1, major 179, minor 3 r=0
<6>init: make_device '/dev/block/mmcblk1' block 1, major 179, minor 8 r=0
<6>init: make_device '/dev/block/bml0!c' block 1, major 137, minor 0 r=0
<6>init: make_device '/dev/block/bml1' block 1, major 137, minor 1 r=0
<6>init: make_device '/dev/block/bml2' block 1, major 137, minor 2 r=0
<6>init: make_device '/dev/block/bml3' block 1, major 137, minor 3 r=0
<6>init: make_device '/dev/block/bml4' block 1, major 137, minor 4 r=0
<6>init: make_device '/dev/block/bml5' block 1, major 137, minor 5 r=0
<6>init: make_device '/dev/block/bml6' block 1, major 137, minor 6 r=0
<6>init: make_device '/dev/block/bml7' block 1, major 137, minor 7 r=0
<6>init: make_device '/dev/block/stl1' block 1, major 138, minor 1 r=0
<6>init: make_device '/dev/block/stl2' block 1, major 138, minor 2 r=0
<6>init: make_device '/dev/block/stl3' block 1, major 138, minor 3 r=0
<6>init: make_device '/dev/block/stl4' block 1, major 138, minor 4 r=0
<6>init: make_device '/dev/block/stl5' block 1, major 138, minor 5 r=0
<6>init: make_device '/dev/block/stl6' block 1, major 138, minor 6 r=0
<6>init: make_device '/dev/block/stl7' block 1, major 138, minor 7 r=0
<6>init: waitpid returned pid 2286, status = 00000100
<5>init: process 'DR-daemon', pid 2286 exited
<5>init: process 'DR-daemon' killing any children in process group
<3>init: init.svc.DR-daemon:restarting
[    6.546039] init: init.svc.DR-daemon:restarting
<6>init: waitpid returned pid 2295, status = 00000000
<5>init: process 'immvibed', pid 2295 exited
<3>init: init.svc.immvibed:stopped
[    6.566482] init: init.svc.immvibed:stopped
<6>init: waitpid returned pid 2348, status = 00000100
<3>init: untracked pid 2348 exited
[    6.578893] init: untracked pid 2348 exited
<6>fg_read_vcell: VCELL=3878
DmaAddr=@4f820000 Total=32768bytes PrdSz=2048 #Prds=4, dmaEnd 0x4f828000
DmaAddr=@4f820000 Total=32768bytes PrdSz=2048 #Prds=4, dmaEnd 0x4f828000
<5>init: starting 'DR-daemon'
<3>init: init.svc.DR-daemon:running
[   10.595422] init: init.svc.DR-daemon:running
<6>init: waitpid returned pid 2369, status = 00000100
<5>init: process 'DR-daemon', pid 2369 exited
<5>init: process 'DR-daemon' killing any children in process group
<3>init: init.svc.DR-daemon:restarting
[   10.655276] init: init.svc.DR-daemon:restarting
!@beginofsystem_init1()
<6>init: make_device '/dev/vcs7' block 0, major 7, minor 7 r=0
<6>init: make_device '/dev/vcsa7' block 0, major 7, minor 135 r=0
!@endofsystem_init1()
<3>init: no such service 'bootanim'
[   11.829309] init: no such service 'bootanim'
!@beginofPackageManager
<6>fg_read_vcell: VCELL=3878
<3>init: audioflinger.bootsnd:0
[   13.664566] init: audioflinger.bootsnd:0
