<6>[    0.000000] Initializing cgroup subsys cpu
<5>[    0.000000] Linux version 2.6.32.9 (nbates66@archlaptop) (gcc version 4.5.1 (Sourcery G++ Lite 2010.09-50) ) #1 Tue May 17 18:07:40 EST 2011
<4>[    0.000000] CPU: ARMv7 Processor [412fc082] revision 2 (ARMv7), cr=10c53c7f
<4>[    0.000000] CPU: VIPT nonaliasing data cache, VIPT nonaliasing instruction cache
<4>[    0.000000] Machine: SMDKC110
<4>[    0.000000] Ignoring unrecognised tag 0x54410009
<4>[    0.000000] Memory policy: ECC disabled, Data cache writeback
<7>[    0.000000] On node 0 totalpages: 20480
<7>[    0.000000] free_area_init_node: node 0, pgdat c146b860, node_mem_map c1642000
<7>[    0.000000]   Normal zone: 160 pages used for memmap
<7>[    0.000000]   Normal zone: 0 pages reserved
<7>[    0.000000]   Normal zone: 20320 pages, LIFO batch:3
<7>[    0.000000] On node 1 totalpages: 65536
<7>[    0.000000] free_area_init_node: node 1, pgdat c146bf18, node_mem_map d0002000
<7>[    0.000000]   Normal zone: 512 pages used for memmap
<7>[    0.000000]   Normal zone: 0 pages reserved
<7>[    0.000000]   Normal zone: 65024 pages, LIFO batch:15
<7>[    0.000000] On node 2 totalpages: 0
<7>[    0.000000] free_area_init_node: node 2, pgdat c146c5d0, node_mem_map c16eac20
<4>[    0.000000]   Normal zone: 1 pages exceeds realsize 0
<7>[    0.000000] On node 3 totalpages: 0
<7>[    0.000000] free_area_init_node: node 3, pgdat c146cc88, node_mem_map c16f2ce0
<4>[    0.000000]   Normal zone: 1 pages exceeds realsize 0
<4>[    0.000000] CPU S5PV210/S5PC110 (id 0x43110222)
<7>[    0.000000] s5pv210_init_clocks: initializing clocks
<6>[    0.000000] S3C24XX Clocks, Copyright 2004 Simtec Electronics
<3>[    0.000000] copy: bad source 0
<3>[    0.000000] mout_audss: bad source 0
<7>[    0.000000] s5pv210_setup_clocks: registering clocks
<7>[    0.000000] s5pv210_setup_clocks: clkdiv0 = 14131330, clkdiv1 = 00300400
<7>[    0.000000] s5pv210_setup_clocks: xtal is 24000000
<6>[    0.000000] S5PV210: PLL settings, A=800000000, M=667000000, E=80000000
<6>[    0.000000] s5pv210: 33554432 bytes system memory reserved for mfc at 0x316fd000
<6>[    0.000000] s5pv210: 33554432 bytes system memory reserved for mfc at 0x40204000
<6>[    0.000000] s5pv210: 12582912 bytes system memory reserved for fimc0 at 0x42204000
<6>[    0.000000] s5pv210: 1048576 bytes system memory reserved for fimc1 at 0x42e04000
<6>[    0.000000] s5pv210: 12582912 bytes system memory reserved for fimc2 at 0x42f04000
<6>[    0.000000] s5pv210: 2097152 bytes system memory reserved for pmem at 0x336fd000
<6>[    0.000000] s5pv210: 4194304 bytes system memory reserved for pmem_gpu1 at 0x338fd000
<6>[    0.000000] s5pv210: 1536000 bytes system memory reserved for pmem_adsp at 0x33cfd000
<6>[    0.000000] s5pv210: 10485760 bytes system memory reserved for texstream at 0x33e74000
<6>[    0.000000] s5pv210: 3145728 bytes system memory reserved for fimd at 0x43b04000
<6>[    0.000000] s5pv210: 262144 bytes system memory reserved for wifi at 0x34874000
<4>[    0.000000] Built 2 zonelists in Zone order, mobility grouping on.  Total pages: 85344
<5>[    0.000000] Kernel command line: bootmode=2 console=ttySAC2, 115200 loglevel=4
<6>[    0.000000] PID hash table entries: 2048 (order: 1, 8192 bytes)
<6>[    0.000000] Dentry cache hash table entries: 65536 (order: 6, 262144 bytes)
<6>[    0.000000] Inode-cache hash table entries: 32768 (order: 5, 131072 bytes)
<6>[    0.000000] Memory: 80MB 256MB = 336MB total
<5>[    0.000000] Memory: 205432KB available (9152K code, 1897K data, 11348K init, 0K highmem)
<6>[    0.000000] SLUB: Genslabs=9, HWalign=64, Order=0-3, MinObjects=0, CPUs=1, Nodes=4
<6>[    0.000000] Hierarchical RCU implementation.
<6>[    0.000000] NR_IRQS:339
<6>[    0.000000] VIC @fd000000: id 0x00041192, vendor 0x41
<6>[    0.000000] VIC @fd010000: id 0x00041192, vendor 0x41
<6>[    0.000000] VIC @fd020000: id 0x00041192, vendor 0x41
<6>[    0.000000] VIC @fd030000: id 0x00041192, vendor 0x41
<6>[    0.000000] mult[140737]
<6>[    0.000000] max_delta_ns[2147483647]
<6>[    0.000000] min_delta_ns[30517]
<6>[    0.000000] rate[32768]
<6>[    0.000000] HZ[256]
<4>[    0.000000] Console: colour dummy device 80x30
<6>[    0.000000] console [ttySAC2] enabled
<6>[    0.037663] Calibrating delay loop... 796.20 BogoMIPS (lpj=1556480)
<4>[    0.134512] Mount-cache hash table entries: 512
<6>[    0.144145] Initializing cgroup subsys debug
<6>[    0.154298] Initializing cgroup subsys cpuacct
<6>[    0.164451] Initializing cgroup subsys freezer
<6>[    0.174865] CPU: Testing write buffer coherency: ok
<0>[    0.193873] KERNEL:kernel_sec_get_debug_level_from_boot=0x574f4c44
<0>[    0.224070] KERNEL:magic_number=0x0 DEBUG LEVEL low!!
<0>[    0.253229] (kernel_sec_set_upload_cause) : upload_cause set 0
<6>[    0.279577] regulator: core version 0.5
<6>[    0.289729] NET: Registered protocol family 16
<4>[    0.313995] S5PC110 Hardware version : EVT1 
<4>[    0.318030] HWREV is 0xf
<4>[    0.332868] S3C Power Management, Copyright 2004 Simtec Electronics
<6>[    0.352784] S5PV210 Power Domain API Enable
<6>[    0.363563] S5PV210: Initializing architecture
<6>[    0.382047] S3C PL330-DMA Controller Driver, (c) 2008-2009 Samsung Electronics
<6>[    0.394283] Total 24 DMA channels will be initialized.
<4>[    0.407224] DMA: got clock for controller 0 and disabled 
<4>[    0.419799] DMA: got clock for controller 1 and disabled 
<4>[    0.432269] DMA: got clock for controller 2 and disabled 
<6>[    0.455360] s3c24xx-pwm s3c24xx-pwm.0: tin at 66700000, tdiv at 66700000, tin=divclk, base 0
<6>[    0.477489] s3c24xx-pwm s3c24xx-pwm.1: tin at 66700000, tdiv at 66700000, tin=divclk, base 8
<6>[    0.499358] s3c24xx-pwm s3c24xx-pwm.2: tin at 4168750, tdiv at 4168750, tin=divclk, base 12
<6>[    0.521227] s3c24xx-pwm s3c24xx-pwm.3: tin at 4168750, tdiv at 4168750, tin=divclk, base 16
<4>[    0.548225] bio: create slab <bio-0> at 0
<6>[    0.553796] vgaarb: loaded
<5>[    0.562309] SCSI subsystem initialized
<6>[    0.577124] s3c-i2c s3c2410-i2c.0: i2c-0: S3C I2C adapter
<6>[    0.591027] s3c-i2c s3c2410-i2c.1: i2c-1: S3C I2C adapter
<6>[    0.605111] s3c-i2c s3c2410-i2c.2: i2c-2: S3C I2C adapter
<6>[    0.614013] Bluetooth: Core ver 2.15
<6>[    0.624167] NET: Registered protocol family 31
<6>[    0.640048] Bluetooth: HCI device and connection manager initialized
<6>[    0.651503] Bluetooth: HCI socket layer initialized
<6>[    0.664781] Switching to clocksource clock_source_systimer
<6>[    0.683891] NET: Registered protocol family 2
<6>[    0.701594] IP route cache hash table entries: 4096 (order: 2, 16384 bytes)
<6>[    0.720911] TCP established hash table entries: 16384 (order: 5, 131072 bytes)
<6>[    0.737573] TCP bind hash table entries: 16384 (order: 6, 327680 bytes)
<6>[    0.754001] TCP: Hash tables configured (established 16384 bind 16384)
<6>[    0.760249] TCP reno registered
<6>[    0.770142] NET: Registered protocol family 1
<7>[    0.829971] [BT] rfkill_register(bt_rfk) 
<7>[    0.837519] [BT] Device Powering ON 
<7>[    0.844288] [BT] GPIO_BT_nRST = 0
<7>[    0.854702] [BT] bt_host_wake_irq_handler start
<4>[    0.861471] [BT] GPIO_WLAN_BT_EN = 1
<4>[    0.971206] [BT] GPIO_BT_nRST = 1
<7>[    0.979017] [BT] Device Powering OFF 
<7>[    0.989430] [BT] bt_host_wake_irq_handler start
<4>[    0.995418] [BT] GPIO_BT_nRST = 0
<4>[    1.002187] [BT] GPIO_WLAN_BT_EN = 0
<7>[    1.012601] [BT] bt_host_wake_irq_handler start
<4>[    1.023536] [BT] In the unblocked state of the sleep
<7>[    1.030305] [BT] GPIO_BT_WAKE = 0
<4>[    1.038635] [BT] wake_unlock(bt_wake_lock)
<4>[    1.049570] [BT] In the unblocked state of the sleep
<7>[    1.056339] [BT] GPIO_BT_WAKE = 0
<4>[    1.064670] [BT] wake_unlock(bt_wake_lock)
<4>[    1.076386] S5PC11X_FREQ_TAB=0 , S5PC11X_MAXFREQLEVEL=4
<6>[    1.090184] S5PV210 ADC driver, (c) 2010 Samsung Electronics
<4>[    1.101224] [ JACK_DRIVER (sec_jack_init,800) ] 
<6>[    1.111116] SEC JACK: Registering jack driver
<6>[    1.124914] input: sec_jack as /devices/virtual/input/input0
<4>[    1.143216] [ JACK_DRIVER (sec_jack_probe,676) ] sended isr send=0Xbe, ret =0
<4>[    1.159618] [ JACK_DRIVER (sec_jack_probe,695) ] det isr det=0X26, ret =0
<4>[    1.176540] NetWinder Floating Point Emulator V0.97 (extended precision)
<6>[    1.183804] ashmem: initialized
<6>[    1.211220] ROMFS MTD (C) 2007 Red Hat, Inc.
<6>[    1.219289] msgmni has been set to 401
<6>[    1.233634] alg: No test for cipher_null (cipher_null-generic)
<6>[    1.248213] alg: No test for ecb(cipher_null) (ecb-cipher_null)
<6>[    1.262532] alg: No test for digest_null (digest_null-generic)
<6>[    1.277892] alg: No test for compress_null (compress_null-generic)
<6>[    1.288410] alg: No test for stdrng (krng)
<6>[    1.350398] alg: No test for ghash (ghash-generic)
<6>[    1.358990] io scheduler noop registered
<6>[    1.369664] io scheduler anticipatory registered
<6>[    1.379296] io scheduler deadline registered
<6>[    1.390439] io scheduler cfq registered (default)
<4>[    1.398121] MDNIE  INIT ..........
<6>[    1.411397] S3C MDNIE Driver, (c) 2010 Samsung Electronics
<4>[    1.421761] MDNIE  INIT SUCCESS Addr : 0xe083c000
<4>[    1.428007] IELCD  INIT ..........
<6>[    1.441285] S3C IELCD Driver, (c) 2010 Samsung Electronics
<4>[    1.451596] IELCD  INIT SUCCESS Addr : 0xe0840000
<6>[    1.471253] s3cfb s3cfb: [fb0] dma: 0x43b04000, cpu: 0xe0c00000, size: 0x002ee000
<6>[    1.485649] FIMD src sclk = 166750000
<6>[    1.503872] s3cfb s3cfb: parent clock: 166750000, vclk: 25628040, vclk div: 7
<6>[    1.514545] s3cfb s3cfb: registered successfully
<6>[    1.724982] s5pv210-uart.0: s3c2410_serial0 at MMIO 0xe2900000 (irq = 16) is a S3C6400/10
<6>[    1.746354] s5pv210-uart.1: s3c2410_serial1 at MMIO 0xe2900400 (irq = 20) is a S3C6400/10
<6>[    1.767911] s5pv210-uart.2: s3c2410_serial2 at MMIO 0xe2900800 (irq = 24) is a S3C6400/10
<6>[    1.789259] s5pv210-uart.3: s3c2410_serial3 at MMIO 0xe2900c00 (irq = 28) is a S3C6400/10
<6>[    1.805766] brd: module loaded
<6>[    1.816908] loop: module loaded
<6>[    1.821334] pmem: 1 init
<6>[    1.828209] pmem_gpu1: 1 init
<6>[    1.835342] pmem_adsp: 1 init
<4>[    1.847655] [BIF:IN ] ++FSR_BML_Init(nFlag: 0x0)
<4>[    1.854683] [PAM:   ] ++FSR_PAM_Init
<4>[    1.871322] [PAM:   ]   OneNAND physical base address       : 0xb0000000
<4>[    1.887721] [PAM:   ]   OneNAND virtual  base address       : 0xe0880000
<4>[    1.902300] [PAM:   ]   OneNAND nMID=0xec : nDID=0x50 Page size=4
<4>[    1.909330] [PAM:   ] --FSR_PAM_Init
<4>[    1.921826] [BIF:   ]   FSR VERSION: FSR_1.2.1p1_b139_RTM
<4>[    1.944476] [OND:INF]   FSR_OND_4K_Open(nDev:0, pParam:0xc4c1de50, nFlag:0x00000000) / 1033 line
<4>[    1.957233]             pstOND4kCxt->nBaseAddr: 0xe0880000
<4>[    1.972854]             nDev=0, nMID=0x00ec, nDID=0x0050, nVID=0x013e
<4>[    1.987433] [OND:INF]   pstOND4kCxt->nSysConf1:0xf0c6 / 1116 line
<4>[    2.003835] [OND:INF]   pstOND4kCxt->nBlksForSLCArea[0]:2048 / 1133 line
<4>[    2.018414] [OND:INF]   pstOND4kCxt->nIntID   :0x0000 / 1236 line
<4>[    2.028568] [OND:INF]   1X_CACHEPGM CMD : 0x007f
<4>[    2.038721] [OND:INF]   1X_PLOAD    CMD : 0x0003
<4>[    2.056945] [BBM:INF]   Scan from 2004 to 2047 to find BML meta blocks (die: 0)
<4>[    2.060069] [BBM:INF]   ffff ffff ffff ffff ffff ffff ffff ffff ffff ffff 
<4>[    2.076992] [BBM:INF]   ffff ffff ffff ffff ffff ffff ffff ffff ffff ffff 
<4>[    2.093914] [BBM:INF]   ffff ffff ffff ffff ffff ffff ffff ffff ffff ffff 
<4>[    2.110837] [BBM:INF]   ffff ffff ffff ffff ffff ffff ffff ffff ffff ffff 
<4>[    2.127759] [BBM:INF]   a5a5 a5a5 ffff 
<4>[    2.178631] FSR: Registered TinyFSR Driver.
<6>[    2.194200] tl2796_probe::1124->s6e63m0 probed successfuly
<6>[    2.203832] PPP generic driver version 2.4.2
<6>[    2.216068] PPP Deflate Compression module registered
<6>[    2.227003] PPP BSD Compression module registered
<6>[    2.238666] PPP MPPE Compression module registered
<6>[    2.248819] NET: Registered protocol family 24
<6>[    2.257411] PPPoL2TP kernel driver, V1.0
<6>[    2.283185] SLIP: version 0.8.4-NET3.019-NEWTTY (dynamic channels, max=256) (6 bit encapsulation enabled).
<6>[    2.301930] CSLIP: code copyright 1989 Regents of the University of California.
<4>[    2.313906] [otg_clock_enable] clk_enable(otg_clock) OK.
<4>[    2.326142] [otg_clock_enable] clk_disable(otg_clock) OK.
<6>[    2.358164] s3c-udc : S3C HS USB OTG Device Driver, (c) 2008-2009 Samsung Electronics
<6>[    2.358176] s3c-udc : version 15 March 2009 (DMA Mode) 
<4>[    2.371858] [ADB_UMS_ACM_RNDIS_MTP] string_dev = 10003c49574a 
<4>[    2.391905] android_adb_ums_acm_rndis_mtp gadget: using random self ethernet address
<4>[    2.411951] android_adb_ums_acm_rndis_mtp gadget: using random host ethernet address
<6>[    2.421142] usb0: MAC 26:8f:c6:30:ad:db
<6>[    2.430774] usb0: HOST MAC c6:e7:27:27:e5:36
<6>[    2.436242] acm_function_add
<6>[    2.442178] DUN is registerd
<6>[    2.455976] fsg_function_bind cdrom patch after fsg->nluns 2
<6>[    2.471336] android_adb_ums_acm_rndis_mtp gadget: Number of LUNs=2
<6>[    2.483312] shaman: mass_storage_function_add success
<6>[    2.488779] adb_function_add
<4>[    2.498594] [mtpg_function_bind] 	line = [891] 
<4>[    2.511091] [mtpg_function_bind] 	dual speed line = [958] 
<4>[    2.528794] ***** [mtpg_function_bind:975] calling mtp_function_enable with 0 
<4>[    2.541811] [mtp_function_enable] mtp_function => (disabled)
<4>[    2.555609] ****** mtp_function_enable and line 1267 null_desc 
<4>[    2.563420]   interface 0 = acm/df1f33c0
<4>[    2.571230]   interface 1 = acm/df1f33c0
<4>[    2.582425]   interface 2 = usb_mass_storage/df359800
<4>[    2.590235]   interface 3 = adb/df356d00
<4>[    2.599868]   interface 4 = Gadget_MTP/df356f00
<4>[    2.608199]   interface 5 = rndis/df1f3780
<4>[    2.616530]   interface 6 = rndis/df1f3780
<6>[    2.627205] mass_storage_function_config_changed
<4>[    2.638399]   interface 0 = usb_mass_storage/df359800
<6>[    2.660789] android_adb_ums_acm_rndis_mtp gadget: Android Composite USB, version: May 17 2011
<6>[    2.681096] android_adb_ums_acm_rndis_mtp gadget: android_adb_ums_acm_rndis_mtp ready
<6>[    2.696977] Registered gadget driver 'android_adb_ums_acm_rndis_mtp'
<4>[    2.708458] [udc_enable]AP_USB_Power off by Bootup : 1
<4>[    2.722517] mice: could not register psaux device, error: -16
<6>[    2.735013] mice: PS/2 mouse device common for all mice
<6>[    2.750974] input: s3c-keypad as /devices/virtual/input/input1
<4>[    2.757455] s3c-keypad Initialized
<6>[    2.763183] S3C Keypad Driver
<6>[    2.771227] i2c /dev entries driver
<6>[    2.788515] i2c-gpio i2c-gpio.4: using pins 247 (SDA) and 246 (SCL)
<6>[    2.804500] i2c-gpio i2c-gpio.5: using pins 203 (SDA) and 204 (SCL)
<6>[    2.815538] regulator: DCDC1: 750 <--> 1500 mV 
<6>[    2.825952] regulator: DCDC2: 750 <--> 1500 mV 
<6>[    2.834023] regulator: LDO4: 3300 mV 
<6>[    2.841833] regulator: LDO7: 1800 mV 
<6>[    2.852533] regulator: LDO17: 3000 <--> 3200 mV 
<6>[    2.868570] i2c-gpio i2c-gpio.6: using pins 206 (SDA) and 209 (SCL)
<4>[    2.876667] [FSA9480] fsa9480_codec_probe
<4>[    2.882342] fsa9480_interrupt
<4>[    2.932484] [FSA9480] FSA9480_ReadIntRegister
<6>[    2.948105] i2c-gpio i2c-gpio.7: using pins 201 (SDA) and 202 (SCL)
<6>[    2.963830] i2c-gpio i2c-gpio.8: using pins 42 (SDA) and 43 (SCL)
<6>[    2.980102] i2c-gpio i2c-gpio.11: using pins 114 (SDA) and 98 (SCL)
<6>[    2.996634] i2c-gpio i2c-gpio.12: using pins 173 (SDA) and 172 (SCL)
<4>[    3.011916] [FSA9480] FSA9480_ProcessDevice (dev1 : 0x0, dev2 : 0x0)
<6>[    3.022590] Linux video capture interface: v2.00
<6>[    3.029414] IPC probe success
<6>[    3.047114] mfc_init: <6>S5PC110 MFC Driver, (c) 2009 Samsung Electronics
<6>[    3.047125] 
<6>[    3.069219] S3C2410 Watchdog Timer, (c) 2004 Simtec Electronics
<6>[    3.090177] s3c2410-wdt s3c2410-wdt: watchdog inactive, reset disabled, irq enabled
<6>[    3.113685] device-mapper: ioctl: 4.15.0-ioctl (2009-04-01) initialised: dm-devel@redhat.com
<6>[    3.126962] device-mapper: multipath: version 1.1.0 loaded
<6>[    3.143364] device-mapper: multipath round-robin: version 1.0.0 loaded
<6>[    3.160026] device-mapper: multipath queue-length: version 0.1.0 loaded
<6>[    3.176688] device-mapper: multipath service-time: version 0.2.0 loaded
<6>[    3.186893] Bluetooth: HCI UART driver ver 2.2
<6>[    3.198088] Bluetooth: HCI H4 protocol initialized
<6>[    3.207200] cpuidle: using governor ladder
<6>[    3.215792] cpuidle: using governor menu
<6>[    3.231152] sdhci: Secure Digital Host Controller Interface driver
<6>[    3.241045] sdhci: Copyright(c) Pierre Ossman
<6>[    3.258228] s3c-sdhci s3c-sdhci.0: clock source 2: sclk_mmc (51307692 Hz)
<6>[    3.277078] mmc0: SDHCI controller on samsung-hsmmc [s3c-sdhci.0] using ADMA
<6>[    3.294260] s3c-sdhci s3c-sdhci.1: clock source 2: sclk_mmc (47642857 Hz)
<6>[    3.312980] mmc1: SDHCI controller on samsung-hsmmc [s3c-sdhci.1] using ADMA
<6>[    3.330161] s3c-sdhci s3c-sdhci.2: clock source 2: sclk_mmc (47642857 Hz)
<4>[    3.340291]  Universal :SD Detect configuration 
<7>[    3.348620]  Universal : Card status  0
<4>[    3.353566] fsa9480_interrupt
<4>[    3.363407] [FSA9480] FSA9480_ReadIntRegister
<6>[    3.381527] mmc2: SDHCI controller on samsung-hsmmc [s3c-sdhci.2] using ADMA
<7>[    3.398476] *** DEBUG : First we search for SDIO...(0)***
<6>[    3.409280] logger: created 512K log 'log_main'
<6>[    3.420943] logger: created 256K log 'log_events'
<7>[    3.432659] *** DEBUG : ...then normal SD...(0) ***
<6>[    3.448800] ldo38_control : turn ON LDO3 and LDO8 (cur_stat=0, req=1)
<4>[    3.460776] [otg_clock_enable] clk_enable(otg_clock) OK.
<4>[    3.472309] [udc_enable]AP_USB_Power off by Bootup : 1
<6>[    3.482984] logger: created 256K log 'log_radio'
<6>[    3.493658] logger: created 64K log 'log_system'
<4>[    3.502900] GP2A opt i2c attach success!!!
<7>[    3.514095] *** DEBUG : ...and finally MMC. (0)***
<4>[    3.529273] [FSA9480] FSA9480_ProcessDevice (dev1 : 0x4, dev2 : 0x0)
<4>[    3.535781] USB attach or detach: 1
<4>[    3.544112] FSA9480_DEV_TY1_USB --- ATTACH
<4>[    3.552183] opt_i2c_client : (0xdf34d300)
<4>[    3.563378] [gp2a_opt_probe] CONFIG_GP2A_MODE_A INIT 
<4>[    3.648094] mmc0: switch to bus width 4 
<6>[    3.661111] mmc0: new high speed MMC card at address 0001
<6>[    3.694409] mmcblk0: mmc0:0001 M2G1DD 1.91 GiB 
<6>[    3.697534]  mmcblk0: p1 p2 p3
<7>[    3.729947] Another host want the wakelock : 2
<7>[    3.778996] *** DEBUG : First we search for SDIO...(1)***
<7>[    3.800864] *** DEBUG : ...then normal SD...(1) ***
<7>[    3.824712] *** DEBUG : ...and finally MMC. (1)***
<7>[    3.846451] Another host want the wakelock : 1
<7>[    3.854782]  Universal : Card status  0
<3>[    3.865195] i2c i2c-11: sendbytes: NAK bailout.
<7>[    3.907892] *** DEBUG : First we search for SDIO...(2)***
<7>[    3.933666] *** DEBUG : ...then normal SD...(2) ***
<6>[    4.064229] mmc2: new high speed SDHC card at address 0007
<6>[    4.088676] mmcblk1: mmc2:0007 SD04G 3.67 GiB 
<6>[    4.091800]  mmcblk1: p1 p2 < p5 p6 p7 >
<7>[    4.135017] mmc2: wake_lock_timeout 1sec 0
<4>[    4.157016] gp2a_opt_probe is OK!!
<4>[    4.159879] smb_init 
<4>[    4.167924] smb_acc_start ....
<4>[    4.171309] yamaha_init
<4>[    4.176333] level device init
<6>[    4.192345] Advanced Linux Sound Architecture Driver Version 1.0.21.
<4>[    4.201899] No device for DAI WM8994 PAIFRX
<4>[    4.210491] No device for DAI WM8994 PCM
<4>[    4.220151] No device for DAI s3c-pcmdev
<6>[    4.227179] WM8994 Audio Codec 0.1
<4>[    4.273051] s3c_preallocate_dma_buffer: VA-ff001000, PA-4F3C0000, 131072bytes
<4>[    4.290494] s3c_preallocate_dma_buffer: VA-ff021000, PA-4F3E0000, 131072bytes
<6>[    4.303772] asoc: WM8994 PAIFRX <-> s3c64xx-i2s mapping ok
<4>[    4.312233] +++++++smdkc110_audio_init
<6>[    4.320098] WM8994 Audio Codec 0.1
<4>[    4.338944] s3c_preallocate_dma_buffer: VA-ff041000, PA-4EC20000, 131072bytes
<4>[    4.356388] s3c_preallocate_dma_buffer: VA-ff061000, PA-4EC40000, 131072bytes
<6>[    4.368624] asoc: WM8994 PCM <-> s3c-pcmdev mapping ok
<4>[    4.384010] ASoC: Failed to create codec register debugfs file
<4>[    4.395205] Failed to create pop time debugfs file
<4>[    4.406660] Failed to create DAPM debugfs directory
<4>[    4.414731] ----------smdkc110_audio_init
<6>[    4.420458] ALSA device list:
<6>[    4.427748]   #0: smdkc110 (WM8994)
<6>[    4.436079]   #1: smdkc110-pcm (WM8994)
<4>[    4.446233] Netfilter messages via NETLINK v0.30.
<4>[    4.460291] nf_conntrack version 0.5.0 (3214 buckets, 12856 max)
<4>[    4.479349] CONFIG_NF_CT_ACCT is deprecated and will be removed soon. Please use
<4>[    4.499916] nf_conntrack.acct=1 kernel parameter, acct=1 nf_conntrack module option or
<4>[    4.515276] sysctl net.netfilter.nf_conntrack_acct=1 to enable it.
<6>[    4.525169] xt_time: kernel timezone is -0000
<6>[    4.535713] IPv4 over IPv4 tunneling driver
<6>[    4.545919] GRE over IPv4 tunneling driver
<6>[    4.561227] ip_tables: (C) 2000-2006 Netfilter Core Team
<6>[    4.567736] TCP cubic registered
<6>[    4.578722] NET: Registered protocol family 10
<6>[    4.596530] IPv6 over IPv4 tunneling driver
<6>[    4.610302] NET: Registered protocol family 17
<6>[    4.620455] NET: Registered protocol family 15
<6>[    4.628266] Bluetooth: L2CAP ver 2.14
<6>[    4.640242] Bluetooth: L2CAP socket layer initialized
<6>[    4.650655] Bluetooth: SCO (Voice Link) ver 0.6
<6>[    4.662111] Bluetooth: SCO socket layer initialized
<6>[    4.673566] Bluetooth: RFCOMM TTY layer initialized
<6>[    4.685802] Bluetooth: RFCOMM socket layer initialized
<6>[    4.693873] Bluetooth: RFCOMM ver 1.11
<6>[    4.704026] NET: Registered protocol family 33
<6>[    4.714179] NET: Registered protocol family 35
<4>[    4.727717] S3C24XX RTC, (c) 2004,2006 Simtec 					Electronics
<6>[    4.739721] using rtc device, s3c, for alarms
<6>[    4.755861] s3c2410-rtc s3c2410-rtc: rtc core: registered s3c as rtc0
<6>[    4.763515] VFP support v0.3: implementor 41 architecture 3 part 30 variant c rev 2
<7>[    4.792049] qt602240_init Skip initialization in LPM Mode.
<6>[    4.815480] s3c2410-rtc s3c2410-rtc: setting system clock to 2011-05-17 12:15:09 UTC (1305634509)
<6>[    4.826702] FIMC0 registered successfully
<6>[    4.837819] FIMC1 registered successfully
<6>[    4.848831] FIMC2 registered successfully
<6>[    4.863149] S5PC1XX TVOUT Driver, (c) 2009 Samsung Electronics
<6>[    4.881479] s5p-tvout s5p-tvout: hpd status is cable removed
<6>[    4.914749] fg_read_vcell: VCELL=3878
<4>[    4.919175] [SOC] C:0, P:75
<4>[    4.943883] pmic interrupt registered 
<6>[    4.955233] Freeing init memory: 11348K
<4>[    4.967729] Warning: unable to open an initial console.
<3>[    4.983819] init: /recovery.rc: 226: invalid option 'enabled'
<4>[    5.009072] !@Init process: device_init #3
<4>[    5.450875] maxim_vac_disconnect: connect status skip
<3>[    5.492920] init: ro.secure:1
<3>[    5.510623] init: ro.allow.mock.location:0
<3>[    5.529367] init: ro.debuggable:1
<3>[    5.549154] init: persist.service.adb.enable:1
<3>[    5.572976] init: cannot open '/initlogo.rle'
<3>[    5.593023] init: ro.factorytest:0
<3>[    5.608903] init: ro.serialno:
<3>[    5.625565] init: ro.bootmode:unknown
<3>[    5.644050] init: ro.baseband:unknown
<3>[    5.662274] init: ro.carrier:unknown
<3>[    5.681019] init: ro.bootloader:unknown
<3>[    5.700284] init: ro.hardware:SMDKC110
<3>[    5.717727] init: ro.revision:48
<3>[    5.734389] init: dpm.allowcamera:0
<3>[    5.750270] init: ro.secure:0
<3>[    5.765370] init: ro.debugable:1
<3>[    5.784896] init: persist.service.adb.enable:1
<6>[    5.806505] init: command 'loglevel' r=0
<6>[    5.814576] init: command 'export' r=0
<6>[    5.822646] init: command 'export' r=0
<6>[    5.830717] init: command 'export' r=0
<6>[    5.838788] init: command 'export' r=0
<6>[    5.846858] init: command 'export' r=0
<6>[    5.854929] init: command 'export' r=0
<6>[    5.863000] init: command 'export' r=0
<6>[    5.871070] init: command 'export' r=0
<6>[    5.879141] init: command 'export' r=0
<6>[    5.887212] init: command 'export' r=0
<6>[    5.928427] init: command 'insmod' r=0
<4>[    5.944021] PA FB = 0x43B04000, bits per pixel = 32
<4>[    5.958858] screen width=480 height=800 va=0xd3b04000 pa=0x43b04000
<4>[    5.975783] Back frameBuffer[0].VAddr=d3c7b000 PAddr=43c7b000 size=1536000
<6>[    5.984764] init: command 'insmod' r=0
<6>[    6.000880] init: command 'insmod' r=0
<4>[    6.025170] [VIBETONZ:WJYOO] MISC_REGISTER nRet = 0
<6>[    6.035273] init: command 'insmod' r=0
<4>[    6.059301] fsr: module license 'Samsung Proprietary' taints kernel.
<4>[    6.072056] Disabling lock debugging due to kernel taint
<4>[    6.114000] [BIF:IN ] ++FSR_BML_Init(nFlag: 0x0)
<4>[    6.121027] [PAM:   ] ++FSR_PAM_Init
<4>[    6.137639] [PAM:   ]   OneNAND physical base address       : 0xb0000000
<4>[    6.154039] [PAM:   ]   OneNAND virtual  base address       : 0xe0980000
<4>[    6.174530] [PAM:   ]   OneNAND Controller DMA physical base address       : 0xb0600000
<4>[    6.194835] [PAM:   ]   OneNAND Controller DMA virtual  base address       : 0xe09c0000
<4>[    6.209414] [PAM:   ]   OneNAND nMID=0xec : nDID=0x50 Page size=4
<4>[    6.216443] [PAM:   ] --FSR_PAM_Init
<4>[    6.228940] [BIF:   ]   FSR VERSION: FSR_1.2.1p1_b139_RTM
<4>[    6.251590] [OND:INF]   FSR_OND_4K_Open(nDev:0, pParam:0xc4c1de00, nFlag:0x00000000) / 1033 line
<4>[    6.264347]             pstOND4kCxt->nBaseAddr: 0xe0980000
<4>[    6.279968]             nDev=0, nMID=0x00ec, nDID=0x0050, nVID=0x013e
<4>[    6.294547] [OND:INF]   pstOND4kCxt->nSysConf1:0xf0c6 / 1116 line
<4>[    6.310949] [OND:INF]   pstOND4kCxt->nBlksForSLCArea[0]:2048 / 1133 line
<4>[    6.325528] [OND:INF]   pstOND4kCxt->nIntID   :0x0000 / 1236 line
<4>[    6.335682] [OND:INF]   1X_CACHEPGM CMD : 0x007f
<4>[    6.345835] [OND:INF]   1X_PLOAD    CMD : 0x0003
<4>[    6.364059] [BBM:INF]   Scan from 2004 to 2047 to find BML meta blocks (die: 0)
<4>[    6.367183] [BBM:INF]   ffff ffff ffff ffff ffff ffff ffff ffff ffff ffff 
<4>[    6.384106] [BBM:INF]   ffff ffff ffff ffff ffff ffff ffff ffff ffff ffff 
<4>[    6.401028] [BBM:INF]   ffff ffff ffff ffff ffff ffff ffff ffff ffff ffff 
<4>[    6.417950] [BBM:INF]   ffff ffff ffff ffff ffff ffff ffff ffff ffff ffff 
<4>[    6.434873] [BBM:INF]   a5a5 a5a5 ffff 
<4>[    6.482177] [BBM:   ]  << DevNO:0, DieNO: 0 MAPPING INFORMATION >>
<4>[    6.491290] [BBM:   ]   Bad Mark Information
<4>[    6.504828] [BBM:   ]      - Bad Mark (0x2222) by erase error
<4>[    6.518365] [BBM:   ]      - Bad Mark (0x4444) by write error
<4>[    6.532424] [BBM:   ]   << Total : 0 BAD-MAPPING INFORMATION >>
<4>[    6.544920] [BIF:   ]   nPartition Information (nVol : 0)
<4>[    6.553252]             nVer : 0xffffffff
<4>[    6.573038]             00 / nID:0x09 / nAttr:0x00001002 / 1stVun:    0 / Units:    1
<4>[    6.592824]             01 / nID:0x00 / nAttr:0x00001002 / 1stVun:    1 / Units:    7
<4>[    6.612610]             02 / nID:0x01 / nAttr:0x00001001 / 1stVun:    8 / Units:  796
<4>[    6.632396]             03 / nID:0x20 / nAttr:0x00001101 / 1stVun:  804 / Units:  716
<4>[    6.652183]             04 / nID:0x21 / nAttr:0x00001101 / 1stVun: 1520 / Units:  372
<4>[    6.671969]             05 / nID:0x23 / nAttr:0x00001101 / 1stVun: 1892 / Units:   56
<4>[    6.691755]             06 / nID:0x24 / nAttr:0x00001001 / 1stVun: 1948 / Units:   56
<4>[    6.706074] [BBM:INF]   The registered blocks in ERL are handled
<4>[    6.715446] [BBM:INF]   (number of blocks: 0)
<4>[    6.728880] BML: Registered BML Driver.
<6>[    6.737839] init: command 'insmod' r=0
<4>[    6.781446] [BIF:IN ] ++FSR_BML_Init(nFlag: 0x0)
<4>[    6.803052] [BIF:   ]   FSR_BML_Init(nFlag:0x0, nRe:FSR_BML_ALREADY_INITIALIZED) / 1027 line
<4>[    6.815836] FSR: Registered STL Driver.
<6>[    6.824586] init: command 'insmod' r=0
<6>[    6.915237] init: command 'insmod' r=0
<6>[    6.981807] init: command 'insmod' r=0
<6>[    6.989615] init: command 'mkdir' r=0
<6>[    9.891987] fg_read_vcell: VCELL=3878
<6>[   14.892004] fg_read_vcell: VCELL=3878
<6>[   19.891994] fg_read_vcell: VCELL=3878
<6>[   23.313961] init: command 'mount' r=0
<6>[   23.322291] init: command 'symlink' r=0
<6>[   23.330622] init: command 'symlink' r=0
<6>[   23.338433] init: command 'mkdir' r=0
<6>[   23.346243] init: command 'mkdir' r=0
<6>[   23.354053] init: command 'mkdir' r=0
<6>[   23.361863] init: command 'mount' r=0
<6>[   23.369674] init: command 'mkdir' r=0
<6>[   23.377484] init: command 'mkdir' r=0
<6>[   23.385295] init: command 'mount' r=0
<6>[   23.393105] init: command 'mkdir' r=0
<6>[   23.412711] init: command 'insmod' r=0
<4>[   23.426767] [SIF:ERR]   The partition (PartID 21) is not opened
<4>[   23.437441] j4fs_fill_super 1258: Error(0x80040001)
<6>[   23.449860] init: command 'mount' r=-1
<6>[   23.459391] param_init
<3>[   23.470063] lfs_param_op: filp_open failed. (-2)
<3>[   23.507813] param_init(304): Loading parameters failed. Parameters have been initialized as default.
<6>[   23.543221] init: command 'insmod' r=0
<6>[   23.551551] init: command 'symlink' r=0
<6>[   23.559882] init: command 'mkdir' r=-17
<6>[   23.567692] init: command 'mkdir' r=0
<6>[   23.575502] init: command 'mkdir' r=0
<6>[   23.583313] init: command 'chown' r=0
<6>[   23.591123] init: command 'chmod' r=0
<6>[   23.598933] init: command 'mkdir' r=0
<6>[   23.606744] init: command 'mkdir' r=0
<6>[   23.614554] init: command 'mkdir' r=0
<6>[   23.622364] init: command 'mkdir' r=0
<6>[   23.630175] init: command 'mkdir' r=0
<6>[   23.637985] init: command 'mkdir' r=0
<4>[   23.652825] [FSA9480]connectivity_switching_init = switch_sel : 0x1
<6>[   23.667664] inside set_param_value1 idx = 4, value = -1051560012
<3>[   23.678339] lfs_param_op: filp_open failed. (-2)
<4>[   23.702030] [FSA9480_Enable_AP_USB] Enable AP USB
<4>[   23.716193] [ap_usb_power_on]AP USB Power ON, askon: 0, mtp : 0
<4>[   23.733896] !!!!!!!!!!! [ap_usb_power_on]AP samsung_kies_mtp_mode_flag0, mtp:0
<6>[   23.758525] inside set_param_value1 idx = 4, value = -1051560012
<4>[   23.766335] PKD:: OTG core got reset!!! 
<3>[   23.777582] lfs_param_op: filp_open failed. (-2)
<4>[   23.804658] [USB] enable_adb - enable(0x01), prev_status(0x00)
<4>[   23.810906] Here is enable_adb@@@@
<4>[   23.820278] [enable_adb]USBSTATUS_SAMSUNG_KIES
<6>[   23.828609] acm_function_config_changed
<6>[   23.836941] mtp_function_config_changed
<4>[   23.844751]   interface 0 = acm/df1f33c0
<4>[   23.852561]   interface 1 = acm/df1f33c0
<4>[   23.862194]   interface 2 = Gadget_MTP/df356f00
<4>[   23.876044] [ap_usb_power_on]AP USB Power ON, askon: 0, mtp : 0
<4>[   23.893748] !!!!!!!!!!! [ap_usb_power_on]AP samsung_kies_mtp_mode_flag0, mtp:0
<6>[   23.908587] inside set_param_value1 idx = 4, value = -1051560012
<3>[   23.919261] lfs_param_op: filp_open failed. (-2)
<4>[   23.947639] [FSA9480]connectivity_switching_init = switch_sel : 0x5
<6>[   23.955450] init: command 'mkdir' r=0
<6>[   23.963260] init: command 'mkdir' r=0
<6>[   23.971070] init: command 'mount' r=0
<6>[   23.978881] init: command 'write' r=0
<6>[   23.986691] init: command 'write' r=0
<6>[   23.994501] init: command 'write' r=0
<6>[   24.002312] init: command 'write' r=0
<6>[   24.010122] init: command 'write' r=0
<6>[   24.017932] init: command 'write' r=0
<6>[   24.025743] init: command 'write' r=0
<6>[   24.033553] init: command 'mkdir' r=0
<6>[   24.041363] init: command 'mount' r=0
<6>[   24.049174] init: command 'chown' r=0
<6>[   24.056984] init: command 'chown' r=0
<6>[   24.064794] init: command 'chmod' r=0
<6>[   24.073125] init: command 'write' r=-22
<6>[   24.080936] init: command 'mkdir' r=0
<6>[   24.088746] init: command 'chown' r=0
<6>[   24.096556] init: command 'chmod' r=0
<6>[   24.104367] init: command 'write' r=0
<6>[   24.112177] init: command 'mkdir' r=0
<6>[   24.119988] init: command 'chown' r=0
<6>[   24.127798] init: command 'chmod' r=0
<6>[   24.135608] init: command 'write' r=0
<6>[   24.143418] init: command 'exec' r=-1
<6>[   24.151229] init: command 'mkdir' r=0
<6>[   24.159039] init: command 'chown' r=0
<6>[   24.166849] init: command 'chmod' r=0
<6>[   24.174660] init: command 'copy' r=-1
<6>[   24.182730] init: command 'chown' r=-2
<6>[   24.190801] init: command 'chmod' r=-2
<6>[   24.198612] init: command 'copy' r=-1
<6>[   24.206682] init: command 'chown' r=-2
<6>[   24.214753] init: command 'chmod' r=-2
<6>[   24.222824] init: command 'write' r=-2
<6>[   24.230894] init: command 'chown' r=-2
<6>[   24.238965] init: command 'chmod' r=-2
<4>[   24.257449] [SIF:ERR]   Invalid Partition ID (PartID 1) - FSR_STL_PARTID (20-35)
<4>[   24.275413] LinuStoreIII_NERR: stl_block_open[666] STL: open error = 80030002
<4>[   24.275424] 
<6>[   24.283484] init: command 'mount' r=-1
<6>[   24.291294] init: command 'chown' r=0
<6>[   24.299105] init: command 'chmod' r=0
<6>[   24.306915] init: command 'chown' r=0
<6>[   24.314725] init: command 'chmod' r=0
<6>[   24.322536] init: command 'chmod' r=0
<6>[   24.330346] init: command 'chmod' r=0
<6>[   24.338417] init: command 'chmod' r=-2
<3>[   24.347971] init: ro.build.id:FROYO
<3>[   24.369059] init: ro.build.display.id:FROYO.XXJPX
<3>[   24.394573] init: ro.build.version.incremental:XXJPX
<3>[   24.417744] init: ro.build.version.sdk:8
<3>[   24.439613] init: ro.build.version.codename:REL
<3>[   24.463565] init: ro.build.version.release:2.2.1
<3>[   24.491942] init: ro.build.date:2010. 12. 17. (ê¸ˆ) 17:06:56 KST
<3>[   24.519799] init: ro.build.date.utc:1292573216
<3>[   24.540366] init: ro.build.type:user
<3>[   24.558330] init: ro.build.user:root
<3>[   24.576814] init: ro.build.host:sep-60
<3>[   24.597382] init: ro.build.tags:release-keys
<3>[   24.619251] init: ro.product.model:GT-I9000
<3>[   24.640599] init: ro.product.brand:samsung
<3>[   24.661687] init: ro.product.name:GT-I9000
<3>[   24.683296] init: ro.product.device:GT-I9000
<3>[   24.705164] init: ro.product.board:GT-I9000
<3>[   24.728075] init: ro.product.cpu.abi:armeabi-v7a
<3>[   24.751506] init: ro.product.cpu.abi2:armeabi
<3>[   24.775197] init: ro.product.manufacturer:samsung
<3>[   24.799409] init: ro.product.locale.language:en
<3>[   24.822580] init: ro.product.locale.region:GB
<3>[   24.842626] init: ro.wifi.channels:
<3>[   24.862152] init: ro.board.platform:s5pc110
<3>[   24.883761] init: ro.build.product:GT-I9000
<6>[   24.904068] fg_read_vcell: VCELL=3878
<3>[   24.923854] init: ro.build.description:GT-I9000-user 2.2.1 FROYO XXJPX release-keys
<3>[   24.973059] init: ro.build.fingerprint:samsung/GT-I9000/GT-I9000/GT-I9000:2.2.1/FROYO/XXJPX:user/release-keys
<3>[   25.011330] init: ro.build.PDA:I9000XXJPX
<3>[   25.033720] init: ro.build.hidden_ver:I9000XXJPX
<3>[   25.056890] init: ro.build.changelist:787513
<3>[   25.077978] init: ro.tether.denied:false
<3>[   25.102190] init: rild.libpath:/system/lib/libsec-ril.so
<3>[   25.127444] init: rild.libargs:-d /dev/ttyS0
<3>[   25.148271] init: ro.sf.lcd_density:240
<3>[   25.168058] init: dalvik.vm.heapsize:48m
<3>[   25.190708] init: dalvik.vm.execution-mode:int:jit
<3>[   25.214399] init: ro.opengles.version:131072
<3>[   25.238090] init: windowsmgr.max_events_per_sec:55
<3>[   25.263344] init: keyinputqueue.use_finger_id:true
<3>[   25.289639] init: media.stagefright.enable-player:true
<3>[   25.316454] init: media.stagefright.enable-meta:true
<3>[   25.342749] init: media.stagefright.enable-scan:true
<3>[   25.369044] init: media.stagefright.enable-http:true
<3>[   25.393777] init: keyguard.no_require_sim:true
<3>[   25.419551] init: ro.config.ringtone:01_Samsung_tune.ogg
<3>[   25.449230] init: ro.config.notification_sound:01_Sherbet.ogg
<3>[   25.478909] init: ro.config.alarm_alert:Good_Morning.ogg
<3>[   25.504163] init: ro.opengles.version:131072
<3>[   25.524469] init: net.bt.name:Android
<3>[   25.543735] init: net.change:net.bt.name
<3>[   25.570290] init: dalvik.vm.stack-trace-file:/data/anr/traces.txt
<3>[   25.612206] init: ro.url.legal:http://www.google.com/intl/%s/mobile/android/basic/phone-legal.html
<3>[   25.665577] init: ro.url.legal.android_privacy:http://www.google.com/intl/%s/mobile/android/basic/privacy.html
<3>[   25.706451] init: ro.com.google.locationfeatures:1
<3>[   25.730663] init: ro.setupwizard.mode:DISABLED
<3>[   25.757478] init: ro.com.google.clientidbase:android-samsung
<3>[   25.788720] init: ro.com.google.clientidbase.yt:android-samsung
<3>[   25.820742] init: ro.com.google.clientidbase.am:android-samsung
<3>[   25.852764] init: ro.com.google.clientidbase.vs:android-samsung
<3>[   25.885047] init: ro.com.google.clientidbase.gmm:android-samsung
<3>[   25.913685] init: ro.com.google.gmsversion:2.2_r8
<3>[   25.948051] init: Unable to open persistent property directory /data/property errno: 2
<6>[   25.995694] init: Created socket '/dev/socket/property_service' with mode '666', user '0', group '0'
<6>[   26.134485] init: processing action 0x2ff48 (boot)
<4>[   26.141252] [UART Switch] Path : PDA
<6>[   26.156092] inside set_param_value1 idx = 4, value = -1051560012
<3>[   26.166766] lfs_param_op: filp_open failed. (-2)
<6>[   26.188114] init: command 'write' r=0
<4>[   26.194623] [FSA9480]usb_sel_store
<4>[   26.194630]  [FSA9480] usb_switch_mode: Path = PDA
<4>[   26.214930] [FSA9480_Enable_AP_USB] Enable AP USB
<4>[   26.229118] [ap_usb_power_on]AP USB Power ON, askon: 0, mtp : 0
<4>[   26.246822] !!!!!!!!!!! [ap_usb_power_on]AP samsung_kies_mtp_mode_flag0, mtp:0
<6>[   26.271425] inside set_param_value1 idx = 4, value = -1051560012
<3>[   26.282099] lfs_param_op: filp_open failed. (-2)
<6>[   26.303447] init: command 'write' r=0
<6>[   26.311023] init: command 'ifup' r=0
<6>[   26.319615] init: command 'hostname' r=0
<6>[   26.328727] init: command 'domainname' r=0
<6>[   26.337578] init: command 'setrlimit' r=0
<3>[   26.346430] init: ro.FOREGROUND_APP_ADJ:0
<6>[   26.366477] init: command 'setprop' r=0
<3>[   26.374547] init: ro.VISIBLE_APP_ADJ:1
<6>[   26.393813] init: command 'setprop' r=0
<3>[   26.403185] init: ro.SECONDARY_SERVER_ADJ:2
<6>[   26.423752] init: command 'setprop' r=0
<3>[   26.431563] init: ro.BACKUP_APP_ADJ:2
<6>[   26.450568] init: command 'setprop' r=0
<3>[   26.457857] init: ro.HOME_APP_ADJ:4
<6>[   26.476342] init: command 'setprop' r=0
<3>[   26.485194] init: ro.HIDDEN_APP_MIN_ADJ:7
<6>[   26.505240] init: command 'setprop' r=0
<3>[   26.514873] init: ro.CONTENT_PROVIDER_ADJ:14
<6>[   26.535701] init: command 'setprop' r=0
<3>[   26.543511] init: ro.EMPTY_APP_ADJ:15
<6>[   26.562516] init: command 'setprop' r=0
<3>[   26.572149] init: ro.FOREGROUND_APP_MEM:1536
<6>[   26.592976] init: command 'setprop' r=0
<3>[   26.601828] init: ro.VISIBLE_APP_MEM:2048
<6>[   26.621875] init: command 'setprop' r=0
<3>[   26.632028] init: ro.SECONDARY_SERVER_MEM:4096
<6>[   26.653376] init: command 'setprop' r=0
<3>[   26.661968] init: ro.BACKUP_APP_MEM:4096
<6>[   26.681754] init: command 'setprop' r=0
<3>[   26.689825] init: ro.HOME_APP_MEM:4096
<6>[   26.709090] init: command 'setprop' r=0
<3>[   26.717681] init: ro.HIDDEN_APP_MEM:5120
<6>[   26.737468] init: command 'setprop' r=0
<3>[   26.747621] init: ro.CONTENT_PROVIDER_MEM:5632
<6>[   26.768970] init: command 'setprop' r=0
<3>[   26.777300] init: ro.EMPTY_APP_MEM:6144
<6>[   26.796827] init: command 'setprop' r=0
<3>[   26.804637] init: wifi.interface:eth0
<6>[   26.823642] init: command 'setprop' r=0
<3>[   26.838482] init: ro.bt.bdaddr_path:/data/misc/bluetooth/bt_addr
<6>[   26.864516] init: command 'setprop' r=0
<6>[   26.872327] init: command 'write' r=0
<6>[   26.880137] init: command 'write' r=0
<6>[   26.887947] init: command 'write' r=0
<6>[   26.895758] init: command 'write' r=0
<6>[   26.903568] init: command 'write' r=0
<6>[   26.911378] init: command 'write' r=0
<6>[   26.919189] init: command 'write' r=0
<6>[   26.927259] init: command 'chown' r=-2
<6>[   26.935330] init: command 'chown' r=-2
<6>[   26.943401] init: command 'chown' r=-2
<6>[   26.951471] init: command 'chown' r=-2
<6>[   26.959542] init: command 'chown' r=-2
<6>[   26.967352] init: command 'chown' r=0
<6>[   26.975163] init: command 'chown' r=0
<6>[   26.982973] init: command 'chown' r=0
<6>[   26.990783] init: command 'chmod' r=0
<6>[   26.998594] init: command 'chmod' r=0
<6>[   27.006404] init: command 'chmod' r=0
<6>[   27.014214] init: command 'chown' r=0
<6>[   27.022285] init: command 'chown' r=-2
<6>[   27.030095] init: command 'chown' r=0
<6>[   27.038166] init: command 'chown' r=-2
<6>[   27.046237] init: command 'chown' r=-2
<6>[   27.054307] init: command 'chown' r=-2
<6>[   27.062378] init: command 'chown' r=-2
<6>[   27.070449] init: command 'chown' r=-2
<6>[   27.078520] init: command 'chown' r=-2
<6>[   27.086590] init: command 'chown' r=-2
<6>[   27.094661] init: command 'chown' r=-2
<6>[   27.102732] init: command 'chown' r=-2
<6>[   27.110802] init: command 'chown' r=-2
<6>[   27.118873] init: command 'chown' r=-2
<6>[   27.126944] init: command 'chown' r=-2
<6>[   27.135014] init: command 'chown' r=-2
<6>[   27.143085] init: command 'chown' r=-2
<6>[   27.150896] init: command 'chown' r=0
<6>[   27.158706] init: command 'chown' r=0
<6>[   27.166516] init: command 'chown' r=0
<6>[   27.174327] init: command 'chown' r=0
<6>[   27.182137] init: command 'chown' r=0
<6>[   27.189947] init: command 'chown' r=0
<6>[   27.197757] init: command 'chown' r=0
<6>[   27.205568] init: command 'chown' r=0
<6>[   27.213378] init: command 'chown' r=0
<6>[   27.221189] init: command 'chown' r=0
<6>[   27.228999] init: command 'chmod' r=0
<6>[   27.236809] init: command 'chown' r=0
<6>[   27.244619] init: command 'chmod' r=0
<6>[   27.252430] init: command 'chown' r=0
<6>[   27.260240] init: command 'chmod' r=0
<6>[   27.268051] init: command 'chown' r=0
<6>[   27.275861] init: command 'chmod' r=0
<3>[   27.294866] init: net.tcp.buffersize.default:4096,87380,110208,4096,16384,110208
<3>[   27.329231] init: net.change:net.tcp.buffersize.default
<6>[   27.352923] init: command 'setprop' r=0
<3>[   27.371147] init: net.tcp.buffersize.wifi:4095,87380,110208,4096,16384,110208
<3>[   27.403950] init: net.change:net.tcp.buffersize.wifi
<6>[   27.426861] init: command 'setprop' r=0
<3>[   27.445085] init: net.tcp.buffersize.umts:4094,87380,110208,4096,16384,110208
<3>[   27.477888] init: net.change:net.tcp.buffersize.umts
<6>[   27.500799] init: command 'setprop' r=0
<3>[   27.518502] init: net.tcp.buffersize.edge:4093,26280,35040,4096,16384,35040
<3>[   27.550785] init: net.change:net.tcp.buffersize.edge
<6>[   27.573695] init: command 'setprop' r=0
<3>[   27.590878] init: net.tcp.buffersize.gprs:4092,8760,11680,4096,8760,11680
<3>[   27.622640] init: net.change:net.tcp.buffersize.gprs
<6>[   27.645551] init: command 'setprop' r=0
<6>[   27.656615] init: command 'chmod' r=0
<6>[   27.664425] init: command 'chmod' r=0
<6>[   27.672236] init: command 'chmod' r=0
<6>[   27.680046] init: command 'chmod' r=0
<6>[   27.687857] init: command 'chmod' r=0
<6>[   27.695667] init: command 'chmod' r=0
<6>[   27.703477] init: command 'chmod' r=0
<6>[   27.711548] init: command 'chmod' r=-2
<6>[   27.719619] init: command 'chown' r=-2
<6>[   27.727689] init: command 'chown' r=-2
<6>[   27.735500] init: command 'chown' r=0
<6>[   27.743570] init: command 'chmod' r=-2
<6>[   27.751641] init: command 'chmod' r=-2
<6>[   27.759451] init: command 'chown' r=0
<6>[   27.767262] init: command 'chmod' r=0
<6>[   27.775072] init: command 'chown' r=0
<6>[   27.782882] init: command 'chmod' r=0
<6>[   27.790693] init: command 'chmod' r=0
<6>[   27.798503] init: command 'chmod' r=0
<6>[   27.806313] init: command 'chown' r=0
<6>[   27.814124] init: command 'chown' r=0
<6>[   27.822194] init: command 'chown' r=-2
<6>[   27.830265] init: command 'chmod' r=-2
<5>[   27.837815] init: starting 'console'
<3>[   27.846927] init: init.svc.console:running
<5>[   27.866975] init: starting 'recovery'
<3>[   27.880252] init: init.svc.recovery:running
<5>[   27.899517] init: starting 'adbd'
<3>[   27.911754] init: init.svc.adbd:running
<6>[   27.941173] warning: `adbd' uses 32-bit capabilities (legacy support in use)
<6>[   27.954450] init: command 'class_start' r=0
<6>[   27.960178] enabling adb
<4>[   27.973715] [USB] enable_adb - enable(0x10), prev_status(0x01)
<4>[   27.979963] Here is enable_adb@@@@
<4>[   27.986993] [enable_adb]USBSTATUS_ADB
<6>[   27.995324] acm_function_config_changed
<6>[   28.005998] mass_storage_function_config_changed
<6>[   28.014329] adb_function_config_changed
<4>[   28.022139]   interface 0 = acm/df1f33c0
<4>[   28.029950]   interface 1 = acm/df1f33c0
<4>[   28.041144]   interface 2 = usb_mass_storage/df359800
<4>[   28.048955]   interface 3 = adb/df356d00
<4>[   28.062805] [ap_usb_power_on]AP USB Power ON, askon: 0, mtp : 0
<4>[   28.080509] !!!!!!!!!!! [ap_usb_power_on]AP samsung_kies_mtp_mode_flag0, mtp:0
<6>[   28.100295] init: processing action 0x311f0 (property:persist.service.adb.enable=1)
<6>[   28.108106] init: command 'start' r=0
<6>[   28.126330] init: make_device '/dev/pvrsrvkm' block 0, major 240, minor 0 r=0
<6>[   28.144033] init: make_device '/dev/s3c_bc' block 0, major 253, minor 0 r=0
<6>[   28.161737] init: make_device '/dev/tspdrv' block 0, major 10, minor 43 r=0
<6>[   28.181705] init: make_device '/dev/block/bml0!c' block 1, major 137, minor 0 r=0
<6>[   28.202299] init: make_device '/dev/block/bml1' block 1, major 137, minor 1 r=0
<6>[   28.221044] init: make_device '/dev/block/bml2' block 1, major 137, minor 2 r=0
<6>[   28.265381] init: make_device '/dev/block/bml3' block 1, major 137, minor 3 r=0
<6>[   28.300554] init: make_device '/dev/block/bml4' block 1, major 137, minor 4 r=0
<6>[   28.339606] init: make_device '/dev/block/bml5' block 1, major 137, minor 5 r=0
<6>[   28.378683] init: make_device '/dev/block/bml6' block 1, major 137, minor 6 r=0
<6>[   28.413803] init: make_device '/dev/block/bml7' block 1, major 137, minor 7 r=0
<6>[   28.451528] init: make_device '/dev/block/stl1' block 1, major 138, minor 1 r=0
<6>[   28.488081] init: make_device '/dev/block/stl2' block 1, major 138, minor 2 r=0
<6>[   28.527080] init: make_device '/dev/block/stl3' block 1, major 138, minor 3 r=0
<6>[   28.552333] init: make_device '/dev/block/stl4' block 1, major 138, minor 4 r=0
<6>[   28.601357] init: make_device '/dev/block/stl5' block 1, major 138, minor 5 r=0
<6>[   28.633873] init: make_device '/dev/block/stl6' block 1, major 138, minor 6 r=0
<6>[   28.671623] init: make_device '/dev/block/stl7' block 1, major 138, minor 7 r=0
<6>[   29.899799] fg_read_vcell: VCELL=3878
<6>[   34.899799] fg_read_vcell: VCELL=3878
<6>[   39.899772] fg_read_vcell: VCELL=3878
<6>[   44.899772] fg_read_vcell: VCELL=3878
<6>[   49.899772] fg_read_vcell: VCELL=3878
<6>[   54.899772] fg_read_vcell: VCELL=3878
<6>[   59.899773] fg_read_vcell: VCELL=3878
<6>[   64.900061] fg_read_vcell: VCELL=3878
<6>[   69.900227] fg_read_vcell: VCELL=3878
<6>[   74.900019] fg_read_vcell: VCELL=3878
<6>[   79.900176] fg_read_vcell: VCELL=3878
<4>[   81.052122] fsa9480_interrupt
<4>[   81.061234] [FSA9480] FSA9480_ReadIntRegister
<4>[   81.122728] [FSA9480] FSA9480_ProcessDevice (dev1 : 0x4, dev2 : 0x0)
<4>[   81.129236] USB attach or detach: 2
<4>[   81.140225] FSA9480_DEV_TY1_USB --- DETACH
<4>[   81.152460] [otg_clock_enable] clk_disable(otg_clock) OK.
<6>[   81.168861] ldo38_control : turn OFF LDO3 and LDO8 (cur_stat=1, req=1)
<4>[   81.584893] Power off cause charger removed in LPM mode
<6>[   81.596191] fg_read_vcell: VCELL=3878
<6>[   86.595464] fg_read_vcell: VCELL=3878
<4>[   86.638992] fsa9480_interrupt
<4>[   86.648103] [FSA9480] FSA9480_ReadIntRegister
<6>[   86.715873] ldo38_control : turn ON LDO3 and LDO8 (cur_stat=0, req=1)
<4>[   86.727847] [otg_clock_enable] clk_enable(otg_clock) OK.
<3>[   86.755316] init: sys_prop: permission denied uid:2000  name:adb.connected
<4>[   86.790982] [FSA9480] FSA9480_ProcessDevice (dev1 : 0x4, dev2 : 0x0)
<4>[   86.797489] USB attach or detach: 1
<4>[   86.805820] FSA9480_DEV_TY1_USB --- ATTACH
<4>[   86.815974] [FSA9480] usb_switch_mode: Path = PDA
<4>[   86.826127] [FSA9480_Enable_AP_USB] Enable AP USB
<4>[   86.842919] [ap_usb_power_on]AP USB Power ON, askon: 0, mtp : 0
<4>[   86.860623] !!!!!!!!!!! [ap_usb_power_on]AP samsung_kies_mtp_mode_flag0, mtp:0
<6>[   86.948312] fg_read_vcell: VCELL=3878
<4>[   91.910587] fsa9480_interrupt
<4>[   91.919697] [FSA9480] FSA9480_ReadIntRegister
<6>[   91.946879] fg_read_vcell: VCELL=3878
<4>[   91.986060] [FSA9480] FSA9480_ProcessDevice (dev1 : 0x4, dev2 : 0x0)
<4>[   91.992568] USB attach or detach: 2
<4>[   92.003087] FSA9480_DEV_TY1_USB --- DETACH
<4>[   92.015322] [otg_clock_enable] clk_disable(otg_clock) OK.
<6>[   92.031724] ldo38_control : turn OFF LDO3 and LDO8 (cur_stat=1, req=1)
<4>[   92.443434] Power off cause charger removed in LPM mode
<6>[   92.454656] fg_read_vcell: VCELL=3878
<6>[   97.450933] fg_read_vcell: VCELL=3878
<6>[  102.450934] fg_read_vcell: VCELL=3878
<6>[  107.450986] fg_read_vcell: VCELL=3878
<6>[  112.450934] fg_read_vcell: VCELL=3878
<4>[  114.723092] fsa9480_interrupt
<4>[  114.732203] [FSA9480] FSA9480_ReadIntRegister
<6>[  114.797995] ldo38_control : turn ON LDO3 and LDO8 (cur_stat=0, req=1)
<4>[  114.809969] [otg_clock_enable] clk_enable(otg_clock) OK.
<4>[  114.837592] [FSA9480] FSA9480_ProcessDevice (dev1 : 0x4, dev2 : 0x0)
<4>[  114.844099] USB attach or detach: 1
<4>[  114.852430] FSA9480_DEV_TY1_USB --- ATTACH
<4>[  114.862584] [FSA9480] usb_switch_mode: Path = PDA
<4>[  114.872738] [FSA9480_Enable_AP_USB] Enable AP USB
<4>[  114.889478] [ap_usb_power_on]AP USB Power ON, askon: 0, mtp : 0
<4>[  114.907181] !!!!!!!!!!! [ap_usb_power_on]AP samsung_kies_mtp_mode_flag0, mtp:0
<4>[  114.997336] PKD:: OTG core got reset!!! 
<6>[  115.034050] fg_read_vcell: VCELL=3878
<4>[  115.388065] acm_disconnected
<4>[  115.751715] [USB:UMS] fsg_function_setup, return to PC fsg->nluns=2
<4>[  115.764653] printk:do_inquiry fsg->cdrom 0 curlun->id 0
<4>[  115.776890] printk:do_inquiry fsg->cdrom 0 curlun->id 0
<4>[  115.798756] printk:do_inquiry fsg->cdrom 0 curlun->id 1
<4>[  115.810680] printk:do_inquiry fsg->cdrom 0 curlun->id 1
<4>[  117.935750] printk:do_inquiry fsg->cdrom 0 curlun->id 0
<4>[  117.948219] printk:do_inquiry fsg->cdrom 0 curlun->id 0
<4>[  117.971000] printk:do_inquiry fsg->cdrom 0 curlun->id 1
<4>[  117.983106] printk:do_inquiry fsg->cdrom 0 curlun->id 1
<6>[  120.032932] fg_read_vcell: VCELL=3878
<6>[  125.032958] fg_read_vcell: VCELL=3878
<6>[  130.033166] fg_read_vcell: VCELL=3878
<6>[  135.033010] fg_read_vcell: VCELL=3878
<6>[  140.032958] fg_read_vcell: VCELL=3878
<6>[  145.032985] fg_read_vcell: VCELL=3878
<6>[  150.032959] fg_read_vcell: VCELL=3878
<6>[  155.032959] fg_read_vcell: VCELL=3878
<6>[  160.033011] fg_read_vcell: VCELL=3878
<6>[  165.033012] fg_read_vcell: VCELL=3878
<6>[  170.032961] fg_read_vcell: VCELL=3878
<6>[  175.032986] fg_read_vcell: VCELL=3878
<6>[  180.032987] fg_read_vcell: VCELL=3878
<6>[  185.032986] fg_read_vcell: VCELL=3878
<6>[  190.033169] fg_read_vcell: VCELL=3878
<6>[  195.032962] fg_read_vcell: VCELL=3878
<3>[  197.993291] init: sys_prop: permission denied uid:2000  name:adb.connected
<6>[  200.032910] fg_read_vcell: VCELL=3878
<6>[  205.032988] fg_read_vcell: VCELL=3878
<6>[  210.033014] fg_read_vcell: VCELL=3878
<6>[  215.033014] fg_read_vcell: VCELL=3878
