<6>[    0.000000] Initializing cgroup subsys cpu
<5>[    0.000000] Linux version 2.6.32.9 (nbates66@archlaptop) (gcc version 4.5.1 (Sourcery G++ Lite 2010.09-50) ) #1 Tue May 17 22:18:57 EST 2011
<4>[    0.000000] CPU: ARMv7 Processor [412fc082] revision 2 (ARMv7), cr=10c53c7f
<4>[    0.000000] CPU: VIPT nonaliasing data cache, VIPT nonaliasing instruction cache
<4>[    0.000000] Machine: SMDKC110
<4>[    0.000000] Ignoring unrecognised tag 0x54410009
<4>[    0.000000] Memory policy: ECC disabled, Data cache writeback
<7>[    0.000000] On node 0 totalpages: 20480
<7>[    0.000000] free_area_init_node: node 0, pgdat c146b860, node_mem_map c1642000
<7>[    0.000000]   Normal zone: 160 pages used for memmap
<7>[    0.000000]   Normal zone: 0 pages reserved
<7>[    0.000000]   Normal zone: 20320 pages, LIFO batch:3
<7>[    0.000000] On node 1 totalpages: 65536
<7>[    0.000000] free_area_init_node: node 1, pgdat c146bf18, node_mem_map d0002000
<7>[    0.000000]   Normal zone: 512 pages used for memmap
<7>[    0.000000]   Normal zone: 0 pages reserved
<7>[    0.000000]   Normal zone: 65024 pages, LIFO batch:15
<7>[    0.000000] On node 2 totalpages: 0
<7>[    0.000000] free_area_init_node: node 2, pgdat c146c5d0, node_mem_map c16eac20
<4>[    0.000000]   Normal zone: 1 pages exceeds realsize 0
<7>[    0.000000] On node 3 totalpages: 0
<7>[    0.000000] free_area_init_node: node 3, pgdat c146cc88, node_mem_map c16f2ce0
<4>[    0.000000]   Normal zone: 1 pages exceeds realsize 0
<4>[    0.000000] CPU S5PV210/S5PC110 (id 0x43110222)
<7>[    0.000000] s5pv210_init_clocks: initializing clocks
<6>[    0.000000] S3C24XX Clocks, Copyright 2004 Simtec Electronics
<3>[    0.000000] copy: bad source 0
<3>[    0.000000] mout_audss: bad source 0
<7>[    0.000000] s5pv210_setup_clocks: registering clocks
<7>[    0.000000] s5pv210_setup_clocks: clkdiv0 = 14131330, clkdiv1 = 00300400
<7>[    0.000000] s5pv210_setup_clocks: xtal is 24000000
<6>[    0.000000] S5PV210: PLL settings, A=800000000, M=667000000, E=80000000
<6>[    0.000000] s5pv210: 33554432 bytes system memory reserved for mfc at 0x316fd000
<6>[    0.000000] s5pv210: 33554432 bytes system memory reserved for mfc at 0x40204000
<6>[    0.000000] s5pv210: 12582912 bytes system memory reserved for fimc0 at 0x42204000
<6>[    0.000000] s5pv210: 1048576 bytes system memory reserved for fimc1 at 0x42e04000
<6>[    0.000000] s5pv210: 12582912 bytes system memory reserved for fimc2 at 0x42f04000
<6>[    0.000000] s5pv210: 2097152 bytes system memory reserved for pmem at 0x336fd000
<6>[    0.000000] s5pv210: 4194304 bytes system memory reserved for pmem_gpu1 at 0x338fd000
<6>[    0.000000] s5pv210: 1536000 bytes system memory reserved for pmem_adsp at 0x33cfd000
<6>[    0.000000] s5pv210: 10485760 bytes system memory reserved for texstream at 0x33e74000
<6>[    0.000000] s5pv210: 3145728 bytes system memory reserved for fimd at 0x43b04000
<6>[    0.000000] s5pv210: 262144 bytes system memory reserved for wifi at 0x34874000
<4>[    0.000000] Built 2 zonelists in Zone order, mobility grouping on.  Total pages: 85344
<5>[    0.000000] Kernel command line: bootmode=2 console=ttySAC2, 115200 loglevel=4
<6>[    0.000000] PID hash table entries: 2048 (order: 1, 8192 bytes)
<6>[    0.000000] Dentry cache hash table entries: 65536 (order: 6, 262144 bytes)
<6>[    0.000000] Inode-cache hash table entries: 32768 (order: 5, 131072 bytes)
<6>[    0.000000] Memory: 80MB 256MB = 336MB total
<5>[    0.000000] Memory: 205432KB available (9152K code, 1897K data, 11348K init, 0K highmem)
<6>[    0.000000] SLUB: Genslabs=9, HWalign=64, Order=0-3, MinObjects=0, CPUs=1, Nodes=4
<6>[    0.000000] Hierarchical RCU implementation.
<6>[    0.000000] NR_IRQS:339
<6>[    0.000000] VIC @fd000000: id 0x00041192, vendor 0x41
<6>[    0.000000] VIC @fd010000: id 0x00041192, vendor 0x41
<6>[    0.000000] VIC @fd020000: id 0x00041192, vendor 0x41
<6>[    0.000000] VIC @fd030000: id 0x00041192, vendor 0x41
<6>[    0.000000] mult[140737]
<6>[    0.000000] max_delta_ns[2147483647]
<6>[    0.000000] min_delta_ns[30517]
<6>[    0.000000] rate[32768]
<6>[    0.000000] HZ[256]
<4>[    0.000000] Console: colour dummy device 80x30
<6>[    0.000000] console [ttySAC2] enabled
<6>[    0.037676] Calibrating delay loop... 796.20 BogoMIPS (lpj=1556480)
<4>[    0.134498] Mount-cache hash table entries: 512
<6>[    0.144131] Initializing cgroup subsys debug
<6>[    0.154284] Initializing cgroup subsys cpuacct
<6>[    0.164438] Initializing cgroup subsys freezer
<6>[    0.174852] CPU: Testing write buffer coherency: ok
<0>[    0.193860] KERNEL:kernel_sec_get_debug_level_from_boot=0x574f4c44
<0>[    0.224057] KERNEL:magic_number=0x0 DEBUG LEVEL low!!
<0>[    0.253215] (kernel_sec_set_upload_cause) : upload_cause set 0
<6>[    0.279564] regulator: core version 0.5
<6>[    0.289716] NET: Registered protocol family 16
<4>[    0.313955] S5PC110 Hardware version : EVT1 
<4>[    0.317991] HWREV is 0xf
<4>[    0.332828] S3C Power Management, Copyright 2004 Simtec Electronics
<6>[    0.352745] S5PV210 Power Domain API Enable
<6>[    0.363523] S5PV210: Initializing architecture
<6>[    0.382007] S3C PL330-DMA Controller Driver, (c) 2008-2009 Samsung Electronics
<6>[    0.394244] Total 24 DMA channels will be initialized.
<4>[    0.407185] DMA: got clock for controller 0 and disabled 
<4>[    0.419759] DMA: got clock for controller 1 and disabled 
<4>[    0.432230] DMA: got clock for controller 2 and disabled 
<6>[    0.455295] s3c24xx-pwm s3c24xx-pwm.0: tin at 66700000, tdiv at 66700000, tin=divclk, base 0
<6>[    0.477424] s3c24xx-pwm s3c24xx-pwm.1: tin at 66700000, tdiv at 66700000, tin=divclk, base 8
<6>[    0.499293] s3c24xx-pwm s3c24xx-pwm.2: tin at 4168750, tdiv at 4168750, tin=divclk, base 12
<6>[    0.521162] s3c24xx-pwm s3c24xx-pwm.3: tin at 4168750, tdiv at 4168750, tin=divclk, base 16
<4>[    0.548186] bio: create slab <bio-0> at 0
<6>[    0.553783] vgaarb: loaded
<5>[    0.562296] SCSI subsystem initialized
<6>[    0.577111] s3c-i2c s3c2410-i2c.0: i2c-0: S3C I2C adapter
<6>[    0.591014] s3c-i2c s3c2410-i2c.1: i2c-1: S3C I2C adapter
<6>[    0.605098] s3c-i2c s3c2410-i2c.2: i2c-2: S3C I2C adapter
<6>[    0.614000] Bluetooth: Core ver 2.15
<6>[    0.624154] NET: Registered protocol family 31
<6>[    0.640035] Bluetooth: HCI device and connection manager initialized
<6>[    0.651490] Bluetooth: HCI socket layer initialized
<6>[    0.664768] Switching to clocksource clock_source_systimer
<6>[    0.683852] NET: Registered protocol family 2
<6>[    0.701554] IP route cache hash table entries: 4096 (order: 2, 16384 bytes)
<6>[    0.720872] TCP established hash table entries: 16384 (order: 5, 131072 bytes)
<6>[    0.737534] TCP bind hash table entries: 16384 (order: 6, 327680 bytes)
<6>[    0.753961] TCP: Hash tables configured (established 16384 bind 16384)
<6>[    0.760210] TCP reno registered
<6>[    0.770103] NET: Registered protocol family 1
<7>[    0.829385] [BT] rfkill_register(bt_rfk) 
<7>[    0.836933] [BT] Device Powering ON 
<7>[    0.843702] [BT] GPIO_BT_nRST = 0
<7>[    0.854116] [BT] bt_host_wake_irq_handler start
<4>[    0.860885] [BT] GPIO_WLAN_BT_EN = 1
<4>[    0.971193] [BT] GPIO_BT_nRST = 1
<7>[    0.979004] [BT] Device Powering OFF 
<7>[    0.989417] [BT] bt_host_wake_irq_handler start
<4>[    0.995405] [BT] GPIO_BT_nRST = 0
<4>[    1.002174] [BT] GPIO_WLAN_BT_EN = 0
<7>[    1.012588] [BT] bt_host_wake_irq_handler start
<4>[    1.023523] [BT] In the unblocked state of the sleep
<7>[    1.030292] [BT] GPIO_BT_WAKE = 0
<4>[    1.038622] [BT] wake_unlock(bt_wake_lock)
<4>[    1.049557] [BT] In the unblocked state of the sleep
<7>[    1.056326] [BT] GPIO_BT_WAKE = 0
<4>[    1.064657] [BT] wake_unlock(bt_wake_lock)
<4>[    1.076372] S5PC11X_FREQ_TAB=0 , S5PC11X_MAXFREQLEVEL=4
<6>[    1.090171] S5PV210 ADC driver, (c) 2010 Samsung Electronics
<4>[    1.101236] [ JACK_DRIVER (sec_jack_init,800) ] 
<6>[    1.111129] SEC JACK: Registering jack driver
<6>[    1.124927] input: sec_jack as /devices/virtual/input/input0
<4>[    1.143229] [ JACK_DRIVER (sec_jack_probe,676) ] sended isr send=0Xbe, ret =0
<4>[    1.159630] [ JACK_DRIVER (sec_jack_probe,695) ] det isr det=0X26, ret =0
<4>[    1.176553] NetWinder Floating Point Emulator V0.97 (extended precision)
<6>[    1.183817] ashmem: initialized
<6>[    1.211206] ROMFS MTD (C) 2007 Red Hat, Inc.
<6>[    1.219275] msgmni has been set to 401
<6>[    1.233620] alg: No test for cipher_null (cipher_null-generic)
<6>[    1.248200] alg: No test for ecb(cipher_null) (ecb-cipher_null)
<6>[    1.262519] alg: No test for digest_null (digest_null-generic)
<6>[    1.277879] alg: No test for compress_null (compress_null-generic)
<6>[    1.288397] alg: No test for stdrng (krng)
<6>[    1.350359] alg: No test for ghash (ghash-generic)
<6>[    1.358950] io scheduler noop registered
<6>[    1.369624] io scheduler anticipatory registered
<6>[    1.379257] io scheduler deadline registered
<6>[    1.390400] io scheduler cfq registered (default)
<4>[    1.398082] MDNIE  INIT ..........
<6>[    1.411358] S3C MDNIE Driver, (c) 2010 Samsung Electronics
<4>[    1.421721] MDNIE  INIT SUCCESS Addr : 0xe083c000
<4>[    1.427967] IELCD  INIT ..........
<6>[    1.441245] S3C IELCD Driver, (c) 2010 Samsung Electronics
<4>[    1.451583] IELCD  INIT SUCCESS Addr : 0xe0840000
<6>[    1.471240] s3cfb s3cfb: [fb0] dma: 0x43b04000, cpu: 0xe0c00000, size: 0x002ee000
<6>[    1.485636] FIMD src sclk = 166750000
<6>[    1.503858] s3cfb s3cfb: parent clock: 166750000, vclk: 25628040, vclk div: 7
<6>[    1.514532] s3cfb s3cfb: registered successfully
<6>[    1.724031] s5pv210-uart.0: s3c2410_serial0 at MMIO 0xe2900000 (irq = 16) is a S3C6400/10
<6>[    1.745560] s5pv210-uart.1: s3c2410_serial1 at MMIO 0xe2900400 (irq = 20) is a S3C6400/10
<6>[    1.766987] s5pv210-uart.2: s3c2410_serial2 at MMIO 0xe2900800 (irq = 24) is a S3C6400/10
<6>[    1.788361] s5pv210-uart.3: s3c2410_serial3 at MMIO 0xe2900c00 (irq = 28) is a S3C6400/10
<6>[    1.804920] brd: module loaded
<6>[    1.816114] loop: module loaded
<6>[    1.820539] pmem: 1 init
<6>[    1.827519] pmem_gpu1: 1 init
<6>[    1.834548] pmem_adsp: 1 init
<4>[    1.846809] [BIF:IN ] ++FSR_BML_Init(nFlag: 0x0)
<4>[    1.853837] [PAM:   ] ++FSR_PAM_Init
<4>[    1.870501] [PAM:   ]   OneNAND physical base address       : 0xb0000000
<4>[    1.886901] [PAM:   ]   OneNAND virtual  base address       : 0xe0880000
<4>[    1.901480] [PAM:   ]   OneNAND nMID=0xec : nDID=0x50 Page size=4
<4>[    1.908509] [PAM:   ] --FSR_PAM_Init
<4>[    1.921006] [BIF:   ]   FSR VERSION: FSR_1.2.1p1_b139_RTM
<4>[    1.943656] [OND:INF]   FSR_OND_4K_Open(nDev:0, pParam:0xc4c1de50, nFlag:0x00000000) / 1033 line
<4>[    1.956413]             pstOND4kCxt->nBaseAddr: 0xe0880000
<4>[    1.972034]             nDev=0, nMID=0x00ec, nDID=0x0050, nVID=0x013e
<4>[    1.986613] [OND:INF]   pstOND4kCxt->nSysConf1:0xf0c6 / 1116 line
<4>[    2.003014] [OND:INF]   pstOND4kCxt->nBlksForSLCArea[0]:2048 / 1133 line
<4>[    2.017594] [OND:INF]   pstOND4kCxt->nIntID   :0x0000 / 1236 line
<4>[    2.027747] [OND:INF]   1X_CACHEPGM CMD : 0x007f
<4>[    2.037901] [OND:INF]   1X_PLOAD    CMD : 0x0003
<4>[    2.056125] [BBM:INF]   Scan from 2004 to 2047 to find BML meta blocks (die: 0)
<4>[    2.059249] [BBM:INF]   ffff ffff ffff ffff ffff ffff ffff ffff ffff ffff 
<4>[    2.076171] [BBM:INF]   ffff ffff ffff ffff ffff ffff ffff ffff ffff ffff 
<4>[    2.093094] [BBM:INF]   ffff ffff ffff ffff ffff ffff ffff ffff ffff ffff 
<4>[    2.110016] [BBM:INF]   ffff ffff ffff ffff ffff ffff ffff ffff ffff ffff 
<4>[    2.126939] [BBM:INF]   a5a5 a5a5 ffff 
<4>[    2.177758] FSR: Registered TinyFSR Driver.
<6>[    2.193223] tl2796_probe::1124->s6e63m0 probed successfuly
<6>[    2.202855] PPP generic driver version 2.4.2
<6>[    2.215196] PPP Deflate Compression module registered
<6>[    2.226130] PPP BSD Compression module registered
<6>[    2.237716] PPP MPPE Compression module registered
<6>[    2.247869] NET: Registered protocol family 24
<6>[    2.256460] PPPoL2TP kernel driver, V1.0
<6>[    2.282234] SLIP: version 0.8.4-NET3.019-NEWTTY (dynamic channels, max=256) (6 bit encapsulation enabled).
<6>[    2.300979] CSLIP: code copyright 1989 Regents of the University of California.
<4>[    2.312955] [otg_clock_enable] clk_enable(otg_clock) OK.
<4>[    2.325191] [otg_clock_enable] clk_disable(otg_clock) OK.
<6>[    2.357214] s3c-udc : S3C HS USB OTG Device Driver, (c) 2008-2009 Samsung Electronics
<6>[    2.357226] s3c-udc : version 15 March 2009 (DMA Mode) 
<4>[    2.370908] [ADB_UMS_ACM_RNDIS_MTP] string_dev = 10003c49574a 
<4>[    2.390954] android_adb_ums_acm_rndis_mtp gadget: using random self ethernet address
<4>[    2.411001] android_adb_ums_acm_rndis_mtp gadget: using random host ethernet address
<6>[    2.420191] usb0: MAC da:28:05:be:81:a1
<6>[    2.429824] usb0: HOST MAC 32:5b:9a:1b:16:5e
<6>[    2.435291] acm_function_add
<6>[    2.441227] DUN is registerd
<6>[    2.455025] fsg_function_bind cdrom patch after fsg->nluns 2
<6>[    2.470386] android_adb_ums_acm_rndis_mtp gadget: Number of LUNs=2
<6>[    2.482361] shaman: mass_storage_function_add success
<6>[    2.487829] adb_function_add
<4>[    2.497617] [mtpg_function_bind] 	line = [891] 
<4>[    2.510114] [mtpg_function_bind] 	dual speed line = [958] 
<4>[    2.527817] ***** [mtpg_function_bind:975] calling mtp_function_enable with 0 
<4>[    2.540835] [mtp_function_enable] mtp_function => (disabled)
<4>[    2.554633] ****** mtp_function_enable and line 1267 null_desc 
<4>[    2.562443]   interface 0 = acm/c4fc10c0
<4>[    2.570254]   interface 1 = acm/c4fc10c0
<4>[    2.581448]   interface 2 = usb_mass_storage/df35a800
<4>[    2.589259]   interface 3 = adb/df356d00
<4>[    2.598892]   interface 4 = Gadget_MTP/df356f00
<4>[    2.607223]   interface 5 = rndis/c4fc1840
<4>[    2.615554]   interface 6 = rndis/c4fc1840
<6>[    2.626228] mass_storage_function_config_changed
<4>[    2.637423]   interface 0 = usb_mass_storage/df35a800
<6>[    2.659812] android_adb_ums_acm_rndis_mtp gadget: Android Composite USB, version: May 17 2011
<6>[    2.680119] android_adb_ums_acm_rndis_mtp gadget: android_adb_ums_acm_rndis_mtp ready
<6>[    2.696000] Registered gadget driver 'android_adb_ums_acm_rndis_mtp'
<4>[    2.707507] [udc_enable]AP_USB_Power off by Bootup : 1
<4>[    2.721566] mice: could not register psaux device, error: -16
<6>[    2.734063] mice: PS/2 mouse device common for all mice
<6>[    2.750049] input: s3c-keypad as /devices/virtual/input/input1
<4>[    2.756530] s3c-keypad Initialized
<6>[    2.762258] S3C Keypad Driver
<6>[    2.770355] i2c /dev entries driver
<6>[    2.787616] i2c-gpio i2c-gpio.4: using pins 247 (SDA) and 246 (SCL)
<6>[    2.803601] i2c-gpio i2c-gpio.5: using pins 203 (SDA) and 204 (SCL)
<6>[    2.814562] regulator: DCDC1: 750 <--> 1500 mV 
<6>[    2.825027] regulator: DCDC2: 750 <--> 1500 mV 
<6>[    2.833098] regulator: LDO4: 3300 mV 
<6>[    2.840908] regulator: LDO7: 1800 mV 
<6>[    2.851582] regulator: LDO17: 3000 <--> 3200 mV 
<6>[    2.867672] i2c-gpio i2c-gpio.6: using pins 206 (SDA) and 209 (SCL)
<4>[    2.875820] [FSA9480] fsa9480_codec_probe
<4>[    2.881496] fsa9480_interrupt
<4>[    2.931612] [FSA9480] FSA9480_ReadIntRegister
<6>[    2.947233] i2c-gpio i2c-gpio.7: using pins 201 (SDA) and 202 (SCL)
<6>[    2.962958] i2c-gpio i2c-gpio.8: using pins 42 (SDA) and 43 (SCL)
<6>[    2.979230] i2c-gpio i2c-gpio.11: using pins 114 (SDA) and 98 (SCL)
<6>[    2.995762] i2c-gpio i2c-gpio.12: using pins 173 (SDA) and 172 (SCL)
<4>[    3.010965] [FSA9480] FSA9480_ProcessDevice (dev1 : 0x0, dev2 : 0x0)
<6>[    3.021639] Linux video capture interface: v2.00
<6>[    3.028463] IPC probe success
<6>[    3.046164] mfc_init: <6>S5PC110 MFC Driver, (c) 2009 Samsung Electronics
<6>[    3.046175] 
<6>[    3.068269] S3C2410 Watchdog Timer, (c) 2004 Simtec Electronics
<6>[    3.089227] s3c2410-wdt s3c2410-wdt: watchdog inactive, reset disabled, irq enabled
<6>[    3.112734] device-mapper: ioctl: 4.15.0-ioctl (2009-04-01) initialised: dm-devel@redhat.com
<6>[    3.126012] device-mapper: multipath: version 1.1.0 loaded
<6>[    3.142413] device-mapper: multipath round-robin: version 1.0.0 loaded
<6>[    3.159075] device-mapper: multipath queue-length: version 0.1.0 loaded
<6>[    3.175737] device-mapper: multipath service-time: version 0.2.0 loaded
<6>[    3.185943] Bluetooth: HCI UART driver ver 2.2
<6>[    3.197138] Bluetooth: HCI H4 protocol initialized
<6>[    3.206250] cpuidle: using governor ladder
<6>[    3.214841] cpuidle: using governor menu
<6>[    3.230201] sdhci: Secure Digital Host Controller Interface driver
<6>[    3.240095] sdhci: Copyright(c) Pierre Ossman
<6>[    3.257277] s3c-sdhci s3c-sdhci.0: clock source 2: sclk_mmc (51307692 Hz)
<6>[    3.276206] mmc0: SDHCI controller on samsung-hsmmc [s3c-sdhci.0] using ADMA
<6>[    3.293387] s3c-sdhci s3c-sdhci.1: clock source 2: sclk_mmc (47642857 Hz)
<6>[    3.312160] mmc1: SDHCI controller on samsung-hsmmc [s3c-sdhci.1] using ADMA
<6>[    3.329341] s3c-sdhci s3c-sdhci.2: clock source 2: sclk_mmc (47642857 Hz)
<4>[    3.339471]  Universal :SD Detect configuration 
<7>[    3.347799]  Universal : Card status  0
<4>[    3.352746] fsa9480_interrupt
<4>[    3.362483] [FSA9480] FSA9480_ReadIntRegister
<6>[    3.380577] mmc2: SDHCI controller on samsung-hsmmc [s3c-sdhci.2] using ADMA
<7>[    3.397499] *** DEBUG : First we search for SDIO...(0)***
<6>[    3.408252] logger: created 512K log 'log_main'
<6>[    3.419915] logger: created 256K log 'log_events'
<7>[    3.431631] *** DEBUG : ...then normal SD...(0) ***
<6>[    3.447772] ldo38_control : turn ON LDO3 and LDO8 (cur_stat=0, req=1)
<4>[    3.459748] [otg_clock_enable] clk_enable(otg_clock) OK.
<4>[    3.471255] [udc_enable]AP_USB_Power off by Bootup : 1
<6>[    3.481929] logger: created 256K log 'log_radio'
<6>[    3.492603] logger: created 64K log 'log_system'
<4>[    3.501871] GP2A opt i2c attach success!!!
<7>[    3.513066] *** DEBUG : ...and finally MMC. (0)***
<4>[    3.528244] [FSA9480] FSA9480_ProcessDevice (dev1 : 0x4, dev2 : 0x0)
<4>[    3.534753] USB attach or detach: 1
<4>[    3.543083] FSA9480_DEV_TY1_USB --- ATTACH
<4>[    3.551154] opt_i2c_client : (0xdf367300)
<4>[    3.562349] [gp2a_opt_probe] CONFIG_GP2A_MODE_A INIT 
<4>[    3.644176] mmc0: switch to bus width 4 
<6>[    3.657193] mmc0: new high speed MMC card at address 0001
<6>[    3.690517] mmcblk0: mmc0:0001 M2G1DD 1.91 GiB 
<6>[    3.693641]  mmcblk0: p1 p2 p3
<7>[    3.726055] Another host want the wakelock : 2
<7>[    3.775103] *** DEBUG : First we search for SDIO...(1)***
<7>[    3.796998] *** DEBUG : ...then normal SD...(1) ***
<3>[    3.807412] i2c i2c-11: sendbytes: NAK bailout.
<7>[    3.832144] *** DEBUG : ...and finally MMC. (1)***
<7>[    3.854274] Another host want the wakelock : 1
<7>[    3.862605]  Universal : Card status  0
<7>[    3.915689] *** DEBUG : First we search for SDIO...(2)***
<7>[    3.941463] *** DEBUG : ...then normal SD...(2) ***
<6>[    4.072026] mmc2: new high speed SDHC card at address 0007
<4>[    4.078274] gp2a_opt_probe is OK!!
<4>[    4.081138] smb_init 
<6>[    4.091344] mmcblk1: mmc2:0007 SD04G 3.67 GiB 
<6>[    4.094468]  mmcblk1:smb_acc_start ....
<4>[    4.105611] yamaha_init
<4>[    4.106392]  p1 p2 <level device init
<4>[    4.113421]  p5
<6>[    4.129302] Advanced Linux Sound Architecture Driver Version 1.0.21.
<4>[    4.130083]  p6
<4>[    4.139456] No device for DAI WM8994 PAIFRX
<4>[    4.148047] No device for DAI WM8994 PCM
<4>[    4.149792]  p7 >
<4>[    4.160439] No device for DAI s3c-pcmdev
<7>[    4.170176] mmc2: wake_lock_timeout 1sec 0
<6>[    4.177205] WM8994 Audio Codec 0.1
<4>[    4.226150] s3c_preallocate_dma_buffer: VA-ff001000, PA-4F3E0000, 131072bytes
<4>[    4.243593] s3c_preallocate_dma_buffer: VA-ff021000, PA-4EC00000, 131072bytes
<6>[    4.256871] asoc: WM8994 PAIFRX <-> s3c64xx-i2s mapping ok
<4>[    4.265358] +++++++smdkc110_audio_init
<6>[    4.273275] WM8994 Audio Codec 0.1
<4>[    4.292121] s3c_preallocate_dma_buffer: VA-ff041000, PA-4EC20000, 131072bytes
<4>[    4.309564] s3c_preallocate_dma_buffer: VA-ff061000, PA-4EC40000, 131072bytes
<6>[    4.321801] asoc: WM8994 PCM <-> s3c-pcmdev mapping ok
<4>[    4.337187] ASoC: Failed to create codec register debugfs file
<4>[    4.348382] Failed to create pop time debugfs file
<4>[    4.359837] Failed to create DAPM debugfs directory
<4>[    4.367908] ----------smdkc110_audio_init
<6>[    4.373635] ALSA device list:
<6>[    4.380925]   #0: smdkc110 (WM8994)
<6>[    4.389256]   #1: smdkc110-pcm (WM8994)
<4>[    4.399409] Netfilter messages via NETLINK v0.30.
<4>[    4.413468] nf_conntrack version 0.5.0 (3214 buckets, 12856 max)
<4>[    4.432525] CONFIG_NF_CT_ACCT is deprecated and will be removed soon. Please use
<4>[    4.453093] nf_conntrack.acct=1 kernel parameter, acct=1 nf_conntrack module option or
<4>[    4.468453] sysctl net.netfilter.nf_conntrack_acct=1 to enable it.
<6>[    4.478346] xt_time: kernel timezone is -0000
<6>[    4.488864] IPv4 over IPv4 tunneling driver
<6>[    4.499069] GRE over IPv4 tunneling driver
<6>[    4.514378] ip_tables: (C) 2000-2006 Netfilter Core Team
<6>[    4.520886] TCP cubic registered
<6>[    4.531873] NET: Registered protocol family 10
<6>[    4.549733] IPv6 over IPv4 tunneling driver
<6>[    4.563505] NET: Registered protocol family 17
<6>[    4.573658] NET: Registered protocol family 15
<6>[    4.581469] Bluetooth: L2CAP ver 2.14
<6>[    4.593444] Bluetooth: L2CAP socket layer initialized
<6>[    4.603858] Bluetooth: SCO (Voice Link) ver 0.6
<6>[    4.615313] Bluetooth: SCO socket layer initialized
<6>[    4.626769] Bluetooth: RFCOMM TTY layer initialized
<6>[    4.639005] Bluetooth: RFCOMM socket layer initialized
<6>[    4.647075] Bluetooth: RFCOMM ver 1.11
<6>[    4.657229] NET: Registered protocol family 33
<6>[    4.667382] NET: Registered protocol family 35
<4>[    4.680920] S3C24XX RTC, (c) 2004,2006 Simtec 					Electronics
<6>[    4.692898] using rtc device, s3c, for alarms
<6>[    4.709038] s3c2410-rtc s3c2410-rtc: rtc core: registered s3c as rtc0
<6>[    4.716692] VFP support v0.3: implementor 41 architecture 3 part 30 variant c rev 2
<7>[    4.745251] qt602240_init Skip initialization in LPM Mode.
<6>[    4.768682] s3c2410-rtc s3c2410-rtc: setting system clock to 2011-05-17 12:30:31 UTC (1305635431)
<6>[    4.779905] FIMC0 registered successfully
<6>[    4.791048] FIMC1 registered successfully
<6>[    4.802086] FIMC2 registered successfully
<6>[    4.816404] S5PC1XX TVOUT Driver, (c) 2009 Samsung Electronics
<6>[    4.834734] s5p-tvout s5p-tvout: hpd status is cable removed
<6>[    4.867848] fg_read_vcell: VCELL=3878
<4>[    4.872273] [SOC] C:0, P:75
<4>[    4.897086] pmic interrupt registered 
<6>[    4.908462] Freeing init memory: 11348K
<4>[    4.920958] Warning: unable to open an initial console.
<3>[    4.937074] init: /recovery.rc: 226: invalid option 'enabled'
<4>[    4.962327] !@Init process: device_init #3
<4>[    5.404052] maxim_vac_disconnect: connect status skip
<3>[    5.445707] init: ro.secure:1
<3>[    5.463670] init: ro.allow.mock.location:0
<3>[    5.482414] init: ro.debuggable:1
<3>[    5.502200] init: persist.service.adb.enable:1
<3>[    5.526074] init: cannot open '/initlogo.rle'
<3>[    5.546120] init: ro.factorytest:0
<3>[    5.562002] init: ro.serialno:
<3>[    5.578664] init: ro.bootmode:unknown
<3>[    5.597148] init: ro.baseband:unknown
<3>[    5.615372] init: ro.carrier:unknown
<3>[    5.634117] init: ro.bootloader:unknown
<3>[    5.653383] init: ro.hardware:SMDKC110
<3>[    5.670826] init: ro.revision:48
<3>[    5.687488] init: dpm.allowcamera:0
<3>[    5.703369] init: ro.secure:0
<3>[    5.718469] init: ro.debugable:1
<3>[    5.737995] init: persist.service.adb.enable:1
<6>[    5.759603] init: command 'loglevel' r=0
<6>[    5.767674] init: command 'export' r=0
<6>[    5.775745] init: command 'export' r=0
<6>[    5.783815] init: command 'export' r=0
<6>[    5.791886] init: command 'export' r=0
<6>[    5.799957] init: command 'export' r=0
<6>[    5.808027] init: command 'export' r=0
<6>[    5.816098] init: command 'export' r=0
<6>[    5.824169] init: command 'export' r=0
<6>[    5.832239] init: command 'export' r=0
<6>[    5.840310] init: command 'export' r=0
<6>[    5.881525] init: command 'insmod' r=0
<4>[    5.897120] PA FB = 0x43B04000, bits per pixel = 32
<4>[    5.911957] screen width=480 height=800 va=0xd3b04000 pa=0x43b04000
<4>[    5.928881] Back frameBuffer[0].VAddr=d3c7b000 PAddr=43c7b000 size=1536000
<6>[    5.937863] init: command 'insmod' r=0
<6>[    5.953979] init: command 'insmod' r=0
<4>[    5.978242] [VIBETONZ:WJYOO] MISC_REGISTER nRet = 0
<6>[    5.988345] init: command 'insmod' r=0
<4>[    6.012400] fsr: module license 'Samsung Proprietary' taints kernel.
<4>[    6.025155] Disabling lock debugging due to kernel taint
<4>[    6.067099] [BIF:IN ] ++FSR_BML_Init(nFlag: 0x0)
<4>[    6.074126] [PAM:   ] ++FSR_PAM_Init
<4>[    6.090738] [PAM:   ]   OneNAND physical base address       : 0xb0000000
<4>[    6.107137] [PAM:   ]   OneNAND virtual  base address       : 0xe0980000
<4>[    6.127629] [PAM:   ]   OneNAND Controller DMA physical base address       : 0xb0600000
<4>[    6.147933] [PAM:   ]   OneNAND Controller DMA virtual  base address       : 0xe09c0000
<4>[    6.162513] [PAM:   ]   OneNAND nMID=0xec : nDID=0x50 Page size=4
<4>[    6.169542] [PAM:   ] --FSR_PAM_Init
<4>[    6.182038] [BIF:   ]   FSR VERSION: FSR_1.2.1p1_b139_RTM
<4>[    6.204689] [OND:INF]   FSR_OND_4K_Open(nDev:0, pParam:0xc4c1de00, nFlag:0x00000000) / 1033 line
<4>[    6.217445]             pstOND4kCxt->nBaseAddr: 0xe0980000
<4>[    6.233066]             nDev=0, nMID=0x00ec, nDID=0x0050, nVID=0x013e
<4>[    6.247645] [OND:INF]   pstOND4kCxt->nSysConf1:0xf0c6 / 1116 line
<4>[    6.264047] [OND:INF]   pstOND4kCxt->nBlksForSLCArea[0]:2048 / 1133 line
<4>[    6.278626] [OND:INF]   pstOND4kCxt->nIntID   :0x0000 / 1236 line
<4>[    6.288780] [OND:INF]   1X_CACHEPGM CMD : 0x007f
<4>[    6.298933] [OND:INF]   1X_PLOAD    CMD : 0x0003
<4>[    6.317158] [BBM:INF]   Scan from 2004 to 2047 to find BML meta blocks (die: 0)
<4>[    6.320282] [BBM:INF]   ffff ffff ffff ffff ffff ffff ffff ffff ffff ffff 
<4>[    6.337204] [BBM:INF]   ffff ffff ffff ffff ffff ffff ffff ffff ffff ffff 
<4>[    6.354126] [BBM:INF]   ffff ffff ffff ffff ffff ffff ffff ffff ffff ffff 
<4>[    6.371049] [BBM:INF]   ffff ffff ffff ffff ffff ffff ffff ffff ffff ffff 
<4>[    6.387971] [BBM:INF]   a5a5 a5a5 ffff 
<4>[    6.435276] [BBM:   ]  << DevNO:0, DieNO: 0 MAPPING INFORMATION >>
<4>[    6.444388] [BBM:   ]   Bad Mark Information
<4>[    6.457926] [BBM:   ]      - Bad Mark (0x2222) by erase error
<4>[    6.471464] [BBM:   ]      - Bad Mark (0x4444) by write error
<4>[    6.485522] [BBM:   ]   << Total : 0 BAD-MAPPING INFORMATION >>
<4>[    6.498019] [BIF:   ]   nPartition Information (nVol : 0)
<4>[    6.506350]             nVer : 0xffffffff
<4>[    6.526136]             00 / nID:0x09 / nAttr:0x00001002 / 1stVun:    0 / Units:    1
<4>[    6.545922]             01 / nID:0x00 / nAttr:0x00001002 / 1stVun:    1 / Units:    7
<4>[    6.565709]             02 / nID:0x01 / nAttr:0x00001001 / 1stVun:    8 / Units:  796
<4>[    6.585495]             03 / nID:0x20 / nAttr:0x00001101 / 1stVun:  804 / Units:  716
<4>[    6.605281]             04 / nID:0x21 / nAttr:0x00001101 / 1stVun: 1520 / Units:  372
<4>[    6.625067]             05 / nID:0x23 / nAttr:0x00001101 / 1stVun: 1892 / Units:   56
<4>[    6.644853]             06 / nID:0x24 / nAttr:0x00001001 / 1stVun: 1948 / Units:   56
<4>[    6.659172] [BBM:INF]   The registered blocks in ERL are handled
<4>[    6.668545] [BBM:INF]   (number of blocks: 0)
<4>[    6.681979] BML: Registered BML Driver.
<6>[    6.690937] init: command 'insmod' r=0
<4>[    6.734570] [BIF:IN ] ++FSR_BML_Init(nFlag: 0x0)
<4>[    6.756177] [BIF:   ]   FSR_BML_Init(nFlag:0x0, nRe:FSR_BML_ALREADY_INITIALIZED) / 1027 line
<4>[    6.768960] FSR: Registered STL Driver.
<6>[    6.777710] init: command 'insmod' r=0
<6>[    6.868387] init: command 'insmod' r=0
<6>[    6.934932] init: command 'insmod' r=0
<6>[    6.942740] init: command 'mkdir' r=0
<6>[    9.845084] fg_read_vcell: VCELL=3878
<6>[   14.845076] fg_read_vcell: VCELL=3878
<6>[   19.845092] fg_read_vcell: VCELL=3878
<6>[   23.248262] init: command 'mount' r=0
<6>[   23.256592] init: command 'symlink' r=0
<6>[   23.264923] init: command 'symlink' r=0
<6>[   23.272733] init: command 'mkdir' r=0
<6>[   23.280544] init: command 'mkdir' r=0
<6>[   23.288354] init: command 'mkdir' r=0
<6>[   23.296164] init: command 'mount' r=0
<6>[   23.303975] init: command 'mkdir' r=0
<6>[   23.311785] init: command 'mkdir' r=0
<6>[   23.319595] init: command 'mount' r=0
<6>[   23.327406] init: command 'mkdir' r=0
<6>[   23.347012] init: command 'insmod' r=0
<4>[   23.361068] [SIF:ERR]   The partition (PartID 21) is not opened
<4>[   23.371742] j4fs_fill_super 1258: Error(0x80040001)
<6>[   23.383458] init: command 'mount' r=-1
<6>[   23.392989] param_init
<3>[   23.403661] lfs_param_op: filp_open failed. (-2)
<3>[   23.441410] param_init(304): Loading parameters failed. Parameters have been initialized as default.
<6>[   23.476819] init: command 'insmod' r=0
<6>[   23.485149] init: command 'symlink' r=0
<6>[   23.493480] init: command 'mkdir' r=-17
<6>[   23.501290] init: command 'mkdir' r=0
<6>[   23.509100] init: command 'mkdir' r=0
<6>[   23.516911] init: command 'chown' r=0
<6>[   23.524721] init: command 'chmod' r=0
<6>[   23.532531] init: command 'mkdir' r=0
<6>[   23.540342] init: command 'mkdir' r=0
<6>[   23.548152] init: command 'mkdir' r=0
<6>[   23.555962] init: command 'mkdir' r=0
<6>[   23.563773] init: command 'mkdir' r=0
<6>[   23.571583] init: command 'mkdir' r=0
<6>[   23.579393] init: command 'mkdir' r=0
<4>[   23.594233] [FSA9480]connectivity_switching_init = switch_sel : 0x1
<6>[   23.609073] inside set_param_value1 idx = 4, value = -1051560012
<3>[   23.619747] lfs_param_op: filp_open failed. (-2)
<4>[   23.643438] [FSA9480_Enable_AP_USB] Enable AP USB
<4>[   23.657601] [ap_usb_power_on]AP USB Power ON, askon: 0, mtp : 0
<4>[   23.675304] !!!!!!!!!!! [ap_usb_power_on]AP samsung_kies_mtp_mode_flag0, mtp:0
<6>[   23.699933] inside set_param_value1 idx = 4, value = -1051560012
<3>[   23.710607] lfs_param_op: filp_open failed. (-2)
<4>[   23.737683] [USB] enable_adb - enable(0x01), prev_status(0x00)
<4>[   23.743931] Here is enable_adb@@@@
<4>[   23.753304] [enable_adb]USBSTATUS_SAMSUNG_KIES
<6>[   23.761635] acm_function_config_changed
<6>[   23.769966] mtp_function_config_changed
<4>[   23.777776]   interface 0 = acm/c4fc10c0
<4>[   23.785586]   interface 1 = acm/c4fc10c0
<4>[   23.795219]   interface 2 = Gadget_MTP/df356f00
<4>[   23.809069] [ap_usb_power_on]AP USB Power ON, askon: 0, mtp : 0
<4>[   23.826773] !!!!!!!!!!! [ap_usb_power_on]AP samsung_kies_mtp_mode_flag0, mtp:0
<6>[   23.841613] inside set_param_value1 idx = 4, value = -1051560012
<3>[   23.852287] lfs_param_op: filp_open failed. (-2)
<4>[   23.880664] [FSA9480]connectivity_switching_init = switch_sel : 0x5
<6>[   23.888475] init: command 'mkdir' r=0
<6>[   23.896285] init: command 'mount' r=0
<6>[   23.904095] init: command 'write' r=0
<6>[   23.911906] init: command 'write' r=0
<6>[   23.919716] init: command 'write' r=0
<6>[   23.927527] init: command 'write' r=0
<6>[   23.935337] init: command 'write' r=0
<6>[   23.943147] init: command 'write' r=0
<6>[   23.950958] init: command 'write' r=0
<6>[   23.958768] init: command 'mkdir' r=0
<6>[   23.966578] init: command 'mount' r=0
<6>[   23.974389] init: command 'chown' r=0
<6>[   23.982199] init: command 'chown' r=0
<6>[   23.990009] init: command 'chmod' r=0
<6>[   23.998340] init: command 'write' r=-22
<6>[   24.006151] init: command 'mkdir' r=0
<6>[   24.013961] init: command 'chown' r=0
<6>[   24.021771] init: command 'chmod' r=0
<6>[   24.029582] init: command 'write' r=0
<6>[   24.037392] init: command 'mkdir' r=0
<6>[   24.045202] init: command 'chown' r=0
<6>[   24.053013] init: command 'chmod' r=0
<6>[   24.060823] init: command 'write' r=0
<6>[   24.068633] init: command 'exec' r=-1
<6>[   24.076444] init: command 'mkdir' r=0
<6>[   24.084254] init: command 'chown' r=0
<6>[   24.092064] init: command 'chmod' r=0
<6>[   24.099875] init: command 'copy' r=-1
<6>[   24.107945] init: command 'chown' r=-2
<6>[   24.116016] init: command 'chmod' r=-2
<6>[   24.123826] init: command 'copy' r=-1
<6>[   24.131897] init: command 'chown' r=-2
<6>[   24.139968] init: command 'chmod' r=-2
<6>[   24.148038] init: command 'write' r=-2
<6>[   24.156109] init: command 'chown' r=-2
<6>[   24.164180] init: command 'chmod' r=-2
<4>[   24.182664] [SIF:ERR]   Invalid Partition ID (PartID 1) - FSR_STL_PARTID (20-35)
<4>[   24.200628] LinuStoreIII_NERR: stl_block_open[666] STL: open error = 80030002
<4>[   24.200639] 
<6>[   24.208699] init: command 'mount' r=-1
<6>[   24.216509] init: command 'chown' r=0
<6>[   24.224319] init: command 'chmod' r=0
<6>[   24.232130] init: command 'chown' r=0
<6>[   24.239940] init: command 'chmod' r=0
<6>[   24.247751] init: command 'chmod' r=0
<6>[   24.255561] init: command 'chmod' r=0
<6>[   24.263632] init: command 'chmod' r=-2
<3>[   24.273213] init: ro.build.id:FROYO
<3>[   24.294300] init: ro.build.display.id:FROYO.XXJPX
<3>[   24.319814] init: ro.build.version.incremental:XXJPX
<3>[   24.342985] init: ro.build.version.sdk:8
<3>[   24.364854] init: ro.build.version.codename:REL
<3>[   24.388805] init: ro.build.version.release:2.2.1
<3>[   24.417183] init: ro.build.date:2010. 12. 17. (ê¸ˆ) 17:06:56 KST
<3>[   24.445040] init: ro.build.date.utc:1292573216
<3>[   24.465607] init: ro.build.type:user
<3>[   24.483571] init: ro.build.user:root
<3>[   24.502055] init: ro.build.host:sep-60
<3>[   24.522623] init: ro.build.tags:release-keys
<3>[   24.544492] init: ro.product.model:GT-I9000
<3>[   24.565840] init: ro.product.brand:samsung
<3>[   24.586928] init: ro.product.name:GT-I9000
<3>[   24.608536] init: ro.product.device:GT-I9000
<3>[   24.630405] init: ro.product.board:GT-I9000
<3>[   24.653316] init: ro.product.cpu.abi:armeabi-v7a
<3>[   24.676747] init: ro.product.cpu.abi2:armeabi
<3>[   24.700438] init: ro.product.manufacturer:samsung
<3>[   24.724650] init: ro.product.locale.language:en
<3>[   24.747821] init: ro.product.locale.region:GB
<3>[   24.767867] init: ro.wifi.channels:
<3>[   24.787393] init: ro.board.platform:s5pc110
<3>[   24.809002] init: ro.build.product:GT-I9000
<3>[   24.841024] init: ro.build.description:GT-I9000-user 2.2.1 FROYO XXJPX release-keys
<6>[   24.871745] fg_read_vcell: VCELL=3878
<3>[   24.898300] init: ro.build.fingerprint:samsung/GT-I9000/GT-I9000/GT-I9000:2.2.1/FROYO/XXJPX:user/release-keys
<3>[   24.936571] init: ro.build.PDA:I9000XXJPX
<3>[   24.958960] init: ro.build.hidden_ver:I9000XXJPX
<3>[   24.982131] init: ro.build.changelist:787513
<3>[   25.003219] init: ro.tether.denied:false
<3>[   25.027431] init: rild.libpath:/system/lib/libsec-ril.so
<3>[   25.052685] init: rild.libargs:-d /dev/ttyS0
<3>[   25.073512] init: ro.sf.lcd_density:240
<3>[   25.093298] init: dalvik.vm.heapsize:48m
<3>[   25.115948] init: dalvik.vm.execution-mode:int:jit
<3>[   25.139640] init: ro.opengles.version:131072
<3>[   25.163331] init: windowsmgr.max_events_per_sec:55
<3>[   25.188585] init: keyinputqueue.use_finger_id:true
<3>[   25.214879] init: media.stagefright.enable-player:true
<3>[   25.241695] init: media.stagefright.enable-meta:true
<3>[   25.267990] init: media.stagefright.enable-scan:true
<3>[   25.294285] init: media.stagefright.enable-http:true
<3>[   25.319017] init: keyguard.no_require_sim:true
<3>[   25.344792] init: ro.config.ringtone:01_Samsung_tune.ogg
<3>[   25.374471] init: ro.config.notification_sound:01_Sherbet.ogg
<3>[   25.404150] init: ro.config.alarm_alert:Good_Morning.ogg
<3>[   25.429404] init: ro.opengles.version:131072
<3>[   25.449710] init: net.bt.name:Android
<3>[   25.468976] init: net.change:net.bt.name
<3>[   25.495531] init: dalvik.vm.stack-trace-file:/data/anr/traces.txt
<3>[   25.537447] init: ro.url.legal:http://www.google.com/intl/%s/mobile/android/basic/phone-legal.html
<3>[   25.590817] init: ro.url.legal.android_privacy:http://www.google.com/intl/%s/mobile/android/basic/privacy.html
<3>[   25.631691] init: ro.com.google.locationfeatures:1
<3>[   25.655904] init: ro.setupwizard.mode:DISABLED
<3>[   25.682719] init: ro.com.google.clientidbase:android-samsung
<3>[   25.713960] init: ro.com.google.clientidbase.yt:android-samsung
<3>[   25.745983] init: ro.com.google.clientidbase.am:android-samsung
<3>[   25.778005] init: ro.com.google.clientidbase.vs:android-samsung
<3>[   25.810288] init: ro.com.google.clientidbase.gmm:android-samsung
<3>[   25.838926] init: ro.com.google.gmsversion:2.2_r8
<3>[   25.873292] init: Unable to open persistent property directory /data/property errno: 2
<6>[   25.920935] init: Created socket '/dev/socket/property_service' with mode '666', user '0', group '0'
<6>[   26.058138] init: processing action 0x2ff48 (boot)
<4>[   26.064905] [UART Switch] Path : PDA
<6>[   26.079745] inside set_param_value1 idx = 4, value = -1051560012
<3>[   26.090419] lfs_param_op: filp_open failed. (-2)
<6>[   26.111767] init: command 'write' r=0
<4>[   26.118276] [FSA9480]usb_sel_store
<4>[   26.118283]  [FSA9480] usb_switch_mode: Path = PDA
<4>[   26.138582] [FSA9480_Enable_AP_USB] Enable AP USB
<4>[   26.152745] [ap_usb_power_on]AP USB Power ON, askon: 0, mtp : 0
<4>[   26.170449] !!!!!!!!!!! [ap_usb_power_on]AP samsung_kies_mtp_mode_flag0, mtp:0
<6>[   26.195077] inside set_param_value1 idx = 4, value = -1051560012
<3>[   26.205752] lfs_param_op: filp_open failed. (-2)
<6>[   26.227100] init: command 'write' r=0
<6>[   26.234728] init: command 'ifup' r=0
<6>[   26.243319] init: command 'hostname' r=0
<6>[   26.252431] init: command 'domainname' r=0
<6>[   26.261283] init: command 'setrlimit' r=0
<3>[   26.270135] init: ro.FOREGROUND_APP_ADJ:0
<6>[   26.290181] init: command 'setprop' r=0
<3>[   26.298252] init: ro.VISIBLE_APP_ADJ:1
<6>[   26.317518] init: command 'setprop' r=0
<3>[   26.326890] init: ro.SECONDARY_SERVER_ADJ:2
<6>[   26.347457] init: command 'setprop' r=0
<3>[   26.355268] init: ro.BACKUP_APP_ADJ:2
<6>[   26.374273] init: command 'setprop' r=0
<3>[   26.381562] init: ro.HOME_APP_ADJ:4
<6>[   26.400047] init: command 'setprop' r=0
<3>[   26.408898] init: ro.HIDDEN_APP_MIN_ADJ:7
<6>[   26.428945] init: command 'setprop' r=0
<3>[   26.438578] init: ro.CONTENT_PROVIDER_ADJ:14
<6>[   26.459406] init: command 'setprop' r=0
<3>[   26.467216] init: ro.EMPTY_APP_ADJ:15
<6>[   26.486221] init: command 'setprop' r=0
<3>[   26.495854] init: ro.FOREGROUND_APP_MEM:1536
<6>[   26.516681] init: command 'setprop' r=0
<3>[   26.525533] init: ro.VISIBLE_APP_MEM:2048
<6>[   26.545580] init: command 'setprop' r=0
<3>[   26.555733] init: ro.SECONDARY_SERVER_MEM:4096
<6>[   26.577081] init: command 'setprop' r=0
<3>[   26.585673] init: ro.BACKUP_APP_MEM:4096
<6>[   26.605459] init: command 'setprop' r=0
<3>[   26.613529] init: ro.HOME_APP_MEM:4096
<6>[   26.632795] init: command 'setprop' r=0
<3>[   26.641386] init: ro.HIDDEN_APP_MEM:5120
<6>[   26.661173] init: command 'setprop' r=0
<3>[   26.671326] init: ro.CONTENT_PROVIDER_MEM:5632
<6>[   26.692674] init: command 'setprop' r=0
<3>[   26.701005] init: ro.EMPTY_APP_MEM:6144
<6>[   26.720531] init: command 'setprop' r=0
<3>[   26.728342] init: wifi.interface:eth0
<6>[   26.747347] init: command 'setprop' r=0
<3>[   26.762187] init: ro.bt.bdaddr_path:/data/misc/bluetooth/bt_addr
<6>[   26.788221] init: command 'setprop' r=0
<6>[   26.796032] init: command 'write' r=0
<6>[   26.803842] init: command 'write' r=0
<6>[   26.811652] init: command 'write' r=0
<6>[   26.819462] init: command 'write' r=0
<6>[   26.827273] init: command 'write' r=0
<6>[   26.835083] init: command 'write' r=0
<6>[   26.842893] init: command 'write' r=0
<6>[   26.850964] init: command 'chown' r=-2
<6>[   26.859035] init: command 'chown' r=-2
<6>[   26.867106] init: command 'chown' r=-2
<6>[   26.875176] init: command 'chown' r=-2
<6>[   26.883247] init: command 'chown' r=-2
<6>[   26.891057] init: command 'chown' r=0
<6>[   26.898867] init: command 'chown' r=0
<6>[   26.906678] init: command 'chown' r=0
<6>[   26.914488] init: command 'chmod' r=0
<6>[   26.922298] init: command 'chmod' r=0
<6>[   26.930109] init: command 'chmod' r=0
<6>[   26.937919] init: command 'chown' r=0
<6>[   26.945990] init: command 'chown' r=-2
<6>[   26.953800] init: command 'chown' r=0
<6>[   26.961871] init: command 'chown' r=-2
<6>[   26.969942] init: command 'chown' r=-2
<6>[   26.978012] init: command 'chown' r=-2
<6>[   26.986083] init: command 'chown' r=-2
<6>[   26.994154] init: command 'chown' r=-2
<6>[   27.002224] init: command 'chown' r=-2
<6>[   27.010295] init: command 'chown' r=-2
<6>[   27.018366] init: command 'chown' r=-2
<6>[   27.026436] init: command 'chown' r=-2
<6>[   27.034507] init: command 'chown' r=-2
<6>[   27.042578] init: command 'chown' r=-2
<6>[   27.050648] init: command 'chown' r=-2
<6>[   27.058719] init: command 'chown' r=-2
<6>[   27.066790] init: command 'chown' r=-2
<6>[   27.074600] init: command 'chown' r=0
<6>[   27.082411] init: command 'chown' r=0
<6>[   27.090221] init: command 'chown' r=0
<6>[   27.098031] init: command 'chown' r=0
<6>[   27.105842] init: command 'chown' r=0
<6>[   27.113652] init: command 'chown' r=0
<6>[   27.121462] init: command 'chown' r=0
<6>[   27.129273] init: command 'chown' r=0
<6>[   27.137083] init: command 'chown' r=0
<6>[   27.144893] init: command 'chown' r=0
<6>[   27.152704] init: command 'chmod' r=0
<6>[   27.160514] init: command 'chown' r=0
<6>[   27.168324] init: command 'chmod' r=0
<6>[   27.176135] init: command 'chown' r=0
<6>[   27.183945] init: command 'chmod' r=0
<6>[   27.191755] init: command 'chown' r=0
<6>[   27.199566] init: command 'chmod' r=0
<3>[   27.218571] init: net.tcp.buffersize.default:4096,87380,110208,4096,16384,110208
<3>[   27.252936] init: net.change:net.tcp.buffersize.default
<6>[   27.276628] init: command 'setprop' r=0
<3>[   27.294852] init: net.tcp.buffersize.wifi:4095,87380,110208,4096,16384,110208
<3>[   27.327655] init: net.change:net.tcp.buffersize.wifi
<6>[   27.350566] init: command 'setprop' r=0
<3>[   27.368790] init: net.tcp.buffersize.umts:4094,87380,110208,4096,16384,110208
<3>[   27.401593] init: net.change:net.tcp.buffersize.umts
<6>[   27.424504] init: command 'setprop' r=0
<3>[   27.442207] init: net.tcp.buffersize.edge:4093,26280,35040,4096,16384,35040
<3>[   27.474490] init: net.change:net.tcp.buffersize.edge
<6>[   27.497400] init: command 'setprop' r=0
<3>[   27.514583] init: net.tcp.buffersize.gprs:4092,8760,11680,4096,8760,11680
<3>[   27.546345] init: net.change:net.tcp.buffersize.gprs
<6>[   27.569255] init: command 'setprop' r=0
<6>[   27.580295] init: command 'chmod' r=0
<6>[   27.588105] init: command 'chmod' r=0
<6>[   27.595915] init: command 'chmod' r=0
<6>[   27.603725] init: command 'chmod' r=0
<6>[   27.611535] init: command 'chmod' r=0
<6>[   27.619346] init: command 'chmod' r=0
<6>[   27.627156] init: command 'chmod' r=0
<6>[   27.635227] init: command 'chmod' r=-2
<6>[   27.643297] init: command 'chown' r=-2
<6>[   27.651368] init: command 'chown' r=-2
<6>[   27.659178] init: command 'chown' r=0
<6>[   27.667249] init: command 'chmod' r=-2
<6>[   27.675320] init: command 'chmod' r=-2
<6>[   27.683130] init: command 'chown' r=0
<6>[   27.690941] init: command 'chmod' r=0
<6>[   27.698751] init: command 'chown' r=0
<6>[   27.706561] init: command 'chmod' r=0
<6>[   27.714372] init: command 'chmod' r=0
<6>[   27.722182] init: command 'chmod' r=0
<6>[   27.729992] init: command 'chown' r=0
<6>[   27.737803] init: command 'chown' r=0
<6>[   27.745873] init: command 'chown' r=-2
<6>[   27.753944] init: command 'chmod' r=-2
<5>[   27.761494] init: starting 'console'
<3>[   27.770606] init: init.svc.console:running
<5>[   27.790654] init: starting 'recovery'
<3>[   27.803931] init: init.svc.recovery:running
<5>[   27.823197] init: starting 'adbd'
<3>[   27.835433] init: init.svc.adbd:running
<6>[   27.864852] warning: `adbd' uses 32-bit capabilities (legacy support in use)
<6>[   27.878129] init: command 'class_start' r=0
<6>[   27.883857] enabling adb
<4>[   27.897394] [USB] enable_adb - enable(0x10), prev_status(0x01)
<4>[   27.903643] Here is enable_adb@@@@
<4>[   27.910672] [enable_adb]USBSTATUS_ADB
<6>[   27.919003] acm_function_config_changed
<6>[   27.929677] mass_storage_function_config_changed
<6>[   27.938008] adb_function_config_changed
<4>[   27.945819]   interface 0 = acm/c4fc10c0
<4>[   27.953629]   interface 1 = acm/c4fc10c0
<4>[   27.964824]   interface 2 = usb_mass_storage/df35a800
<4>[   27.972634]   interface 3 = adb/df356d00
<4>[   27.986485] [ap_usb_power_on]AP USB Power ON, askon: 0, mtp : 0
<4>[   28.004188] !!!!!!!!!!! [ap_usb_power_on]AP samsung_kies_mtp_mode_flag0, mtp:0
<6>[   28.023975] init: processing action 0x311f0 (property:persist.service.adb.enable=1)
<6>[   28.031785] init: command 'start' r=0
<6>[   28.050009] init: make_device '/dev/pvrsrvkm' block 0, major 240, minor 0 r=0
<6>[   28.067712] init: make_device '/dev/s3c_bc' block 0, major 253, minor 0 r=0
<6>[   28.085416] init: make_device '/dev/tspdrv' block 0, major 10, minor 43 r=0
<6>[   28.105436] init: make_device '/dev/block/bml0!c' block 1, major 137, minor 0 r=0
<6>[   28.126108] init: make_device '/dev/block/bml1' block 1, major 137, minor 1 r=0
<6>[   28.144853] init: make_device '/dev/block/bml2' block 1, major 137, minor 2 r=0
<6>[   28.191143] init: make_device '/dev/block/bml3' block 1, major 137, minor 3 r=0
<6>[   28.226316] init: make_device '/dev/block/bml4' block 1, major 137, minor 4 r=0
<6>[   28.261437] init: make_device '/dev/block/bml5' block 1, major 137, minor 5 r=0
<6>[   28.300540] init: make_device '/dev/block/bml6' block 1, major 137, minor 6 r=0
<6>[   28.335660] init: make_device '/dev/block/bml7' block 1, major 137, minor 7 r=0
<6>[   28.374764] init: make_device '/dev/block/stl1' block 1, major 138, minor 1 r=0
<6>[   28.409937] init: make_device '/dev/block/stl2' block 1, major 138, minor 2 r=0
<6>[   28.448937] init: make_device '/dev/block/stl3' block 1, major 138, minor 3 r=0
<6>[   28.476325] init: make_device '/dev/block/stl4' block 1, major 138, minor 4 r=0
<6>[   28.519282] init: make_device '/dev/block/stl5' block 1, major 138, minor 5 r=0
<6>[   28.557839] init: make_device '/dev/block/stl6' block 1, major 138, minor 6 r=0
<6>[   28.593454] init: make_device '/dev/block/stl7' block 1, major 138, minor 7 r=0
<6>[   29.864613] fg_read_vcell: VCELL=3878
<4>[   32.243122] fsa9480_interrupt
<4>[   32.252232] [FSA9480] FSA9480_ReadIntRegister
<4>[   32.312736] [FSA9480] FSA9480_ProcessDevice (dev1 : 0x4, dev2 : 0x0)
<4>[   32.319245] USB attach or detach: 2
<4>[   32.327603] FSA9480_DEV_TY1_USB --- DETACH
<4>[   32.339838] [otg_clock_enable] clk_disable(otg_clock) OK.
<6>[   32.356241] ldo38_control : turn OFF LDO3 and LDO8 (cur_stat=1, req=1)
<4>[   32.768861] Power off cause charger removed in LPM mode
<6>[   32.777843] fg_read_vcell: VCELL=3878
<4>[   34.807647] fsa9480_interrupt
<4>[   34.816759] [FSA9480] FSA9480_ReadIntRegister
<6>[   34.879659] ldo38_control : turn ON LDO3 and LDO8 (cur_stat=0, req=1)
<4>[   34.891634] [otg_clock_enable] clk_enable(otg_clock) OK.
<3>[   34.915352] init: sys_prop: permission denied uid:2000  name:adb.connected
<4>[   34.951019] [FSA9480] FSA9480_ProcessDevice (dev1 : 0x4, dev2 : 0x0)
<4>[   34.957527] USB attach or detach: 1
<4>[   34.965858] FSA9480_DEV_TY1_USB --- ATTACH
<4>[   34.976012] [FSA9480] usb_switch_mode: Path = PDA
<4>[   34.986165] [FSA9480_Enable_AP_USB] Enable AP USB
<4>[   35.000302] [ap_usb_power_on]AP USB Power ON, askon: 0, mtp : 0
<4>[   35.018005] !!!!!!!!!!! [ap_usb_power_on]AP samsung_kies_mtp_mode_flag0, mtp:0
<4>[   35.079082] PKD:: OTG core got reset!!! 
<6>[   35.111001] fg_read_vcell: VCELL=3878
<4>[   35.470901] acm_disconnected
<4>[   35.779879] [USB:UMS] fsg_function_setup, return to PC fsg->nluns=2
<4>[   35.792427] printk:do_inquiry fsg->cdrom 0 curlun->id 0
<4>[   35.804143] printk:do_inquiry fsg->cdrom 0 curlun->id 0
<4>[   35.826038] printk:do_inquiry fsg->cdrom 0 curlun->id 1
<4>[   35.837909] printk:do_inquiry fsg->cdrom 0 curlun->id 1
<4>[   37.504585] printk:do_inquiry fsg->cdrom 0 curlun->id 0
<4>[   37.516326] printk:do_inquiry fsg->cdrom 0 curlun->id 0
<4>[   37.538664] printk:do_inquiry fsg->cdrom 0 curlun->id 1
<4>[   37.550431] printk:do_inquiry fsg->cdrom 0 curlun->id 1
<6>[   40.110688] fg_read_vcell: VCELL=3878
<6>[   45.110636] fg_read_vcell: VCELL=3878
<6>[   50.110714] fg_read_vcell: VCELL=3878
<3>[   54.476931] init: sys_prop: permission denied uid:2000  name:adb.connected
<6>[   55.110715] fg_read_vcell: VCELL=3878
<6>[   60.110715] fg_read_vcell: VCELL=3878
<3>[   62.054449] init: service.adb.root:1
<4>[   63.075209] [USB] enable_adb - enable(0x00), prev_status(0x10)
<4>[   63.081457] Here is enable_adb@@@@
<4>[   63.088486] [enable_adb]USBSTATUS_UMS
<4>[   63.108273] [USB] enable_adb - prev_status(0x10), prev_status_before_adb setting(0x01)
<4>[   63.117645] [enable_adb]USBSTATUS_SAMSUNG_KIES
<6>[   63.125976] acm_function_config_changed
<6>[   63.134307] mtp_function_config_changed
<4>[   63.142117]   interface 0 = acm/c4fc10c0
<4>[   63.149928]   interface 1 = acm/c4fc10c0
<4>[   63.159561]   interface 2 = Gadget_MTP/df356f00
<4>[   63.173359] [ap_usb_power_on]AP USB Power ON, askon: 0, mtp : 0
<4>[   63.191062] !!!!!!!!!!! [ap_usb_power_on]AP samsung_kies_mtp_mode_flag0, mtp:0
<6>[   63.205513] init: waitpid returned pid 2254, status = 00000100
<5>[   63.216448] init: process 'adbd', pid 2254 exited
<5>[   63.232849] init: process 'adbd' killing any children in process group
<3>[   63.241961] init: init.svc.adbd:restarting
<5>[   63.260706] init: starting 'adbd'
<3>[   63.269038] init: init.svc.adbd:running
<6>[   63.284919] enabling adb
<4>[   63.298457] [USB] enable_adb - enable(0x10), prev_status(0x01)
<4>[   63.304705] Here is enable_adb@@@@
<4>[   63.311734] [enable_adb]USBSTATUS_ADB
<6>[   63.320065] acm_function_config_changed
<6>[   63.330739] mass_storage_function_config_changed
<6>[   63.339071] adb_function_config_changed
<4>[   63.346881]   interface 0 = acm/c4fc10c0
<4>[   63.354691]   interface 1 = acm/c4fc10c0
<4>[   63.365886]   interface 2 = usb_mass_storage/df35a800
<4>[   63.373696]   interface 3 = adb/df356d00
<4>[   63.387495] [ap_usb_power_on]AP USB Power ON, askon: 0, mtp : 0
<4>[   63.405198] !!!!!!!!!!! [ap_usb_power_on]AP samsung_kies_mtp_mode_flag0, mtp:0
<3>[   63.417461] init: adb.connected:
<4>[   63.592022] PKD:: OTG core got reset!!! 
<4>[   64.922176] acm_disconnected
<6>[   65.110718] fg_read_vcell: VCELL=3878
<4>[   65.193300] [USB:UMS] fsg_function_setup, return to PC fsg->nluns=2
<4>[   65.205927] printk:do_inquiry fsg->cdrom 0 curlun->id 0
<4>[   65.217983] printk:do_inquiry fsg->cdrom 0 curlun->id 0
<4>[   65.239877] printk:do_inquiry fsg->cdrom 0 curlun->id 1
<4>[   65.251879] printk:do_inquiry fsg->cdrom 0 curlun->id 1
<3>[   65.469894] init: adb.connected:1
<4>[   66.937903] printk:do_inquiry fsg->cdrom 0 curlun->id 0
<4>[   66.950008] printk:do_inquiry fsg->cdrom 0 curlun->id 0
<4>[   66.971305] printk:do_inquiry fsg->cdrom 0 curlun->id 1
<4>[   66.983384] printk:do_inquiry fsg->cdrom 0 curlun->id 1
<6>[   70.110989] fg_read_vcell: VCELL=3878
<6>[   75.111146] fg_read_vcell: VCELL=3878
<6>[   80.111117] fg_read_vcell: VCELL=3878
<6>[   85.111091] fg_read_vcell: VCELL=3878
<6>[   90.111092] fg_read_vcell: VCELL=3878
<6>[   95.111065] fg_read_vcell: VCELL=3878
<6>[  100.111091] fg_read_vcell: VCELL=3878
<6>[  105.110990] fg_read_vcell: VCELL=3878
<6>[  110.111067] fg_read_vcell: VCELL=3878
<6>[  115.110993] fg_read_vcell: VCELL=3878
<6>[  120.111042] fg_read_vcell: VCELL=3878
<6>[  125.111018] fg_read_vcell: VCELL=3878
<6>[  130.111178] fg_read_vcell: VCELL=3878
<6>[  135.111071] fg_read_vcell: VCELL=3878
<6>[  140.110970] fg_read_vcell: VCELL=3878
<6>[  145.110997] fg_read_vcell: VCELL=3878
<6>[  150.111126] fg_read_vcell: VCELL=3878
<6>[  155.111049] fg_read_vcell: VCELL=3878
<6>[  160.111125] fg_read_vcell: VCELL=3878
<6>[  165.111126] fg_read_vcell: VCELL=3878
<6>[  170.111048] fg_read_vcell: VCELL=3878
<6>[  175.111074] fg_read_vcell: VCELL=3878
<6>[  180.111126] fg_read_vcell: VCELL=3878
<6>[  185.111128] fg_read_vcell: VCELL=3878
<6>[  190.111310] fg_read_vcell: VCELL=3878
<6>[  195.111128] fg_read_vcell: VCELL=3878
<6>[  200.111128] fg_read_vcell: VCELL=3878
<6>[  205.111103] fg_read_vcell: VCELL=3878
<6>[  210.111103] fg_read_vcell: VCELL=3878
<6>[  215.111129] fg_read_vcell: VCELL=3878
<6>[  220.111051] fg_read_vcell: VCELL=3878
<6>[  225.111053] fg_read_vcell: VCELL=3878
<6>[  230.111080] fg_read_vcell: VCELL=3878
<6>[  235.111054] fg_read_vcell: VCELL=3878
<6>[  240.111081] fg_read_vcell: VCELL=3878
<6>[  245.111055] fg_read_vcell: VCELL=3878
<6>[  250.111239] fg_read_vcell: VCELL=3878
<6>[  255.111107] fg_read_vcell: VCELL=3878
<6>[  260.111055] fg_read_vcell: VCELL=3878
<6>[  265.111109] fg_read_vcell: VCELL=3878
