<6>[    0.000000] Initializing cgroup subsys cpu
<5>[    0.000000] Linux version 2.6.32.9 (nbates66@archlaptop) (gcc version 4.5.1 (Sourcery G++ Lite 2010.09-50) ) #1 Wed May 25 12:50:08 EST 2011
<4>[    0.000000] CPU: ARMv7 Processor [412fc082] revision 2 (ARMv7), cr=10c53c7f
<4>[    0.000000] CPU: VIPT nonaliasing data cache, VIPT nonaliasing instruction cache
<4>[    0.000000] Machine: SMDKC110
<4>[    0.000000] Ignoring unrecognised tag 0x54410009
<4>[    0.000000] Memory policy: ECC disabled, Data cache writeback
<7>[    0.000000] On node 0 totalpages: 20480
<7>[    0.000000] free_area_init_node: node 0, pgdat c1475860, node_mem_map c164c000
<7>[    0.000000]   Normal zone: 160 pages used for memmap
<7>[    0.000000]   Normal zone: 0 pages reserved
<7>[    0.000000]   Normal zone: 20320 pages, LIFO batch:3
<7>[    0.000000] On node 1 totalpages: 65536
<7>[    0.000000] free_area_init_node: node 1, pgdat c1475f18, node_mem_map d0002000
<7>[    0.000000]   Normal zone: 512 pages used for memmap
<7>[    0.000000]   Normal zone: 0 pages reserved
<7>[    0.000000]   Normal zone: 65024 pages, LIFO batch:15
<7>[    0.000000] On node 2 totalpages: 0
<7>[    0.000000] free_area_init_node: node 2, pgdat c14765d0, node_mem_map c16f4c20
<4>[    0.000000]   Normal zone: 1 pages exceeds realsize 0
<7>[    0.000000] On node 3 totalpages: 0
<7>[    0.000000] free_area_init_node: node 3, pgdat c1476c88, node_mem_map c16fcce0
<4>[    0.000000]   Normal zone: 1 pages exceeds realsize 0
<4>[    0.000000] CPU S5PV210/S5PC110 (id 0x43110222)
<7>[    0.000000] s5pv210_init_clocks: initializing clocks
<6>[    0.000000] S3C24XX Clocks, Copyright 2004 Simtec Electronics
<3>[    0.000000] copy: bad source 0
<3>[    0.000000] mout_audss: bad source 0
<7>[    0.000000] s5pv210_setup_clocks: registering clocks
<7>[    0.000000] s5pv210_setup_clocks: clkdiv0 = 14131330, clkdiv1 = 00300400
<7>[    0.000000] s5pv210_setup_clocks: xtal is 24000000
<6>[    0.000000] S5PV210: PLL settings, A=800000000, M=667000000, E=80000000
<6>[    0.000000] s5pv210: 33554432 bytes system memory reserved for mfc at 0x31707000
<6>[    0.000000] s5pv210: 33554432 bytes system memory reserved for mfc at 0x40204000
<6>[    0.000000] s5pv210: 12582912 bytes system memory reserved for fimc0 at 0x42204000
<6>[    0.000000] s5pv210: 1048576 bytes system memory reserved for fimc1 at 0x42e04000
<6>[    0.000000] s5pv210: 12582912 bytes system memory reserved for fimc2 at 0x42f04000
<6>[    0.000000] s5pv210: 2097152 bytes system memory reserved for pmem at 0x33707000
<6>[    0.000000] s5pv210: 4194304 bytes system memory reserved for pmem_gpu1 at 0x33907000
<6>[    0.000000] s5pv210: 1536000 bytes system memory reserved for pmem_adsp at 0x33d07000
<6>[    0.000000] s5pv210: 10485760 bytes system memory reserved for texstream at 0x33e7e000
<6>[    0.000000] s5pv210: 3145728 bytes system memory reserved for fimd at 0x43b04000
<6>[    0.000000] s5pv210: 262144 bytes system memory reserved for wifi at 0x3487e000
<4>[    0.000000] Built 2 zonelists in Zone order, mobility grouping on.  Total pages: 85344
<5>[    0.000000] Kernel command line: bootmode= console=ttySAC2, 115200 loglevel=4
<6>[    0.000000] PID hash table entries: 2048 (order: 1, 8192 bytes)
<6>[    0.000000] Dentry cache hash table entries: 65536 (order: 6, 262144 bytes)
<6>[    0.000000] Inode-cache hash table entries: 32768 (order: 5, 131072 bytes)
<6>[    0.000000] Memory: 80MB 256MB = 336MB total
<5>[    0.000000] Memory: 205388KB available (9152K code, 1897K data, 11388K init, 0K highmem)
<6>[    0.000000] SLUB: Genslabs=9, HWalign=64, Order=0-3, MinObjects=0, CPUs=1, Nodes=4
<6>[    0.000000] Hierarchical RCU implementation.
<6>[    0.000000] NR_IRQS:339
<6>[    0.000000] VIC @fd000000: id 0x00041192, vendor 0x41
<6>[    0.000000] VIC @fd010000: id 0x00041192, vendor 0x41
<6>[    0.000000] VIC @fd020000: id 0x00041192, vendor 0x41
<6>[    0.000000] VIC @fd030000: id 0x00041192, vendor 0x41
<6>[    0.000000] mult[140737]
<6>[    0.000000] max_delta_ns[2147483647]
<6>[    0.000000] min_delta_ns[30517]
<6>[    0.000000] rate[32768]
<6>[    0.000000] HZ[256]
<4>[    0.000000] Console: colour dummy device 80x30
<6>[    0.000000] console [ttySAC2] enabled
<6>[    0.037646] Calibrating delay loop... 796.20 BogoMIPS (lpj=1556480)
<4>[    0.134494] Mount-cache hash table entries: 512
<6>[    0.144127] Initializing cgroup subsys debug
<6>[    0.154280] Initializing cgroup subsys cpuacct
<6>[    0.164433] Initializing cgroup subsys freezer
<6>[    0.174847] CPU: Testing write buffer coherency: ok
<0>[    0.193855] KERNEL:kernel_sec_get_debug_level_from_boot=0x574f4c44
<0>[    0.224052] KERNEL:magic_number=0x0 DEBUG LEVEL low!!
<0>[    0.253211] (kernel_sec_set_upload_cause) : upload_cause set 0
<6>[    0.279533] regulator: core version 0.5
<6>[    0.289686] NET: Registered protocol family 16
<4>[    0.313977] S5PC110 Hardware version : EVT1 
<4>[    0.318013] HWREV is 0xf
<4>[    0.332850] S3C Power Management, Copyright 2004 Simtec Electronics
<6>[    0.352793] S5PV210 Power Domain API Enable
<6>[    0.363597] S5PV210: Initializing architecture
<6>[    0.382081] S3C PL330-DMA Controller Driver, (c) 2008-2009 Samsung Electronics
<6>[    0.394317] Total 24 DMA channels will be initialized.
<4>[    0.407285] DMA: got clock for controller 0 and disabled 
<4>[    0.419859] DMA: got clock for controller 1 and disabled 
<4>[    0.432330] DMA: got clock for controller 2 and disabled 
<6>[    0.455421] s3c24xx-pwm s3c24xx-pwm.0: tin at 66700000, tdiv at 66700000, tin=divclk, base 0
<6>[    0.477550] s3c24xx-pwm s3c24xx-pwm.1: tin at 66700000, tdiv at 66700000, tin=divclk, base 8
<6>[    0.499419] s3c24xx-pwm s3c24xx-pwm.2: tin at 4168750, tdiv at 4168750, tin=divclk, base 12
<6>[    0.521288] s3c24xx-pwm s3c24xx-pwm.3: tin at 4168750, tdiv at 4168750, tin=divclk, base 16
<4>[    0.548337] bio: create slab <bio-0> at 0
<6>[    0.553935] vgaarb: loaded
<5>[    0.562448] SCSI subsystem initialized
<6>[    0.577237] s3c-i2c s3c2410-i2c.0: i2c-0: S3C I2C adapter
<6>[    0.591139] s3c-i2c s3c2410-i2c.1: i2c-1: S3C I2C adapter
<6>[    0.605224] s3c-i2c s3c2410-i2c.2: i2c-2: S3C I2C adapter
<6>[    0.614126] Bluetooth: Core ver 2.15
<6>[    0.624280] NET: Registered protocol family 31
<6>[    0.640160] Bluetooth: HCI device and connection manager initialized
<6>[    0.651615] Bluetooth: HCI socket layer initialized
<6>[    0.664893] Switching to clocksource clock_source_systimer
<6>[    0.684003] NET: Registered protocol family 2
<6>[    0.701706] IP route cache hash table entries: 4096 (order: 2, 16384 bytes)
<6>[    0.720998] TCP established hash table entries: 16384 (order: 5, 131072 bytes)
<6>[    0.737660] TCP bind hash table entries: 16384 (order: 6, 327680 bytes)
<6>[    0.754087] TCP: Hash tables configured (established 16384 bind 16384)
<6>[    0.760336] TCP reno registered
<6>[    0.770229] NET: Registered protocol family 1
<7>[    0.829381] [BT] rfkill_register(bt_rfk) 
<7>[    0.836929] [BT] Device Powering ON 
<7>[    0.843698] [BT] GPIO_BT_nRST = 0
<7>[    0.854112] [BT] bt_host_wake_irq_handler start
<4>[    0.860881] [BT] GPIO_WLAN_BT_EN = 1
<4>[    0.971319] [BT] GPIO_BT_nRST = 1
<7>[    0.979130] [BT] Device Powering OFF 
<7>[    0.989543] [BT] bt_host_wake_irq_handler start
<4>[    0.995531] [BT] GPIO_BT_nRST = 0
<4>[    1.002300] [BT] GPIO_WLAN_BT_EN = 0
<7>[    1.012714] [BT] bt_host_wake_irq_handler start
<4>[    1.023648] [BT] In the unblocked state of the sleep
<7>[    1.030417] [BT] GPIO_BT_WAKE = 0
<4>[    1.038748] [BT] wake_unlock(bt_wake_lock)
<4>[    1.049683] [BT] In the unblocked state of the sleep
<7>[    1.056452] [BT] GPIO_BT_WAKE = 0
<4>[    1.064783] [BT] wake_unlock(bt_wake_lock)
<4>[    1.076498] S5PC11X_FREQ_TAB=0 , S5PC11X_MAXFREQLEVEL=4
<6>[    1.090296] S5PV210 ADC driver, (c) 2010 Samsung Electronics
<4>[    1.101362] [ JACK_DRIVER (sec_jack_init,800) ] 
<6>[    1.111255] SEC JACK: Registering jack driver
<6>[    1.125053] input: sec_jack as /devices/virtual/input/input0
<4>[    1.143329] [ JACK_DRIVER (sec_jack_probe,676) ] sended isr send=0Xbe, ret =0
<4>[    1.159730] [ JACK_DRIVER (sec_jack_probe,695) ] det isr det=0X26, ret =0
<4>[    1.176653] NetWinder Floating Point Emulator V0.97 (extended precision)
<6>[    1.183917] ashmem: initialized
<6>[    1.211384] ROMFS MTD (C) 2007 Red Hat, Inc.
<6>[    1.219558] msgmni has been set to 401
<6>[    1.233876] alg: No test for cipher_null (cipher_null-generic)
<6>[    1.248456] alg: No test for ecb(cipher_null) (ecb-cipher_null)
<6>[    1.262775] alg: No test for digest_null (digest_null-generic)
<6>[    1.278135] alg: No test for compress_null (compress_null-generic)
<6>[    1.288653] alg: No test for stdrng (krng)
<6>[    1.353349] alg: No test for ghash (ghash-generic)
<6>[    1.361940] io scheduler noop registered
<6>[    1.372614] io scheduler anticipatory registered
<6>[    1.382247] io scheduler deadline registered
<6>[    1.393338] io scheduler cfq registered (default)
<4>[    1.400968] MDNIE  INIT ..........
<6>[    1.414243] S3C MDNIE Driver, (c) 2010 Samsung Electronics
<4>[    1.424658] MDNIE  INIT SUCCESS Addr : 0xe083c000
<4>[    1.430905] IELCD  INIT ..........
<6>[    1.444183] S3C IELCD Driver, (c) 2010 Samsung Electronics
<4>[    1.454520] IELCD  INIT SUCCESS Addr : 0xe0840000
<6>[    1.474177] s3cfb s3cfb: [fb0] dma: 0x43b04000, cpu: 0xe0c00000, size: 0x002ee000
<6>[    1.488521] FIMD src sclk = 166750000
<6>[    1.506744] s3cfb s3cfb: parent clock: 166750000, vclk: 25628040, vclk div: 7
<6>[    1.517418] s3cfb s3cfb: registered successfully
<6>[    1.726292] s5pv210-uart.0: s3c2410_serial0 at MMIO 0xe2900000 (irq = 16) is a S3C6400/10
<6>[    1.747795] s5pv210-uart.1: s3c2410_serial1 at MMIO 0xe2900400 (irq = 20) is a S3C6400/10
<6>[    1.769195] s5pv210-uart.2: s3c2410_serial2 at MMIO 0xe2900800 (irq = 24) is a S3C6400/10
<6>[    1.790543] s5pv210-uart.3: s3c2410_serial3 at MMIO 0xe2900c00 (irq = 28) is a S3C6400/10
<6>[    1.807024] brd: module loaded
<6>[    1.818375] loop: module loaded
<6>[    1.822800] pmem: 1 init
<6>[    1.829649] pmem_gpu1: 1 init
<6>[    1.836705] pmem_adsp: 1 init
<4>[    1.848992] [BIF:IN ] ++FSR_BML_Init(nFlag: 0x0)
<4>[    1.856020] [PAM:   ] ++FSR_PAM_Init
<4>[    1.872710] [PAM:   ]   OneNAND physical base address       : 0xb0000000
<4>[    1.889109] [PAM:   ]   OneNAND virtual  base address       : 0xe0880000
<4>[    1.903689] [PAM:   ]   OneNAND nMID=0xec : nDID=0x50 Page size=4
<4>[    1.910718] [PAM:   ] --FSR_PAM_Init
<4>[    1.923215] [BIF:   ]   FSR VERSION: FSR_1.2.1p1_b139_RTM
<4>[    1.945865] [OND:INF]   FSR_OND_4K_Open(nDev:0, pParam:0xc4c1de50, nFlag:0x00000000) / 1033 line
<4>[    1.958622]             pstOND4kCxt->nBaseAddr: 0xe0880000
<4>[    1.974242]             nDev=0, nMID=0x00ec, nDID=0x0050, nVID=0x013e
<4>[    1.988822] [OND:INF]   pstOND4kCxt->nSysConf1:0xf0c6 / 1116 line
<4>[    2.005223] [OND:INF]   pstOND4kCxt->nBlksForSLCArea[0]:2048 / 1133 line
<4>[    2.019802] [OND:INF]   pstOND4kCxt->nIntID   :0x0000 / 1236 line
<4>[    2.029956] [OND:INF]   1X_CACHEPGM CMD : 0x007f
<4>[    2.040109] [OND:INF]   1X_PLOAD    CMD : 0x0003
<4>[    2.058334] [BBM:INF]   Scan from 2004 to 2047 to find BML meta blocks (die: 0)
<4>[    2.061458] [BBM:INF]   ffff ffff ffff ffff ffff ffff ffff ffff ffff ffff 
<4>[    2.078380] [BBM:INF]   ffff ffff ffff ffff ffff ffff ffff ffff ffff ffff 
<4>[    2.095302] [BBM:INF]   ffff ffff ffff ffff ffff ffff ffff ffff ffff ffff 
<4>[    2.112225] [BBM:INF]   ffff ffff ffff ffff ffff ffff ffff ffff ffff ffff 
<4>[    2.129147] [BBM:INF]   a5a5 a5a5 ffff 
<4>[    2.179967] FSR: Registered TinyFSR Driver.
<6>[    2.195562] tl2796_probe::1124->s6e63m0 probed successfuly
<6>[    2.205194] PPP generic driver version 2.4.2
<6>[    2.217509] PPP Deflate Compression module registered
<6>[    2.228443] PPP BSD Compression module registered
<6>[    2.240029] PPP MPPE Compression module registered
<6>[    2.250182] NET: Registered protocol family 24
<6>[    2.258773] PPPoL2TP kernel driver, V1.0
<6>[    2.284547] SLIP: version 0.8.4-NET3.019-NEWTTY (dynamic channels, max=256) (6 bit encapsulation enabled).
<6>[    2.303292] CSLIP: code copyright 1989 Regents of the University of California.
<4>[    2.315268] [otg_clock_enable] clk_enable(otg_clock) OK.
<4>[    2.327504] [otg_clock_enable] clk_disable(otg_clock) OK.
<6>[    2.359526] s3c-udc : S3C HS USB OTG Device Driver, (c) 2008-2009 Samsung Electronics
<6>[    2.359539] s3c-udc : version 15 March 2009 (DMA Mode) 
<4>[    2.373221] [ADB_UMS_ACM_RNDIS_MTP] string_dev = 10003c49574a 
<4>[    2.393267] android_adb_ums_acm_rndis_mtp gadget: using random self ethernet address
<4>[    2.413314] android_adb_ums_acm_rndis_mtp gadget: using random host ethernet address
<6>[    2.422478] usb0: MAC 5e:d0:9a:f4:62:c1
<6>[    2.432111] usb0: HOST MAC 0e:92:95:78:dd:ac
<6>[    2.437578] acm_function_add
<6>[    2.443593] DUN is registerd
<6>[    2.457390] fsg_function_bind cdrom patch after fsg->nluns 2
<6>[    2.472750] android_adb_ums_acm_rndis_mtp gadget: Number of LUNs=2
<6>[    2.484726] shaman: mass_storage_function_add success
<6>[    2.490193] adb_function_add
<4>[    2.499982] [mtpg_function_bind] 	line = [891] 
<4>[    2.512479] [mtpg_function_bind] 	dual speed line = [958] 
<4>[    2.530182] ***** [mtpg_function_bind:975] calling mtp_function_enable with 0 
<4>[    2.543200] [mtp_function_enable] mtp_function => (disabled)
<4>[    2.556998] ****** mtp_function_enable and line 1267 null_desc 
<4>[    2.564808]   interface 0 = acm/df20e480
<4>[    2.572618]   interface 1 = acm/df20e480
<4>[    2.583813]   interface 2 = usb_mass_storage/df36a800
<4>[    2.591624]   interface 3 = adb/df368d00
<4>[    2.601256]   interface 4 = Gadget_MTP/df368f00
<4>[    2.609587]   interface 5 = rndis/df20e000
<4>[    2.617919]   interface 6 = rndis/df20e000
<6>[    2.628593] mass_storage_function_config_changed
<4>[    2.639787]   interface 0 = usb_mass_storage/df36a800
<6>[    2.662177] android_adb_ums_acm_rndis_mtp gadget: Android Composite USB, version: May 25 2011
<6>[    2.682484] android_adb_ums_acm_rndis_mtp gadget: android_adb_ums_acm_rndis_mtp ready
<6>[    2.698365] Registered gadget driver 'android_adb_ums_acm_rndis_mtp'
<4>[    2.709846] [udc_enable]AP_USB_Power off by Bootup : 1
<4>[    2.723905] mice: could not register psaux device, error: -16
<6>[    2.736402] mice: PS/2 mouse device common for all mice
<6>[    2.752336] input: s3c-keypad as /devices/virtual/input/input1
<4>[    2.758817] s3c-keypad Initialized
<6>[    2.764545] S3C Keypad Driver
<6>[    2.772590] i2c /dev entries driver
<6>[    2.789981] i2c-gpio i2c-gpio.4: using pins 247 (SDA) and 246 (SCL)
<6>[    2.805966] i2c-gpio i2c-gpio.5: using pins 203 (SDA) and 204 (SCL)
<6>[    2.816900] regulator: DCDC1: 750 <--> 1500 mV 
<6>[    2.827445] regulator: DCDC2: 750 <--> 1500 mV 
<6>[    2.835463] regulator: LDO4: 3300 mV 
<6>[    2.843273] regulator: LDO7: 1800 mV 
<6>[    2.853947] regulator: LDO17: 3000 <--> 3200 mV 
<6>[    2.869985] i2c-gpio i2c-gpio.6: using pins 206 (SDA) and 209 (SCL)
<4>[    2.878081] [FSA9480] fsa9480_codec_probe
<4>[    2.883757] fsa9480_interrupt
<4>[    2.933873] [FSA9480] FSA9480_ReadIntRegister
<6>[    2.949494] i2c-gpio i2c-gpio.7: using pins 201 (SDA) and 202 (SCL)
<6>[    2.965271] i2c-gpio i2c-gpio.8: using pins 42 (SDA) and 43 (SCL)
<6>[    2.981594] i2c-gpio i2c-gpio.11: using pins 114 (SDA) and 98 (SCL)
<6>[    2.998126] i2c-gpio i2c-gpio.12: using pins 173 (SDA) and 172 (SCL)
<4>[    3.013330] [FSA9480] FSA9480_ProcessDevice (dev1 : 0x0, dev2 : 0x0)
<6>[    3.024004] Linux video capture interface: v2.00
<6>[    3.030880] IPC probe success
<6>[    3.048581] mfc_init: <6>S5PC110 MFC Driver, (c) 2009 Samsung Electronics
<6>[    3.048592] 
<6>[    3.070686] S3C2410 Watchdog Timer, (c) 2004 Simtec Electronics
<6>[    3.091669] s3c2410-wdt s3c2410-wdt: watchdog inactive, reset disabled, irq enabled
<6>[    3.115125] device-mapper: ioctl: 4.15.0-ioctl (2009-04-01) initialised: dm-devel@redhat.com
<6>[    3.128403] device-mapper: multipath: version 1.1.0 loaded
<6>[    3.144804] device-mapper: multipath round-robin: version 1.0.0 loaded
<6>[    3.161466] device-mapper: multipath queue-length: version 0.1.0 loaded
<6>[    3.178128] device-mapper: multipath service-time: version 0.2.0 loaded
<6>[    3.188334] Bluetooth: HCI UART driver ver 2.2
<6>[    3.199529] Bluetooth: HCI H4 protocol initialized
<6>[    3.208641] cpuidle: using governor ladder
<6>[    3.217232] cpuidle: using governor menu
<6>[    3.232593] sdhci: Secure Digital Host Controller Interface driver
<6>[    3.242486] sdhci: Copyright(c) Pierre Ossman
<6>[    3.259668] s3c-sdhci s3c-sdhci.0: clock source 2: sclk_mmc (51307692 Hz)
<6>[    3.278519] mmc0: SDHCI controller on samsung-hsmmc [s3c-sdhci.0] using ADMA
<6>[    3.295700] s3c-sdhci s3c-sdhci.1: clock source 2: sclk_mmc (47642857 Hz)
<6>[    3.314446] mmc1: SDHCI controller on samsung-hsmmc [s3c-sdhci.1] using ADMA
<6>[    3.331628] s3c-sdhci s3c-sdhci.2: clock source 2: sclk_mmc (47642857 Hz)
<4>[    3.341757]  Universal :SD Detect configuration 
<7>[    3.350086]  Universal : Card status  0
<4>[    3.355032] fsa9480_interrupt
<4>[    3.364926] [FSA9480] FSA9480_ReadIntRegister
<6>[    3.383046] mmc2: SDHCI controller on samsung-hsmmc [s3c-sdhci.2] using ADMA
<7>[    3.399994] *** DEBUG : First we search for SDIO...(0)***
<6>[    3.410746] logger: created 512K log 'log_main'
<6>[    3.422488] logger: created 256K log 'log_events'
<7>[    3.433943] *** DEBUG : ...then normal SD...(0) ***
<6>[    3.444878] logger: created 256K log 'log_radio'
<6>[    3.461019] ldo38_control : turn ON LDO3 and LDO8 (cur_stat=0, req=1)
<4>[    3.472995] [otg_clock_enable] clk_enable(otg_clock) OK.
<4>[    3.484528] [udc_enable]AP_USB_Power off by Bootup : 1
<6>[    3.495203] logger: created 64K log 'log_system'
<4>[    3.504471] GP2A opt i2c attach success!!!
<7>[    3.515665] *** DEBUG : ...and finally MMC. (0)***
<4>[    3.523736] opt_i2c_client : (0xdf378300)
<4>[    3.539122] [FSA9480] FSA9480_ProcessDevice (dev1 : 0x4, dev2 : 0x0)
<4>[    3.545631] USB attach or detach: 1
<4>[    3.553962] FSA9480_DEV_TY1_USB --- ATTACH
<4>[    3.565912] [gp2a_opt_probe] CONFIG_GP2A_MODE_A INIT 
<4>[    3.648207] mmc0: switch to bus width 4 
<6>[    3.661224] mmc0: new high speed MMC card at address 0001
<6>[    3.694522] mmcblk0: mmc0:0001 M2G1DD 1.91 GiB 
<6>[    3.697647]  mmcblk0: p1 p2 p3
<7>[    3.730060] Another host want the wakelock : 2
<7>[    3.779108] *** DEBUG : First we search for SDIO...(1)***
<7>[    3.801003] *** DEBUG : ...then normal SD...(1) ***
<7>[    3.824824] *** DEBUG : ...and finally MMC. (1)***
<7>[    3.846537] Another host want the wakelock : 1
<7>[    3.854868]  Universal : Card status  0
<7>[    3.904099] *** DEBUG : First we search for SDIO...(2)***
<3>[    3.914513] i2c i2c-11: sendbytes: NAK bailout.
<7>[    3.939506] *** DEBUG : ...then normal SD...(2) ***
<6>[    4.201621] mmc2: new high speed SDHC card at address 0007
<6>[    4.225599] mmcblk1: mmc2:0007 SD04G 3.67 GiB 
<6>[    4.228723]  mmcblk1: p1 p2 p3
<7>[    4.263662] mmc2: wake_lock_timeout 1sec 0
<4>[    4.269910] gp2a_opt_probe is OK!!
<4>[    4.272773] smb_init 
<4>[    4.280844] smb_acc_start ....
<4>[    4.284228] yamaha_init
<4>[    4.289253] level device init
<6>[    4.305239] Advanced Linux Sound Architecture Driver Version 1.0.21.
<4>[    4.314872] No device for DAI WM8994 PAIFRX
<4>[    4.323463] No device for DAI WM8994 PCM
<4>[    4.333019] No device for DAI s3c-pcmdev
<6>[    4.340047] WM8994 Audio Codec 0.1
<4>[    4.386440] s3c_preallocate_dma_buffer: VA-ff001000, PA-4F3E0000, 131072bytes
<4>[    4.403883] s3c_preallocate_dma_buffer: VA-ff021000, PA-4EC00000, 131072bytes
<6>[    4.417160] asoc: WM8994 PAIFRX <-> s3c64xx-i2s mapping ok
<4>[    4.425674] +++++++smdkc110_audio_init
<6>[    4.433512] WM8994 Audio Codec 0.1
<4>[    4.452333] s3c_preallocate_dma_buffer: VA-ff041000, PA-4EC20000, 131072bytes
<4>[    4.469776] s3c_preallocate_dma_buffer: VA-ff061000, PA-4EC40000, 131072bytes
<6>[    4.482013] asoc: WM8994 PCM <-> s3c-pcmdev mapping ok
<4>[    4.497425] ASoC: Failed to create codec register debugfs file
<4>[    4.508620] Failed to create pop time debugfs file
<4>[    4.520075] Failed to create DAPM debugfs directory
<4>[    4.528145] ----------smdkc110_audio_init
<6>[    4.533873] ALSA device list:
<6>[    4.541163]   #0: smdkc110 (WM8994)
<6>[    4.549494]   #1: smdkc110-pcm (WM8994)
<4>[    4.559647] Netfilter messages via NETLINK v0.30.
<4>[    4.573706] nf_conntrack version 0.5.0 (3214 buckets, 12856 max)
<4>[    4.592764] CONFIG_NF_CT_ACCT is deprecated and will be removed soon. Please use
<4>[    4.613330] nf_conntrack.acct=1 kernel parameter, acct=1 nf_conntrack module option or
<4>[    4.628691] sysctl net.netfilter.nf_conntrack_acct=1 to enable it.
<6>[    4.638584] xt_time: kernel timezone is -0000
<6>[    4.649102] IPv4 over IPv4 tunneling driver
<6>[    4.659333] GRE over IPv4 tunneling driver
<6>[    4.674668] ip_tables: (C) 2000-2006 Netfilter Core Team
<6>[    4.681176] TCP cubic registered
<6>[    4.692189] NET: Registered protocol family 10
<6>[    4.709997] IPv6 over IPv4 tunneling driver
<6>[    4.723769] NET: Registered protocol family 17
<6>[    4.733922] NET: Registered protocol family 15
<6>[    4.741732] Bluetooth: L2CAP ver 2.14
<6>[    4.753708] Bluetooth: L2CAP socket layer initialized
<6>[    4.764122] Bluetooth: SCO (Voice Link) ver 0.6
<6>[    4.775577] Bluetooth: SCO socket layer initialized
<6>[    4.787032] Bluetooth: RFCOMM TTY layer initialized
<6>[    4.799269] Bluetooth: RFCOMM socket layer initialized
<6>[    4.807339] Bluetooth: RFCOMM ver 1.11
<6>[    4.817493] NET: Registered protocol family 33
<6>[    4.827646] NET: Registered protocol family 35
<4>[    4.841184] S3C24XX RTC, (c) 2004,2006 Simtec 					Electronics
<6>[    4.853188] using rtc device, s3c, for alarms
<6>[    4.869328] s3c2410-rtc s3c2410-rtc: rtc core: registered s3c as rtc0
<6>[    4.877086] VFP support v0.3: implementor 41 architecture 3 part 30 variant c rev 2
<7>[    4.898876] qt602240 GPIO Status
<7>[    4.904344] TOUCH_EN  : High
<7>[    4.909551] TOUCH_INT : Low
<4>[    5.020382] qt602240_i2c is attached..
<7>[    5.032876] |  Quantum Touch Driver Probe!            |
<6>[    5.049069] input: qt602240_ts_input as /devices/virtual/input/input2
<4>[    5.054563] QT_reprogram check
<4>[    5.062373] [QT] init_touch_driver start
<4>[    5.067840] [QT] init_I2C start
<4>[    5.099758] 
<4>[    5.099763] [TSP] Touch device found
<4>[    5.104965] Version: 	   0x16
<4>[    5.104971] Family:		   0x80
<4>[    5.109913] Variant: 	   0x1
<4>[    5.114860] Build number:   0xab
<4>[    5.120848] Matrix X size : 18
<4>[    5.126315] Matrix Y size : 12
<4>[    5.131782] Calculated CRC:	0x5c 0xe4 0x8e 0x00 
<4>[    5.145657] 
<4>[    5.146438] Stored CRC:	0x5c 0xe4 0x8e 0x00 
<4>[    5.155550] 
<4>[    5.156331] Info block CRC value OK.
<4>[    5.163883] 
<4>[    5.163887] 
<4>[    5.174555] [TSP]qt_Power_Config_Init real board 
<4>[    5.188665] 
<4>[    5.188670] [TSP][reset_chip] 
<4>[    5.262708] Chip reset OK!
<4>[    5.262714] [QT] ret : 0, qt602240->client name : qt602240_ts
<4>[    5.282494] [QT] qt602240_init/6318
<4>[    5.296292] [QT] qt602240_init/6349, platform_driver_register!!
<7>[    5.306966] [TSP] msg id =  1 80 c1 f4 4 0 0 0 0
<7>[    5.318239] [TSP] msg id =  1 10 c1 f4 4 0 0 0 0
<6>[    5.341670] s3c2410-rtc s3c2410-rtc: setting system clock to 2011-05-25 05:56:24 UTC (1306302984)
<7>[    5.354246] [TSP] msg id =  1 0 c1 f4 4 0 0 0 0
<6>[    5.363097] FIMC0 registered successfully
<6>[    5.374163] FIMC1 registered successfully
<6>[    5.385254] FIMC2 registered successfully
<6>[    5.399571] S5PC1XX TVOUT Driver, (c) 2009 Samsung Electronics
<6>[    5.417876] s5p-tvout s5p-tvout: hpd status is cable removed
<6>[    5.450000] fg_read_vcell: VCELL=3878
<4>[    5.454425] [SOC] C:0, P:75
<4>[    5.478847] pmic interrupt registered 
<6>[    5.490223] Freeing init memory: 11388K
<4>[    5.502719] Warning: unable to open an initial console.
<3>[    5.518080] init: /init.rc: 238: chmod requires 2 arguments
<3>[    5.548540] init: /init.rc: 243: setprop requires 2 arguments
<3>[    5.578740] init: /init.rc: 347: invalid option 'enabled'
<4>[    5.603213] !@Init process: device_init #3
<4>[    5.985840] maxim_vac_disconnect: connect status skip
<3>[    6.087973] init: ro.secure:1
<3>[    6.105935] init: ro.allow.mock.location:0
<3>[    6.124680] init: ro.debuggable:1
<3>[    6.144466] init: persist.service.adb.enable:1
<3>[    6.170710] init: cannot open '/initlogo.rle'
<3>[    6.190757] init: ro.factorytest:0
<3>[    6.206638] init: ro.serialno:
<3>[    6.223300] init: ro.bootmode:unknown
<3>[    6.241784] init: ro.baseband:unknown
<3>[    6.260009] init: ro.carrier:unknown
<3>[    6.278753] init: ro.bootloader:unknown
<3>[    6.298019] init: ro.hardware:SMDKC110
<3>[    6.315462] init: ro.revision:48
<3>[    6.332124] init: dpm.allowcamera:0
<6>[    6.350869] init: command 'loglevel' r=0
<6>[    6.358939] init: command 'export' r=0
<6>[    6.367010] init: command 'export' r=0
<6>[    6.375081] init: command 'export' r=0
<6>[    6.383151] init: command 'export' r=0
<6>[    6.391222] init: command 'export' r=0
<6>[    6.399293] init: command 'export' r=0
<6>[    6.407363] init: command 'export' r=0
<6>[    6.415434] init: command 'export' r=0
<6>[    6.423505] init: command 'export' r=0
<6>[    6.431576] init: command 'export' r=0
<6>[    6.439646] init: command 'export' r=0
<6>[    6.480757] init: command 'insmod' r=0
<4>[    6.496430] PA FB = 0x43B04000, bits per pixel = 32
<4>[    6.511267] screen width=480 height=800 va=0xd3b04000 pa=0x43b04000
<4>[    6.528192] Back frameBuffer[0].VAddr=d3c7b000 PAddr=43c7b000 size=1536000
<6>[    6.537199] init: command 'insmod' r=0
<6>[    6.553316] init: command 'insmod' r=0
<4>[    6.577786] [VIBETONZ:WJYOO] MISC_REGISTER nRet = 0
<6>[    6.587889] init: command 'insmod' r=0
<6>[    6.596218] init: command 'symlink' r=0
<6>[    6.604549] init: command 'symlink' r=0
<6>[    6.612359] init: command 'mkdir' r=0
<6>[    6.620170] init: command 'mkdir' r=0
<6>[    6.627980] init: command 'mkdir' r=0
<6>[    6.635790] init: command 'mount' r=0
<6>[    6.643600] init: command 'mkdir' r=0
<4>[    6.667503] fsr: module license 'Samsung Proprietary' taints kernel.
<4>[    6.680257] Disabling lock debugging due to kernel taint
<4>[    6.722278] [BIF:IN ] ++FSR_BML_Init(nFlag: 0x0)
<4>[    6.729306] [PAM:   ] ++FSR_PAM_Init
<4>[    6.745892] [PAM:   ]   OneNAND physical base address       : 0xb0000000
<4>[    6.762291] [PAM:   ]   OneNAND virtual  base address       : 0xe0980000
<4>[    6.782808] [PAM:   ]   OneNAND Controller DMA physical base address       : 0xb0600000
<4>[    6.803113] [PAM:   ]   OneNAND Controller DMA virtual  base address       : 0xe09c0000
<4>[    6.817693] [PAM:   ]   OneNAND nMID=0xec : nDID=0x50 Page size=4
<4>[    6.824722] [PAM:   ] --FSR_PAM_Init
<4>[    6.837218] [BIF:   ]   FSR VERSION: FSR_1.2.1p1_b139_RTM
<4>[    6.859869] [OND:INF]   FSR_OND_4K_Open(nDev:0, pParam:0xc4c1de00, nFlag:0x00000000) / 1033 line
<4>[    6.872625]             pstOND4kCxt->nBaseAddr: 0xe0980000
<4>[    6.888246]             nDev=0, nMID=0x00ec, nDID=0x0050, nVID=0x013e
<4>[    6.902825] [OND:INF]   pstOND4kCxt->nSysConf1:0xf0c6 / 1116 line
<4>[    6.919227] [OND:INF]   pstOND4kCxt->nBlksForSLCArea[0]:2048 / 1133 line
<4>[    6.933806] [OND:INF]   pstOND4kCxt->nIntID   :0x0000 / 1236 line
<4>[    6.943960] [OND:INF]   1X_CACHEPGM CMD : 0x007f
<4>[    6.954113] [OND:INF]   1X_PLOAD    CMD : 0x0003
<4>[    6.972338] [BBM:INF]   Scan from 2004 to 2047 to find BML meta blocks (die: 0)
<4>[    6.975462] [BBM:INF]   ffff ffff ffff ffff ffff ffff ffff ffff ffff ffff 
<4>[    6.992384] [BBM:INF]   ffff ffff ffff ffff ffff ffff ffff ffff ffff ffff 
<4>[    7.009306] [BBM:INF]   ffff ffff ffff ffff ffff ffff ffff ffff ffff ffff 
<4>[    7.026229] [BBM:INF]   ffff ffff ffff ffff ffff ffff ffff ffff ffff ffff 
<4>[    7.043151] [BBM:INF]   a5a5 a5a5 ffff 
<4>[    7.090482] [BBM:   ]  << DevNO:0, DieNO: 0 MAPPING INFORMATION >>
<4>[    7.099594] [BBM:   ]   Bad Mark Information
<4>[    7.113132] [BBM:   ]      - Bad Mark (0x2222) by erase error
<4>[    7.126670] [BBM:   ]      - Bad Mark (0x4444) by write error
<4>[    7.140728] [BBM:   ]   << Total : 0 BAD-MAPPING INFORMATION >>
<4>[    7.153225] [BIF:   ]   nPartition Information (nVol : 0)
<4>[    7.161556]             nVer : 0xffffffff
<4>[    7.181342]             00 / nID:0x09 / nAttr:0x00001002 / 1stVun:    0 / Units:    1
<4>[    7.201128]             01 / nID:0x00 / nAttr:0x00001002 / 1stVun:    1 / Units:    7
<4>[    7.220915]             02 / nID:0x01 / nAttr:0x00001001 / 1stVun:    8 / Units:  796
<4>[    7.240701]             03 / nID:0x20 / nAttr:0x00001101 / 1stVun:  804 / Units:  716
<4>[    7.260487]             04 / nID:0x21 / nAttr:0x00001101 / 1stVun: 1520 / Units:  372
<4>[    7.280273]             05 / nID:0x23 / nAttr:0x00001101 / 1stVun: 1892 / Units:   56
<4>[    7.300060]             06 / nID:0x24 / nAttr:0x00001001 / 1stVun: 1948 / Units:   56
<4>[    7.314378] [BBM:INF]   The registered blocks in ERL are handled
<4>[    7.323751] [BBM:INF]   (number of blocks: 0)
<4>[    7.337159] BML: Registered BML Driver.
<6>[    7.346091] init: command 'insmod' r=0
<4>[    7.389724] [BIF:IN ] ++FSR_BML_Init(nFlag: 0x0)
<4>[    7.411331] [BIF:   ]   FSR_BML_Init(nFlag:0x0, nRe:FSR_BML_ALREADY_INITIALIZED) / 1027 line
<4>[    7.424140] FSR: Registered STL Driver.
<6>[    7.432916] init: command 'insmod' r=0
<6>[    7.523438] init: command 'insmod' r=0
<6>[    7.590086] init: command 'insmod' r=0
<6>[    7.597894] init: command 'mkdir' r=0
<6>[    7.617240] init: command 'insmod' r=0
<6>[    7.626951] param_init
<3>[    7.637623] lfs_param_op: filp_open failed. (-2)
<3>[    7.675373] param_init(304): Loading parameters failed. Parameters have been initialized as default.
<6>[    7.710781] init: command 'insmod' r=0
<6>[    7.719111] init: command 'symlink' r=0
<6>[    7.726921] init: command 'mkdir' r=0
<6>[    7.734731] init: command 'mkdir' r=0
<4>[    7.749571] [FSA9480]connectivity_switching_init = switch_sel : 0x1
<6>[    7.764411] inside set_param_value1 idx = 4, value = -1051519052
<3>[    7.775085] lfs_param_op: filp_open failed. (-2)
<4>[    7.798776] [FSA9480_Enable_AP_USB] Enable AP USB
<4>[    7.812939] [ap_usb_power_on]AP USB Power ON, askon: 0, mtp : 0
<4>[    7.830642] !!!!!!!!!!! [ap_usb_power_on]AP samsung_kies_mtp_mode_flag0, mtp:0
<6>[    7.855297] inside set_param_value1 idx = 4, value = -1051519052
<3>[    7.865971] lfs_param_op: filp_open failed. (-2)
<4>[    7.893047] [USB] enable_adb - enable(0x01), prev_status(0x00)
<4>[    7.899295] Here is enable_adb@@@@
<4>[    7.908667] [enable_adb]USBSTATUS_SAMSUNG_KIES
<6>[    7.916998] acm_function_config_changed
<6>[    7.925329] mtp_function_config_changed
<4>[    7.933140]   interface 0 = acm/df20e480
<4>[    7.940950]   interface 1 = acm/df20e480
<4>[    7.950583]   interface 2 = Gadget_MTP/df368f00
<4>[    7.964433] [ap_usb_power_on]AP USB Power ON, askon: 0, mtp : 0
<4>[    7.982137] !!!!!!!!!!! [ap_usb_power_on]AP samsung_kies_mtp_mode_flag0, mtp:0
<6>[    7.996976] inside set_param_value1 idx = 4, value = -1051519052
<3>[    8.007651] lfs_param_op: filp_open failed. (-2)
<4>[    8.036028] [FSA9480]connectivity_switching_init = switch_sel : 0x5
<6>[    8.043839] init: command 'mkdir' r=0
<6>[    8.051649] init: command 'chown' r=0
<6>[    8.059459] init: command 'chmod' r=0
<6>[    8.067270] init: command 'mkdir' r=0
<6>[    8.075080] init: command 'mkdir' r=0
<6>[    8.082890] init: command 'mkdir' r=0
<6>[    8.090701] init: command 'mkdir' r=0
<6>[    8.098511] init: command 'mkdir' r=0
<6>[    8.106321] init: command 'mkdir' r=0
<6>[    8.114132] init: command 'mount' r=0
<6>[    8.121942] init: command 'write' r=0
<6>[    8.129752] init: command 'write' r=0
<6>[    8.137563] init: command 'write' r=0
<6>[    8.145373] init: command 'write' r=0
<6>[    8.153184] init: command 'write' r=0
<6>[    8.160994] init: command 'write' r=0
<6>[    8.168804] init: command 'write' r=0
<6>[    8.176614] init: command 'mkdir' r=0
<6>[    8.184425] init: command 'mount' r=0
<6>[    8.192235] init: command 'chown' r=0
<6>[    8.200045] init: command 'chown' r=0
<6>[    8.207856] init: command 'chmod' r=0
<6>[    8.216187] init: command 'write' r=-22
<6>[    8.223997] init: command 'mkdir' r=0
<6>[    8.231807] init: command 'chown' r=0
<6>[    8.239618] init: command 'chmod' r=0
<6>[    8.247428] init: command 'write' r=0
<6>[    8.255239] init: command 'mkdir' r=0
<6>[    8.263049] init: command 'chown' r=0
<6>[    8.270859] init: command 'chmod' r=0
<6>[    8.278670] init: command 'write' r=0
<4>[    8.318711] PKD:: OTG core got reset!!! 
<6>[    8.505899] init: command 'mount' r=0
<6>[    8.513969] init: command 'chmod' r=-2
<6>[    8.652030] init: command 'mount' r=0
<6>[    8.660360] init: command 'mkdir' r=-17
<4>[    8.708602] acm_disconnected
<6>[    9.306128] init: command 'mount' r=0
<6>[    9.313937] init: command 'chown' r=0
<6>[    9.321748] init: command 'chmod' r=0
<6>[    9.330078] init: command 'mkdir' r=-17
<6>[    9.337889] init: command 'chown' r=0
<6>[    9.345699] init: command 'chmod' r=0
<6>[    9.353510] init: command 'copy' r=-1
<6>[    9.362674] init: command 'chown' r=-2
<6>[    9.370744] init: command 'chmod' r=-2
<6>[    9.378555] init: command 'copy' r=-1
<6>[    9.386625] init: command 'chown' r=-2
<6>[    9.394696] init: command 'chmod' r=-2
<6>[    9.402767] init: command 'write' r=-2
<6>[   10.427276] fg_read_vcell: VCELL=3878
<6>[   15.427164] fg_read_vcell: VCELL=3878
<6>[   20.427210] fg_read_vcell: VCELL=3878
<6>[   25.427229] fg_read_vcell: VCELL=3878
<6>[   26.381053] init: command 'mount' r=0
<6>[   26.388864] init: command 'chown' r=0
<6>[   26.396674] init: command 'chmod' r=0
<6>[   26.405005] init: command 'mkdir' r=-17
<6>[   26.412815] init: command 'chown' r=0
<6>[   26.420626] init: command 'chmod' r=0
<6>[   26.428957] init: command 'mkdir' r=-17
<6>[   26.437548] init: command 'symlink' r=-1
<6>[   26.445358] init: command 'chown' r=0
<6>[   26.453169] init: command 'chown' r=0
<6>[   26.460979] init: command 'chmod' r=0
<6>[   26.468789] init: command 'chmod' r=0
<6>[   26.476600] init: command 'chown' r=0
<6>[   26.484410] init: command 'chmod' r=0
<6>[   26.492741] init: command 'mkdir' r=-17
<6>[   26.500551] init: command 'chown' r=0
<6>[   26.508362] init: command 'chmod' r=0
<6>[   26.516693] init: command 'mkdir' r=-17
<6>[   26.526196] init: command 'mkdir' r=-17
<6>[   26.534527] init: command 'mkdir' r=-17
<6>[   26.542858] init: command 'mkdir' r=-17
<6>[   26.551189] init: command 'mkdir' r=-17
<6>[   26.559520] init: command 'mkdir' r=-17
<6>[   26.568710] init: command 'mkdir' r=-17
<6>[   26.577041] init: command 'mkdir' r=-17
<6>[   26.585372] init: command 'mkdir' r=-17
<6>[   26.593182] init: command 'chmod' r=0
<6>[   26.602372] init: command 'mkdir' r=-17
<6>[   26.610703] init: command 'mkdir' r=-17
<6>[   26.619035] init: command 'mkdir' r=-17
<6>[   26.627105] init: command 'chmod' r=-2
<6>[   26.635436] init: command 'mkdir' r=-17
<6>[   26.644626] init: command 'mkdir' r=-17
<6>[   26.652957] init: command 'mkdir' r=-17
<6>[   26.661289] init: command 'mkdir' r=-17
<6>[   26.669620] init: command 'mkdir' r=-17
<6>[   26.677951] init: command 'mkdir' r=-17
<6>[   26.686282] init: command 'mkdir' r=-17
<6>[   26.694092] init: command 'chmod' r=0
<6>[   26.702163] init: command 'chmod' r=-2
<6>[   26.709973] init: command 'chmod' r=0
<6>[   26.717783] init: command 'chmod' r=0
<6>[   26.725594] init: command 'chmod' r=0
<6>[   26.733404] init: command 'chmod' r=0
<6>[   26.741735] init: command 'mkdir' r=-17
<6>[   26.749545] init: command 'chown' r=0
<6>[   26.757356] init: command 'chmod' r=0
<6>[   26.765687] init: command 'mkdir' r=-17
<6>[   26.774018] init: command 'mkdir' r=-17
<6>[   26.781828] init: command 'chown' r=0
<6>[   26.789638] init: command 'chmod' r=0
<6>[   26.797449] init: command 'chown' r=0
<6>[   26.805259] init: command 'chmod' r=0
<4>[   26.821376] ######## bthid_init: ########
<4>[   26.831189] ######## bthid_init: done ########
<6>[   26.839600] init: command 'insmod' r=0
<6>[   26.853787] init: command 'mkdir' r=-17
<6>[   26.862118] init: command 'chown' r=-30
<6>[   26.870449] init: command 'chmod' r=-30
<6>[   26.880447] init: command 'chmod' r=-2
<6>[   26.889220] init: command 'mkdir' r=-17
<6>[   26.897864] init: command 'mkdir' r=-17
<6>[   26.905674] init: command 'mkdir' r=0
<6>[   26.914578] init: command 'chmod' r=-2
<6>[   26.922909] init: command 'mkdir' r=-17
<6>[   26.930719] init: command 'mkdir' r=0
<6>[   26.938529] init: command 'chown' r=0
<3>[   26.948188] init: ro.build.id:FROYO
<3>[   26.969276] init: ro.build.display.id:FROYO.XXJPX
<3>[   26.994790] init: ro.build.version.incremental:XXJPX
<3>[   27.017961] init: ro.build.version.sdk:8
<3>[   27.039830] init: ro.build.version.codename:REL
<3>[   27.063781] init: ro.build.version.release:2.2.1
<3>[   27.092159] init: ro.build.date:2010. 12. 17. (ê¸ˆ) 17:06:56 KST
<3>[   27.120016] init: ro.build.date.utc:1292573216
<3>[   27.140583] init: ro.build.type:user
<3>[   27.158547] init: ro.build.user:root
<3>[   27.177031] init: ro.build.host:sep-60
<3>[   27.197599] init: ro.build.tags:release-keys
<3>[   27.219468] init: ro.product.model:GT-I9000
<3>[   27.240816] init: ro.product.brand:samsung
<3>[   27.261904] init: ro.product.name:GT-I9000
<3>[   27.283512] init: ro.product.device:GT-I9000
<3>[   27.305381] init: ro.product.board:GT-I9000
<3>[   27.328292] init: ro.product.cpu.abi:armeabi-v7a
<3>[   27.351723] init: ro.product.cpu.abi2:armeabi
<3>[   27.375414] init: ro.product.manufacturer:samsung
<3>[   27.399626] init: ro.product.locale.language:en
<3>[   27.422797] init: ro.product.locale.region:GB
<3>[   27.442843] init: ro.wifi.channels:
<3>[   27.462369] init: ro.board.platform:s5pc110
<3>[   27.483978] init: ro.build.product:GT-I9000
<3>[   27.516000] init: ro.build.description:GT-I9000-user 2.2.1 FROYO XXJPX release-keys
<3>[   27.565205] init: ro.build.fingerprint:samsung/GT-I9000/GT-I9000/GT-I9000:2.2.1/FROYO/XXJPX:user/release-keys
<3>[   27.603476] init: ro.build.PDA:I9000XXJPX
<3>[   27.625866] init: ro.build.hidden_ver:I9000XXJPX
<3>[   27.649036] init: ro.build.changelist:787513
<3>[   27.670124] init: ro.tether.denied:false
<3>[   27.694337] init: rild.libpath:/system/lib/libsec-ril.so
<3>[   27.719590] init: rild.libargs:-d /dev/ttyS0
<3>[   27.740418] init: ro.sf.lcd_density:240
<3>[   27.760204] init: dalvik.vm.heapsize:48m
<3>[   27.782854] init: dalvik.vm.execution-mode:int:jit
<3>[   27.806545] init: ro.opengles.version:131072
<3>[   27.830237] init: windowsmgr.max_events_per_sec:55
<3>[   27.855490] init: keyinputqueue.use_finger_id:true
<3>[   27.881785] init: media.stagefright.enable-player:true
<3>[   27.908600] init: media.stagefright.enable-meta:true
<3>[   27.934895] init: media.stagefright.enable-scan:true
<3>[   27.961190] init: media.stagefright.enable-http:true
<3>[   27.985923] init: keyguard.no_require_sim:true
<3>[   28.011697] init: ro.config.ringtone:01_Samsung_tune.ogg
<3>[   28.041376] init: ro.config.notification_sound:01_Sherbet.ogg
<3>[   28.071055] init: ro.config.alarm_alert:Good_Morning.ogg
<3>[   28.096309] init: ro.opengles.version:131072
<3>[   28.116616] init: net.bt.name:Android
<3>[   28.135881] init: net.change:net.bt.name
<3>[   28.162437] init: dalvik.vm.stack-trace-file:/data/anr/traces.txt
<3>[   28.204352] init: ro.url.legal:http://www.google.com/intl/%s/mobile/android/basic/phone-legal.html
<3>[   28.257723] init: ro.url.legal.android_privacy:http://www.google.com/intl/%s/mobile/android/basic/privacy.html
<3>[   28.298597] init: ro.com.google.locationfeatures:1
<3>[   28.322809] init: ro.setupwizard.mode:DISABLED
<3>[   28.349624] init: ro.com.google.clientidbase:android-samsung
<3>[   28.380866] init: ro.com.google.clientidbase.yt:android-samsung
<3>[   28.412888] init: ro.com.google.clientidbase.am:android-samsung
<3>[   28.444911] init: ro.com.google.clientidbase.vs:android-samsung
<3>[   28.477193] init: ro.com.google.clientidbase.gmm:android-samsung
<3>[   28.505831] init: ro.com.google.gmsversion:2.2_r8
<6>[   28.544102] init: Created socket '/dev/socket/property_service' with mode '666', user '0', group '0'
<6>[   28.687475] init: processing action 0x32f80 (boot)
<4>[   28.694243] [UART Switch] Path : PDA
<6>[   28.709082] inside set_param_value1 idx = 4, value = -1051519052
<3>[   28.719756] lfs_param_op: filp_open failed. (-2)
<6>[   28.741105] init: command 'write' r=0
<4>[   28.747613] [FSA9480]usb_sel_store
<4>[   28.747621]  [FSA9480] usb_switch_mode: Path = PDA
<4>[   28.767920] [FSA9480_Enable_AP_USB] Enable AP USB
<4>[   28.782083] [ap_usb_power_on]AP USB Power ON, askon: 0, mtp : 0
<4>[   28.799786] !!!!!!!!!!! [ap_usb_power_on]AP samsung_kies_mtp_mode_flag0, mtp:0
<6>[   28.824415] inside set_param_value1 idx = 4, value = -1051519052
<3>[   28.835089] lfs_param_op: filp_open failed. (-2)
<6>[   28.856437] init: command 'write' r=0
<3>[   28.865810] init: ro.build.product:smdkc110
<6>[   28.886377] init: command 'setprop' r=0
<3>[   28.896010] init: ro.product.device:smdkc110
<6>[   28.916837] init: command 'setprop' r=0
<3>[   28.924387] init: ro.radio.noril:yes
<6>[   28.943132] init: command 'setprop' r=0
<3>[   28.952505] init: status.battery.state:Slow
<6>[   28.973072] init: command 'setprop' r=0
<3>[   28.981663] init: status.battery.level:5
<6>[   29.001450] init: command 'setprop' r=0
<3>[   29.011342] init: status.battery.level_raw:50
<6>[   29.032430] init: command 'setprop' r=0
<3>[   29.042584] init: status.battery.level_scale:9
<6>[   29.063932] init: command 'setprop' r=0
<6>[   29.071508] init: command 'ifup' r=0
<6>[   29.080100] init: command 'hostname' r=0
<6>[   29.089212] init: command 'domainname' r=0
<6>[   29.098063] init: command 'setrlimit' r=0
<3>[   29.106915] init: ro.FOREGROUND_APP_ADJ:0
<6>[   29.126962] init: command 'setprop' r=0
<3>[   29.135032] init: ro.VISIBLE_APP_ADJ:1
<6>[   29.154298] init: command 'setprop' r=0
<3>[   29.163670] init: ro.SECONDARY_SERVER_ADJ:2
<6>[   29.184237] init: command 'setprop' r=0
<3>[   29.192048] init: ro.BACKUP_APP_ADJ:2
<6>[   29.211053] init: command 'setprop' r=0
<3>[   29.218343] init: ro.HOME_APP_ADJ:4
<6>[   29.236827] init: command 'setprop' r=0
<3>[   29.245679] init: ro.HIDDEN_APP_MIN_ADJ:7
<6>[   29.265725] init: command 'setprop' r=0
<3>[   29.275358] init: ro.CONTENT_PROVIDER_ADJ:14
<6>[   29.296186] init: command 'setprop' r=0
<3>[   29.303996] init: ro.EMPTY_APP_ADJ:15
<6>[   29.323001] init: command 'setprop' r=0
<3>[   29.332634] init: ro.FOREGROUND_APP_MEM:2560
<6>[   29.353462] init: command 'setprop' r=0
<3>[   29.362313] init: ro.VISIBLE_APP_MEM:4096
<6>[   29.382360] init: command 'setprop' r=0
<3>[   29.392513] init: ro.SECONDARY_SERVER_MEM:5120
<6>[   29.413862] init: command 'setprop' r=0
<3>[   29.422453] init: ro.BACKUP_APP_MEM:5120
<6>[   29.442239] init: command 'setprop' r=0
<3>[   29.450310] init: ro.HOME_APP_MEM:5120
<6>[   29.469575] init: command 'setprop' r=0
<3>[   29.478167] init: ro.HIDDEN_APP_MEM:6144
<6>[   29.497953] init: command 'setprop' r=0
<3>[   29.508106] init: ro.CONTENT_PROVIDER_MEM:7168
<6>[   29.529455] init: command 'setprop' r=0
<3>[   29.537786] init: ro.EMPTY_APP_MEM:8192
<6>[   29.557312] init: command 'setprop' r=0
<3>[   29.565122] init: wifi.interface:eth0
<6>[   29.584127] init: command 'setprop' r=0
<3>[   29.598967] init: ro.bt.bdaddr_path:/data/misc/bluetooth/bt_addr
<6>[   29.625001] init: command 'setprop' r=0
<6>[   29.632812] init: command 'write' r=0
<6>[   29.640622] init: command 'write' r=0
<6>[   29.648432] init: command 'write' r=0
<6>[   29.656243] init: command 'write' r=0
<6>[   29.664053] init: command 'write' r=0
<6>[   29.671863] init: command 'write' r=0
<6>[   29.679674] init: command 'write' r=0
<6>[   29.687484] init: command 'write' r=0
<6>[   29.695555] init: command 'chown' r=-2
<6>[   29.703625] init: command 'chown' r=-2
<6>[   29.711696] init: command 'chown' r=-2
<6>[   29.719767] init: command 'chown' r=-2
<6>[   29.727837] init: command 'chown' r=-2
<6>[   29.735648] init: command 'chown' r=0
<6>[   29.743458] init: command 'chown' r=0
<6>[   29.751269] init: command 'chown' r=0
<6>[   29.759079] init: command 'chown' r=0
<6>[   29.766889] init: command 'chmod' r=0
<6>[   29.774700] init: command 'chmod' r=0
<6>[   29.782510] init: command 'chmod' r=0
<6>[   29.790320] init: command 'chmod' r=0
<6>[   29.798131] init: command 'chown' r=0
<6>[   29.806201] init: command 'chown' r=-2
<6>[   29.814012] init: command 'chown' r=0
<6>[   29.822082] init: command 'chown' r=-2
<6>[   29.830153] init: command 'chown' r=-2
<6>[   29.838224] init: command 'chown' r=-2
<6>[   29.846294] init: command 'chown' r=-2
<6>[   29.854365] init: command 'chown' r=-2
<6>[   29.862436] init: command 'chown' r=-2
<6>[   29.870506] init: command 'chown' r=-2
<6>[   29.878577] init: command 'chown' r=-2
<6>[   29.886648] init: command 'chown' r=-2
<6>[   29.894718] init: command 'chown' r=-2
<6>[   29.902789] init: command 'chown' r=-2
<6>[   29.910860] init: command 'chown' r=-2
<6>[   29.918931] init: command 'chown' r=-2
<6>[   29.927001] init: command 'chown' r=-2
<6>[   29.934812] init: command 'chown' r=0
<6>[   29.942622] init: command 'chown' r=0
<6>[   29.950432] init: command 'chown' r=0
<6>[   29.958243] init: command 'chown' r=0
<6>[   29.966053] init: command 'chown' r=0
<6>[   29.973863] init: command 'chown' r=0
<6>[   29.981674] init: command 'chown' r=0
<6>[   29.989484] init: command 'chown' r=0
<6>[   29.997294] init: command 'chown' r=0
<3>[   30.016300] init: net.tcp.buffersize.default:4096,87380,196608,4096,16384,110208
<3>[   30.050665] init: net.change:net.tcp.buffersize.default
<6>[   30.074356] init: command 'setprop' r=0
<3>[   30.092580] init: net.tcp.buffersize.wifi:4095,87380,196608,4096,16384,110208
<3>[   30.125384] init: net.change:net.tcp.buffersize.wifi
<6>[   30.148294] init: command 'setprop' r=0
<3>[   30.166518] init: net.tcp.buffersize.umts:4094,87380,196608,4096,16384,110208
<3>[   30.199322] init: net.change:net.tcp.buffersize.umts
<6>[   30.222232] init: command 'setprop' r=0
<3>[   30.239936] init: net.tcp.buffersize.edge:4093,26280,35040,4096,16384,35040
<3>[   30.272219] init: net.change:net.tcp.buffersize.edge
<6>[   30.295129] init: command 'setprop' r=0
<3>[   30.312311] init: net.tcp.buffersize.gprs:4092,8760,11680,4096,8760,11680
<3>[   30.344074] init: net.change:net.tcp.buffersize.gprs
<6>[   30.366984] init: command 'setprop' r=0
<6>[   30.377919] init: command 'chmod' r=-30
<6>[   30.386250] init: command 'chmod' r=-30
<6>[   30.394581] init: command 'chmod' r=-30
<6>[   30.402912] init: command 'chmod' r=-30
<6>[   30.411243] init: command 'chmod' r=-30
<6>[   30.419574] init: command 'chmod' r=-30
<6>[   30.427931] fg_read_vcell: VCELL=3878
<6>[   30.436262] init: command 'chmod' r=-30
<6>[   30.444333] init: command 'chmod' r=-2
<6>[   30.452143] init: command 'write' r=0
<6>[   30.459953] init: command 'write' r=0
<6>[   30.468024] init: command 'write' r=-2
<6>[   30.476094] init: command 'write' r=-2
<6>[   30.484165] init: command 'chown' r=-2
<6>[   30.492236] init: command 'chown' r=-2
<6>[   30.500046] init: command 'chown' r=0
<6>[   30.508117] init: command 'chmod' r=-2
<6>[   30.516188] init: command 'chmod' r=-2
<6>[   30.523998] init: command 'chown' r=0
<6>[   30.531808] init: command 'chmod' r=0
<6>[   30.539618] init: command 'chown' r=0
<6>[   30.547429] init: command 'chmod' r=0
<6>[   30.555239] init: command 'chmod' r=0
<6>[   30.563050] init: command 'chmod' r=0
<6>[   30.570860] init: command 'chown' r=0
<6>[   30.578670] init: command 'chown' r=0
<6>[   30.586741] init: command 'chmod' r=-2
<6>[   30.594551] init: command 'chown' r=0
<6>[   30.602362] init: command 'chown' r=0
<5>[   30.609912] init: starting 'console'
<3>[   30.619024] init: init.svc.console:running
<5>[   30.639593] init: starting 'playlogos1'
<3>[   30.653390] init: init.svc.playlogos1:running
<5>[   30.673177] init: starting 'adbd'
<3>[   30.685413] init: init.svc.adbd:running
<6>[   30.714832] warning: `adbd' uses 32-bit capabilities (legacy support in use)
<5>[   30.727068] init: starting 'pvrsrvinit'
<6>[   30.732275] enabling adb
<4>[   30.745812] [USB] enable_adb - enable(0x10), prev_status(0x01)
<4>[   30.752060] Here is enable_adb@@@@
<4>[   30.759090] [enable_adb]USBSTATUS_ADB
<6>[   30.767421] acm_function_config_changed
<6>[   30.778095] mass_storage_function_config_changed
<6>[   30.786426] adb_function_config_changed
<4>[   30.794237]   interface 0 = acm/df20e480
<4>[   30.802047]   interface 1 = acm/df20e480
<4>[   30.813242]   interface 2 = usb_mass_storage/df36a800
<4>[   30.821052]   interface 3 = adb/df368d00
<4>[   30.834954] [ap_usb_power_on]AP USB Power ON, askon: 0, mtp : 0
<4>[   30.852658] !!!!!!!!!!! [ap_usb_power_on]AP samsung_kies_mtp_mode_flag0, mtp:0
<3>[   30.862708] init: init.svc.pvrsrvinit:running
<5>[   30.885098] init: starting 'servicemanager'
<3>[   30.896032] init: init.svc.servicemanager:running
<5>[   30.917225] init: starting 'vold'
<3>[   30.925633] init: init.svc.vold:running
<6>[   30.958958] init: Created socket '/dev/socket/vold' with mode '660', user '0', group '1009'
<5>[   30.968329] init: starting 'notified_event'
<3>[   30.979264] init: init.svc.notified_event:running
<6>[   31.017795] init: Created socket '/dev/socket/notified_event' with mode '660', user '0', group '1000'
<5>[   31.024981] init: starting 'netd'
<3>[   31.033442] init: init.svc.netd:running
<6>[   31.066766] init: Created socket '/dev/socket/netd' with mode '660', user '0', group '1000'
<4>[   31.075174] PKD:: OTG core got reset!!! 
<5>[   31.089208] init: starting 'debuggerd'
<3>[   31.101705] init: init.svc.debuggerd:running
<5>[   31.122531] init: starting 'DR-daemon'
<3>[   31.132841] init: init.svc.DR-daemon:running
<5>[   31.154450] init: starting 'mobex-daemon'
<3>[   31.165098] init: init.svc.mobex-daemon:running
<5>[   31.185925] init: starting 'zygote'
<3>[   31.194777] init: init.svc.zygote:running
<6>[   31.228362] init: Created socket '/dev/socket/zygote' with mode '666', user '0', group '0'
<5>[   31.235600] init: starting 'media'
<3>[   31.244399] init: init.svc.media:running
<3>[   31.271996] init: cannot find '/system/bin/vtserver', disabling 'vt'
<5>[   31.297770] init: starting 'dbus'
<3>[   31.309746] init: init.svc.dbus:running
<6>[   31.343851] init: Created socket '/dev/socket/dbus' with mode '660', user '1002', group '1002'
<5>[   31.351973] init: starting 'installd'
<3>[   31.363299] init: init.svc.installd:running
<6>[   31.399487] init: Created socket '/dev/socket/installd' with mode '600', user '1000', group '1000'
<3>[   31.422345] init: cannot find '/system/etc/install-recovery.sh', disabling 'flash_recovery'
<5>[   31.456450] init: starting 'sensor-daemon'
<3>[   31.473191] init: init.svc.sensor-daemon:running
<4>[   31.491674] acm_disconnected
<5>[   31.525546] init: starting 'keystore'
<3>[   31.534917] init: init.svc.keystore:running
<6>[   31.569544] init: Created socket '/dev/socket/keystore' with mode '666', user '0', group '0'
<5>[   31.582066] init: starting 'immvibed'
<3>[   31.595578] init: init.svc.immvibed:running
<3>[   31.624997] init: cannot find '/system/bin/immvbsd', disabling 'immvbsd'
<5>[   31.651812] init: starting 'tvout'
<3>[   31.666393] init: init.svc.tvout:running
<5>[   31.690371] init: starting 'dfta'
<3>[   31.698700] init: init.svc.dfta:running
<6>[   31.719528] init: command 'class_start' r=0
<6>[   31.739314] init: processing action 0x34388 (property:persist.service.adb.enable=1)
<6>[   31.747124] init: command 'start' r=0
<6>[   31.761443] init: waitpid returned pid 2293, status = 00000200
<5>[   31.772378] init: process 'dfta', pid 2293 exited
<3>[   31.780709] init: init.svc.dfta:stopped
<6>[   31.810388] init: make_device '/dev/pvrsrvkm' block 0, major 240, minor 0 r=0
<6>[   31.828091] init: make_device '/dev/s3c_bc' block 0, major 253, minor 0 r=0
<4>[   31.842931] [USB:UMS] fsg_function_setup, return to PC fsg->nluns=2
<4>[   31.859828] printk:do_inquiry fsg->cdrom 0 curlun->id 0
<6>[   31.894376] init: make_device '/dev/tspdrv' block 0, major 10, minor 43 r=0
<4>[   31.906872] printk:do_inquiry fsg->cdrom 0 curlun->id 0
<6>[   31.926137] init: make_device '/dev/block/bml0!c' block 1, major 137, minor 0 r=0
<6>[   31.944882] init: make_device '/dev/block/bml1' block 1, major 137, minor 1 r=0
<6>[   31.963705] init: make_device '/dev/block/bml2' block 1, major 137, minor 2 r=0
<6>[   31.982450] init: make_device '/dev/block/bml3' block 1, major 137, minor 3 r=0
<6>[   32.001429] init: make_device '/dev/block/bml4' block 1, major 137, minor 4 r=0
<6>[   32.020773] init: make_device '/dev/block/bml5' block 1, major 137, minor 5 r=0
<6>[   32.040403] init: make_device '/dev/block/bml6' block 1, major 137, minor 6 r=0
<6>[   32.059486] init: make_device '/dev/block/bml7' block 1, major 137, minor 7 r=0
<6>[   32.080236] init: make_device '/dev/block/stl1' block 1, major 138, minor 1 r=0
<6>[   32.098980] init: make_device '/dev/block/stl2' block 1, major 138, minor 2 r=0
<4>[   32.110695] printk:do_inquiry fsg->cdrom 0 curlun->id 1
<6>[   32.129440] init: make_device '/dev/block/stl3' block 1, major 138, minor 3 r=0
<4>[   32.141676] printk:do_inquiry fsg->cdrom 0 curlun->id 1
<6>[   32.160422] init: make_device '/dev/block/stl4' block 1, major 138, minor 4 r=0
<6>[   32.179166] init: make_device '/dev/block/stl5' block 1, major 138, minor 5 r=0
<6>[   32.203066] init: make_device '/dev/block/stl6' block 1, major 138, minor 6 r=0
<6>[   32.222800] init: make_device '/dev/block/stl7' block 1, major 138, minor 7 r=0
<6>[   32.240503] init: make_device '/dev/bthid' block 0, major 10, minor 224 r=0
<6>[   32.298249] PVR_K:(Warning): SysFinalise: Version string: SGX540 S5PC110 [475, services4/system/s5pc110/sysconfig.c]
<6>[   32.313478] init: waitpid returned pid 2273, status = 00000000
<5>[   32.325974] init: process 'pvrsrvinit', pid 2273 exited
<3>[   32.335867] init: init.svc.pvrsrvinit:stopped
<3>[   32.385021] init: sys_prop: permission denied uid:2000  name:adb.connected
<6>[   32.477653] init: make_device '/dev/block/ram0' block 1, major 1, minor 0 r=0
<6>[   32.500797] init: make_device '/dev/block/ram1' block 1, major 1, minor 1 r=0
<6>[   32.522066] init: make_device '/dev/block/ram2' block 1, major 1, minor 2 r=0
<6>[   32.544013] init: make_device '/dev/block/ram3' block 1, major 1, minor 3 r=0
<6>[   32.565153] init: make_device '/dev/block/ram4' block 1, major 1, minor 4 r=0
<6>[   32.586658] init: make_device '/dev/block/ram5' block 1, major 1, minor 5 r=0
<6>[   32.609099] init: make_device '/dev/block/ram6' block 1, major 1, minor 6 r=0
<6>[   32.631177] init: make_device '/dev/block/ram7' block 1, major 1, minor 7 r=0
<6>[   32.654191] init: make_device '/dev/block/ram8' block 1, major 1, minor 8 r=0
<6>[   32.679497] init: make_device '/dev/block/ram9' block 1, major 1, minor 9 r=0
<6>[   32.702251] init: make_device '/dev/block/ram10' block 1, major 1, minor 10 r=0
<6>[   32.722870] init: make_device '/dev/block/ram11' block 1, major 1, minor 11 r=0
<6>[   32.741953] init: make_device '/dev/block/ram12' block 1, major 1, minor 12 r=0
<6>[   32.760932] init: make_device '/dev/block/ram13' block 1, major 1, minor 13 r=0
<6>[   32.779676] init: make_device '/dev/block/ram14' block 1, major 1, minor 14 r=0
<6>[   32.798421] init: make_device '/dev/block/ram15' block 1, major 1, minor 15 r=0
<6>[   32.816906] init: make_device '/dev/block/loop0' block 1, major 7, minor 0 r=0
<6>[   32.835390] init: make_device '/dev/block/loop1' block 1, major 7, minor 1 r=0
<6>[   32.853875] init: make_device '/dev/block/loop2' block 1, major 7, minor 2 r=0
<6>[   32.872359] init: make_device '/dev/block/loop3' block 1, major 7, minor 3 r=0
<6>[   32.891235] init: make_device '/dev/block/loop4' block 1, major 7, minor 4 r=0
<6>[   32.909823] init: make_device '/dev/block/loop5' block 1, major 7, minor 5 r=0
<6>[   32.928307] init: make_device '/dev/block/loop6' block 1, major 7, minor 6 r=0
<6>[   32.946792] init: make_device '/dev/block/loop7' block 1, major 7, minor 7 r=0
<6>[   32.966318] init: make_device '/dev/block/tfsr0!c' block 1, major 139, minor 0 r=0
<6>[   32.985323] init: make_device '/dev/block/tfsr1' block 1, major 139, minor 1 r=0
<6>[   33.004328] init: make_device '/dev/block/tfsr2' block 1, major 139, minor 2 r=0
<6>[   33.023333] init: make_device '/dev/block/tfsr3' block 1, major 139, minor 3 r=0
<6>[   33.043016] init: make_device '/dev/block/tfsr4' block 1, major 139, minor 4 r=0
<6>[   33.062020] init: make_device '/dev/block/tfsr5' block 1, major 139, minor 5 r=0
<6>[   33.087066] init: make_device '/dev/block/tfsr6' block 1, major 139, minor 6 r=0
<6>[   33.109275] init: make_device '/dev/block/tfsr7' block 1, major 139, minor 7 r=0
<6>[   33.129190] init: make_device '/dev/block/mmcblk0' block 1, major 179, minor 0 r=0
<6>[   33.150694] init: make_device '/dev/block/mmcblk0p1' block 1, major 179, minor 1 r=0
<6>[   33.171703] init: make_device '/dev/block/mmcblk0p2' block 1, major 179, minor 2 r=0
<6>[   33.191750] init: make_device '/dev/block/mmcblk0p3' block 1, major 179, minor 3 r=0
<6>[   33.211276] init: make_device '/dev/block/mmcblk1' block 1, major 179, minor 8 r=0
<6>[   33.231661] init: make_device '/dev/block/mmcblk1p1' block 1, major 179, minor 9 r=0
<6>[   33.262747] init: make_device '/dev/block/mmcblk1p2' block 1, major 179, minor 10 r=0
<6>[   33.283053] init: make_device '/dev/block/mmcblk1p3' block 1, major 179, minor 11 r=0
<6>[   33.302319] init: make_device '/dev/block/bml0!c' block 1, major 137, minor 0 r=0
<6>[   33.321063] init: make_device '/dev/block/bml1' block 1, major 137, minor 1 r=0
<6>[   33.339808] init: make_device '/dev/block/bml2' block 1, major 137, minor 2 r=0
<6>[   33.358918] init: make_device '/dev/block/bml3' block 1, major 137, minor 3 r=0
<6>[   33.488873] init: make_device '/dev/block/bml4' block 1, major 137, minor 4 r=0
<6>[   33.550623] init: make_device '/dev/block/bml5' block 1, major 137, minor 5 r=0
<6>[   33.570122] init: make_device '/dev/block/bml6' block 1, major 137, minor 6 r=0
<6>[   33.588867] init: make_device '/dev/block/bml7' block 1, major 137, minor 7 r=0
<6>[   33.607612] init: make_device '/dev/block/stl1' block 1, major 138, minor 1 r=0
<6>[   33.626357] init: make_device '/dev/block/stl2' block 1, major 138, minor 2 r=0
<6>[   33.645102] init: make_device '/dev/block/stl3' block 1, major 138, minor 3 r=0
<6>[   33.663846] init: make_device '/dev/block/stl4' block 1, major 138, minor 4 r=0
<6>[   33.685195] init: make_device '/dev/block/stl5' block 1, major 138, minor 5 r=0
<6>[   33.703939] init: make_device '/dev/block/stl6' block 1, major 138, minor 6 r=0
<6>[   33.724376] init: make_device '/dev/block/stl7' block 1, major 138, minor 7 r=0
<6>[   33.745621] init: waitpid returned pid 2291, status = 00000000
<5>[   33.757856] init: process 'immvibed', pid 2291 exited
<3>[   33.767229] init: init.svc.immvibed:stopped
<4>[   34.202941] printk:do_inquiry fsg->cdrom 0 curlun->id 0
<4>[   34.214656] printk:do_inquiry fsg->cdrom 0 curlun->id 0
<4>[   34.235015] printk:do_inquiry fsg->cdrom 0 curlun->id 1
<4>[   34.246730] printk:do_inquiry fsg->cdrom 0 curlun->id 1
<6>[   35.427238] fg_read_vcell: VCELL=3878
<4>[   36.040296] DmaAddr=@4f3e0000 Total=32768bytes PrdSz=2048 #Prds=4, dmaEnd 0x4f3e8000
<4>[   36.114754] DmaAddr=@4f3e0000 Total=32768bytes PrdSz=2048 #Prds=4, dmaEnd 0x4f3e8000
<6>[   40.427182] fg_read_vcell: VCELL=3878
<4>[   40.673155] !@beginofsystem_init1()
<6>[   40.691067] init: make_device '/dev/vcs7' block 0, major 7, minor 7 r=0
<6>[   40.713977] init: make_device '/dev/vcsa7' block 0, major 7, minor 135 r=0
<4>[   40.953182] !@endofsystem_init1()
<3>[   40.962814] init: no such service 'bootanim'
<4>[   42.078728] !@beginofPackageManager
<6>[   45.427228] fg_read_vcell: VCELL=3878
<7>[   49.782426] mmcblk1: error -84 transferring data, sector 5126, nr 1024, card status 0xf00
<7>[   49.854411] mmcblk1: error -84 transferring data, sector 5126, nr 1024, card status 0xf00
<6>[   50.427218] fg_read_vcell: VCELL=3878
<6>[   55.427212] fg_read_vcell: VCELL=3878
<6>[   60.427176] fg_read_vcell: VCELL=3878
<6>[   65.427264] fg_read_vcell: VCELL=3878
<6>[   70.427302] fg_read_vcell: VCELL=3878
<6>[   75.427325] fg_read_vcell: VCELL=3878
<6>[   80.427134] fg_read_vcell: VCELL=3878
<4>[   83.583311] acm_connected
<6>[   85.427374] fg_read_vcell: VCELL=3878
<6>[   90.427298] fg_read_vcell: VCELL=3878
<6>[   95.427248] fg_read_vcell: VCELL=3878
<6>[  100.427242] fg_read_vcell: VCELL=3878
<6>[  105.427178] fg_read_vcell: VCELL=3878
<6>[  110.427238] fg_read_vcell: VCELL=3878
<6>[  115.427231] fg_read_vcell: VCELL=3878
<6>[  120.427097] fg_read_vcell: VCELL=3878
<6>[  125.427258] fg_read_vcell: VCELL=3878
<6>[  130.427273] fg_read_vcell: VCELL=3878
<6>[  135.427241] fg_read_vcell: VCELL=3878
<6>[  140.427092] fg_read_vcell: VCELL=3878
<6>[  145.427083] fg_read_vcell: VCELL=3878
<6>[  150.427068] fg_read_vcell: VCELL=3878
<6>[  155.427075] fg_read_vcell: VCELL=3878
<6>[  160.427290] fg_read_vcell: VCELL=3878
<6>[  165.427189] fg_read_vcell: VCELL=3878
<6>[  170.427261] fg_read_vcell: VCELL=3878
<6>[  175.427331] fg_read_vcell: VCELL=3878
<6>[  180.426985] fg_read_vcell: VCELL=3878
<6>[  185.426978] fg_read_vcell: VCELL=3878
<6>[  190.427000] fg_read_vcell: VCELL=3878
<6>[  195.426969] fg_read_vcell: VCELL=3878
<6>[  200.427328] fg_read_vcell: VCELL=3878
<6>[  205.427050] fg_read_vcell: VCELL=3878
<6>[  210.427065] fg_read_vcell: VCELL=3878
<4>[  214.713051] !@2nfofPackageManager
<6>[  215.426947] fg_read_vcell: VCELL=3878
<4>[  217.408072] [VIBETONZ] enable_vibetonz_from_user : time = 150 msec 
<4>[  217.413017] [VIBETONZ] ENABLE
<4>[  217.568837] [VIBETONZ] DISABLE
<6>[  220.427101] fg_read_vcell: VCELL=3878
<6>[  225.427338] fg_read_vcell: VCELL=3878
<4>[  230.276651] [VIBETONZ] enable_vibetonz_from_user : time = 75 msec 
<4>[  230.281596] [VIBETONZ] ENABLE
<4>[  230.362434] [VIBETONZ] DISABLE
<4>[  230.422056] [VIBETONZ] enable_vibetonz_from_user : time = 75 msec 
<4>[  230.427000] [VIBETONZ] ENABLE
<6>[  230.436529] fg_read_vcell: VCELL=3878
<4>[  230.507890] [VIBETONZ] DISABLE
<4>[  230.575999] [VIBETONZ] enable_vibetonz_from_user : time = 75 msec 
<4>[  230.580943] [VIBETONZ] ENABLE
<4>[  230.661834] [VIBETONZ] DISABLE
<6>[  235.426976] fg_read_vcell: VCELL=3878
<6>[  240.426948] fg_read_vcell: VCELL=3878
<6>[  241.004606] init: waitpid returned pid 2284, status = 00000009
<5>[  241.016060] init: process 'zygote', pid 2284 exited
<5>[  241.032982] init: process 'zygote' killing any children in process group
<6>[  241.057193] request_suspend_state: wakeup (3->0) at 240685233296 (2011-05-25 06:00:20.215334433 UTC)
<5>[  241.081433] init: service 'media' is being killed
<3>[  241.108014] init: init.svc.media:stopping
<5>[  241.127018] init: starting 'media'
<3>[  241.135609] init: init.svc.media:running
<3>[  241.169976] init: init.svc.zygote:restarting
<6>[  241.206008] init: waitpid returned pid 2271, status = 00000009
<5>[  241.235269] init: process 'playlogos1', pid 2271 exited
<3>[  241.260055] init: init.svc.playlogos1:stopped
<6>[  241.295879] init: waitpid returned pid 2285, status = 0000000f
<3>[  241.322044] init: untracked pid 2285 exited
<5>[  241.351254] init: starting 'zygote'
<3>[  241.368593] init: init.svc.zygote:running
<6>[  241.402177] init: Created socket '/dev/socket/zygote' with mode '666', user '0', group '0'
<4>[  241.562680] DmaAddr=@4f3e0000 Total=32768bytes PrdSz=2048 #Prds=4, dmaEnd 0x4f3e8000
<4>[  241.640627] DmaAddr=@4f3e0000 Total=32768bytes PrdSz=2048 #Prds=4, dmaEnd 0x4f3e8000
<4>[  243.847520] !@beginofsystem_init1()
<4>[  243.953246] !@endofsystem_init1()
<3>[  243.962878] init: no such service 'bootanim'
<4>[  244.389952] !@beginofPackageManager
<6>[  245.426880] fg_read_vcell: VCELL=3878
<6>[  250.426876] fg_read_vcell: VCELL=3878
<6>[  255.426968] fg_read_vcell: VCELL=3878
<6>[  260.427116] fg_read_vcell: VCELL=3878
<6>[  265.426934] fg_read_vcell: VCELL=3878
<6>[  270.426880] fg_read_vcell: VCELL=3878
<4>[  271.399683] !@2nfofPackageManager
<4>[  274.772764] [VIBETONZ] enable_vibetonz_from_user : time = 150 msec 
<4>[  274.777709] [VIBETONZ] ENABLE
<4>[  274.933553] [VIBETONZ] DISABLE
<6>[  275.426880] fg_read_vcell: VCELL=3878
<6>[  280.427459] fg_read_vcell: VCELL=3878
<6>[  285.427701] fg_read_vcell: VCELL=3878
<4>[  285.445036] [VIBETONZ] enable_vibetonz_from_user : time = 75 msec 
<4>[  285.449981] [VIBETONZ] ENABLE
<4>[  285.530974] [VIBETONZ] DISABLE
<4>[  285.590671] [VIBETONZ] enable_vibetonz_from_user : time = 75 msec 
<4>[  285.595617] [VIBETONZ] ENABLE
<4>[  285.676584] [VIBETONZ] DISABLE
<4>[  285.736386] [VIBETONZ] enable_vibetonz_from_user : time = 75 msec 
<4>[  285.741332] [VIBETONZ] ENABLE
<4>[  285.822299] [VIBETONZ] DISABLE
<6>[  290.427367] fg_read_vcell: VCELL=3878
<6>[  295.427285] fg_read_vcell: VCELL=3878
<6>[  296.135421] init: waitpid returned pid 2474, status = 00000009
<5>[  296.151718] init: process 'zygote', pid 2474 exited
<5>[  296.168638] init: process 'zygote' killing any children in process group
<6>[  296.192850] request_suspend_state: wakeup (0->0) at 295820730125 (2011-05-25 06:01:15.350831387 UTC)
<5>[  296.203784] init: service 'media' is being killed
<3>[  296.218339] init: init.svc.media:stopping
<5>[  296.237343] init: starting 'media'
<3>[  296.246117] init: init.svc.media:running
<3>[  296.279312] init: init.svc.zygote:restarting
<6>[  296.315370] init: waitpid returned pid 2473, status = 0000000f
<3>[  296.341455] init: untracked pid 2473 exited
<5>[  296.374624] init: starting 'zygote'
<3>[  296.388057] init: init.svc.zygote:running
<6>[  296.421643] init: Created socket '/dev/socket/zygote' with mode '666', user '0', group '0'
<4>[  296.664205] DmaAddr=@4f3e0000 Total=32768bytes PrdSz=2048 #Prds=4, dmaEnd 0x4f3e8000
<4>[  296.742283] DmaAddr=@4f3e0000 Total=32768bytes PrdSz=2048 #Prds=4, dmaEnd 0x4f3e8000
<4>[  298.697237] !@beginofsystem_init1()
<4>[  298.799656] !@endofsystem_init1()
<3>[  298.809289] init: no such service 'bootanim'
<4>[  299.929114] !@beginofPackageManager
<6>[  300.426868] fg_read_vcell: VCELL=3878
<6>[  305.426761] fg_read_vcell: VCELL=3878
<6>[  310.426984] fg_read_vcell: VCELL=3878
<6>[  315.426855] fg_read_vcell: VCELL=3878
