<6>[    0.000000] Initializing cgroup subsys cpu
<5>[    0.000000] Linux version 2.6.32.9 (nathan@nathan-VirtualBox) (gcc version 4.5.2 (Sourcery G++ Lite 2011.03-41) ) #1 Sat Jun 4 04:31:38 EST 2011
<4>[    0.000000] CPU: ARMv7 Processor [412fc082] revision 2 (ARMv7), cr=10c53c7f
<4>[    0.000000] CPU: VIPT nonaliasing data cache, VIPT nonaliasing instruction cache
<4>[    0.000000] Machine: SMDKC110
<4>[    0.000000] Ignoring unrecognised tag 0x54410009
<4>[    0.000000] Memory policy: ECC disabled, Data cache writeback
<7>[    0.000000] On node 0 totalpages: 20480
<7>[    0.000000] free_area_init_node: node 0, pgdat c1095860, node_mem_map c126c000
<7>[    0.000000]   Normal zone: 160 pages used for memmap
<7>[    0.000000]   Normal zone: 0 pages reserved
<7>[    0.000000]   Normal zone: 20320 pages, LIFO batch:3
<7>[    0.000000] On node 1 totalpages: 65536
<7>[    0.000000] free_area_init_node: node 1, pgdat c1095f18, node_mem_map d0002000
<7>[    0.000000]   Normal zone: 512 pages used for memmap
<7>[    0.000000]   Normal zone: 0 pages reserved
<7>[    0.000000]   Normal zone: 65024 pages, LIFO batch:15
<7>[    0.000000] On node 2 totalpages: 0
<7>[    0.000000] free_area_init_node: node 2, pgdat c10965d0, node_mem_map c1314c20
<4>[    0.000000]   Normal zone: 1 pages exceeds realsize 0
<7>[    0.000000] On node 3 totalpages: 0
<7>[    0.000000] free_area_init_node: node 3, pgdat c1096c88, node_mem_map c131cce0
<4>[    0.000000]   Normal zone: 1 pages exceeds realsize 0
<4>[    0.000000] CPU S5PV210/S5PC110 (id 0x43110222)
<7>[    0.000000] s5pv210_init_clocks: initializing clocks
<6>[    0.000000] S3C24XX Clocks, Copyright 2004 Simtec Electronics
<3>[    0.000000] copy: bad source 0
<3>[    0.000000] mout_audss: bad source 0
<7>[    0.000000] s5pv210_setup_clocks: registering clocks
<7>[    0.000000] s5pv210_setup_clocks: clkdiv0 = 14131330, clkdiv1 = 00300400
<7>[    0.000000] s5pv210_setup_clocks: xtal is 24000000
<6>[    0.000000] S5PV210: PLL settings, A=800000000, M=667000000, E=80000000
<6>[    0.000000] s5pv210: 33554432 bytes system memory reserved for mfc at 0x31327000
<6>[    0.000000] s5pv210: 33554432 bytes system memory reserved for mfc at 0x40204000
<6>[    0.000000] s5pv210: 12582912 bytes system memory reserved for fimc0 at 0x42204000
<6>[    0.000000] s5pv210: 1048576 bytes system memory reserved for fimc1 at 0x42e04000
<6>[    0.000000] s5pv210: 12582912 bytes system memory reserved for fimc2 at 0x42f04000
<6>[    0.000000] s5pv210: 2097152 bytes system memory reserved for pmem at 0x33327000
<6>[    0.000000] s5pv210: 4194304 bytes system memory reserved for pmem_gpu1 at 0x33527000
<6>[    0.000000] s5pv210: 1536000 bytes system memory reserved for pmem_adsp at 0x33927000
<6>[    0.000000] s5pv210: 10485760 bytes system memory reserved for texstream at 0x33a9e000
<6>[    0.000000] s5pv210: 3145728 bytes system memory reserved for fimd at 0x43b04000
<6>[    0.000000] s5pv210: 262144 bytes system memory reserved for wifi at 0x3449e000
<4>[    0.000000] Built 2 zonelists in Zone order, mobility grouping on.  Total pages: 85344
<5>[    0.000000] Kernel command line: bootmode= console=ttySAC2,115200 loglevel=4
<6>[    0.000000] PID hash table entries: 2048 (order: 1, 8192 bytes)
<6>[    0.000000] Dentry cache hash table entries: 65536 (order: 6, 262144 bytes)
<6>[    0.000000] Inode-cache hash table entries: 32768 (order: 5, 131072 bytes)
<6>[    0.000000] Memory: 80MB 256MB = 336MB total
<5>[    0.000000] Memory: 209356KB available (9144K code, 1897K data, 7424K init, 0K highmem)
<6>[    0.000000] SLUB: Genslabs=9, HWalign=64, Order=0-3, MinObjects=0, CPUs=1, Nodes=4
<6>[    0.000000] Hierarchical RCU implementation.
<6>[    0.000000] NR_IRQS:339
<6>[    0.000000] VIC @fd000000: id 0x00041192, vendor 0x41
<6>[    0.000000] VIC @fd010000: id 0x00041192, vendor 0x41
<6>[    0.000000] VIC @fd020000: id 0x00041192, vendor 0x41
<6>[    0.000000] VIC @fd030000: id 0x00041192, vendor 0x41
<6>[    0.000000] mult[140737]
<6>[    0.000000] max_delta_ns[2147483647]
<6>[    0.000000] min_delta_ns[30517]
<6>[    0.000000] rate[32768]
<6>[    0.000000] HZ[256]
<4>[    0.000000] Console: colour dummy device 80x30
<6>[    0.000000] console [ttySAC2] enabled
<6>[    0.014747] Calibrating delay loop... 796.20 BogoMIPS (lpj=1556480)
<4>[    0.099085] Mount-cache hash table entries: 512
<6>[    0.102555] Initializing cgroup subsys debug
<6>[    0.105936] Initializing cgroup subsys cpuacct
<6>[    0.109319] Initializing cgroup subsys freezer
<6>[    0.112788] CPU: Testing write buffer coherency: ok
<0>[    0.121619] KERNEL:kernel_sec_get_debug_level_from_boot=0x574f4c44
<0>[    0.131678] KERNEL:magic_number=0x0 DEBUG LEVEL low!!
<0>[    0.141392] (kernel_sec_set_upload_cause) : upload_cause set 0
<6>[    0.153510] regulator: core version 0.5
<6>[    0.157134] NET: Registered protocol family 16
<4>[    0.175740] S5PC110 Hardware version : EVT1 
<4>[    0.177691] HWREV is 0xf
<4>[    0.182797] S3C Power Management, Copyright 2004 Simtec Electronics
<6>[    0.196875] S5PV210 Power Domain API Enable
<6>[    0.200430] S5PV210: Initializing architecture
<6>[    0.206588] S3C PL330-DMA Controller Driver, (c) 2008-2009 Samsung Electronics
<6>[    0.210664] Total 24 DMA channels will be initialized.
<4>[    0.215827] DMA: got clock for controller 0 and disabled 
<4>[    0.220693] DMA: got clock for controller 1 and disabled 
<4>[    0.225402] DMA: got clock for controller 2 and disabled 
<6>[    0.234030] s3c24xx-pwm s3c24xx-pwm.0: tin at 66700000, tdiv at 66700000, tin=divclk, base 0
<6>[    0.241402] s3c24xx-pwm s3c24xx-pwm.1: tin at 66700000, tdiv at 66700000, tin=divclk, base 8
<6>[    0.248687] s3c24xx-pwm s3c24xx-pwm.2: tin at 4168750, tdiv at 4168750, tin=divclk, base 12
<6>[    0.255973] s3c24xx-pwm s3c24xx-pwm.3: tin at 4168750, tdiv at 4168750, tin=divclk, base 16
<4>[    0.277838] bio: create slab <bio-0> at 0
<6>[    0.280466] vgaarb: loaded
<5>[    0.284065] SCSI subsystem initialized
<6>[    0.290745] s3c-i2c s3c2410-i2c.0: i2c-0: S3C I2C adapter
<6>[    0.296322] s3c-i2c s3c2410-i2c.1: i2c-1: S3C I2C adapter
<6>[    0.302055] s3c-i2c s3c2410-i2c.2: i2c-2: S3C I2C adapter
<6>[    0.306260] Bluetooth: Core ver 2.15
<6>[    0.309755] NET: Registered protocol family 31
<6>[    0.315045] Bluetooth: HCI device and connection manager initialized
<6>[    0.318861] Bluetooth: HCI socket layer initialized
<6>[    0.323536] Switching to clocksource clock_source_systimer
<6>[    0.336416] NET: Registered protocol family 2
<6>[    0.342617] IP route cache hash table entries: 4096 (order: 2, 16384 bytes)
<6>[    0.349964] TCP established hash table entries: 16384 (order: 5, 131072 bytes)
<6>[    0.355714] TCP bind hash table entries: 16384 (order: 6, 327680 bytes)
<6>[    0.361551] TCP: Hash tables configured (established 16384 bind 16384)
<6>[    0.363632] TCP reno registered
<6>[    0.367006] NET: Registered protocol family 1
<7>[    0.403253] [BT] rfkill_register(bt_rfk) 
<7>[    0.405984] [BT] Device Powering ON 
<7>[    0.408238] [BT] GPIO_BT_nRST = 0
<4>[    0.410493] [BT] GPIO_WLAN_BT_EN = 1
<7>[    0.413963] [BT] bt_host_wake_irq_handler start
<4>[    0.520868] [BT] GPIO_BT_nRST = 1
<7>[    0.523479] [BT] Device Powering OFF 
<7>[    0.526948] [BT] bt_host_wake_irq_handler start
<4>[    0.528943] [BT] GPIO_BT_nRST = 0
<4>[    0.531198] [BT] GPIO_WLAN_BT_EN = 0
<7>[    0.534849] [BT] bt_host_wake_irq_handler start
<4>[    0.538700] [BT] In the unblocked state of the sleep
<7>[    0.540955] [BT] GPIO_BT_WAKE = 0
<4>[    0.543730] [BT] wake_unlock(bt_wake_lock)
<4>[    0.547373] [BT] In the unblocked state of the sleep
<7>[    0.549628] [BT] GPIO_BT_WAKE = 0
<4>[    0.552403] [BT] wake_unlock(bt_wake_lock)
<4>[    0.556437] S5PC11X_FREQ_TAB=0 , S5PC11X_MAXFREQLEVEL=4
<6>[    0.561233] S5PV210 ADC driver, (c) 2010 Samsung Electronics
<4>[    0.566065] [ JACK_DRIVER (sec_jack_init,800) ] 
<6>[    0.569360] SEC JACK: Registering jack driver
<6>[    0.574173] input: sec_jack as /devices/virtual/input/input0
<4>[    0.581146] [ JACK_DRIVER (sec_jack_probe,676) ] sended isr send=0Xbe, ret =0
<4>[    0.586610] [ JACK_DRIVER (sec_jack_probe,695) ] det isr det=0X26, ret =0
<4>[    0.592491] NetWinder Floating Point Emulator V0.97 (extended precision)
<6>[    0.596021] ashmem: initialized
<6>[    0.617480] ROMFS MTD (C) 2007 Red Hat, Inc.
<6>[    0.620496] msgmni has been set to 409
<6>[    0.625544] alg: No test for cipher_null (cipher_null-generic)
<6>[    0.630410] alg: No test for ecb(cipher_null) (ecb-cipher_null)
<6>[    0.635180] alg: No test for digest_null (digest_null-generic)
<6>[    0.640297] alg: No test for compress_null (compress_null-generic)
<6>[    0.645059] alg: No test for stdrng (krng)
<6>[    0.698607] alg: No test for ghash (ghash-generic)
<6>[    0.701469] io scheduler noop registered
<6>[    0.705025] io scheduler anticipatory registered
<6>[    0.708234] io scheduler deadline registered
<6>[    0.712389] io scheduler cfq registered (default)
<4>[    0.716319] MDNIE  INIT ..........
<6>[    0.720741] S3C MDNIE Driver, (c) 2010 Samsung Electronics
<4>[    0.724681] MDNIE  INIT SUCCESS Addr : 0xe083c000
<4>[    0.726760] IELCD  INIT ..........
<6>[    0.731183] S3C IELCD Driver, (c) 2010 Samsung Electronics
<4>[    0.735088] IELCD  INIT SUCCESS Addr : 0xe0840000
<6>[    0.742288] s3cfb s3cfb: [fb0] dma: 0x43b04000, cpu: 0xe0c00000, size: 0x002ee000
<6>[    0.751749] FIMD src sclk = 166750000
<6>[    0.757819] s3cfb s3cfb: parent clock: 166750000, vclk: 25628040, vclk div: 7
<6>[    0.761375] s3cfb s3cfb: registered successfully
<6>[    0.959989] s5pv210-uart.0: s3c2410_serial0 at MMIO 0xe2900000 (irq = 16) is a S3C6400/10
<6>[    0.967681] s5pv210-uart.1: s3c2410_serial1 at MMIO 0xe2900400 (irq = 20) is a S3C6400/10
<6>[    0.975261] s5pv210-uart.2: s3c2410_serial2 at MMIO 0xe2900800 (irq = 24) is a S3C6400/10
<6>[    0.982703] s5pv210-uart.3: s3c2410_serial3 at MMIO 0xe2900c00 (irq = 28) is a S3C6400/10
<6>[    0.995739] brd: module loaded
<6>[    1.003084] loop: module loaded
<6>[    1.004559] pmem: 1 init
<6>[    1.008317] pmem_gpu1: 1 init
<6>[    1.011925] pmem_adsp: 1 init
<4>[    1.017891] [BIF:IN ] ++FSR_BML_Init(nFlag: 0x0)
<4>[    1.020231] [PAM:   ] ++FSR_PAM_Init
<4>[    1.026287] [PAM:   ]   OneNAND physical base address       : 0xb0000000
<4>[    1.031749] [PAM:   ]   OneNAND virtual  base address       : 0xe0880000
<4>[    1.036606] [PAM:   ]   OneNAND nMID=0xec : nDID=0x50 Page size=4
<4>[    1.038948] [PAM:   ] --FSR_PAM_Init
<4>[    1.043111] [BIF:   ]   FSR VERSION: FSR_1.2.1p1_b139_RTM
<4>[    1.050656] [OND:INF]   FSR_OND_4K_Open(nDev:0, pParam:0xc4ff1e50, nFlag:0x00000000) / 1033 line
<4>[    1.054906]             pstOND4kCxt->nBaseAddr: 0xe0880000
<4>[    1.060110]             nDev=0, nMID=0x00ec, nDID=0x0050, nVID=0x013e
<4>[    1.064967] [OND:INF]   pstOND4kCxt->nSysConf1:0xf0c6 / 1116 line
<4>[    1.070431] [OND:INF]   pstOND4kCxt->nBlksForSLCArea[0]:2048 / 1133 line
<4>[    1.075288] [OND:INF]   pstOND4kCxt->nIntID   :0x0000 / 1236 line
<4>[    1.078671] [OND:INF]   1X_CACHEPGM CMD : 0x007f
<4>[    1.082053] [OND:INF]   1X_PLOAD    CMD : 0x0003
<4>[    1.088289] [BBM:INF]   Scan from 2004 to 2047 to find BML meta blocks (die: 0)
<4>[    1.089417] [BBM:INF]   ffff ffff ffff ffff ffff ffff ffff ffff ffff ffff 
<4>[    1.095436] [BBM:INF]   ffff ffff ffff ffff ffff ffff ffff ffff ffff ffff 
<4>[    1.101481] [BBM:INF]   ffff ffff ffff ffff ffff ffff ffff ffff ffff ffff 
<4>[    1.107509] [BBM:INF]   ffff ffff ffff ffff ffff ffff ffff ffff ffff ffff 
<4>[    1.113537] [BBM:INF]   a5a5 a5a5 ffff 
<4>[    1.156053] FSR: Registered TinyFSR Driver.
<6>[    1.163157] tl2796_probe::1124->s6e63m0 probed successfuly
<6>[    1.166521] PPP generic driver version 2.4.2
<6>[    1.171396] PPP Deflate Compression module registered
<6>[    1.175038] PPP BSD Compression module registered
<6>[    1.179523] PPP MPPE Compression module registered
<6>[    1.182905] NET: Registered protocol family 24
<6>[    1.185767] PPPoL2TP kernel driver, V1.0
<6>[    1.194353] SLIP: version 0.8.4-NET3.019-NEWTTY (dynamic channels, max=256) (6 bit encapsulation enabled).
<6>[    1.200598] CSLIP: code copyright 1989 Regents of the University of California.
<4>[    1.204778] [otg_clock_enable] clk_enable(otg_clock) OK.
<4>[    1.208855] [otg_clock_enable] clk_disable(otg_clock) OK.
<6>[    1.219584] s3c-udc : S3C HS USB OTG Device Driver, (c) 2008-2009 Samsung Electronics
<6>[    1.219596] s3c-udc : version 15 March 2009 (DMA Mode) 
<4>[    1.224614] [ADB_UMS_ACM_RNDIS_MTP] string_dev = 100004560000 
<4>[    1.231292] android_adb_ums_acm_rndis_mtp gadget: using random self ethernet address
<4>[    1.237971] android_adb_ums_acm_rndis_mtp gadget: using random host ethernet address
<6>[    1.241935] usb0: MAC 22:ea:1f:6f:47:f4
<6>[    1.245143] usb0: HOST MAC f2:3e:97:2a:59:47
<6>[    1.246964] acm_function_add
<6>[    1.249689] DUN is registerd
<6>[    1.254285] fsg_function_bind cdrom patch after fsg->nluns 2
<6>[    1.259428] android_adb_ums_acm_rndis_mtp gadget: Number of LUNs=2
<6>[    1.263418] shaman: mass_storage_function_add success
<6>[    1.265239] adb_function_add
<4>[    1.268960] [mtpg_function_bind] 	line = [891] 
<4>[    1.273123] [mtpg_function_bind] 	dual speed line = [958] 
<4>[    1.279020] ***** [mtpg_function_bind:975] calling mtp_function_enable with 0 
<4>[    1.283357] [mtp_function_enable] mtp_function => (disabled)
<4>[    1.287954] ****** mtp_function_enable and line 1267 null_desc 
<4>[    1.290556]   interface 0 = acm/c4afa540
<4>[    1.293158]   interface 1 = acm/c4afa540
<4>[    1.296887]   interface 2 = usb_mass_storage/df852800
<4>[    1.299489]   interface 3 = adb/df83cc00
<4>[    1.302698]   interface 4 = Gadget_MTP/df83ce00
<4>[    1.305474]   interface 5 = rndis/c4afa300
<4>[    1.308249]   interface 6 = rndis/c4afa300
<6>[    1.311805] mass_storage_function_config_changed
<4>[    1.315534]   interface 0 = usb_mass_storage/df852800
<6>[    1.322993] android_adb_ums_acm_rndis_mtp gadget: Android Composite USB, version: Jun  4 2011
<6>[    1.329759] android_adb_ums_acm_rndis_mtp gadget: android_adb_ums_acm_rndis_mtp ready
<6>[    1.335049] Registered gadget driver 'android_adb_ums_acm_rndis_mtp'
<4>[    1.339629] [udc_enable]AP_USB_Power off by Bootup : 1
<4>[    1.344486] mice: could not register psaux device, error: -16
<6>[    1.348649] mice: PS/2 mouse device common for all mice
<6>[    1.355390] input: s3c-keypad as /devices/virtual/input/input1
<4>[    1.358094] s3c-keypad Initialized
<6>[    1.360071] S3C Keypad Driver
<4>[    1.363280] S3C-Keypad H3C f000333 H2C ff00f33 
<4>[    1.366403] S3C-Keypad keypad_scan() is called
<4>[    1.368311] S3C-Keypad row val = 7
<6>[    1.372847] i2c /dev entries driver
<6>[    1.380115] i2c-gpio i2c-gpio.4: using pins 247 (SDA) and 246 (SCL)
<6>[    1.386030] i2c-gpio i2c-gpio.5: using pins 203 (SDA) and 204 (SCL)
<6>[    1.390393] regulator: DCDC1: 750 <--> 1500 mV 
<6>[    1.394244] regulator: DCDC2: 750 <--> 1500 mV 
<6>[    1.397453] regulator: LDO4: 3300 mV 
<6>[    1.400419] regulator: LDO7: 1800 mV 
<6>[    1.404287] regulator: LDO17: 3000 <--> 3200 mV 
<6>[    1.410254] i2c-gpio i2c-gpio.6: using pins 206 (SDA) and 209 (SCL)
<4>[    1.413299] [FSA9480] fsa9480_codec_probe
<4>[    1.416048] fsa9480_interrupt
<4>[    1.460489] [FSA9480] FSA9480_ReadIntRegister
<6>[    1.465988] i2c-gpio i2c-gpio.7: using pins 201 (SDA) and 202 (SCL)
<6>[    1.471669] i2c-gpio i2c-gpio.8: using pins 42 (SDA) and 43 (SCL)
<6>[    1.478018] i2c-gpio i2c-gpio.12: using pins 199 (SDA) and 200 (SCL)
<6>[    1.481643] Linux video capture interface: v2.00
<6>[    1.485029] IPC probe success
<6>[    1.491608] mfc_init: <6>S5PC110 MFC Driver, (c) 2009 Samsung Electronics
<6>[    1.491619] 
<6>[    1.504897] S3C2410 Watchdog Timer, (c) 2004 Simtec Electronics
<6>[    1.513059] s3c2410-wdt s3c2410-wdt: watchdog inactive, reset disabled, irq enabled
<4>[    1.518643] [FSA9480] FSA9480_ProcessDevice (dev1 : 0x0, dev2 : 0x0)
<6>[    1.527576] device-mapper: ioctl: 4.15.0-ioctl (2009-04-01) initialised: dm-devel@redhat.com
<6>[    1.532086] device-mapper: multipath: version 1.1.0 loaded
<6>[    1.537550] device-mapper: multipath round-robin: version 1.0.0 loaded
<6>[    1.543101] device-mapper: multipath queue-length: version 0.1.0 loaded
<6>[    1.548652] device-mapper: multipath service-time: version 0.2.0 loaded
<6>[    1.552433] Bluetooth: HCI UART driver ver 2.2
<6>[    1.556162] Bluetooth: HCI H4 protocol initialized
<6>[    1.559389] cpuidle: using governor ladder
<6>[    1.562477] cpuidle: using governor menu
<6>[    1.567646] sdhci: Secure Digital Host Controller Interface driver
<6>[    1.570942] sdhci: Copyright(c) Pierre Ossman
<6>[    1.576666] s3c-sdhci s3c-sdhci.0: clock source 2: sclk_mmc (51307692 Hz)
<6>[    1.583944] mmc0: SDHCI controller on samsung-hsmmc [s3c-sdhci.0] using ADMA
<6>[    1.589667] s3c-sdhci s3c-sdhci.1: clock source 2: sclk_mmc (47642857 Hz)
<6>[    1.596781] mmc1: SDHCI controller on samsung-hsmmc [s3c-sdhci.1] using ADMA
<6>[    1.602512] s3c-sdhci s3c-sdhci.2: clock source 2: sclk_mmc (47642857 Hz)
<4>[    1.606409]  Universal :SD Detect configuration 
<7>[    1.609182]  Universal : Card status  0
<6>[    1.616537] mmc2: SDHCI controller on samsung-hsmmc [s3c-sdhci.2] using ADMA
<6>[    1.621359] logger: created 512K log 'log_main'
<6>[    1.625166] logger: created 256K log 'log_events'
<6>[    1.629928] logger: created 256K log 'log_radio'
<6>[    1.635730] logger: created 64K log 'log_system'
<7>[    1.640067] *** DEBUG : First we search for SDIO...(0)***
<4>[    1.644065] GP2A opt i2c attach success!!!
<4>[    1.646849] opt_i2c_client : (0xc4c73300)
<7>[    1.650700] *** DEBUG : ...then normal SD...(0) ***
<4>[    1.654473] [gp2a_opt_probe] CONFIG_GP2A_MODE_B INIT 
<4>[    1.658046] [gp2a_opt_probe] gp2a_original_image:8 
<4>[    1.661706] [gp2a_opt_probe] gp2a_original_image:40 
<4>[    1.665262] [gp2a_opt_probe] gp2a_original_image:4 
<7>[    1.668992] *** DEBUG : ...and finally MMC. (0)***
<4>[    1.672547] [gp2a_opt_probe] gp2a_original_image:3 
<4>[    1.675601] gp2a_opt_probe is OK!!
<4>[    1.678610] smb_init 
<4>[    1.683407] smb_acc_start ....
<4>[    1.684534] yamaha_init
<4>[    1.686555] level device init
<6>[    1.692262] Advanced Linux Sound Architecture Driver Version 1.0.21.
<4>[    1.695896] No device for DAI WM8994 PAIFRX
<4>[    1.698758] No device for DAI WM8994 PCM
<4>[    1.702923] No device for DAI s3c-pcmdev
<6>[    1.705532] WM8994 Audio Codec 0.1
<4>[    1.740849] s3c_preallocate_dma_buffer: VA-ff001000, PA-4F8A0000, 131072bytes
<4>[    1.746807] s3c_preallocate_dma_buffer: VA-ff021000, PA-4F8C0000, 131072bytes
<6>[    1.751230] asoc: WM8994 PAIFRX <-> s3c64xx-i2s mapping ok
<4>[    1.755290] +++++++smdkc110_audio_init
<6>[    1.758753] WM8994 Audio Codec 0.1
<4>[    1.762185] mmc0: switch to bus width 4 
<6>[    1.766521] mmc0: new high speed MMC card at address 0001
<4>[    1.773685] s3c_preallocate_dma_buffer: VA-ff041000, PA-4F8E0000, 131072bytes
<4>[    1.779670] s3c_preallocate_dma_buffer: VA-ff061000, PA-4F900000, 131072bytes
<6>[    1.783746] asoc: WM8994 PCM <-> s3c-pcmdev mapping ok
<6>[    1.787640] mmcblk0: mmc0:0001 M2G1DD 1.91 GiB 
<6>[    1.788794]  mmcblk0: p1 p2 p3
<4>[    1.796366] ASoC: Failed to create codec register debugfs file
<4>[    1.800095] Failed to create pop time debugfs file
<4>[    1.803911] Failed to create DAPM debugfs directory
<4>[    1.806600] ----------smdkc110_audio_init
<6>[    1.808508] ALSA device list:
<6>[    1.810936]   #0: smdkc110 (WM8994)
<6>[    1.813712]   #1: smdkc110-pcm (WM8994)
<7>[    1.818214] Another host want the wakelock : 2
<4>[    1.821596] Netfilter messages via NETLINK v0.30.
<4>[    1.826279] nf_conntrack version 0.5.0 (3276 buckets, 13104 max)
<4>[    1.833045] CONFIG_NF_CT_ACCT is deprecated and will be removed soon. Please use
<4>[    1.839896] nf_conntrack.acct=1 kernel parameter, acct=1 nf_conntrack module option or
<4>[    1.845013] sysctl net.netfilter.nf_conntrack_acct=1 to enable it.
<6>[    1.848552] xt_time: kernel timezone is -0000
<6>[    1.853209] IPv4 over IPv4 tunneling driver
<6>[    1.858821] GRE over IPv4 tunneling driver
<6>[    1.865890] ip_tables: (C) 2000-2006 Netfilter Core Team
<6>[    1.868128] TCP cubic registered
<7>[    1.876350] *** DEBUG : First we search for SDIO...(1)***
<6>[    1.880079] NET: Registered protocol family 10
<4>[    1.883912] fsa9480_interrupt
<6>[    1.893644] IPv6 over IPv4 tunneling driver
<7>[    1.897668] *** DEBUG : ...then normal SD...(1) ***
<4>[    1.900703] [FSA9480] FSA9480_ReadIntRegister
<6>[    1.908094] NET: Registered protocol family 17
<6>[    1.911476] NET: Registered protocol family 15
<6>[    1.914078] Bluetooth: L2CAP ver 2.14
<6>[    1.918067] Bluetooth: L2CAP socket layer initialized
<6>[    1.921536] Bluetooth: SCO (Voice Link) ver 0.6
<6>[    1.925353] Bluetooth: SCO socket layer initialized
<6>[    1.929490] Bluetooth: RFCOMM TTY layer initialized
<6>[    1.933566] Bluetooth: RFCOMM socket layer initialized
<6>[    1.936255] Bluetooth: RFCOMM ver 1.11
<7>[    1.939985] *** DEBUG : ...and finally MMC. (1)***
<7>[    1.943627] Another host want the wakelock : 1
<7>[    1.946402]  Universal : Card status  0
<6>[    1.949785] NET: Registered protocol family 33
<6>[    1.953168] NET: Registered protocol family 35
<4>[    1.957704] S3C24XX RTC, (c) 2004,2006 Simtec 					Electronics
<6>[    1.965841] using rtc device, s3c, for alarms
<6>[    1.971217] s3c2410-rtc s3c2410-rtc: rtc core: registered s3c as rtc0
<6>[    1.976134] VFP support v0.3: implementor 41 architecture 3 part 30 variant c rev 2
<6>[    1.987218] ldo38_control : turn ON LDO3 and LDO8 (cur_stat=0, req=1)
<4>[    1.991208] [otg_clock_enable] clk_enable(otg_clock) OK.
<4>[    1.995787] [udc_enable]AP_USB_Power off by Bootup : 1
<7>[    2.002527] *** DEBUG : First we search for SDIO...(2)***
<7>[    2.005571] qt602240 GPIO Status
<7>[    2.007392] TOUCH_EN  : High
<7>[    2.009127] TOUCH_INT : Low
<7>[    2.012943] *** DEBUG : ...then normal SD...(2) ***
<4>[    2.018338] [FSA9480] FSA9480_ProcessDevice (dev1 : 0x4, dev2 : 0x0)
<4>[    2.020506] USB attach or detach: 1
<4>[    2.023281] FSA9480_DEV_TY1_USB --- ATTACH
<6>[    2.116900] mmc2: new high speed SDHC card at address 0007
<4>[    2.120284] qt602240_i2c is attached..
<7>[    2.124445] |  Quantum Touch Driver Probe!            |
<6>[    2.128513] mmcblk1: mmc2:0007 SD04G 3.67 GiB 
<6>[    2.129658]  mmcblk1:
<6>[    2.135052] input: qt602240_ts_input as /devices/virtual/input/input2
<4>[    2.135755]  p1 p2 p3
<4>[    2.139025] QT_reprogram check
<4>[    2.141626] [QT] init_touch_driver start
<4>[    2.143448] [QT] init_I2C start
<7>[    2.147316] mmc2: wake_lock_timeout 1sec 0
<4>[    2.174168] 
<4>[    2.174173] [TSP] Touch device found
<4>[    2.175902] Version: 	   0x16
<4>[    2.175908] Family:		   0x80
<4>[    2.177552] Variant: 	   0x1
<4>[    2.179200] Build number:   0xab
<4>[    2.181195] Matrix X size : 18
<4>[    2.183016] Matrix Y size : 12
<4>[    2.184837] Calculated CRC:	0x5c 0xe4 0x8e 0x00 
<4>[    2.192286] 
<4>[    2.192546] Stored CRC:	0x5c 0xe4 0x8e 0x00 
<4>[    2.195582] 
<4>[    2.195842] Info block CRC value OK.
<4>[    2.198359] 
<4>[    2.198363] 
<4>[    2.201913] [TSP]qt_Power_Config_Init real board 
<4>[    2.212633] 
<4>[    2.212638] [TSP][reset_chip] 
<4>[    2.285956] Chip reset OK!
<4>[    2.285962] read_mem : i2c read failed
<4>[    2.293449] 
<4>[    2.293454]  [TSP] read_mem is failed -- check your TSP chip!!
<4>[    2.293463] 
<4>[    2.297873] [QT] ret : 0, qt602240->client name : qt602240_ts
<4>[    2.300162] [QT] qt602240_init/5959
<4>[    2.304759] [QT] qt602240_init/5987, platform_driver_register!!
<7>[    2.308402] [TSP] msg id =  1 90 d0 8c 67 0 0 0 0
<6>[    2.317101] s3c2410-rtc s3c2410-rtc: setting system clock to 2011-06-03 18:50:20 UTC (1307127020)
<6>[    2.322949] FIMC0 registered successfully
<6>[    2.328552] FIMC1 registered successfully
<7>[    2.334788] [TSP] msg id =  1 0 d0 8c 67 0 0 0 0
<6>[    2.337735] FIMC2 registered successfully
<6>[    2.342600] S5PC1XX TVOUT Driver, (c) 2009 Samsung Electronics
<6>[    2.352074] s5p-tvout s5p-tvout: hpd status is cable removed
<6>[    2.381135] fg_read_vcell: VCELL=3878
<4>[    2.382609] [SOC] C:0, P:75
<4>[    2.402533] pmic interrupt registered 
<6>[    2.407589] Freeing init memory: 7424K
<4>[    2.411751] Warning: unable to open an initial console.
<3>[    2.418422] init: /init.rc: 217: chmod requires 2 arguments
<3>[    2.428309] init: /init.rc: 323: invalid option 'enabled'
<4>[    2.436461] !@Init process: device_init #3
<3>[    2.902746] init: ro.secure:1
<4>[    2.911096] maxim_vac_disconnect: connect status skip
<3>[    2.914132] init: ro.allow.mock.location:0
<3>[    2.920377] init: ro.debuggable:1
<3>[    2.926969] init: persist.service.adb.enable:1
<3>[    2.940325] init: cannot open '/initlogo.rle'
<3>[    2.947004] init: ro.factorytest:0
<3>[    2.952294] init: ro.serialno:
<3>[    2.957845] init: ro.bootmode:unknown
<3>[    2.964003] init: ro.baseband:unknown
<3>[    2.970074] init: ro.carrier:unknown
<3>[    2.976319] init: ro.bootloader:unknown
<3>[    2.982737] init: ro.hardware:SMDKC110
<3>[    2.988548] init: ro.revision:48
<3>[    2.994099] init: dpm.allowcamera:0
<6>[    3.000344] init: command 'loglevel' r=0
<6>[    3.003032] init: command 'export' r=0
<6>[    3.005721] init: command 'export' r=0
<6>[    3.008410] init: command 'export' r=0
<6>[    3.011098] init: command 'export' r=0
<6>[    3.013787] init: command 'export' r=0
<6>[    3.016475] init: command 'export' r=0
<6>[    3.019164] init: command 'export' r=0
<6>[    3.021853] init: command 'export' r=0
<6>[    3.024542] init: command 'export' r=0
<6>[    3.027230] init: command 'export' r=0
<6>[    3.029919] init: command 'export' r=0
<6>[    3.065907] init: command 'insmod' r=0
<4>[    3.074752] PA FB = 0x43B04000, bits per pixel = 32
<4>[    3.079694] screen width=480 height=800 va=0xd3b04000 pa=0x43b04000
<4>[    3.085846] Back frameBuffer[0].VAddr=d3c7b000 PAddr=43c7b000 size=1536000
<6>[    3.089852] init: command 'insmod' r=0
<6>[    3.101033] init: command 'insmod' r=0
<4>[    3.118724] [VIBETONZ:WJYOO] MISC_REGISTER nRet = 0
<6>[    3.123843] init: command 'insmod' r=0
<6>[    3.143896] init: command 'insmod' r=0
<6>[    3.146729] init: command 'symlink' r=0
<6>[    3.149505] init: command 'symlink' r=0
<6>[    3.152106] init: command 'mkdir' r=0
<6>[    3.154708] init: command 'mkdir' r=0
<6>[    3.157310] init: command 'mkdir' r=0
<6>[    3.160008] init: command 'mount' r=0
<6>[    3.162610] init: command 'mkdir' r=0
<4>[    3.176117] fsr: module license 'Samsung Proprietary' taints kernel.
<4>[    3.180363] Disabling lock debugging due to kernel taint
<4>[    3.215900] [BIF:IN ] ++FSR_BML_Init(nFlag: 0x0)
<4>[    3.218239] [PAM:   ] ++FSR_PAM_Init
<4>[    3.224243] [PAM:   ]   OneNAND physical base address       : 0xb0000000
<4>[    3.229705] [PAM:   ]   OneNAND virtual  base address       : 0xe0980000
<4>[    3.237018] [PAM:   ]   OneNAND Controller DMA physical base address       : 0xb0600000
<4>[    3.243781] [PAM:   ]   OneNAND Controller DMA virtual  base address       : 0xe09c0000
<4>[    3.248638] [PAM:   ]   OneNAND nMID=0xec : nDID=0x50 Page size=4
<4>[    3.250980] [PAM:   ] --FSR_PAM_Init
<4>[    3.255143] [BIF:   ]   FSR VERSION: FSR_1.2.1p1_b139_RTM
<4>[    3.262689] [OND:INF]   FSR_OND_4K_Open(nDev:0, pParam:0xc4ff1e00, nFlag:0x00000000) / 1033 line
<4>[    3.266939]             pstOND4kCxt->nBaseAddr: 0xe0980000
<4>[    3.272143]             nDev=0, nMID=0x00ec, nDID=0x0050, nVID=0x013e
<4>[    3.277000] [OND:INF]   pstOND4kCxt->nSysConf1:0xf0c6 / 1116 line
<4>[    3.282464] [OND:INF]   pstOND4kCxt->nBlksForSLCArea[0]:2048 / 1133 line
<4>[    3.287321] [OND:INF]   pstOND4kCxt->nIntID   :0x0000 / 1236 line
<4>[    3.290703] [OND:INF]   1X_CACHEPGM CMD : 0x007f
<4>[    3.294086] [OND:INF]   1X_PLOAD    CMD : 0x0003
<4>[    3.300235] [BBM:INF]   Scan from 2004 to 2047 to find BML meta blocks (die: 0)
<4>[    3.301293] [BBM:INF]   ffff ffff ffff ffff ffff ffff ffff ffff ffff ffff 
<4>[    3.306931] [BBM:INF]   ffff ffff ffff ffff ffff ffff ffff ffff ffff ffff 
<4>[    3.312568] [BBM:INF]   ffff ffff ffff ffff ffff ffff ffff ffff ffff ffff 
<4>[    3.318206] [BBM:INF]   ffff ffff ffff ffff ffff ffff ffff ffff ffff ffff 
<4>[    3.323843] [BBM:INF]   a5a5 a5a5 ffff 
<4>[    3.358484] [BBM:   ]  << DevNO:0, DieNO: 0 MAPPING INFORMATION >>
<4>[    3.361520] [BBM:   ]   Bad Mark Information
<4>[    3.366030] [BBM:   ]      - Bad Mark (0x2222) by erase error
<4>[    3.370540] [BBM:   ]      - Bad Mark (0x4444) by write error
<4>[    3.375223] [BBM:   ]   << Total : 0 BAD-MAPPING INFORMATION >>
<4>[    3.379386] [BIF:   ]   nPartition Information (nVol : 0)
<4>[    3.382162]             nVer : 0xffffffff
<4>[    3.388753]             00 / nID:0x09 / nAttr:0x00001002 / 1stVun:    0 / Units:    1
<4>[    3.395345]             01 / nID:0x00 / nAttr:0x00001002 / 1stVun:    1 / Units:    7
<4>[    3.401937]             02 / nID:0x01 / nAttr:0x00001001 / 1stVun:    8 / Units:  796
<4>[    3.408528]             03 / nID:0x20 / nAttr:0x00001101 / 1stVun:  804 / Units:  716
<4>[    3.415120]             04 / nID:0x21 / nAttr:0x00001101 / 1stVun: 1520 / Units:  372
<4>[    3.421711]             05 / nID:0x23 / nAttr:0x00001101 / 1stVun: 1892 / Units:   56
<4>[    3.428303]             06 / nID:0x24 / nAttr:0x00001001 / 1stVun: 1948 / Units:   56
<4>[    3.433073] [BBM:INF]   The registered blocks in ERL are handled
<4>[    3.436196] [BBM:INF]   (number of blocks: 0)
<4>[    3.444895] BML: Registered BML Driver.
<6>[    3.448783] init: command 'insmod' r=0
<4>[    3.485904] [BIF:IN ] ++FSR_BML_Init(nFlag: 0x0)
<4>[    3.493100] [BIF:   ]   FSR_BML_Init(nFlag:0x0, nRe:FSR_BML_ALREADY_INITIALIZED) / 1027 line
<4>[    3.501192] FSR: Registered STL Driver.
<6>[    3.504933] init: command 'insmod' r=0
<6>[    3.590615] init: command 'insmod' r=0
<6>[    3.652168] init: command 'insmod' r=0
<6>[    3.654794] init: command 'mkdir' r=0
<6>[    3.657656] init: command 'symlink' r=-1
<6>[    3.660258] init: command 'chown' r=0
<6>[    3.662860] init: command 'chmod' r=0
<6>[    3.677234] init: command 'insmod' r=0
<6>[    3.684701] param_init
<3>[    3.688255] lfs_param_op: filp_open failed. (-2)
<3>[    3.700831] param_init(304): Loading parameters failed. Parameters have been initialized as default.
<6>[    3.712628] init: command 'insmod' r=0
<6>[    3.715446] init: command 'symlink' r=0
<6>[    3.718047] init: command 'mkdir' r=0
<6>[    3.720649] init: command 'mkdir' r=0
<6>[    3.723251] init: command 'mkdir' r=0
<6>[    3.725853] init: command 'chown' r=0
<6>[    3.728455] init: command 'chmod' r=0
<6>[    3.731057] init: command 'mkdir' r=0
<6>[    3.733659] init: command 'mkdir' r=0
<6>[    3.736261] init: command 'mkdir' r=0
<6>[    3.738863] init: command 'mkdir' r=0
<6>[    3.741465] init: command 'mkdir' r=0
<6>[    3.744067] init: command 'mkdir' r=0
<6>[    3.746669] init: command 'mount' r=0
<6>[    3.749271] init: command 'write' r=0
<6>[    3.751872] init: command 'write' r=0
<6>[    3.754475] init: command 'write' r=0
<6>[    3.757077] init: command 'write' r=0
<6>[    3.759679] init: command 'write' r=0
<6>[    3.762280] init: command 'write' r=0
<6>[    3.764882] init: command 'write' r=0
<6>[    3.767484] init: command 'mkdir' r=0
<6>[    3.770130] init: command 'mount' r=0
<6>[    3.772732] init: command 'chown' r=0
<6>[    3.775333] init: command 'chown' r=0
<6>[    3.777936] init: command 'chmod' r=0
<6>[    3.780711] init: command 'write' r=-22
<6>[    3.783313] init: command 'mkdir' r=0
<6>[    3.785915] init: command 'chown' r=0
<6>[    3.788517] init: command 'chmod' r=0
<6>[    3.791119] init: command 'write' r=0
<6>[    3.793721] init: command 'mkdir' r=0
<6>[    3.796323] init: command 'chown' r=0
<6>[    3.798924] init: command 'chmod' r=0
<6>[    3.801527] init: command 'write' r=0
<4>[    3.851943] [FSA9480]connectivity_switching_init = switch_sel : 0x1
<6>[    3.856887] inside set_param_value1 idx = 4, value = -1055582732
<3>[    3.860443] lfs_param_op: filp_open failed. (-2)
<4>[    3.868336] [FSA9480_Enable_AP_USB] Enable AP USB
<4>[    3.873643] [ap_usb_power_on]AP USB Power ON, askon: 0, mtp : 0
<4>[    3.879541] !!!!!!!!!!! [ap_usb_power_on]AP samsung_kies_mtp_mode_flag0, mtp:0
<6>[    3.894607] inside set_param_value1 idx = 4, value = -1055582732
<3>[    3.898163] lfs_param_op: filp_open failed. (-2)
<4>[    3.907183] [USB] enable_adb - enable(0x01), prev_status(0x00)
<4>[    3.909264] Here is enable_adb@@@@
<4>[    3.912386] [enable_adb]USBSTATUS_SAMSUNG_KIES
<6>[    3.915162] acm_function_config_changed
<6>[    3.917937] mtp_function_config_changed
<4>[    3.920539]   interface 0 = acm/c4afa540
<4>[    3.923141]   interface 1 = acm/c4afa540
<4>[    3.926350]   interface 2 = Gadget_MTP/df83ce00
<4>[    3.931337] [ap_usb_power_on]AP USB Power ON, askon: 0, mtp : 0
<4>[    3.937235] !!!!!!!!!!! [ap_usb_power_on]AP samsung_kies_mtp_mode_flag0, mtp:0
<6>[    3.942179] inside set_param_value1 idx = 4, value = -1055582732
<3>[    3.945735] lfs_param_op: filp_open failed. (-2)
<4>[    3.955189] [FSA9480]connectivity_switching_init = switch_sel : 0x5
<4>[    4.137516] PKD:: OTG core got reset!!! 
<4>[    4.533020] acm_disconnected
<6>[    7.358412] fg_read_vcell: VCELL=3878
<6>[   12.358395] fg_read_vcell: VCELL=3878
<6>[   17.358386] fg_read_vcell: VCELL=3878
<4>[   18.777937] fsa9480_interrupt
<4>[   18.780972] [FSA9480] FSA9480_ReadIntRegister
<4>[   18.832890] [FSA9480] FSA9480_ProcessDevice (dev1 : 0x4, dev2 : 0x0)
<4>[   18.835058] USB attach or detach: 2
<4>[   18.838050] FSA9480_DEV_TY1_USB --- DETACH
<4>[   18.842127] [otg_clock_enable] clk_disable(otg_clock) OK.
<6>[   18.847591] ldo38_control : turn OFF LDO3 and LDO8 (cur_stat=1, req=1)
<4>[   19.296998] [TSP] TA NON-Detect!!!
<6>[   19.301517] fg_read_vcell: VCELL=3878
<4>[   20.786916] fsa9480_interrupt
<4>[   20.789952] [FSA9480] FSA9480_ReadIntRegister
<6>[   20.844471] ldo38_control : turn ON LDO3 and LDO8 (cur_stat=0, req=1)
<4>[   20.848460] [otg_clock_enable] clk_enable(otg_clock) OK.
<4>[   20.864142] [FSA9480] FSA9480_ProcessDevice (dev1 : 0x4, dev2 : 0x0)
<4>[   20.866310] USB attach or detach: 1
<4>[   20.869085] FSA9480_DEV_TY1_USB --- ATTACH
<4>[   20.872468] [FSA9480] usb_switch_mode: Path = PDA
<4>[   20.875850] [FSA9480_Enable_AP_USB] Enable AP USB
<4>[   20.881141] [ap_usb_power_on]AP USB Power ON, askon: 0, mtp : 0
<4>[   20.887039] !!!!!!!!!!! [ap_usb_power_on]AP samsung_kies_mtp_mode_flag0, mtp:0
<4>[   21.031109] PKD:: OTG core got reset!!! 
<4>[   21.067701] [TSP] TA Detect!!!
<6>[   21.081309] fg_read_vcell: VCELL=3878
<6>[   21.106705] init: command 'mount' r=0
<6>[   21.109454] init: command 'chmod' r=-2
<6>[   21.235614] init: command 'mount' r=0
<6>[   21.238388] init: command 'mkdir' r=-17
<4>[   21.407141] acm_disconnected
<6>[   22.045250] init: command 'mount' r=0
<6>[   22.049959] init: command 'chown' r=0
<6>[   22.054573] init: command 'chmod' r=0
<6>[   22.057175] init: command 'mkdir' r=0
<6>[   22.059950] init: command 'mkdir' r=-17
<6>[   22.062812] init: command 'symlink' r=-1
<6>[   22.065414] init: command 'chown' r=0
<6>[   22.068016] init: command 'chmod' r=0
<6>[   22.070618] init: command 'chmod' r=0
<6>[   22.073220] init: command 'mkdir' r=0
<6>[   22.075822] init: command 'chown' r=0
<6>[   22.078424] init: command 'chmod' r=0
<6>[   22.081026] init: command 'mkdir' r=0
<6>[   22.083628] init: command 'chown' r=0
<6>[   22.086230] init: command 'chmod' r=0
<6>[   22.135918] init: command 'mkdir' r=0
<6>[   22.140090] init: command 'chown' r=0
<6>[   22.144721] init: command 'chmod' r=0
<6>[   22.147323] init: command 'copy' r=-1
<6>[   22.150012] init: command 'chown' r=-2
<6>[   22.152701] init: command 'chmod' r=-2
<6>[   22.155303] init: command 'copy' r=-1
<6>[   22.157991] init: command 'chown' r=-2
<6>[   22.160680] init: command 'chmod' r=-2
<6>[   22.163369] init: command 'write' r=-2
<6>[   26.081006] fg_read_vcell: VCELL=3878
<6>[   31.080992] fg_read_vcell: VCELL=3878
<6>[   36.080976] fg_read_vcell: VCELL=3878
<6>[   39.408807] init: command 'mount' r=0
<6>[   39.411408] init: command 'chown' r=0
<6>[   39.414010] init: command 'chmod' r=0
<6>[   39.416612] init: command 'chown' r=0
<6>[   39.419214] init: command 'chmod' r=0
<6>[   39.421816] init: command 'chown' r=0
<6>[   39.424418] init: command 'chmod' r=0
<6>[   39.427020] init: command 'chown' r=0
<6>[   39.429622] init: command 'chmod' r=0
<6>[   39.479727] init: command 'mkdir' r=0
<6>[   39.483898] init: command 'chown' r=0
<6>[   39.488538] init: command 'chmod' r=0
<6>[   39.497168] init: command 'mkdir' r=0
<6>[   39.508971] init: command 'mkdir' r=0
<6>[   39.517540] init: command 'mkdir' r=0
<6>[   39.525623] init: command 'mkdir' r=0
<6>[   39.534174] init: command 'mkdir' r=0
<6>[   39.542231] init: command 'mkdir' r=0
<6>[   39.550861] init: command 'mkdir' r=0
<6>[   39.558944] init: command 'mkdir' r=0
<6>[   39.567513] init: command 'mkdir' r=0
<6>[   39.570114] init: command 'chmod' r=0
<6>[   39.578267] init: command 'mkdir' r=0
<6>[   39.586853] init: command 'mkdir' r=0
<6>[   39.594875] init: command 'mkdir' r=0
<6>[   39.597564] init: command 'chmod' r=-2
<6>[   39.606124] init: command 'mkdir' r=0
<6>[   39.614233] init: command 'mkdir' r=0
<6>[   39.617009] init: command 'mkdir' r=-17
<6>[   39.625595] init: command 'mkdir' r=0
<6>[   39.633634] init: command 'mkdir' r=0
<6>[   39.640070] init: command 'mkdir' r=0
<6>[   39.646487] init: command 'mkdir' r=0
<6>[   39.649089] init: command 'chmod' r=0
<6>[   39.651778] init: command 'chmod' r=-2
<6>[   39.654380] init: command 'chmod' r=0
<6>[   39.656981] init: command 'chmod' r=0
<6>[   39.659584] init: command 'chmod' r=0
<6>[   39.662185] init: command 'chmod' r=0
<6>[   39.671431] init: command 'mkdir' r=0
<6>[   39.674033] init: command 'chown' r=0
<6>[   39.676635] init: command 'chmod' r=0
<6>[   39.682558] init: command 'mkdir' r=0
<6>[   39.685334] init: command 'mkdir' r=-17
<6>[   39.687936] init: command 'chown' r=0
<6>[   39.690538] init: command 'chmod' r=0
<6>[   39.693139] init: command 'chown' r=0
<6>[   39.695741] init: command 'chmod' r=0
<4>[   39.704294] Storage device init
<6>[   39.708364] init: command 'insmod' r=0
<4>[   39.719274] ######## bthid_init: ########
<4>[   39.723296] ######## bthid_init: done ########
<6>[   39.726655] init: command 'insmod' r=0
<6>[   39.735673] init: command 'mkdir' r=-17
<6>[   39.738448] init: command 'chown' r=-30
<6>[   39.741223] init: command 'chmod' r=-30
<6>[   39.746193] init: command 'chmod' r=-2
<6>[   39.753955] init: command 'mkdir' r=0
<6>[   39.759888] init: command 'mkdir' r=0
<6>[   39.762489] init: command 'mkdir' r=0
<6>[   39.765178] init: command 'chmod' r=-2
<6>[   39.772134] init: command 'mkdir' r=0
<6>[   39.774736] init: command 'mkdir' r=0
<6>[   39.777338] init: command 'chown' r=0
<3>[   39.781796] init: ro.build.id:FROYO
<3>[   39.788821] init: ro.build.display.id:FROYO.XXJPX
<3>[   39.797321] init: ro.build.version.incremental:XXJPX
<3>[   39.805040] init: ro.build.version.sdk:8
<3>[   39.812325] init: ro.build.version.codename:REL
<3>[   39.820305] init: ro.build.version.release:2.2.1
<3>[   39.829758] init: ro.build.date:2010. 12. 17. (ê¸ˆ) 17:06:56 KST
<3>[   39.839039] init: ro.build.date.utc:1292573216
<3>[   39.845891] init: ro.build.type:user
<3>[   39.851875] init: ro.build.user:root
<3>[   39.858033] init: ro.build.host:sep-60
<3>[   39.864885] init: ro.build.tags:release-keys
<3>[   39.872170] init: ro.product.model:GT-I9000
<3>[   39.879282] init: ro.product.brand:samsung
<3>[   39.886307] init: ro.product.name:GT-I9000
<3>[   39.893506] init: ro.product.device:GT-I9000
<3>[   39.900792] init: ro.product.board:GT-I9000
<3>[   39.908424] init: ro.product.cpu.abi:armeabi-v7a
<3>[   39.916230] init: ro.product.cpu.abi2:armeabi
<3>[   39.924122] init: ro.product.manufacturer:samsung
<3>[   39.932188] init: ro.product.locale.language:en
<3>[   39.939908] init: ro.product.locale.region:GB
<3>[   39.946586] init: ro.wifi.channels:
<3>[   39.953091] init: ro.board.platform:s5pc110
<3>[   39.960290] init: ro.build.product:GT-I9000
<3>[   39.970958] init: ro.build.description:GT-I9000-user 2.2.1 FROYO XXJPX release-keys
<3>[   39.987350] init: ro.build.fingerprint:samsung/GT-I9000/GT-I9000/GT-I9000:2.2.1/FROYO/XXJPX:user/release-keys
<3>[   40.000099] init: ro.build.PDA:I9000XXJPX
<3>[   40.007558] init: ro.build.hidden_ver:I9000XXJPX
<3>[   40.015277] init: ro.build.changelist:787513
<3>[   40.022303] init: ro.tether.denied:false
<3>[   40.030369] init: rild.libpath:/system/lib/libsec-ril.so
<3>[   40.038782] init: rild.libargs:-d /dev/ttyS0
<3>[   40.045720] init: ro.sf.lcd_density:240
<3>[   40.052312] init: dalvik.vm.heapsize:48m
<3>[   40.059857] init: dalvik.vm.execution-mode:int:jit
<3>[   40.067750] init: ro.opengles.version:131072
<3>[   40.075642] init: windowsmgr.max_events_per_sec:55
<3>[   40.084055] init: keyinputqueue.use_finger_id:true
<3>[   40.092815] init: media.stagefright.enable-player:true
<3>[   40.101749] init: media.stagefright.enable-meta:true
<3>[   40.110509] init: media.stagefright.enable-scan:true
<3>[   40.119269] init: media.stagefright.enable-http:true
<3>[   40.127508] init: keyguard.no_require_sim:true
<3>[   40.136095] init: ro.config.ringtone:01_Samsung_tune.ogg
<3>[   40.145982] init: ro.config.notification_sound:01_Sherbet.ogg
<3>[   40.155869] init: ro.config.alarm_alert:Good_Morning.ogg
<3>[   40.164282] init: ro.opengles.version:131072
<3>[   40.171047] init: net.bt.name:Android
<3>[   40.177466] init: net.change:net.bt.name
<3>[   40.186312] init: dalvik.vm.stack-trace-file:/data/anr/traces.txt
<3>[   40.201664] init: ro.url.legal:http://www.google.com/intl/%s/mobile/android/basic/phone-legal.html
<3>[   40.219444] init: ro.url.legal.android_privacy:http://www.google.com/intl/%s/mobile/android/basic/privacy.html
<3>[   40.233060] init: ro.com.google.locationfeatures:1
<3>[   40.241127] init: ro.setupwizard.mode:DISABLED
<3>[   40.250060] init: ro.com.google.clientidbase:android-samsung
<3>[   40.260468] init: ro.com.google.clientidbase.yt:android-samsung
<3>[   40.271136] init: ro.com.google.clientidbase.am:android-samsung
<3>[   40.281804] init: ro.com.google.clientidbase.vs:android-samsung
<3>[   40.292645] init: ro.com.google.clientidbase.gmm:android-samsung
<3>[   40.302186] init: ro.com.google.gmsversion:2.2_r8
<6>[   40.314935] init: Created socket '/dev/socket/property_service' with mode '666', user '0', group '0'
<6>[   40.456985] init: processing action 0x32fa8 (boot)
<4>[   40.459273] [UART Switch] Path : PDA
<6>[   40.464216] inside set_param_value1 idx = 4, value = -1055582732
<3>[   40.467773] lfs_param_op: filp_open failed. (-2)
<6>[   40.474885] init: command 'write' r=0
<4>[   40.477053] [FSA9480]usb_sel_store
<4>[   40.477060]  [FSA9480] usb_switch_mode: Path = PDA
<4>[   40.483818] [FSA9480_Enable_AP_USB] Enable AP USB
<4>[   40.489126] [ap_usb_power_on]AP USB Power ON, askon: 0, mtp : 0
<4>[   40.495024] !!!!!!!!!!! [ap_usb_power_on]AP samsung_kies_mtp_mode_flag0, mtp:0
<6>[   40.510106] inside set_param_value1 idx = 4, value = -1055582732
<3>[   40.513662] lfs_param_op: filp_open failed. (-2)
<6>[   40.520774] init: command 'write' r=0
<6>[   40.523663] init: command 'ifup' r=0
<6>[   40.526525] init: command 'hostname' r=0
<6>[   40.529560] init: command 'domainname' r=0
<6>[   40.532509] init: command 'setrlimit' r=0
<3>[   40.535458] init: ro.FOREGROUND_APP_ADJ:0
<6>[   40.542136] init: command 'setprop' r=0
<3>[   40.544825] init: ro.VISIBLE_APP_ADJ:1
<6>[   40.551243] init: command 'setprop' r=0
<3>[   40.554365] init: ro.SECONDARY_SERVER_ADJ:2
<6>[   40.561217] init: command 'setprop' r=0
<3>[   40.563819] init: ro.BACKUP_APP_ADJ:2
<6>[   40.570151] init: command 'setprop' r=0
<3>[   40.572579] init: ro.HOME_APP_ADJ:4
<6>[   40.578737] init: command 'setprop' r=0
<3>[   40.581686] init: ro.HIDDEN_APP_MIN_ADJ:7
<6>[   40.588364] init: command 'setprop' r=0
<3>[   40.591573] init: ro.CONTENT_PROVIDER_ADJ:14
<6>[   40.598512] init: command 'setprop' r=0
<3>[   40.601114] init: ro.EMPTY_APP_ADJ:15
<6>[   40.607445] init: command 'setprop' r=0
<3>[   40.610654] init: ro.FOREGROUND_APP_MEM:2560
<6>[   40.617593] init: command 'setprop' r=0
<3>[   40.620542] init: ro.VISIBLE_APP_MEM:4096
<6>[   40.627220] init: command 'setprop' r=0
<3>[   40.630602] init: ro.SECONDARY_SERVER_MEM:5120
<6>[   40.637715] init: command 'setprop' r=0
<3>[   40.640577] init: ro.BACKUP_APP_MEM:5120
<6>[   40.647168] init: command 'setprop' r=0
<3>[   40.649857] init: ro.HOME_APP_MEM:5120
<6>[   40.656275] init: command 'setprop' r=0
<3>[   40.659137] init: ro.HIDDEN_APP_MEM:6144
<6>[   40.665729] init: command 'setprop' r=0
<3>[   40.669111] init: ro.CONTENT_PROVIDER_MEM:7168
<6>[   40.676223] init: command 'setprop' r=0
<3>[   40.678999] init: ro.EMPTY_APP_MEM:8192
<6>[   40.685504] init: command 'setprop' r=0
<3>[   40.688105] init: wifi.interface:eth0
<6>[   40.694437] init: command 'setprop' r=0
<3>[   40.699380] init: ro.bt.bdaddr_path:/data/misc/bluetooth/bt_addr
<6>[   40.708054] init: command 'setprop' r=0
<6>[   40.710656] init: command 'write' r=0
<6>[   40.713258] init: command 'write' r=0
<6>[   40.715860] init: command 'write' r=0
<6>[   40.718462] init: command 'write' r=0
<6>[   40.721064] init: command 'write' r=0
<6>[   40.723665] init: command 'write' r=0
<6>[   40.726267] init: command 'write' r=0
<6>[   40.728870] init: command 'write' r=0
<6>[   40.731558] init: command 'chown' r=-2
<6>[   40.734247] init: command 'chown' r=-2
<6>[   40.736936] init: command 'chown' r=-2
<6>[   40.739624] init: command 'chown' r=-2
<6>[   40.742313] init: command 'chown' r=-2
<6>[   40.744915] init: command 'chown' r=0
<6>[   40.747517] init: command 'chown' r=0
<6>[   40.750119] init: command 'chown' r=0
<6>[   40.752721] init: command 'chown' r=0
<6>[   40.755322] init: command 'chmod' r=0
<6>[   40.757925] init: command 'chmod' r=0
<6>[   40.760526] init: command 'chmod' r=0
<6>[   40.763128] init: command 'chmod' r=0
<6>[   40.765730] init: command 'chown' r=0
<6>[   40.768419] init: command 'chown' r=-2
<6>[   40.771021] init: command 'chown' r=0
<6>[   40.773710] init: command 'chown' r=-2
<6>[   40.776398] init: command 'chown' r=-2
<6>[   40.779087] init: command 'chown' r=-2
<6>[   40.781776] init: command 'chown' r=-2
<6>[   40.784464] init: command 'chown' r=-2
<6>[   40.787153] init: command 'chown' r=-2
<6>[   40.789842] init: command 'chown' r=-2
<6>[   40.792530] init: command 'chown' r=-2
<6>[   40.795219] init: command 'chown' r=-2
<6>[   40.797908] init: command 'chown' r=-2
<6>[   40.800596] init: command 'chown' r=-2
<6>[   40.803285] init: command 'chown' r=-2
<6>[   40.805974] init: command 'chown' r=-2
<6>[   40.808662] init: command 'chown' r=-2
<6>[   40.811264] init: command 'chown' r=0
<6>[   40.813867] init: command 'chown' r=0
<6>[   40.816468] init: command 'chown' r=0
<6>[   40.819070] init: command 'chown' r=0
<6>[   40.821672] init: command 'chown' r=0
<6>[   40.824274] init: command 'chown' r=0
<6>[   40.826876] init: command 'chown' r=0
<6>[   40.829478] init: command 'chown' r=0
<6>[   40.832080] init: command 'chown' r=0
<3>[   40.838411] init: net.tcp.buffersize.default:4096,87380,196608,4096,16384,110208
<3>[   40.849860] init: net.change:net.tcp.buffersize.default
<6>[   40.857753] init: command 'setprop' r=0
<3>[   40.863824] init: net.tcp.buffersize.wifi:4095,87380,196608,4096,16384,110208
<3>[   40.874752] init: net.change:net.tcp.buffersize.wifi
<6>[   40.882385] init: command 'setprop' r=0
<3>[   40.888455] init: net.tcp.buffersize.umts:4094,87380,196608,4096,16384,110208
<3>[   40.899384] init: net.change:net.tcp.buffersize.umts
<6>[   40.907016] init: command 'setprop' r=0
<3>[   40.912914] init: net.tcp.buffersize.edge:4093,26280,35040,4096,16384,35040
<3>[   40.923669] init: net.change:net.tcp.buffersize.edge
<6>[   40.931301] init: command 'setprop' r=0
<3>[   40.937025] init: net.tcp.buffersize.gprs:4092,8760,11680,4096,8760,11680
<3>[   40.947607] init: net.change:net.tcp.buffersize.gprs
<6>[   40.955239] init: command 'setprop' r=0
<6>[   40.960686] init: command 'chmod' r=-30
<6>[   40.963461] init: command 'chmod' r=-30
<6>[   40.966236] init: command 'chmod' r=-30
<6>[   40.969012] init: command 'chmod' r=-30
<6>[   40.971788] init: command 'chmod' r=-30
<6>[   40.974563] init: command 'chmod' r=-30
<6>[   40.977338] init: command 'chmod' r=-30
<6>[   40.980027] init: command 'chmod' r=-2
<6>[   40.982637] init: command 'write' r=0
<6>[   40.985239] init: command 'write' r=0
<6>[   40.987928] init: command 'chown' r=-2
<6>[   40.990617] init: command 'chown' r=-2
<6>[   40.993219] init: command 'chown' r=0
<6>[   40.995907] init: command 'chmod' r=-2
<6>[   40.998596] init: command 'chmod' r=-2
<6>[   41.001198] init: command 'chown' r=0
<6>[   41.003800] init: command 'chmod' r=0
<6>[   41.006402] init: command 'chown' r=0
<6>[   41.009004] init: command 'chmod' r=0
<6>[   41.011606] init: command 'chmod' r=0
<6>[   41.014208] init: command 'chmod' r=0
<6>[   41.016810] init: command 'chown' r=0
<6>[   41.019412] init: command 'chown' r=0
<6>[   41.022118] init: command 'chmod' r=-2
<6>[   41.024719] init: command 'chown' r=0
<6>[   41.027322] init: command 'chown' r=0
<5>[   41.029837] init: starting 'console'
<3>[   41.032960] init: init.svc.console:running
<5>[   41.041287] init: starting 'playlogos1'
<3>[   41.044643] init: init.svc.playlogos1:running
<5>[   41.051234] init: starting 'adbd'
<3>[   41.055310] init: init.svc.adbd:running
<6>[   41.066326] warning: `adbd' uses 32-bit capabilities (legacy support in use)
<5>[   41.071192] init: starting 'pvrsrvinit'
<3>[   41.074608] init: init.svc.pvrsrvinit:running
<6>[   41.081547] fg_read_vcell: VCELL=3878
<6>[   41.083681] enabling adb
<4>[   41.088190] [USB] enable_adb - enable(0x10), prev_status(0x01)
<4>[   41.090271] Here is enable_adb@@@@
<4>[   41.092613] [enable_adb]USBSTATUS_ADB
<6>[   41.095389] acm_function_config_changed
<6>[   41.098945] mass_storage_function_config_changed
<6>[   41.101720] adb_function_config_changed
<4>[   41.104322]   interface 0 = acm/c4afa540
<4>[   41.106924]   interface 1 = acm/c4afa540
<4>[   41.110653]   interface 2 = usb_mass_storage/df852800
<4>[   41.113255]   interface 3 = adb/df83cc00
<4>[   41.118260] [ap_usb_power_on]AP USB Power ON, askon: 0, mtp : 0
<4>[   41.124158] !!!!!!!!!!! [ap_usb_power_on]AP samsung_kies_mtp_mode_flag0, mtp:0
<5>[   41.234724] init: starting 'servicemanager'
<3>[   41.240551] init: init.svc.servicemanager:running
<5>[   41.247490] init: starting 'vold'
<3>[   41.250655] init: init.svc.vold:running
<6>[   41.261757] init: Created socket '/dev/socket/vold' with mode '660', user '0', group '1009'
<5>[   41.268488] init: starting 'notified_event'
<3>[   41.272607] init: init.svc.notified_event:running
<6>[   41.285443] init: Created socket '/dev/socket/notified_event' with mode '660', user '0', group '1000'
<5>[   41.291636] init: starting 'netd'
<3>[   41.294437] init: init.svc.netd:running
<6>[   41.306250] init: Created socket '/dev/socket/netd' with mode '660', user '0', group '1000'
<5>[   41.309511] init: starting 'debuggerd'
<3>[   41.313006] init: init.svc.debuggerd:running
<5>[   41.320206] init: starting 'mobex-daemon'
<3>[   41.323770] init: init.svc.mobex-daemon:running
<5>[   41.330708] init: starting 'zygote'
<3>[   41.333796] init: init.svc.zygote:running
<6>[   41.344985] init: Created socket '/dev/socket/zygote' with mode '666', user '0', group '0'
<5>[   41.347942] init: starting 'media'
<3>[   41.351533] init: init.svc.media:running
<3>[   41.360874] init: cannot find '/system/bin/vtserver', disabling 'vt'
<5>[   41.369460] init: starting 'dbus'
<3>[   41.373181] init: init.svc.dbus:running
<6>[   41.387215] init: Created socket '/dev/socket/dbus' with mode '660', user '1002', group '1002'
<5>[   41.390336] init: starting 'installd'
<3>[   41.394031] init: init.svc.installd:running
<6>[   41.406087] init: Created socket '/dev/socket/installd' with mode '600', user '1000', group '1000'
<4>[   41.408688] PKD:: OTG core got reset!!! 
<3>[   41.438534] init: cannot find '/system/etc/install-recovery.sh', disabling 'flash_recovery'
<5>[   41.464744] init: starting 'sensor-daemon'
<3>[   41.468638] init: init.svc.sensor-daemon:running
<5>[   41.487788] init: starting 'keystore'
<3>[   41.491109] init: init.svc.keystore:running
<6>[   41.502645] init: Created socket '/dev/socket/keystore' with mode '666', user '0', group '0'
<5>[   41.505369] init: starting 'immvibed'
<3>[   41.508655] init: init.svc.immvibed:running
<3>[   41.518456] init: cannot find '/system/bin/immvbsd', disabling 'immvbsd'
<5>[   41.527476] init: starting 'tvout'
<3>[   41.530503] init: init.svc.tvout:running
<6>[   41.537528] init: command 'class_start' r=0
<6>[   41.544137] init: processing action 0x34248 (property:persist.service.adb.enable=1)
<6>[   41.546739] init: command 'start' r=0
<6>[   41.552923] init: make_device '/dev/pvrsrvkm' block 0, major 240, minor 0 r=0
<6>[   41.558899] init: make_device '/dev/s3c_bc' block 0, major 253, minor 0 r=0
<6>[   41.564883] init: make_device '/dev/tspdrv' block 0, major 10, minor 43 r=0
<6>[   41.570963] init: make_device '/dev/fmradio' block 0, major 10, minor 42 r=0
<6>[   41.577537] init: make_device '/dev/block/bml0!c' block 1, major 137, minor 0 r=0
<6>[   41.591302] init: make_device '/dev/block/bml1' block 1, major 137, minor 1 r=0
<6>[   41.599255] init: make_device '/dev/block/bml2' block 1, major 137, minor 2 r=0
<6>[   41.606150] init: make_device '/dev/block/bml3' block 1, major 137, minor 3 r=0
<6>[   41.612577] init: make_device '/dev/block/bml4' block 1, major 137, minor 4 r=0
<6>[   41.618978] init: make_device '/dev/block/bml5' block 1, major 137, minor 5 r=0
<6>[   41.625552] init: make_device '/dev/block/bml6' block 1, major 137, minor 6 r=0
<6>[   41.632274] init: make_device '/dev/block/bml7' block 1, major 137, minor 7 r=0
<6>[   41.638943] init: make_device '/dev/block/stl1' block 1, major 138, minor 1 r=0
<6>[   41.652188] init: make_device '/dev/block/stl2' block 1, major 138, minor 2 r=0
<6>[   41.658857] init: make_device '/dev/block/stl3' block 1, major 138, minor 3 r=0
<6>[   41.665180] init: make_device '/dev/block/stl4' block 1, major 138, minor 4 r=0
<6>[   41.671494] init: make_device '/dev/block/stl5' block 1, major 138, minor 5 r=0
<6>[   41.677790] init: make_device '/dev/block/stl6' block 1, major 138, minor 6 r=0
<6>[   41.684087] init: make_device '/dev/block/stl7' block 1, major 138, minor 7 r=0
<6>[   41.690297] init: make_device '/dev/storage' block 0, major 10, minor 234 r=0
<6>[   41.696247] init: make_device '/dev/bthid' block 0, major 10, minor 224 r=0
<3>[   41.702231] init: sys_prop: permission denied uid:2000  name:adb.connected
<4>[   41.776006] acm_disconnected
<6>[   41.823232] PVR_K:(Warning): SysFinalise: Version string: SGX540 S5PC110 [475, services4/system/s5pc110/sysconfig.c]
<6>[   41.830213] init: waitpid returned pid 2274, status = 00000000
<5>[   41.837308] init: process 'pvrsrvinit', pid 2274 exited
<3>[   41.841601] init: init.svc.pvrsrvinit:stopped
<6>[   41.853136] init: make_device '/dev/block/ram0' block 1, major 1, minor 0 r=0
<6>[   41.860629] init: make_device '/dev/block/ram1' block 1, major 1, minor 1 r=0
<6>[   41.868218] init: make_device '/dev/block/ram2' block 1, major 1, minor 2 r=0
<6>[   41.883952] init: make_device '/dev/block/ram3' block 1, major 1, minor 3 r=0
<6>[   41.891410] init: make_device '/dev/block/ram4' block 1, major 1, minor 4 r=0
<6>[   41.898531] init: make_device '/dev/block/ram5' block 1, major 1, minor 5 r=0
<6>[   41.906372] init: make_device '/dev/block/ram6' block 1, major 1, minor 6 r=0
<6>[   41.913779] init: make_device '/dev/block/ram7' block 1, major 1, minor 7 r=0
<6>[   41.921194] init: make_device '/dev/block/ram8' block 1, major 1, minor 8 r=0
<6>[   41.929121] init: make_device '/dev/block/ram9' block 1, major 1, minor 9 r=0
<6>[   41.939079] init: make_device '/dev/block/ram10' block 1, major 1, minor 10 r=0
<6>[   41.947101] init: make_device '/dev/block/ram11' block 1, major 1, minor 11 r=0
<6>[   41.955123] init: make_device '/dev/block/ram12' block 1, major 1, minor 12 r=0
<6>[   41.963528] init: make_device '/dev/block/ram13' block 1, major 1, minor 13 r=0
<6>[   41.971160] init: make_device '/dev/block/ram14' block 1, major 1, minor 14 r=0
<6>[   41.979434] init: make_device '/dev/block/ram15' block 1, major 1, minor 15 r=0
<6>[   41.987613] init: make_device '/dev/block/loop0' block 1, major 7, minor 0 r=0
<6>[   41.995896] init: make_device '/dev/block/loop1' block 1, major 7, minor 1 r=0
<6>[   42.004491] init: make_device '/dev/block/loop2' block 1, major 7, minor 2 r=0
<6>[   42.012045] init: make_device '/dev/block/loop3' block 1, major 7, minor 3 r=0
<6>[   42.019660] init: make_device '/dev/block/loop4' block 1, major 7, minor 4 r=0
<6>[   42.027847] init: make_device '/dev/block/loop5' block 1, major 7, minor 5 r=0
<6>[   42.036383] init: make_device '/dev/block/loop6' block 1, major 7, minor 6 r=0
<6>[   42.043633] init: make_device '/dev/block/loop7' block 1, major 7, minor 7 r=0
<6>[   42.052914] init: make_device '/dev/block/tfsr0!c' block 1, major 139, minor 0 r=0
<4>[   42.060814] [USB:UMS] fsg_function_setup, return to PC fsg->nluns=2
<4>[   42.065862] printk:do_inquiry fsg->cdrom 0 curlun->id 0
<4>[   42.070814] printk:do_inquiry fsg->cdrom 0 curlun->id 0
<6>[   42.077180] init: make_device '/dev/block/tfsr1' block 1, major 139, minor 1 r=0
<6>[   42.086314] init: make_device '/dev/block/tfsr2' block 1, major 139, minor 2 r=0
<6>[   42.094310] init: make_device '/dev/block/tfsr3' block 1, major 139, minor 3 r=0
<6>[   42.104405] init: make_device '/dev/block/tfsr4' block 1, major 139, minor 4 r=0
<6>[   42.110901] init: make_device '/dev/block/tfsr5' block 1, major 139, minor 5 r=0
<6>[   42.117345] init: make_device '/dev/block/tfsr6' block 1, major 139, minor 6 r=0
<4>[   42.121248] printk:do_inquiry fsg->cdrom 0 curlun->id 1
<6>[   42.131908] init: make_device '/dev/block/tfsr7' block 1, major 139, minor 7 r=0
<4>[   42.135949] printk:do_inquiry fsg->cdrom 0 curlun->id 1
<6>[   42.142957] init: make_device '/dev/block/mmcblk0' block 1, major 179, minor 0 r=0
<6>[   42.150156] init: make_device '/dev/block/mmcblk0p1' block 1, major 179, minor 1 r=0
<6>[   42.157363] init: make_device '/dev/block/mmcblk0p2' block 1, major 179, minor 2 r=0
<6>[   42.164389] init: make_device '/dev/block/mmcblk0p3' block 1, major 179, minor 3 r=0
<6>[   42.170893] init: make_device '/dev/block/mmcblk1' block 1, major 179, minor 8 r=0
<6>[   42.178066] init: make_device '/dev/block/mmcblk1p1' block 1, major 179, minor 9 r=0
<6>[   42.185455] init: make_device '/dev/block/mmcblk1p2' block 1, major 179, minor 10 r=0
<6>[   42.192637] init: make_device '/dev/block/mmcblk1p3' block 1, major 179, minor 11 r=0
<6>[   42.199255] init: make_device '/dev/block/bml0!c' block 1, major 137, minor 0 r=0
<6>[   42.205699] init: make_device '/dev/block/bml1' block 1, major 137, minor 1 r=0
<6>[   42.212646] init: make_device '/dev/block/bml2' block 1, major 137, minor 2 r=0
<6>[   42.218890] init: make_device '/dev/block/bml3' block 1, major 137, minor 3 r=0
<6>[   42.225682] init: make_device '/dev/block/bml4' block 1, major 137, minor 4 r=0
<6>[   42.231926] init: make_device '/dev/block/bml5' block 1, major 137, minor 5 r=0
<6>[   42.238718] init: make_device '/dev/block/bml6' block 1, major 137, minor 6 r=0
<6>[   42.245656] init: make_device '/dev/block/bml7' block 1, major 137, minor 7 r=0
<6>[   42.252447] init: make_device '/dev/block/stl1' block 1, major 138, minor 1 r=0
<6>[   42.258761] init: make_device '/dev/block/stl2' block 1, major 138, minor 2 r=0
<6>[   42.265439] init: make_device '/dev/block/stl3' block 1, major 138, minor 3 r=0
<6>[   42.271884] init: make_device '/dev/block/stl4' block 1, major 138, minor 4 r=0
<6>[   42.278180] init: make_device '/dev/block/stl5' block 1, major 138, minor 5 r=0
<6>[   42.284763] init: make_device '/dev/block/stl6' block 1, major 138, minor 6 r=0
<6>[   42.291667] init: make_device '/dev/block/stl7' block 1, major 138, minor 7 r=0
<3>[   42.468739] init: sys_prop: permission denied uid:2000  name:adb.connected
<6>[   42.650467] init: waitpid returned pid 2293, status = 00000000
<5>[   42.654456] init: process 'immvibed', pid 2293 exited
<3>[   42.658046] init: init.svc.immvibed:stopped
<4>[   44.246361] printk:do_inquiry fsg->cdrom 0 curlun->id 0
<4>[   44.250471] printk:do_inquiry fsg->cdrom 0 curlun->id 0
<4>[   44.270090] printk:do_inquiry fsg->cdrom 0 curlun->id 1
<4>[   44.274227] printk:do_inquiry fsg->cdrom 0 curlun->id 1
<4>[   45.892834] DmaAddr=@4f8a0000 Total=32768bytes PrdSz=2048 #Prds=4, dmaEnd 0x4f8a8000
<4>[   45.955254] DmaAddr=@4f8a0000 Total=32768bytes PrdSz=2048 #Prds=4, dmaEnd 0x4f8a8000
<6>[   46.080912] fg_read_vcell: VCELL=3878
<4>[   50.507839] !@beginofsystem_init1()
<6>[   50.515055] init: make_device '/dev/vcs7' block 0, major 7, minor 7 r=0
<6>[   50.521941] init: make_device '/dev/vcsa7' block 0, major 7, minor 135 r=0
<4>[   50.761129] !@endofsystem_init1()
<3>[   50.765379] init: no such service 'bootanim'
<6>[   51.080933] fg_read_vcell: VCELL=3878
<4>[   51.403424] !@beginofPackageManager
<6>[   56.080933] fg_read_vcell: VCELL=3878
<6>[   61.080903] fg_read_vcell: VCELL=3878
<7>[   64.825031] mmcblk1: error -84 transferring data, sector 15894, nr 1024, card status 0xf00
<7>[   65.592372] mmcblk1: error -84 transferring data, sector 15894, nr 1024, card status 0xf00
<6>[   66.080905] fg_read_vcell: VCELL=3878
<6>[   71.081306] fg_read_vcell: VCELL=3878
<6>[   76.081054] fg_read_vcell: VCELL=3878
<6>[   81.080866] fg_read_vcell: VCELL=3878
<6>[   86.081299] fg_read_vcell: VCELL=3878
<6>[   91.081042] fg_read_vcell: VCELL=3878
<6>[   96.081268] fg_read_vcell: VCELL=3878
<6>[  101.080778] fg_read_vcell: VCELL=3878
<6>[  106.080842] fg_read_vcell: VCELL=3878
<6>[  111.080949] fg_read_vcell: VCELL=3878
<3>[  111.107295] init: sys_prop: Unable to stop service ctl [runtime] uid: 2000 pid:2427
<3>[  111.122021] init: sys_prop: Unable to stop service ctl [zygote] uid: 2000 pid:2427
<6>[  116.080793] fg_read_vcell: VCELL=3878
<6>[  121.081417] fg_read_vcell: VCELL=3878
<6>[  126.080974] fg_read_vcell: VCELL=3878
<6>[  131.080971] fg_read_vcell: VCELL=3878
<6>[  136.080973] fg_read_vcell: VCELL=3878
<6>[  141.081054] fg_read_vcell: VCELL=3878
<6>[  146.080667] fg_read_vcell: VCELL=3878
<3>[  147.337937] init: service.adb.root:1
<4>[  148.346177] [USB] enable_adb - enable(0x00), prev_status(0x10)
<4>[  148.348256] Here is enable_adb@@@@
<4>[  148.350598] [enable_adb]USBSTATUS_UMS
<4>[  148.357189] [USB] enable_adb - prev_status(0x10), prev_status_before_adb setting(0x01)
<4>[  148.360312] [enable_adb]USBSTATUS_SAMSUNG_KIES
<6>[  148.363088] acm_function_config_changed
<6>[  148.365863] mtp_function_config_changed
<4>[  148.368464]   interface 0 = acm/c4afa540
<4>[  148.371067]   interface 1 = acm/c4afa540
<4>[  148.374276]   interface 2 = Gadget_MTP/df83ce00
<4>[  148.379514] [ap_usb_power_on]AP USB Power ON, askon: 0, mtp : 0
<4>[  148.385412] !!!!!!!!!!! [ap_usb_power_on]AP samsung_kies_mtp_mode_flag0, mtp:0
<6>[  148.397687] init: waitpid returned pid 2273, status = 00000100
<5>[  148.401614] init: process 'adbd', pid 2273 exited
<5>[  148.407078] init: process 'adbd' killing any children in process group
<3>[  148.410114] init: init.svc.adbd:restarting
<5>[  148.416445] init: starting 'adbd'
<3>[  148.419524] init: init.svc.adbd:running
<6>[  148.425093] enabling adb
<4>[  148.429602] [USB] enable_adb - enable(0x10), prev_status(0x01)
<4>[  148.431683] Here is enable_adb@@@@
<4>[  148.434025] [enable_adb]USBSTATUS_ADB
<6>[  148.436800] acm_function_config_changed
<6>[  148.440356] mass_storage_function_config_changed
<6>[  148.443132] adb_function_config_changed
<4>[  148.445734]   interface 0 = acm/c4afa540
<4>[  148.448336]   interface 1 = acm/c4afa540
<4>[  148.452065]   interface 2 = usb_mass_storage/df852800
<4>[  148.454667]   interface 3 = adb/df83cc00
<4>[  148.459671] [ap_usb_power_on]AP USB Power ON, askon: 0, mtp : 0
<4>[  148.465569] !!!!!!!!!!! [ap_usb_power_on]AP samsung_kies_mtp_mode_flag0, mtp:0
<4>[  148.778066] PKD:: OTG core got reset!!! 
<6>[  149.298791] init: waitpid returned pid 2393, status = 00000001
<3>[  149.302595] init: untracked pid 2393 exited
<6>[  150.066089] init: waitpid returned pid 2395, status = 00000001
<3>[  150.069547] init: untracked pid 2395 exited
<4>[  150.203817] acm_disconnected
<4>[  150.479650] [USB:UMS] fsg_function_setup, return to PC fsg->nluns=2
<4>[  150.484956] printk:do_inquiry fsg->cdrom 0 curlun->id 0
<4>[  150.489544] printk:do_inquiry fsg->cdrom 0 curlun->id 0
<4>[  150.503872] printk:do_inquiry fsg->cdrom 0 curlun->id 1
<4>[  150.522461] printk:do_inquiry fsg->cdrom 0 curlun->id 1
<6>[  151.080699] fg_read_vcell: VCELL=3878
<3>[  151.540876] init: adb.connected:1
<4>[  151.941887] printk:do_inquiry fsg->cdrom 0 curlun->id 0
<4>[  151.948235] printk:do_inquiry fsg->cdrom 0 curlun->id 0
<4>[  151.962286] printk:do_inquiry fsg->cdrom 0 curlun->id 1
<4>[  151.966691] printk:do_inquiry fsg->cdrom 0 curlun->id 1
<6>[  156.080898] fg_read_vcell: VCELL=3878
<6>[  161.080727] fg_read_vcell: VCELL=3878
<6>[  166.080705] fg_read_vcell: VCELL=3878
<6>[  171.080787] fg_read_vcell: VCELL=3878
<6>[  176.080760] fg_read_vcell: VCELL=3878
<6>[  181.081078] fg_read_vcell: VCELL=3878
<6>[  186.080747] fg_read_vcell: VCELL=3878
<6>[  191.080929] fg_read_vcell: VCELL=3878
<6>[  196.080826] fg_read_vcell: VCELL=3878
<6>[  201.080844] fg_read_vcell: VCELL=3878
<6>[  206.080633] fg_read_vcell: VCELL=3878
<6>[  211.080960] fg_read_vcell: VCELL=3878
<6>[  216.080732] fg_read_vcell: VCELL=3878
<6>[  221.080678] fg_read_vcell: VCELL=3878
<6>[  226.080717] fg_read_vcell: VCELL=3878
<6>[  231.080589] fg_read_vcell: VCELL=3878
<6>[  236.080798] fg_read_vcell: VCELL=3878
<4>[  237.225883] !@2nfofPackageManager
<4>[  240.265895] [VIBETONZ] enable_vibetonz_from_user : time = 150 msec 
<4>[  240.267541] [VIBETONZ] ENABLE
<4>[  240.420259] [VIBETONZ] DISABLE
<6>[  241.080805] fg_read_vcell: VCELL=3878
<6>[  246.080662] fg_read_vcell: VCELL=3878
<6>[  251.080665] fg_read_vcell: VCELL=3878
<6>[  256.080751] fg_read_vcell: VCELL=3878
<6>[  261.080753] fg_read_vcell: VCELL=3878
<6>[  266.080740] fg_read_vcell: VCELL=3878
<6>[  271.080757] fg_read_vcell: VCELL=3878
<4>[  272.762265] [VIBETONZ] enable_vibetonz_from_user : time = 75 msec 
<4>[  272.763912] [VIBETONZ] ENABLE
<4>[  272.841641] [VIBETONZ] DISABLE
<4>[  272.894887] [VIBETONZ] enable_vibetonz_from_user : time = 75 msec 
<4>[  272.896533] [VIBETONZ] ENABLE
<4>[  272.974266] [VIBETONZ] DISABLE
<4>[  273.027562] [VIBETONZ] enable_vibetonz_from_user : time = 75 msec 
<4>[  273.029260] [VIBETONZ] ENABLE
<4>[  273.107000] [VIBETONZ] DISABLE
<6>[  273.364922] init: waitpid returned pid 2471, status = 0000000f
<3>[  273.384306] init: untracked pid 2471 exited
<6>[  276.080937] fg_read_vcell: VCELL=3878
<6>[  281.080827] fg_read_vcell: VCELL=3878
<6>[  283.603696] init: waitpid returned pid 2286, status = 00000009
<5>[  283.607509] init: process 'zygote', pid 2286 exited
<5>[  283.613286] init: process 'zygote' killing any children in process group
<6>[  283.621612] request_suspend_state: wakeup (3->0) at 283583605987 (2011-06-03 18:55:01.804773124 UTC)
<5>[  283.625254] init: service 'media' is being killed
<3>[  283.631751] init: init.svc.media:stopping
<5>[  283.645672] init: starting 'media'
<3>[  283.648637] init: init.svc.media:running
<3>[  283.657381] init: init.svc.zygote:restarting
<6>[  283.671752] init: waitpid returned pid 2272, status = 00000009
<5>[  283.675914] init: process 'playlogos1', pid 2272 exited
<3>[  283.679496] init: init.svc.playlogos1:stopped
<6>[  283.691552] init: waitpid returned pid 2287, status = 0000000f
<3>[  283.695125] init: untracked pid 2287 exited
<5>[  283.708345] init: starting 'zygote'
<3>[  283.711362] init: init.svc.zygote:running
<6>[  283.725204] init: Created socket '/dev/socket/zygote' with mode '666', user '0', group '0'
<4>[  284.083683] DmaAddr=@4f8a0000 Total=32768bytes PrdSz=2048 #Prds=4, dmaEnd 0x4f8a8000
<4>[  284.146078] DmaAddr=@4f8a0000 Total=32768bytes PrdSz=2048 #Prds=4, dmaEnd 0x4f8a8000
<6>[  286.080559] fg_read_vcell: VCELL=3878
<4>[  286.269425] !@beginofsystem_init1()
<4>[  286.385914] !@endofsystem_init1()
<3>[  286.390050] init: no such service 'bootanim'
<4>[  287.323395] !@beginofPackageManager
<6>[  291.080831] fg_read_vcell: VCELL=3878
<6>[  296.080832] fg_read_vcell: VCELL=3878
<6>[  301.080536] fg_read_vcell: VCELL=3878
<4>[  302.298421] !@2nfofPackageManager
<6>[  306.080510] fg_read_vcell: VCELL=3878
<4>[  306.101429] [VIBETONZ] enable_vibetonz_from_user : time = 150 msec 
<4>[  306.103076] [VIBETONZ] ENABLE
<4>[  306.255726] [VIBETONZ] DISABLE
<6>[  311.080837] fg_read_vcell: VCELL=3878
<6>[  316.080807] fg_read_vcell: VCELL=3878
<6>[  321.080910] fg_read_vcell: VCELL=3878
<6>[  326.080858] fg_read_vcell: VCELL=3878
<6>[  331.080958] fg_read_vcell: VCELL=3878
<6>[  336.081198] fg_read_vcell: VCELL=3878
<4>[  340.388989] [VIBETONZ] enable_vibetonz_from_user : time = 75 msec 
<4>[  340.390814] [VIBETONZ] ENABLE
<4>[  340.468717] [VIBETONZ] DISABLE
<4>[  340.522308] [VIBETONZ] enable_vibetonz_from_user : time = 75 msec 
<4>[  340.524146] [VIBETONZ] ENABLE
<4>[  340.601849] [VIBETONZ] DISABLE
<4>[  340.655390] [VIBETONZ] enable_vibetonz_from_user : time = 75 msec 
<4>[  340.657253] [VIBETONZ] ENABLE
<4>[  340.734957] [VIBETONZ] DISABLE
<6>[  340.804164] init: waitpid returned pid 2524, status = 0000000f
<3>[  340.811626] init: untracked pid 2524 exited
<6>[  341.080830] fg_read_vcell: VCELL=3878
<6>[  346.080868] fg_read_vcell: VCELL=3878
