<6>[    0.000000] Initializing cgroup subsys cpu
<5>[    0.000000] Linux version 2.6.32.9 (nbates66@archlaptop) (gcc version 4.5.1 (Sourcery G++ Lite 2010.09-50) ) #1 Thu May 19 15:26:32 EST 2011
<4>[    0.000000] CPU: ARMv7 Processor [412fc082] revision 2 (ARMv7), cr=10c53c7f
<4>[    0.000000] CPU: VIPT nonaliasing data cache, VIPT nonaliasing instruction cache
<4>[    0.000000] Machine: SMDKC110
<4>[    0.000000] Ignoring unrecognised tag 0x54410009
<4>[    0.000000] Memory policy: ECC disabled, Data cache writeback
<7>[    0.000000] On node 0 totalpages: 20480
<7>[    0.000000] free_area_init_node: node 0, pgdat c146b860, node_mem_map c1642000
<7>[    0.000000]   Normal zone: 160 pages used for memmap
<7>[    0.000000]   Normal zone: 0 pages reserved
<7>[    0.000000]   Normal zone: 20320 pages, LIFO batch:3
<7>[    0.000000] On node 1 totalpages: 65536
<7>[    0.000000] free_area_init_node: node 1, pgdat c146bf18, node_mem_map d0002000
<7>[    0.000000]   Normal zone: 512 pages used for memmap
<7>[    0.000000]   Normal zone: 0 pages reserved
<7>[    0.000000]   Normal zone: 65024 pages, LIFO batch:15
<7>[    0.000000] On node 2 totalpages: 0
<7>[    0.000000] free_area_init_node: node 2, pgdat c146c5d0, node_mem_map c16eac20
<4>[    0.000000]   Normal zone: 1 pages exceeds realsize 0
<7>[    0.000000] On node 3 totalpages: 0
<7>[    0.000000] free_area_init_node: node 3, pgdat c146cc88, node_mem_map c16f2ce0
<4>[    0.000000]   Normal zone: 1 pages exceeds realsize 0
<4>[    0.000000] CPU S5PV210/S5PC110 (id 0x43110222)
<7>[    0.000000] s5pv210_init_clocks: initializing clocks
<6>[    0.000000] S3C24XX Clocks, Copyright 2004 Simtec Electronics
<3>[    0.000000] copy: bad source 0
<3>[    0.000000] mout_audss: bad source 0
<7>[    0.000000] s5pv210_setup_clocks: registering clocks
<7>[    0.000000] s5pv210_setup_clocks: clkdiv0 = 14131330, clkdiv1 = 00300400
<7>[    0.000000] s5pv210_setup_clocks: xtal is 24000000
<6>[    0.000000] S5PV210: PLL settings, A=800000000, M=667000000, E=80000000
<6>[    0.000000] s5pv210: 33554432 bytes system memory reserved for mfc at 0x316fd000
<6>[    0.000000] s5pv210: 33554432 bytes system memory reserved for mfc at 0x40204000
<6>[    0.000000] s5pv210: 12582912 bytes system memory reserved for fimc0 at 0x42204000
<6>[    0.000000] s5pv210: 1048576 bytes system memory reserved for fimc1 at 0x42e04000
<6>[    0.000000] s5pv210: 12582912 bytes system memory reserved for fimc2 at 0x42f04000
<6>[    0.000000] s5pv210: 2097152 bytes system memory reserved for pmem at 0x336fd000
<6>[    0.000000] s5pv210: 4194304 bytes system memory reserved for pmem_gpu1 at 0x338fd000
<6>[    0.000000] s5pv210: 1536000 bytes system memory reserved for pmem_adsp at 0x33cfd000
<6>[    0.000000] s5pv210: 10485760 bytes system memory reserved for texstream at 0x33e74000
<6>[    0.000000] s5pv210: 3145728 bytes system memory reserved for fimd at 0x43b04000
<6>[    0.000000] s5pv210: 262144 bytes system memory reserved for wifi at 0x34874000
<4>[    0.000000] Built 2 zonelists in Zone order, mobility grouping on.  Total pages: 85344
<5>[    0.000000] Kernel command line: console=ttySAC2,115200 loglevel=4
<6>[    0.000000] PID hash table entries: 2048 (order: 1, 8192 bytes)
<6>[    0.000000] Dentry cache hash table entries: 65536 (order: 6, 262144 bytes)
<6>[    0.000000] Inode-cache hash table entries: 32768 (order: 5, 131072 bytes)
<6>[    0.000000] Memory: 80MB 256MB = 336MB total
<5>[    0.000000] Memory: 205432KB available (9152K code, 1897K data, 11348K init, 0K highmem)
<6>[    0.000000] SLUB: Genslabs=9, HWalign=64, Order=0-3, MinObjects=0, CPUs=1, Nodes=4
<6>[    0.000000] Hierarchical RCU implementation.
<6>[    0.000000] NR_IRQS:339
<6>[    0.000000] VIC @fd000000: id 0x00041192, vendor 0x41
<6>[    0.000000] VIC @fd010000: id 0x00041192, vendor 0x41
<6>[    0.000000] VIC @fd020000: id 0x00041192, vendor 0x41
<6>[    0.000000] VIC @fd030000: id 0x00041192, vendor 0x41
<6>[    0.000000] mult[140737]
<6>[    0.000000] max_delta_ns[2147483647]
<6>[    0.000000] min_delta_ns[30517]
<6>[    0.000000] rate[32768]
<6>[    0.000000] HZ[256]
<4>[    0.000000] Console: colour dummy device 80x30
<6>[    0.000000] console [ttySAC2] enabled
<6>[    0.014750] Calibrating delay loop... 796.20 BogoMIPS (lpj=1556480)
<4>[    0.099096] Mount-cache hash table entries: 512
<6>[    0.102601] Initializing cgroup subsys debug
<6>[    0.105983] Initializing cgroup subsys cpuacct
<6>[    0.109365] Initializing cgroup subsys freezer
<6>[    0.112835] CPU: Testing write buffer coherency: ok
<0>[    0.121648] KERNEL:kernel_sec_get_debug_level_from_boot=0x574f4c44
<0>[    0.131707] KERNEL:magic_number=0x0 DEBUG LEVEL low!!
<0>[    0.141421] (kernel_sec_set_upload_cause) : upload_cause set 0
<6>[    0.153539] regulator: core version 0.5
<6>[    0.157163] NET: Registered protocol family 16
<4>[    0.175795] S5PC110 Hardware version : EVT1 
<4>[    0.177746] HWREV is 0xf
<4>[    0.182853] S3C Power Management, Copyright 2004 Simtec Electronics
<6>[    0.197164] S5PV210 Power Domain API Enable
<6>[    0.201310] S5PV210: Initializing architecture
<6>[    0.207476] S3C PL330-DMA Controller Driver, (c) 2008-2009 Samsung Electronics
<6>[    0.211552] Total 24 DMA channels will be initialized.
<4>[    0.216715] DMA: got clock for controller 0 and disabled 
<4>[    0.221433] DMA: got clock for controller 1 and disabled 
<4>[    0.226116] DMA: got clock for controller 2 and disabled 
<6>[    0.234727] s3c24xx-pwm s3c24xx-pwm.0: tin at 66700000, tdiv at 66700000, tin=divclk, base 0
<6>[    0.242099] s3c24xx-pwm s3c24xx-pwm.1: tin at 66700000, tdiv at 66700000, tin=divclk, base 8
<6>[    0.249385] s3c24xx-pwm s3c24xx-pwm.2: tin at 4168750, tdiv at 4168750, tin=divclk, base 12
<6>[    0.256670] s3c24xx-pwm s3c24xx-pwm.3: tin at 4168750, tdiv at 4168750, tin=divclk, base 16
<4>[    0.278596] bio: create slab <bio-0> at 0
<6>[    0.281258] vgaarb: loaded
<5>[    0.284840] SCSI subsystem initialized
<6>[    0.291286] s3c-i2c s3c2410-i2c.0: i2c-0: S3C I2C adapter
<6>[    0.296897] s3c-i2c s3c2410-i2c.1: i2c-1: S3C I2C adapter
<6>[    0.302622] s3c-i2c s3c2410-i2c.2: i2c-2: S3C I2C adapter
<6>[    0.306887] Bluetooth: Core ver 2.15
<6>[    0.310339] NET: Registered protocol family 31
<6>[    0.315630] Bluetooth: HCI device and connection manager initialized
<6>[    0.319446] Bluetooth: HCI socket layer initialized
<6>[    0.324164] Switching to clocksource clock_source_systimer
<6>[    0.337019] NET: Registered protocol family 2
<6>[    0.343228] IP route cache hash table entries: 4096 (order: 2, 16384 bytes)
<6>[    0.350591] TCP established hash table entries: 16384 (order: 5, 131072 bytes)
<6>[    0.356341] TCP bind hash table entries: 16384 (order: 6, 327680 bytes)
<6>[    0.362187] TCP: Hash tables configured (established 16384 bind 16384)
<6>[    0.364269] TCP reno registered
<6>[    0.367643] NET: Registered protocol family 1
<7>[    0.421114] [BT] rfkill_register(bt_rfk) 
<7>[    0.423767] [BT] Device Powering ON 
<7>[    0.426021] [BT] GPIO_BT_nRST = 0
<4>[    0.428276] [BT] GPIO_WLAN_BT_EN = 1
<7>[    0.431746] [BT] bt_host_wake_irq_handler start
<4>[    0.537116] [BT] GPIO_BT_nRST = 1
<7>[    0.539727] [BT] Device Powering OFF 
<7>[    0.543196] [BT] bt_host_wake_irq_handler start
<4>[    0.545191] [BT] GPIO_BT_nRST = 0
<4>[    0.547446] [BT] GPIO_WLAN_BT_EN = 0
<7>[    0.551089] [BT] bt_host_wake_irq_handler start
<4>[    0.554948] [BT] In the unblocked state of the sleep
<7>[    0.557203] [BT] GPIO_BT_WAKE = 0
<4>[    0.559978] [BT] wake_unlock(bt_wake_lock)
<4>[    0.563621] [BT] In the unblocked state of the sleep
<7>[    0.565876] [BT] GPIO_BT_WAKE = 0
<4>[    0.568652] [BT] wake_unlock(bt_wake_lock)
<4>[    0.572685] S5PC11X_FREQ_TAB=0 , S5PC11X_MAXFREQLEVEL=4
<6>[    0.577490] S5PV210 ADC driver, (c) 2010 Samsung Electronics
<4>[    0.582296] [ JACK_DRIVER (sec_jack_init,800) ] 
<6>[    0.585591] SEC JACK: Registering jack driver
<6>[    0.590395] input: sec_jack as /devices/virtual/input/input0
<4>[    0.597360] [ JACK_DRIVER (sec_jack_probe,676) ] sended isr send=0Xbe, ret =0
<4>[    0.602824] [ JACK_DRIVER (sec_jack_probe,695) ] det isr det=0X26, ret =0
<4>[    0.608722] NetWinder Floating Point Emulator V0.97 (extended precision)
<6>[    0.612252] ashmem: initialized
<6>[    0.633528] ROMFS MTD (C) 2007 Red Hat, Inc.
<6>[    0.636519] msgmni has been set to 401
<6>[    0.641619] alg: No test for cipher_null (cipher_null-generic)
<6>[    0.646476] alg: No test for ecb(cipher_null) (ecb-cipher_null)
<6>[    0.651246] alg: No test for digest_null (digest_null-generic)
<6>[    0.656363] alg: No test for compress_null (compress_null-generic)
<6>[    0.661125] alg: No test for stdrng (krng)
<6>[    0.716017] alg: No test for ghash (ghash-generic)
<6>[    0.718879] io scheduler noop registered
<6>[    0.722435] io scheduler anticipatory registered
<6>[    0.725644] io scheduler deadline registered
<6>[    0.729799] io scheduler cfq registered (default)
<4>[    0.733660] MDNIE  INIT ..........
<6>[    0.738082] S3C MDNIE Driver, (c) 2010 Samsung Electronics
<4>[    0.742133] MDNIE  INIT SUCCESS Addr : 0xe083c000
<4>[    0.744213] IELCD  INIT ..........
<6>[    0.748637] S3C IELCD Driver, (c) 2010 Samsung Electronics
<4>[    0.752533] IELCD  INIT SUCCESS Addr : 0xe0840000
<6>[    0.759698] s3cfb s3cfb: [fb0] dma: 0x43b04000, cpu: 0xe0c00000, size: 0x002ee000
<6>[    0.769246] FIMD src sclk = 166750000
<6>[    0.775315] s3cfb s3cfb: parent clock: 166750000, vclk: 25628040, vclk div: 7
<6>[    0.778872] s3cfb s3cfb: registered successfully
<6>[    0.973427] s5pv210-uart.0: s3c2410_serial0 at MMIO 0xe2900000 (irq = 16) is a S3C6400/10
<6>[    0.981067] s5pv210-uart.1: s3c2410_serial1 at MMIO 0xe2900400 (irq = 20) is a S3C6400/10
<6>[    0.988587] s5pv210-uart.2: s3c2410_serial2 at MMIO 0xe2900800 (irq = 24) is a S3C6400/10
<6>[    0.996054] s5pv210-uart.3: s3c2410_serial3 at MMIO 0xe2900c00 (irq = 28) is a S3C6400/10
<6>[    1.008883] brd: module loaded
<6>[    1.016350] loop: module loaded
<6>[    1.017823] pmem: 1 init
<6>[    1.021191] pmem_gpu1: 1 init
<6>[    1.024773] pmem_adsp: 1 init
<4>[    1.030730] [BIF:IN ] ++FSR_BML_Init(nFlag: 0x0)
<4>[    1.033070] [PAM:   ] ++FSR_PAM_Init
<4>[    1.039135] [PAM:   ]   OneNAND physical base address       : 0xb0000000
<4>[    1.044597] [PAM:   ]   OneNAND virtual  base address       : 0xe0880000
<4>[    1.049454] [PAM:   ]   OneNAND nMID=0xec : nDID=0x50 Page size=4
<4>[    1.051796] [PAM:   ] --FSR_PAM_Init
<4>[    1.055959] [BIF:   ]   FSR VERSION: FSR_1.2.1p1_b139_RTM
<4>[    1.063505] [OND:INF]   FSR_OND_4K_Open(nDev:0, pParam:0xc4c1de50, nFlag:0x00000000) / 1033 line
<4>[    1.067754]             pstOND4kCxt->nBaseAddr: 0xe0880000
<4>[    1.072958]             nDev=0, nMID=0x00ec, nDID=0x0050, nVID=0x013e
<4>[    1.077815] [OND:INF]   pstOND4kCxt->nSysConf1:0xf0c6 / 1116 line
<4>[    1.083279] [OND:INF]   pstOND4kCxt->nBlksForSLCArea[0]:2048 / 1133 line
<4>[    1.088136] [OND:INF]   pstOND4kCxt->nIntID   :0x0000 / 1236 line
<4>[    1.091519] [OND:INF]   1X_CACHEPGM CMD : 0x007f
<4>[    1.094901] [OND:INF]   1X_PLOAD    CMD : 0x0003
<4>[    1.101129] [BBM:INF]   Scan from 2004 to 2047 to find BML meta blocks (die: 0)
<4>[    1.102247] [BBM:INF]   ffff ffff ffff ffff ffff ffff ffff ffff ffff ffff 
<4>[    1.108275] [BBM:INF]   ffff ffff ffff ffff ffff ffff ffff ffff ffff ffff 
<4>[    1.114338] [BBM:INF]   ffff ffff ffff ffff ffff ffff ffff ffff ffff ffff 
<4>[    1.120392] [BBM:INF]   ffff ffff ffff ffff ffff ffff ffff ffff ffff ffff 
<4>[    1.126428] [BBM:INF]   a5a5 a5a5 ffff 
<4>[    1.168892] FSR: Registered TinyFSR Driver.
<6>[    1.175857] tl2796_probe::1124->s6e63m0 probed successfuly
<6>[    1.179213] PPP generic driver version 2.4.2
<6>[    1.183958] PPP Deflate Compression module registered
<6>[    1.187600] PPP BSD Compression module registered
<6>[    1.192059] PPP MPPE Compression module registered
<6>[    1.195441] NET: Registered protocol family 24
<6>[    1.198303] PPPoL2TP kernel driver, V1.0
<6>[    1.206889] SLIP: version 0.8.4-NET3.019-NEWTTY (dynamic channels, max=256) (6 bit encapsulation enabled).
<6>[    1.213134] CSLIP: code copyright 1989 Regents of the University of California.
<4>[    1.217315] [otg_clock_enable] clk_enable(otg_clock) OK.
<4>[    1.221391] [otg_clock_enable] clk_disable(otg_clock) OK.
<6>[    1.232120] s3c-udc : S3C HS USB OTG Device Driver, (c) 2008-2009 Samsung Electronics
<6>[    1.232132] s3c-udc : version 15 March 2009 (DMA Mode) 
<4>[    1.237133] [ADB_UMS_ACM_RNDIS_MTP] string_dev = 10003c49574a 
<4>[    1.243811] android_adb_ums_acm_rndis_mtp gadget: using random self ethernet address
<4>[    1.250489] android_adb_ums_acm_rndis_mtp gadget: using random host ethernet address
<6>[    1.254462] usb0: MAC 1a:57:4b:38:c0:6b
<6>[    1.257671] usb0: HOST MAC ce:aa:08:fc:4e:31
<6>[    1.259492] acm_function_add
<6>[    1.262120] DUN is registerd
<6>[    1.266717] fsg_function_bind cdrom patch after fsg->nluns 2
<6>[    1.271877] android_adb_ums_acm_rndis_mtp gadget: Number of LUNs=2
<6>[    1.275867] shaman: mass_storage_function_add success
<6>[    1.277688] adb_function_add
<4>[    1.281383] [mtpg_function_bind] 	line = [891] 
<4>[    1.285546] [mtpg_function_bind] 	dual speed line = [958] 
<4>[    1.291444] ***** [mtpg_function_bind:975] calling mtp_function_enable with 0 
<4>[    1.295780] [mtp_function_enable] mtp_function => (disabled)
<4>[    1.300377] ****** mtp_function_enable and line 1267 null_desc 
<4>[    1.302979]   interface 0 = acm/df339480
<4>[    1.305581]   interface 1 = acm/df339480
<4>[    1.309310]   interface 2 = usb_mass_storage/df33b800
<4>[    1.311912]   interface 3 = adb/df336d00
<4>[    1.315121]   interface 4 = Gadget_MTP/df336f00
<4>[    1.317897]   interface 5 = rndis/df339000
<4>[    1.320672]   interface 6 = rndis/df339000
<6>[    1.324228] mass_storage_function_config_changed
<4>[    1.327958]   interface 0 = usb_mass_storage/df33b800
<6>[    1.335417] android_adb_ums_acm_rndis_mtp gadget: Android Composite USB, version: May 19 2011
<6>[    1.342182] android_adb_ums_acm_rndis_mtp gadget: android_adb_ums_acm_rndis_mtp ready
<6>[    1.347472] Registered gadget driver 'android_adb_ums_acm_rndis_mtp'
<4>[    1.352052] [udc_enable]AP_USB_Power off by Bootup : 1
<4>[    1.356909] mice: could not register psaux device, error: -16
<6>[    1.361072] mice: PS/2 mouse device common for all mice
<6>[    1.367787] input: s3c-keypad as /devices/virtual/input/input1
<4>[    1.370439] s3c-keypad Initialized
<6>[    1.372425] S3C Keypad Driver
<6>[    1.375973] i2c /dev entries driver
<6>[    1.383163] i2c-gpio i2c-gpio.4: using pins 247 (SDA) and 246 (SCL)
<6>[    1.389078] i2c-gpio i2c-gpio.5: using pins 203 (SDA) and 204 (SCL)
<6>[    1.393440] regulator: DCDC1: 750 <--> 1500 mV 
<6>[    1.397300] regulator: DCDC2: 750 <--> 1500 mV 
<6>[    1.400518] regulator: LDO4: 3300 mV 
<6>[    1.403466] regulator: LDO7: 1800 mV 
<6>[    1.407378] regulator: LDO17: 3000 <--> 3200 mV 
<6>[    1.413328] i2c-gpio i2c-gpio.6: using pins 206 (SDA) and 209 (SCL)
<4>[    1.416381] [FSA9480] fsa9480_codec_probe
<4>[    1.419113] fsa9480_interrupt
<4>[    1.463537] [FSA9480] FSA9480_ReadIntRegister
<6>[    1.469036] i2c-gpio i2c-gpio.7: using pins 201 (SDA) and 202 (SCL)
<6>[    1.474708] i2c-gpio i2c-gpio.8: using pins 42 (SDA) and 43 (SCL)
<6>[    1.480927] i2c-gpio i2c-gpio.11: using pins 114 (SDA) and 98 (SCL)
<6>[    1.486885] i2c-gpio i2c-gpio.12: using pins 173 (SDA) and 172 (SCL)
<6>[    1.490840] Linux video capture interface: v2.00
<6>[    1.494311] IPC probe success
<6>[    1.500441] mfc_init: <6>S5PC110 MFC Driver, (c) 2009 Samsung Electronics
<6>[    1.500452] 
<6>[    1.513626] S3C2410 Watchdog Timer, (c) 2004 Simtec Electronics
<6>[    1.521718] s3c2410-wdt s3c2410-wdt: watchdog inactive, reset disabled, irq enabled
<4>[    1.527293] [FSA9480] FSA9480_ProcessDevice (dev1 : 0x0, dev2 : 0x0)
<6>[    1.536183] device-mapper: ioctl: 4.15.0-ioctl (2009-04-01) initialised: dm-devel@redhat.com
<6>[    1.540676] device-mapper: multipath: version 1.1.0 loaded
<6>[    1.546140] device-mapper: multipath round-robin: version 1.0.0 loaded
<6>[    1.551690] device-mapper: multipath queue-length: version 0.1.0 loaded
<6>[    1.557241] device-mapper: multipath service-time: version 0.2.0 loaded
<6>[    1.560997] Bluetooth: HCI UART driver ver 2.2
<6>[    1.564726] Bluetooth: HCI H4 protocol initialized
<6>[    1.567944] cpuidle: using governor ladder
<6>[    1.571040] cpuidle: using governor menu
<6>[    1.576210] sdhci: Secure Digital Host Controller Interface driver
<6>[    1.579505] sdhci: Copyright(c) Pierre Ossman
<6>[    1.585230] s3c-sdhci s3c-sdhci.0: clock source 2: sclk_mmc (51307692 Hz)
<6>[    1.592465] mmc0: SDHCI controller on samsung-hsmmc [s3c-sdhci.0] using ADMA
<6>[    1.598187] s3c-sdhci s3c-sdhci.1: clock source 2: sclk_mmc (47642857 Hz)
<6>[    1.605283] mmc1: SDHCI controller on samsung-hsmmc [s3c-sdhci.1] using ADMA
<6>[    1.611024] s3c-sdhci s3c-sdhci.2: clock source 2: sclk_mmc (47642857 Hz)
<4>[    1.614912]  Universal :SD Detect configuration 
<7>[    1.617685]  Universal : Card status  0
<6>[    1.625040] mmc2: SDHCI controller on samsung-hsmmc [s3c-sdhci.2] using ADMA
<6>[    1.629775] logger: created 512K log 'log_main'
<6>[    1.633583] logger: created 256K log 'log_events'
<6>[    1.638344] logger: created 256K log 'log_radio'
<6>[    1.644146] logger: created 64K log 'log_system'
<7>[    1.648483] *** DEBUG : First we search for SDIO...(0)***
<4>[    1.652438] GP2A opt i2c attach success!!!
<4>[    1.655196] opt_i2c_client : (0xdf35e300)
<7>[    1.659047] *** DEBUG : ...then normal SD...(0) ***
<4>[    1.662811] [gp2a_opt_probe] CONFIG_GP2A_MODE_A INIT 
<7>[    1.668284] *** DEBUG : ...and finally MMC. (0)***
<4>[    1.755544] mmc0: switch to bus width 4 
<6>[    1.759881] mmc0: new high speed MMC card at address 0001
<6>[    1.773004] mmcblk0: mmc0:0001 M2G1DD 1.91 GiB 
<6>[    1.774122]  mmcblk0: p1 p2 p3
<7>[    1.789171] Another host want the wakelock : 2
<3>[    1.826916] i2c i2c-11: sendbytes: NAK bailout.
<7>[    1.835675] *** DEBUG : First we search for SDIO...(1)***
<7>[    1.843585] *** DEBUG : ...then normal SD...(1) ***
<7>[    1.852311] *** DEBUG : ...and finally MMC. (1)***
<7>[    1.858781] Another host want the wakelock : 1
<7>[    1.861556]  Universal : Card status  0
<4>[    1.886908] fsa9480_interrupt
<4>[    1.889943] [FSA9480] FSA9480_ReadIntRegister
<7>[    1.898799] *** DEBUG : First we search for SDIO...(2)***
<7>[    1.909996] *** DEBUG : ...then normal SD...(2) ***
<6>[    1.942832] ldo38_control : turn ON LDO3 and LDO8 (cur_stat=0, req=1)
<4>[    1.946822] [otg_clock_enable] clk_enable(otg_clock) OK.
<4>[    1.951375] [udc_enable]AP_USB_Power off by Bootup : 1[FSA9480] FSA9480_ProcessDevice (dev1 : 0x4, dev2 : 0x0)
<4>[    1.972460] USB attach or detach: 1
<4>[    1.975235] FSA9480_DEV_TY1_USB --- ATTACH
<6>[    2.047145] mmc2: new high speed SDHC card at address 0007
<6>[    2.058038] mmcblk1: mmc2:0007 SD04G 3.67 GiB 
<6>[    2.059122]  mmcblk1: p1 p2 < p5 p6 p7 >
<7>[    2.085567] mmc2: wake_lock_timeout 1sec 0
<4>[    2.112939] gp2a_opt_probe is OK!!
<4>[    2.113910] smb_init 
<4>[    2.118872] smb_acc_start ....
<4>[    2.119999] yamaha_init
<4>[    2.122063] level device init
<6>[    2.127788] Advanced Linux Sound Architecture Driver Version 1.0.21.
<4>[    2.131430] No device for DAI WM8994 PAIFRX
<4>[    2.134292] No device for DAI WM8994 PCM
<4>[    2.138483] No device for DAI s3c-pcmdev
<6>[    2.141083] WM8994 Audio Codec 0.1
<4>[    2.178950] s3c_preallocate_dma_buffer: VA-ff001000, PA-4F3E0000, 131072bytes
<4>[    2.184909] s3c_preallocate_dma_buffer: VA-ff021000, PA-4EC00000, 131072bytes
<6>[    2.189332] asoc: WM8994 PAIFRX <-> s3c64xx-i2s mapping ok
<4>[    2.193252] +++++++smdkc110_audio_init
<6>[    2.196646] WM8994 Audio Codec 0.1
<4>[    2.204267] s3c_preallocate_dma_buffer: VA-ff041000, PA-4EC20000, 131072bytes
<4>[    2.210217] s3c_preallocate_dma_buffer: VA-ff061000, PA-4EC40000, 131072bytes
<6>[    2.214293] asoc: WM8994 PCM <-> s3c-pcmdev mapping ok
<4>[    2.220512] ASoC: Failed to create codec register debugfs file
<4>[    2.224242] Failed to create pop time debugfs file
<4>[    2.228058] Failed to create DAPM debugfs directory
<4>[    2.230746] ----------smdkc110_audio_init
<6>[    2.232655] ALSA device list:
<6>[    2.235083]   #0: smdkc110 (WM8994)
<6>[    2.237858]   #1: smdkc110-pcm (WM8994)
<4>[    2.241484] Netfilter messages via NETLINK v0.30.
<4>[    2.246167] nf_conntrack version 0.5.0 (3214 buckets, 12856 max)
<4>[    2.252881] CONFIG_NF_CT_ACCT is deprecated and will be removed soon. Please use
<4>[    2.259732] nf_conntrack.acct=1 kernel parameter, acct=1 nf_conntrack module option or
<4>[    2.264849] sysctl net.netfilter.nf_conntrack_acct=1 to enable it.
<6>[    2.268388] xt_time: kernel timezone is -0000
<6>[    2.273045] IPv4 over IPv4 tunneling driver
<6>[    2.277556] GRE over IPv4 tunneling driver
<6>[    2.284616] ip_tables: (C) 2000-2006 Netfilter Core Team
<6>[    2.286845] TCP cubic registered
<6>[    2.291416] NET: Registered protocol family 10
<6>[    2.303272] IPv6 over IPv4 tunneling driver
<6>[    2.310609] NET: Registered protocol family 17
<6>[    2.313991] NET: Registered protocol family 15
<6>[    2.316593] Bluetooth: L2CAP ver 2.14
<6>[    2.320583] Bluetooth: L2CAP socket layer initialized
<6>[    2.324052] Bluetooth: SCO (Voice Link) ver 0.6
<6>[    2.327868] Bluetooth: SCO socket layer initialized
<6>[    2.331685] Bluetooth: RFCOMM TTY layer initialized
<6>[    2.335761] Bluetooth: RFCOMM socket layer initialized
<6>[    2.338450] Bluetooth: RFCOMM ver 1.11
<6>[    2.341876] NET: Registered protocol family 33
<6>[    2.345258] NET: Registered protocol family 35
<4>[    2.349786] S3C24XX RTC, (c) 2004,2006 Simtec 					Electronics
<6>[    2.355928] using rtc device, s3c, for alarms
<6>[    2.361304] s3c2410-rtc s3c2410-rtc: rtc core: registered s3c as rtc0
<6>[    2.365718] VFP support v0.3: implementor 41 architecture 3 part 30 variant c rev 2
<7>[    2.374036] qt602240 GPIO Status
<7>[    2.375857] TOUCH_EN  : High
<7>[    2.377592] TOUCH_INT : Low
<4>[    2.483753] qt602240_i2c is attached..
<7>[    2.487914] |  Quantum Touch Driver Probe!            |
<6>[    2.493751] input: qt602240_ts_input as /devices/virtual/input/input2
<4>[    2.496110] QT_reprogram check
<4>[    2.498712] [QT] init_touch_driver start
<4>[    2.500533] [QT] init_I2C start
<4>[    2.527932] 
<4>[    2.527937] [TSP] Touch device found
<4>[    2.529666] Version: 	   0x16
<4>[    2.529672] Family:		   0x80
<4>[    2.531316] Variant: 	   0x1
<4>[    2.532964] Build number:   0xab
<4>[    2.534959] Matrix X size : 18
<4>[    2.536780] Matrix Y size : 12
<4>[    2.538601] Calculated CRC:	0x5c 0xe4 0x8e 0x00 
<4>[    2.546067] 
<4>[    2.546327] Stored CRC:	0x5c 0xe4 0x8e 0x00 
<4>[    2.549363] 
<4>[    2.549623] Info block CRC value OK.
<4>[    2.552141] 
<4>[    2.552144] 
<4>[    2.555695] [TSP]qt_Power_Config_Init real board 
<4>[    2.566432] 
<4>[    2.566437] [TSP][reset_chip] 
<4>[    2.638115] Chip reset OK!
<4>[    2.638122] read_mem : i2c read failed
<4>[    2.645601] 
<4>[    2.645606]  [TSP] read_mem is failed -- check your TSP chip!!
<4>[    2.645620] 
<4>[    2.650024] [QT] ret : 0, qt602240->client name : qt602240_ts
<4>[    2.652287] [QT] qt602240_init/6318
<4>[    2.656884] [QT] qt602240_init/6349, platform_driver_register!!
<7>[    2.660744] [TSP] msg id =  1 90 c1 f4 4 0 0 0 0
<6>[    2.669209] s3c2410-rtc s3c2410-rtc: setting system clock to 2011-05-23 08:53:56 UTC (1306140836)
<6>[    2.674952] FIMC0 registered successfully
<6>[    2.680468] FIMC1 registered successfully
<6>[    2.685932] FIMC2 registered successfully
<6>[    2.690918] S5PC1XX TVOUT Driver, (c) 2009 Samsung Electronics
<6>[    2.700443] s5p-tvout s5p-tvout: hpd status is cable removed
<7>[    2.704327] [TSP] msg id =  1 0 c1 f4 4 0 0 0 0
<6>[    2.733303] fg_read_vcell: VCELL=3878
<4>[    2.734778] [SOC] C:0, P:75
<4>[    2.754753] pmic interrupt registered 
<6>[    2.760910] Freeing init memory: 11348K
<4>[    2.765073] Warning: unable to open an initial console.
<3>[    2.771691] init: /init.rc: 232: chmod requires 2 arguments
<3>[    2.781925] init: /init.rc: 237: setprop requires 2 arguments
<3>[    2.791899] init: /init.rc: 330: invalid command 'dmesg'
<3>[    2.801440] init: /init.rc: 341: invalid option 'enabled'
<3>[    2.810980] init: /init.rc: 465: invalid option 'dmesg'
<4>[    2.818959] !@Init process: device_init #3
<4>[    3.259146] maxim_vac_disconnect: connect status skip
<3>[    3.295288] init: ro.secure:1
<3>[    3.301271] init: ro.allow.mock.location:0
<3>[    3.307602] init: ro.debuggable:1
<3>[    3.314194] init: persist.service.adb.enable:1
<3>[    3.327663] init: cannot open '/initlogo.rle'
<3>[    3.334342] init: ro.factorytest:0
<3>[    3.339632] init: ro.serialno:
<3>[    3.345183] init: ro.bootmode:unknown
<3>[    3.351341] init: ro.baseband:unknown
<3>[    3.357412] init: ro.carrier:unknown
<3>[    3.363657] init: ro.bootloader:unknown
<3>[    3.370075] init: ro.hardware:SMDKC110
<3>[    3.375886] init: ro.revision:48
<3>[    3.381437] init: dpm.allowcamera:0
<6>[    3.387682] init: command 'loglevel' r=0
<6>[    3.390370] init: command 'export' r=0
<6>[    3.393059] init: command 'export' r=0
<6>[    3.395747] init: command 'export' r=0
<6>[    3.398436] init: command 'export' r=0
<6>[    3.401125] init: command 'export' r=0
<6>[    3.403813] init: command 'export' r=0
<6>[    3.406502] init: command 'export' r=0
<6>[    3.409191] init: command 'export' r=0
<6>[    3.411879] init: command 'export' r=0
<6>[    3.414568] init: command 'export' r=0
<6>[    3.417257] init: command 'export' r=0
<6>[    3.453409] init: command 'insmod' r=0
<4>[    3.462238] PA FB = 0x43B04000, bits per pixel = 32
<4>[    3.467179] screen width=480 height=800 va=0xd3b04000 pa=0x43b04000
<4>[    3.473331] Back frameBuffer[0].VAddr=d3c7b000 PAddr=43c7b000 size=1536000
<6>[    3.477269] init: command 'insmod' r=0
<6>[    3.488345] init: command 'insmod' r=0
<4>[    3.506019] [VIBETONZ:WJYOO] MISC_REGISTER nRet = 0
<6>[    3.511128] init: command 'insmod' r=0
<6>[    3.513902] init: command 'symlink' r=0
<6>[    3.516677] init: command 'symlink' r=0
<6>[    3.519279] init: command 'mkdir' r=0
<6>[    3.521881] init: command 'mkdir' r=0
<6>[    3.524483] init: command 'mkdir' r=0
<6>[    3.527198] init: command 'mount' r=0
<6>[    3.529800] init: command 'mkdir' r=0
<4>[    3.543515] fsr: module license 'Samsung Proprietary' taints kernel.
<4>[    3.547762] Disabling lock debugging due to kernel taint
<4>[    3.583281] [BIF:IN ] ++FSR_BML_Init(nFlag: 0x0)
<4>[    3.585620] [PAM:   ] ++FSR_PAM_Init
<4>[    3.591649] [PAM:   ]   OneNAND physical base address       : 0xb0000000
<4>[    3.597112] [PAM:   ]   OneNAND virtual  base address       : 0xe0980000
<4>[    3.604442] [PAM:   ]   OneNAND Controller DMA physical base address       : 0xb0600000
<4>[    3.611206] [PAM:   ]   OneNAND Controller DMA virtual  base address       : 0xe09c0000
<4>[    3.616063] [PAM:   ]   OneNAND nMID=0xec : nDID=0x50 Page size=4
<4>[    3.618405] [PAM:   ] --FSR_PAM_Init
<4>[    3.622568] [BIF:   ]   FSR VERSION: FSR_1.2.1p1_b139_RTM
<4>[    3.630113] [OND:INF]   FSR_OND_4K_Open(nDev:0, pParam:0xc4c1de00, nFlag:0x00000000) / 1033 line
<4>[    3.634363]             pstOND4kCxt->nBaseAddr: 0xe0980000
<4>[    3.639567]             nDev=0, nMID=0x00ec, nDID=0x0050, nVID=0x013e
<4>[    3.644424] [OND:INF]   pstOND4kCxt->nSysConf1:0xf0c6 / 1116 line
<4>[    3.649888] [OND:INF]   pstOND4kCxt->nBlksForSLCArea[0]:2048 / 1133 line
<4>[    3.654745] [OND:INF]   pstOND4kCxt->nIntID   :0x0000 / 1236 line
<4>[    3.658128] [OND:INF]   1X_CACHEPGM CMD : 0x007f
<4>[    3.661510] [OND:INF]   1X_PLOAD    CMD : 0x0003
<4>[    3.667651] [BBM:INF]   Scan from 2004 to 2047 to find BML meta blocks (die: 0)
<4>[    3.668709] [BBM:INF]   ffff ffff ffff ffff ffff ffff ffff ffff ffff ffff 
<4>[    3.674346] [BBM:INF]   ffff ffff ffff ffff ffff ffff ffff ffff ffff ffff 
<4>[    3.679984] [BBM:INF]   ffff ffff ffff ffff ffff ffff ffff ffff ffff ffff 
<4>[    3.685621] [BBM:INF]   ffff ffff ffff ffff ffff ffff ffff ffff ffff ffff 
<4>[    3.691259] [BBM:INF]   a5a5 a5a5 ffff 
<4>[    3.725900] [BBM:   ]  << DevNO:0, DieNO: 0 MAPPING INFORMATION >>
<4>[    3.728935] [BBM:   ]   Bad Mark Information
<4>[    3.733445] [BBM:   ]      - Bad Mark (0x2222) by erase error
<4>[    3.737955] [BBM:   ]      - Bad Mark (0x4444) by write error
<4>[    3.742639] [BBM:   ]   << Total : 0 BAD-MAPPING INFORMATION >>
<4>[    3.746802] [BIF:   ]   nPartition Information (nVol : 0)
<4>[    3.749577]             nVer : 0xffffffff
<4>[    3.756169]             00 / nID:0x09 / nAttr:0x00001002 / 1stVun:    0 / Units:    1
<4>[    3.762761]             01 / nID:0x00 / nAttr:0x00001002 / 1stVun:    1 / Units:    7
<4>[    3.769352]             02 / nID:0x01 / nAttr:0x00001001 / 1stVun:    8 / Units:  796
<4>[    3.775944]             03 / nID:0x20 / nAttr:0x00001101 / 1stVun:  804 / Units:  716
<4>[    3.782535]             04 / nID:0x21 / nAttr:0x00001101 / 1stVun: 1520 / Units:  372
<4>[    3.789127]             05 / nID:0x23 / nAttr:0x00001101 / 1stVun: 1892 / Units:   56
<4>[    3.795719]             06 / nID:0x24 / nAttr:0x00001001 / 1stVun: 1948 / Units:   56
<4>[    3.800489] [BBM:INF]   The registered blocks in ERL are handled
<4>[    3.803611] [BBM:INF]   (number of blocks: 0)
<4>[    3.812267] BML: Registered BML Driver.
<6>[    3.816189] init: command 'insmod' r=0
<4>[    3.853285] [BIF:IN ] ++FSR_BML_Init(nFlag: 0x0)
<4>[    3.860481] [BIF:   ]   FSR_BML_Init(nFlag:0x0, nRe:FSR_BML_ALREADY_INITIALIZED) / 1027 line
<4>[    3.868565] FSR: Registered STL Driver.
<6>[    3.872297] init: command 'insmod' r=0
<6>[    3.957918] init: command 'insmod' r=0
<6>[    4.019453] init: command 'insmod' r=0
<6>[    4.022123] init: command 'mkdir' r=0
<6>[    4.036453] init: command 'insmod' r=0
<4>[    4.041265] [SIF:ERR]   The partition (PartID 21) is not opened
<4>[    4.044821] j4fs_fill_super 1258: Error(0x80040001)
<6>[    4.061274] init: command 'mount' r=-1
<6>[    4.068579] param_init
<3>[    4.072132] lfs_param_op: filp_open failed. (-2)
<3>[    4.084795] param_init(304): Loading parameters failed. Parameters have been initialized as default.
<6>[    4.096592] init: command 'insmod' r=0
<6>[    4.099366] init: command 'symlink' r=0
<6>[    4.101968] init: command 'mkdir' r=0
<6>[    4.104570] init: command 'mkdir' r=0
<6>[    4.107172] init: command 'mkdir' r=0
<6>[    4.109774] init: command 'chown' r=0
<6>[    4.112376] init: command 'chmod' r=0
<6>[    4.114978] init: command 'mkdir' r=0
<6>[    4.117580] init: command 'mkdir' r=0
<6>[    4.120181] init: command 'mkdir' r=0
<6>[    4.122783] init: command 'mkdir' r=0
<6>[    4.125385] init: command 'mkdir' r=0
<6>[    4.127987] init: command 'mkdir' r=0
<6>[    4.130589] init: command 'mount' r=0
<6>[    4.133191] init: command 'write' r=0
<6>[    4.135793] init: command 'write' r=0
<6>[    4.138395] init: command 'write' r=0
<6>[    4.140997] init: command 'write' r=0
<6>[    4.143599] init: command 'write' r=0
<6>[    4.146201] init: command 'write' r=0
<6>[    4.148803] init: command 'write' r=0
<6>[    4.151405] init: command 'mkdir' r=0
<6>[    4.154042] init: command 'mount' r=0
<6>[    4.156644] init: command 'chown' r=0
<6>[    4.159245] init: command 'chown' r=0
<6>[    4.161847] init: command 'chmod' r=0
<6>[    4.164623] init: command 'write' r=-22
<6>[    4.167225] init: command 'mkdir' r=0
<6>[    4.169827] init: command 'chown' r=0
<6>[    4.172429] init: command 'chmod' r=0
<6>[    4.175031] init: command 'write' r=0
<6>[    4.177633] init: command 'mkdir' r=0
<6>[    4.180235] init: command 'chown' r=0
<6>[    4.182837] init: command 'chmod' r=0
<6>[    4.185438] init: command 'write' r=0
<4>[    4.219741] [FSA9480]connectivity_switching_init = switch_sel : 0x1
<6>[    4.224684] inside set_param_value1 idx = 4, value = -1051560012
<3>[    4.228240] lfs_param_op: filp_open failed. (-2)
<4>[    4.236133] [FSA9480_Enable_AP_USB] Enable AP USB
<4>[    4.241441] [ap_usb_power_on]AP USB Power ON, askon: 0, mtp : 0
<4>[    4.247339] !!!!!!!!!!! [ap_usb_power_on]AP samsung_kies_mtp_mode_flag0, mtp:0
<6>[    4.262404] inside set_param_value1 idx = 4, value = -1051560012
<3>[    4.265960] lfs_param_op: filp_open failed. (-2)
<4>[    4.274980] [USB] enable_adb - enable(0x01), prev_status(0x00)
<4>[    4.277061] Here is enable_adb@@@@
<4>[    4.280184] [enable_adb]USBSTATUS_SAMSUNG_KIES
<6>[    4.282959] acm_function_config_changed
<6>[    4.285735] mtp_function_config_changed
<4>[    4.288337]   interface 0 = acm/df339480
<4>[    4.290938]   interface 1 = acm/df339480
<4>[    4.294148]   interface 2 = Gadget_MTP/df336f00
<4>[    4.299135] [ap_usb_power_on]AP USB Power ON, askon: 0, mtp : 0
<4>[    4.305032] !!!!!!!!!!! [ap_usb_power_on]AP samsung_kies_mtp_mode_flag0, mtp:0
<6>[    4.309976] inside set_param_value1 idx = 4, value = -1051560012
<3>[    4.313532] lfs_param_op: filp_open failed. (-2)
<4>[    4.322986] [FSA9480]connectivity_switching_init = switch_sel : 0x5
<4>[    4.505010] PKD:: OTG core got reset!!! 
<4>[    4.887556] acm_disconnected
<6>[    7.706607] fg_read_vcell: VCELL=3878
<6>[   12.706675] fg_read_vcell: VCELL=3878
<6>[   17.706639] fg_read_vcell: VCELL=3878
<6>[   20.297882] init: command 'mount' r=0
<6>[   20.300665] init: command 'chmod' r=-2
<6>[   20.424492] init: command 'mount' r=0
<6>[   20.427267] init: command 'mkdir' r=-17
<6>[   20.835270] init: command 'mount' r=0
<6>[   21.480656] init: command 'chown' r=0
<6>[   21.484767] init: command 'chmod' r=0
<6>[   22.241925] init: command 'mkdir' r=0
<6>[   22.247163] init: command 'chown' r=0
<6>[   22.250988] init: command 'chmod' r=0
<6>[   22.253590] init: command 'copy' r=-1
<6>[   22.256278] init: command 'chown' r=-2
<6>[   22.258967] init: command 'chmod' r=-2
<6>[   22.261569] init: command 'copy' r=-1
<6>[   22.264258] init: command 'chown' r=-2
<6>[   22.266947] init: command 'chmod' r=-2
<6>[   22.269635] init: command 'write' r=-2
<6>[   22.706667] fg_read_vcell: VCELL=3878
<6>[   27.706650] fg_read_vcell: VCELL=3878
<6>[   32.706641] fg_read_vcell: VCELL=3878
<7>[   35.584069] [TSP]### Finger[0] Down (3,14) - touch num is (1)   status=0xc0
<4>[   35.875659] fsa9480_interrupt
<4>[   35.878694] [FSA9480] FSA9480_ReadIntRegister
<4>[   35.931124] [FSA9480] FSA9480_ProcessDevice (dev1 : 0x4, dev2 : 0x0)
<4>[   35.933292] USB attach or detach: 2
<4>[   35.936241] FSA9480_DEV_TY1_USB --- DETACH
<4>[   35.940317] [otg_clock_enable] clk_disable(otg_clock) OK.
<6>[   35.945781] ldo38_control : turn OFF LDO3 and LDO8 (cur_stat=1, req=1)
<4>[   36.394564] [TSP] TA NON-Detect!!!
<7>[   36.400263] 
<7>[   36.400267] [TSP][set_tsp_for_ta_detect] 
<7>[   36.405380] [TSP] reset acq tchthr=40, noisethr=35, noise.ctrl=5  
<7>[   36.409022] [TSP] reset acq tchdrift=0, driftst=0
<6>[   36.413134] fg_read_vcell: VCELL=3878
<3>[   37.473193] s3c_keygpio_vol_down_isr:295 input_report_key(df379000, 58, 0)
<7>[   37.483773] s3c_keygpio_vol_down_isr key_status =2,
<4>[   37.782424] fsa9480_interrupt
<4>[   37.785459] [FSA9480] FSA9480_ReadIntRegister
<6>[   37.841202] ldo38_control : turn ON LDO3 and LDO8 (cur_stat=0, req=1)
<4>[   37.845191] [otg_clock_enable] clk_enable(otg_clock) OK.
<4>[   37.860812] [FSA9480] FSA9480_ProcessDevice (dev1 : 0x4, dev2 : 0x0)
<4>[   37.862980] USB attach or detach: 1
<4>[   37.865755] FSA9480_DEV_TY1_USB --- ATTACH
<4>[   37.869138] [FSA9480] usb_switch_mode: Path = PDA
<4>[   37.872520] [FSA9480_Enable_AP_USB] Enable AP USB
<4>[   37.877820] [ap_usb_power_on]AP USB Power ON, askon: 0, mtp : 0
<4>[   37.883717] !!!!!!!!!!! [ap_usb_power_on]AP samsung_kies_mtp_mode_flag0, mtp:0
<4>[   38.027085] PKD:: OTG core got reset!!! 
<4>[   38.064405] [TSP] TA Detect!!!
<7>[   38.070251] 
<7>[   38.070256] [TSP][set_tsp_for_ta_detect] 
<7>[   38.075542] [TSP] reset acq tchthr=70, noisethr=60, noise.ctrl=135  
<7>[   38.079184] [TSP] reset acq tchdrift=1, driftst=1
<7>[   38.083990] [TSP] msg id =  1 10 c1 f4 4 0 0 0 0
<6>[   38.093634] fg_read_vcell: VCELL=3878
<7>[   38.097806] [TSP] msg id =  1 0 c1 f4 4 0 0 0 0
<7>[   38.112880] [TSP]### Finger[0] Up (3,20) - touch num is (0)  status=0x20
<4>[   38.404610] acm_disconnected
<6>[   40.934935] init: command 'mount' r=0
<6>[   40.937536] init: command 'chown' r=0
<6>[   40.940138] init: command 'chmod' r=0
<6>[   40.942913] init: command 'mkdir' r=-17
<6>[   40.945515] init: command 'chown' r=0
<6>[   40.948117] init: command 'chmod' r=0
<6>[   41.198381] init: command 'mkdir' r=0
<6>[   41.201243] init: command 'symlink' r=-1
<6>[   41.203845] init: command 'chown' r=0
<6>[   41.206447] init: command 'chmod' r=0
<6>[   41.209049] init: command 'chown' r=0
<6>[   41.211651] init: command 'chmod' r=0
<7>[   41.600530] [TSP] msg id =  1 10 c1 f4 4 0 0 0 0
<7>[   41.613002] [TSP] msg id =  1 0 c1 f4 4 0 0 0 0
<6>[   41.762882] init: command 'mkdir' r=0
<6>[   41.766889] init: command 'chown' r=0
<6>[   41.771720] init: command 'chmod' r=0
<6>[   43.093249] fg_read_vcell: VCELL=3878
<6>[   43.295099] init: command 'mkdir' r=0
<6>[   44.094556] init: command 'mkdir' r=0
<6>[   44.881523] init: command 'mkdir' r=0
<6>[   45.638707] init: command 'mkdir' r=0
<6>[   46.434157] init: command 'mkdir' r=0
<6>[   47.231202] init: command 'mkdir' r=0
<6>[   47.975862] init: command 'mkdir' r=0
<6>[   48.093331] fg_read_vcell: VCELL=3878
<6>[   50.199824] init: command 'mkdir' r=0
<6>[   50.995031] init: command 'mkdir' r=0
<6>[   50.997633] init: command 'chmod' r=0
<6>[   51.785060] init: command 'mkdir' r=0
<6>[   52.540085] init: command 'mkdir' r=0
<6>[   53.093294] fg_read_vcell: VCELL=3878
<6>[   53.333245] init: command 'mkdir' r=0
<6>[   53.335934] init: command 'chmod' r=-2
<6>[   55.555212] init: command 'mkdir' r=0
<6>[   56.119686] init: command 'mkdir' r=0
<6>[   56.255845] init: command 'mkdir' r=0
<6>[   57.014703] init: command 'mkdir' r=0
<6>[   57.810075] init: command 'mkdir' r=0
<6>[   58.093322] fg_read_vcell: VCELL=3878
<6>[   58.596357] init: command 'mkdir' r=0
<6>[   59.359854] init: command 'mkdir' r=0
<6>[   59.362456] init: command 'chmod' r=0
<6>[   59.365145] init: command 'chmod' r=-2
<6>[   59.367747] init: command 'chmod' r=0
<6>[   59.370348] init: command 'chmod' r=0
<6>[   59.372950] init: command 'chmod' r=0
<6>[   59.375552] init: command 'chmod' r=0
<6>[   60.950207] init: command 'mkdir' r=0
<6>[   60.952809] init: command 'chown' r=0
<6>[   60.955411] init: command 'chmod' r=0
<6>[   61.710931] init: command 'mkdir' r=0
<6>[   61.713792] init: command 'mkdir' r=-17
<6>[   61.716394] init: command 'chown' r=0
<6>[   61.718996] init: command 'chmod' r=0
<6>[   61.721598] init: command 'chown' r=0
<6>[   61.724199] init: command 'chmod' r=0
<4>[   61.732736] Storage device init
<6>[   61.736735] init: command 'insmod' r=0
<4>[   61.747654] ######## bthid_init: ########
<4>[   61.751615] ######## bthid_init: done ########
<6>[   61.754975] init: command 'insmod' r=0
<6>[   61.762561] init: command 'mkdir' r=-17
<6>[   61.765336] init: command 'chown' r=-30
<6>[   61.768112] init: command 'chmod' r=-30
<6>[   61.773082] init: command 'chmod' r=-2
<6>[   62.570779] init: command 'mkdir' r=0
<7>[   62.673175] [TSP]### Finger[0] Down (2,126) - touch num is (1)   status=0xc0
<3>[   62.706331] s3c_keygpio_vol_down_isr:295 input_report_key(df379000, 58, 0)
<7>[   62.716912] s3c_keygpio_vol_down_isr key_status =2,
<3>[   62.722723] s3c_keygpio_vol_down_isr:295 input_report_key(df379000, 58, 0)
<7>[   62.733304] s3c_keygpio_vol_down_isr key_status =2,
<6>[   63.093301] fg_read_vcell: VCELL=3878
<6>[   63.357217] init: command 'mkdir' r=0
<6>[   63.359818] init: command 'mkdir' r=0
<6>[   63.362507] init: command 'chmod' r=-2
<4>[   63.400331] fsa9480_interrupt
<4>[   63.403366] [FSA9480] FSA9480_ReadIntRegister
<4>[   63.454477] [FSA9480] FSA9480_ProcessDevice (dev1 : 0x4, dev2 : 0x0)
<4>[   63.456645] USB attach or detach: 2
<4>[   63.459534] FSA9480_DEV_TY1_USB --- DETACH
<4>[   63.463610] [otg_clock_enable] clk_disable(otg_clock) OK.
<6>[   63.469074] ldo38_control : turn OFF LDO3 and LDO8 (cur_stat=1, req=1)
<3>[   63.559240] s3c_keygpio_vol_down_isr:295 input_report_key(df379000, 58, 0)
<7>[   63.569821] s3c_keygpio_vol_down_isr key_status =2,
<7>[   63.874848] [TSP]### Finger[0] Up (2,123) - touch num is (0)  status=0x20
<4>[   63.920365] [TSP] TA NON-Detect!!!
<7>[   63.926341] 
<7>[   63.926351] [TSP][set_tsp_for_ta_detect] 
<7>[   63.931458] [TSP] reset acq tchthr=40, noisethr=35, noise.ctrl=5  
<7>[   63.935101] [TSP] reset acq tchdrift=0, driftst=0
<6>[   63.939700] fg_read_vcell: VCELL=3878
<7>[   63.944922] [TSP] msg id =  1 10 c1 f4 4 0 0 0 0
<7>[   63.962008] [TSP] msg id =  1 0 c1 f4 4 0 0 0 0
<6>[   64.114139] init: command 'mkdir' r=0
<6>[   64.117191] init: command 'mount' r=0
<6>[   64.120279] init: command 'mkdir' r=-30
<6>[   64.123062] init: command 'chown' r=-2
<3>[   64.130090] init: ro.build.id:FROYO
<3>[   64.137201] init: ro.build.display.id:FROYO.XXJPX
<3>[   64.145787] init: ro.build.version.incremental:XXJPX
<3>[   64.153593] init: ro.build.version.sdk:8
<3>[   64.160965] init: ro.build.version.codename:REL
<3>[   64.169031] init: ro.build.version.release:2.2.1
<3>[   64.178567] init: ro.build.date:2010. 12. 17. (ê¸ˆ) 17:06:56 KST
<3>[   64.187934] init: ro.build.date.utc:1292573216
<3>[   64.194873] init: ro.build.type:user
<3>[   64.200944] init: ro.build.user:root
<3>[   64.207189] init: ro.build.host:sep-60
<3>[   64.214127] init: ro.build.tags:release-keys
<3>[   64.221499] init: ro.product.model:GT-I9000
<3>[   64.228698] init: ro.product.brand:samsung
<3>[   64.235810] init: ro.product.name:GT-I9000
<3>[   64.243096] init: ro.product.device:GT-I9000
<3>[   64.250468] init: ro.product.board:GT-I9000
<3>[   64.258187] init: ro.product.cpu.abi:armeabi-v7a
<3>[   64.266078] init: ro.product.cpu.abi2:armeabi
<3>[   64.274057] init: ro.product.manufacturer:samsung
<3>[   64.282210] init: ro.product.locale.language:en
<3>[   64.290016] init: ro.product.locale.region:GB
<3>[   64.296781] init: ro.wifi.channels:
<3>[   64.303372] init: ro.board.platform:s5pc110
<3>[   64.310658] init: ro.build.product:GT-I9000
<3>[   64.321413] init: ro.build.description:GT-I9000-user 2.2.1 FROYO XXJPX release-keys
<3>[   64.337891] init: ro.build.fingerprint:samsung/GT-I9000/GT-I9000/GT-I9000:2.2.1/FROYO/XXJPX:user/release-keys
<3>[   64.350727] init: ro.build.PDA:I9000XXJPX
<3>[   64.358186] init: ro.build.hidden_ver:I9000XXJPX
<3>[   64.365905] init: ro.build.changelist:787513
<3>[   64.372930] init: ro.tether.denied:false
<3>[   64.380996] init: rild.libpath:/system/lib/libsec-ril.so
<3>[   64.389409] init: rild.libargs:-d /dev/ttyS0
<3>[   64.396348] init: ro.sf.lcd_density:240
<3>[   64.402939] init: dalvik.vm.heapsize:48m
<3>[   64.410485] init: dalvik.vm.execution-mode:int:jit
<3>[   64.418378] init: ro.opengles.version:131072
<3>[   64.426357] init: windowsmgr.max_events_per_sec:55
<3>[   64.434769] init: keyinputqueue.use_finger_id:true
<3>[   64.443529] init: media.stagefright.enable-player:true
<3>[   64.452463] init: media.stagefright.enable-meta:true
<3>[   64.461223] init: media.stagefright.enable-scan:true
<3>[   64.469983] init: media.stagefright.enable-http:true
<3>[   64.478222] init: keyguard.no_require_sim:true
<3>[   64.486809] init: ro.config.ringtone:01_Samsung_tune.ogg
<3>[   64.496696] init: ro.config.notification_sound:01_Sherbet.ogg
<3>[   64.506583] init: ro.config.alarm_alert:Good_Morning.ogg
<3>[   64.514996] init: ro.opengles.version:131072
<3>[   64.521761] init: net.bt.name:Android
<3>[   64.528180] init: net.change:net.bt.name
<3>[   64.537026] init: dalvik.vm.stack-trace-file:/data/anr/traces.txt
<3>[   64.553531] init: ro.url.legal:http://www.google.com/intl/%s/mobile/android/basic/phone-legal.html
<3>[   64.571311] init: ro.url.legal.android_privacy:http://www.google.com/intl/%s/mobile/android/basic/privacy.html
<3>[   64.584928] init: ro.com.google.locationfeatures:1
<3>[   64.592994] init: ro.setupwizard.mode:DISABLED
<3>[   64.601927] init: ro.com.google.clientidbase:android-samsung
<3>[   64.612335] init: ro.com.google.clientidbase.yt:android-samsung
<3>[   64.623003] init: ro.com.google.clientidbase.am:android-samsung
<3>[   64.633671] init: ro.com.google.clientidbase.vs:android-samsung
<3>[   64.644426] init: ro.com.google.clientidbase.gmm:android-samsung
<3>[   64.653966] init: ro.com.google.gmsversion:2.2_r8
<6>[   64.666716] init: Created socket '/dev/socket/property_service' with mode '666', user '0', group '0'
<6>[   64.797231] init: processing action 0x32fc0 (boot)
<4>[   64.799494] [UART Switch] Path : PDA
<6>[   64.804437] inside set_param_value1 idx = 4, value = -1051560012
<3>[   64.807993] lfs_param_op: filp_open failed. (-2)
<6>[   64.815105] init: command 'write' r=0
<4>[   64.817273] [FSA9480]usb_sel_store
<4>[   64.817281]  [FSA9480] usb_switch_mode: Path = PDA
<4>[   64.824038] [FSA9480_Enable_AP_USB] Enable AP USB
<4>[   64.829363] [ap_usb_power_on]AP USB Power ON, askon: 0, mtp : 0
<4>[   64.835261] !!!!!!!!!!! [ap_usb_power_on]AP samsung_kies_mtp_mode_flag0, mtp:0
<6>[   64.850353] inside set_param_value1 idx = 4, value = -1051560012
<3>[   64.853909] lfs_param_op: filp_open failed. (-2)
<6>[   64.861021] init: command 'write' r=0
<3>[   64.864143] init: ro.build.product:smdkc110
<6>[   64.870995] init: command 'setprop' r=0
<3>[   64.874204] init: ro.product.device:smdkc110
<6>[   64.881142] init: command 'setprop' r=0
<3>[   64.883658] init: ro.radio.noril:yes
<6>[   64.889902] init: command 'setprop' r=0
<3>[   64.893025] init: status.battery.state:Slow
<6>[   64.899877] init: command 'setprop' r=0
<3>[   64.902739] init: status.battery.level:5
<6>[   64.909330] init: command 'setprop' r=0
<3>[   64.912626] init: status.battery.level_raw:50
<6>[   64.919738] init: command 'setprop' r=0
<3>[   64.923120] init: status.battery.level_scale:9
<6>[   64.930232] init: command 'setprop' r=0
<6>[   64.933043] init: command 'ifup' r=0
<6>[   64.935905] init: command 'hostname' r=0
<6>[   64.938940] init: command 'domainname' r=0
<6>[   64.941889] init: command 'setrlimit' r=0
<3>[   64.944838] init: ro.FOREGROUND_APP_ADJ:0
<6>[   64.951516] init: command 'setprop' r=0
<3>[   64.954205] init: ro.VISIBLE_APP_ADJ:1
<6>[   64.960623] init: command 'setprop' r=0
<3>[   64.963745] init: ro.SECONDARY_SERVER_ADJ:2
<6>[   64.970597] init: command 'setprop' r=0
<3>[   64.973199] init: ro.BACKUP_APP_ADJ:2
<6>[   64.979531] init: command 'setprop' r=0
<3>[   64.981959] init: ro.HOME_APP_ADJ:4
<6>[   64.988117] init: command 'setprop' r=0
<3>[   64.991066] init: ro.HIDDEN_APP_MIN_ADJ:7
<6>[   64.997744] init: command 'setprop' r=0
<3>[   65.000953] init: ro.CONTENT_PROVIDER_ADJ:14
<6>[   65.007892] init: command 'setprop' r=0
<3>[   65.010494] init: ro.EMPTY_APP_ADJ:15
<6>[   65.016825] init: command 'setprop' r=0
<3>[   65.020034] init: ro.FOREGROUND_APP_MEM:2560
<6>[   65.026973] init: command 'setprop' r=0
<3>[   65.029922] init: ro.VISIBLE_APP_MEM:4096
<6>[   65.036600] init: command 'setprop' r=0
<3>[   65.039982] init: ro.SECONDARY_SERVER_MEM:5120
<6>[   65.047094] init: command 'setprop' r=0
<3>[   65.049957] init: ro.BACKUP_APP_MEM:5120
<6>[   65.056548] init: command 'setprop' r=0
<3>[   65.059237] init: ro.HOME_APP_MEM:5120
<6>[   65.065655] init: command 'setprop' r=0
<3>[   65.068517] init: ro.HIDDEN_APP_MEM:6144
<6>[   65.075109] init: command 'setprop' r=0
<3>[   65.078491] init: ro.CONTENT_PROVIDER_MEM:7168
<6>[   65.085603] init: command 'setprop' r=0
<3>[   65.088379] init: ro.EMPTY_APP_MEM:8192
<6>[   65.094884] init: command 'setprop' r=0
<3>[   65.097485] init: wifi.interface:eth0
<6>[   65.103817] init: command 'setprop' r=0
<3>[   65.108761] init: ro.bt.bdaddr_path:/data/misc/bluetooth/bt_addr
<6>[   65.117434] init: command 'setprop' r=0
<6>[   65.120036] init: command 'write' r=0
<6>[   65.122638] init: command 'write' r=0
<6>[   65.125240] init: command 'write' r=0
<6>[   65.127842] init: command 'write' r=0
<6>[   65.130444] init: command 'write' r=0
<6>[   65.133046] init: command 'write' r=0
<6>[   65.135647] init: command 'write' r=0
<6>[   65.138249] init: command 'write' r=0
<6>[   65.140938] init: command 'chown' r=-2
<6>[   65.143627] init: command 'chown' r=-2
<6>[   65.146315] init: command 'chown' r=-2
<6>[   65.149004] init: command 'chown' r=-2
<6>[   65.151693] init: command 'chown' r=-2
<6>[   65.154295] init: command 'chown' r=0
<6>[   65.156897] init: command 'chown' r=0
<6>[   65.159499] init: command 'chown' r=0
<6>[   65.162101] init: command 'chown' r=0
<6>[   65.164702] init: command 'chmod' r=0
<6>[   65.167304] init: command 'chmod' r=0
<6>[   65.169906] init: command 'chmod' r=0
<6>[   65.172508] init: command 'chmod' r=0
<6>[   65.175111] init: command 'chown' r=0
<6>[   65.177799] init: command 'chown' r=-2
<6>[   65.180401] init: command 'chown' r=0
<6>[   65.183090] init: command 'chown' r=-2
<6>[   65.185778] init: command 'chown' r=-2
<6>[   65.188467] init: command 'chown' r=-2
<6>[   65.191156] init: command 'chown' r=-2
<6>[   65.193844] init: command 'chown' r=-2
<6>[   65.196533] init: command 'chown' r=-2
<6>[   65.199222] init: command 'chown' r=-2
<6>[   65.201910] init: command 'chown' r=-2
<6>[   65.204599] init: command 'chown' r=-2
<6>[   65.207288] init: command 'chown' r=-2
<6>[   65.209976] init: command 'chown' r=-2
<6>[   65.212665] init: command 'chown' r=-2
<6>[   65.215354] init: command 'chown' r=-2
<6>[   65.218043] init: command 'chown' r=-2
<6>[   65.220644] init: command 'chown' r=0
<6>[   65.223247] init: command 'chown' r=0
<6>[   65.225848] init: command 'chown' r=0
<6>[   65.228450] init: command 'chown' r=0
<6>[   65.231052] init: command 'chown' r=0
<6>[   65.233654] init: command 'chown' r=0
<6>[   65.236256] init: command 'chown' r=0
<6>[   65.238858] init: command 'chown' r=0
<6>[   65.241460] init: command 'chown' r=0
<3>[   65.247791] init: net.tcp.buffersize.default:4096,87380,196608,4096,16384,110208
<3>[   65.259240] init: net.change:net.tcp.buffersize.default
<6>[   65.267133] init: command 'setprop' r=0
<3>[   65.273204] init: net.tcp.buffersize.wifi:4095,87380,196608,4096,16384,110208
<3>[   65.284132] init: net.change:net.tcp.buffersize.wifi
<6>[   65.291764] init: command 'setprop' r=0
<3>[   65.297836] init: net.tcp.buffersize.umts:4094,87380,196608,4096,16384,110208
<3>[   65.308764] init: net.change:net.tcp.buffersize.umts
<6>[   65.316396] init: command 'setprop' r=0
<3>[   65.322294] init: net.tcp.buffersize.edge:4093,26280,35040,4096,16384,35040
<3>[   65.333049] init: net.change:net.tcp.buffersize.edge
<6>[   65.340681] init: command 'setprop' r=0
<3>[   65.346405] init: net.tcp.buffersize.gprs:4092,8760,11680,4096,8760,11680
<3>[   65.356987] init: net.change:net.tcp.buffersize.gprs
<6>[   65.364619] init: command 'setprop' r=0
<6>[   65.370005] init: command 'chmod' r=-30
<6>[   65.372780] init: command 'chmod' r=-30
<6>[   65.375556] init: command 'chmod' r=-30
<6>[   65.378331] init: command 'chmod' r=-30
<6>[   65.381107] init: command 'chmod' r=-30
<6>[   65.383882] init: command 'chmod' r=-30
<6>[   65.386658] init: command 'chmod' r=-30
<6>[   65.389346] init: command 'chmod' r=-2
<6>[   65.391948] init: command 'write' r=0
<6>[   65.394550] init: command 'write' r=0
<6>[   65.397239] init: command 'write' r=-2
<6>[   65.399927] init: command 'write' r=-2
<6>[   65.402616] init: command 'chown' r=-2
<6>[   65.405305] init: command 'chown' r=-2
<6>[   65.407907] init: command 'chown' r=0
<6>[   65.410595] init: command 'chmod' r=-2
<6>[   65.413284] init: command 'chmod' r=-2
<6>[   65.415886] init: command 'chown' r=0
<6>[   65.418488] init: command 'chmod' r=0
<6>[   65.421090] init: command 'chown' r=0
<6>[   65.423692] init: command 'chmod' r=0
<6>[   65.426294] init: command 'chmod' r=0
<6>[   65.428896] init: command 'chmod' r=0
<6>[   65.431498] init: command 'chown' r=0
<6>[   65.434100] init: command 'chown' r=0
<6>[   65.436788] init: command 'chmod' r=-2
<6>[   65.439390] init: command 'chown' r=0
<6>[   65.441992] init: command 'chown' r=0
<5>[   65.444507] init: starting 'console'
<3>[   65.447604] init: init.svc.console:running
<5>[   65.456954] init: starting 'playlogos1'
<3>[   65.461550] init: init.svc.playlogos1:running
<5>[   65.468142] init: starting 'adbd'
<3>[   65.472218] init: init.svc.adbd:running
<6>[   65.482133] warning: `adbd' uses 32-bit capabilities (legacy support in use)
<5>[   65.486694] init: starting 'pvrsrvinit'
<3>[   65.490276] init: init.svc.pvrsrvinit:running
<6>[   65.496087] enabling adb
<4>[   65.500597] [USB] enable_adb - enable(0x10), prev_status(0x01)
<4>[   65.502678] Here is enable_adb@@@@
<4>[   65.505020] [enable_adb]USBSTATUS_ADB
<6>[   65.507795] acm_function_config_changed
<6>[   65.511351] mass_storage_function_config_changed
<6>[   65.514127] adb_function_config_changed
<4>[   65.516729]   interface 0 = acm/df339480
<4>[   65.519331]   interface 1 = acm/df339480
<4>[   65.523060]   interface 2 = usb_mass_storage/df33b800
<4>[   65.525662]   interface 3 = adb/df336d00
<4>[   65.530623] [ap_usb_power_on]AP USB Power ON, askon: 0, mtp : 0
<4>[   65.536521] !!!!!!!!!!! [ap_usb_power_on]AP samsung_kies_mtp_mode_flag0, mtp:0
<5>[   65.540477] init: starting 'servicemanager'
<3>[   65.544188] init: init.svc.servicemanager:running
<5>[   65.551127] init: starting 'vold'
<3>[   65.555923] init: init.svc.vold:running
<6>[   65.568579] init: Created socket '/dev/socket/vold' with mode '660', user '0', group '1009'
<5>[   65.572116] init: starting 'notified_event'
<3>[   65.576010] init: init.svc.notified_event:running
<6>[   65.589263] init: Created socket '/dev/socket/notified_event' with mode '660', user '0', group '1000'
<5>[   65.591891] init: starting 'netd'
<3>[   65.594900] init: init.svc.netd:running
<6>[   65.606002] init: Created socket '/dev/socket/netd' with mode '660', user '0', group '1000'
<5>[   65.608777] init: starting 'debuggerd'
<3>[   65.612481] init: init.svc.debuggerd:running
<4>[   65.761338] fsa9480_interrupt
<4>[   65.764373] [FSA9480] FSA9480_ReadIntRegister
<6>[   65.817828] ldo38_control : turn ON LDO3 and LDO8 (cur_stat=0, req=1)
<4>[   65.821817] [otg_clock_enable] clk_enable(otg_clock) OK.
<4>[   65.837576] [FSA9480] FSA9480_ProcessDevice (dev1 : 0x4, dev2 : 0x0)
<4>[   65.839745] USB attach or detach: 1
<4>[   65.842520] FSA9480_DEV_TY1_USB --- ATTACH
<4>[   65.845902] [FSA9480] usb_switch_mode: Path = PDA
<4>[   65.849285] [FSA9480_Enable_AP_USB] Enable AP USB
<4>[   65.854931] [ap_usb_power_on]AP USB Power ON, askon: 0, mtp : 0
<4>[   65.860829] !!!!!!!!!!! [ap_usb_power_on]AP samsung_kies_mtp_mode_flag0, mtp:0
<5>[   65.888029] init: starting 'DR-daemon'
<3>[   65.891532] init: init.svc.DR-daemon:running
<5>[   65.912141] init: starting 'mobex-daemon'
<3>[   65.916780] init: init.svc.mobex-daemon:running
<5>[   65.924768] init: starting 'zygote'
<3>[   65.927985] init: init.svc.zygote:running
<6>[   65.940588] init: Created socket '/dev/socket/zygote' with mode '666', user '0', group '0'
<4>[   66.004040] PKD:: OTG core got reset!!! 
<4>[   66.049125] [TSP] TA Detect!!!
<7>[   66.055752] 
<7>[   66.055771] [TSP][set_tsp_for_ta_detect] 
<7>[   66.061042] [TSP] reset acq tchthr=70, noisethr=60, noise.ctrl=135  
<7>[   66.064685] [TSP] reset acq tchdrift=1, driftst=1
<7>[   66.071018] [TSP] msg id =  1 10 c1 f4 4 0 0 0 0
<6>[   66.082343] fg_read_vcell: VCELL=3878
<7>[   66.086985] [TSP] msg id =  1 0 c1 f4 4 0 0 0 0
<4>[   66.374733] acm_disconnected
<4>[   66.626988] [USB:UMS] fsg_function_setup, return to PC fsg->nluns=2
<4>[   66.632484] printk:do_inquiry fsg->cdrom 0 curlun->id 0
<4>[   66.637430] printk:do_inquiry fsg->cdrom 0 curlun->id 0
<4>[   66.652034] printk:do_inquiry fsg->cdrom 0 curlun->id 1
<4>[   66.656674] printk:do_inquiry fsg->cdrom 0 curlun->id 1
<7>[   67.562547] [TSP] msg id =  1 10 c1 f4 4 0 0 0 0
<7>[   67.574828] [TSP] msg id =  1 0 c1 f4 4 0 0 0 0
<4>[   67.999012] printk:do_inquiry fsg->cdrom 0 curlun->id 0
<4>[   68.003478] printk:do_inquiry fsg->cdrom 0 curlun->id 0
<4>[   68.019982] printk:do_inquiry fsg->cdrom 0 curlun->id 1
<4>[   68.024458] printk:do_inquiry fsg->cdrom 0 curlun->id 1
<5>[   68.495033] init: starting 'media'
<3>[   68.505771] init: init.svc.media:running
<3>[   69.197456] init: cannot find '/system/bin/vtserver', disabling 'vt'
<5>[   69.318880] init: starting 'dbus'
<3>[   69.327388] init: init.svc.dbus:running
<6>[   69.346626] init: Created socket '/dev/socket/dbus' with mode '660', user '1002', group '1002'
<5>[   69.960991] init: starting 'installd'
<3>[   69.972376] init: init.svc.installd:running
<6>[   69.987051] init: Created socket '/dev/socket/installd' with mode '600', user '1000', group '1000'
<3>[   70.244377] init: cannot find '/system/etc/install-recovery.sh', disabling 'flash_recovery'
<6>[   71.082073] fg_read_vcell: VCELL=3878
<5>[   71.219925] init: starting 'sensor-daemon'
<3>[   71.225120] init: init.svc.sensor-daemon:running
<5>[   71.391544] init: starting 'keystore'
<3>[   71.398691] init: init.svc.keystore:running
<6>[   71.421902] init: Created socket '/dev/socket/keystore' with mode '666', user '0', group '0'
<5>[   71.668026] init: starting 'immvibed'
<3>[   71.681008] init: init.svc.immvibed:running
<3>[   71.727458] init: cannot find '/system/bin/immvbsd', disabling 'immvbsd'
<5>[   71.777798] init: starting 'tvout'
<3>[   71.782757] init: init.svc.tvout:running
<5>[   71.789843] init: starting 'dfta'
<3>[   71.793563] init: init.svc.dfta:running
<6>[   71.801413] init: command 'class_start' r=0
<6>[   71.808550] init: processing action 0x343c8 (property:persist.service.adb.enable=1)
<6>[   71.811499] init: command 'start' r=0
<6>[   71.831726] init: make_device '/dev/pvrsrvkm' block 0, major 240, minor 0 r=0
<6>[   71.838499] init: make_device '/dev/s3c_bc' block 0, major 253, minor 0 r=0
<6>[   71.845047] init: make_device '/dev/tspdrv' block 0, major 10, minor 43 r=0
<6>[   71.852342] init: make_device '/dev/block/bml0!c' block 1, major 137, minor 0 r=0
<6>[   71.860060] init: make_device '/dev/block/bml1' block 1, major 137, minor 1 r=0
<6>[   71.867025] init: make_device '/dev/block/bml2' block 1, major 137, minor 2 r=0
<6>[   71.873963] init: make_device '/dev/block/bml3' block 1, major 137, minor 3 r=0
<6>[   71.880893] init: make_device '/dev/block/bml4' block 1, major 137, minor 4 r=0
<6>[   71.916653] init: make_device '/dev/block/bml5' block 1, major 137, minor 5 r=0
<6>[   71.926808] init: make_device '/dev/block/bml6' block 1, major 137, minor 6 r=0
<6>[   71.933355] init: make_device '/dev/block/bml7' block 1, major 137, minor 7 r=0
<6>[   71.940138] init: make_device '/dev/block/stl1' block 1, major 138, minor 1 r=0
<6>[   71.947189] init: make_device '/dev/block/stl2' block 1, major 138, minor 2 r=0
<6>[   71.960676] init: make_device '/dev/block/stl3' block 1, major 138, minor 3 r=0
<6>[   71.967258] init: make_device '/dev/block/stl4' block 1, major 138, minor 4 r=0
<6>[   71.973780] init: make_device '/dev/block/stl5' block 1, major 138, minor 5 r=0
<6>[   71.980085] init: make_device '/dev/block/stl6' block 1, major 138, minor 6 r=0
<6>[   71.986382] init: make_device '/dev/block/stl7' block 1, major 138, minor 7 r=0
<6>[   71.992600] init: make_device '/dev/storage' block 0, major 10, minor 234 r=0
<6>[   71.998559] init: make_device '/dev/bthid' block 0, major 10, minor 224 r=0
<3>[   72.004578] init: sys_prop: permission denied uid:2000  name:adb.connected
<3>[   72.017241] init: sys_prop: permission denied uid:2000  name:adb.connected
<6>[   72.039454] init: waitpid returned pid 2309, status = 00000200
<5>[   72.043095] init: process 'dfta', pid 2309 exited
<3>[   72.045871] init: init.svc.dfta:stopped
<6>[   72.093747] PVR_K:(Warning): SysFinalise: Version string: SGX540 S5PC110 [475, services4/system/s5pc110/sysconfig.c]
<6>[   72.732555] init: waitpid returned pid 2285, status = 00000000
<5>[   72.745495] init: process 'pvrsrvinit', pid 2285 exited
<3>[   72.784559] init: init.svc.pvrsrvinit:stopped
<6>[   72.832418] init: make_device '/dev/block/ram0' block 1, major 1, minor 0 r=0
<6>[   72.871958] init: make_device '/dev/block/ram1' block 1, major 1, minor 1 r=0
<6>[   72.882659] init: make_device '/dev/block/ram2' block 1, major 1, minor 2 r=0
<6>[   72.895815] init: make_device '/dev/block/ram3' block 1, major 1, minor 3 r=0
<6>[   72.906205] init: make_device '/dev/block/ram4' block 1, major 1, minor 4 r=0
<6>[   72.918400] init: make_device '/dev/block/ram5' block 1, major 1, minor 5 r=0
<6>[   72.927290] init: make_device '/dev/block/ram6' block 1, major 1, minor 6 r=0
<6>[   72.936727] init: make_device '/dev/block/ram7' block 1, major 1, minor 7 r=0
<6>[   72.945928] init: make_device '/dev/block/ram8' block 1, major 1, minor 8 r=0
<6>[   72.953309] init: make_device '/dev/block/ram9' block 1, major 1, minor 9 r=0
<6>[   72.961028] init: make_device '/dev/block/ram10' block 1, major 1, minor 10 r=0
<6>[   72.968495] init: make_device '/dev/block/ram11' block 1, major 1, minor 11 r=0
<6>[   72.976137] init: make_device '/dev/block/ram12' block 1, major 1, minor 12 r=0
<6>[   72.983760] init: make_device '/dev/block/ram13' block 1, major 1, minor 13 r=0
<6>[   72.991383] init: make_device '/dev/block/ram14' block 1, major 1, minor 14 r=0
<6>[   72.998989] init: make_device '/dev/block/ram15' block 1, major 1, minor 15 r=0
<6>[   73.006137] init: make_device '/dev/block/loop0' block 1, major 7, minor 0 r=0
<6>[   73.013647] init: make_device '/dev/block/loop1' block 1, major 7, minor 1 r=0
<6>[   73.021254] init: make_device '/dev/block/loop2' block 1, major 7, minor 2 r=0
<6>[   73.028730] init: make_device '/dev/block/loop3' block 1, major 7, minor 3 r=0
<6>[   73.036119] init: make_device '/dev/block/loop4' block 1, major 7, minor 4 r=0
<6>[   73.043761] init: make_device '/dev/block/loop5' block 1, major 7, minor 5 r=0
<6>[   73.050517] init: make_device '/dev/block/loop6' block 1, major 7, minor 6 r=0
<6>[   73.057906] init: make_device '/dev/block/loop7' block 1, major 7, minor 7 r=0
<6>[   73.065634] init: make_device '/dev/block/tfsr0!c' block 1, major 139, minor 0 r=0
<6>[   73.073180] init: make_device '/dev/block/tfsr1' block 1, major 139, minor 1 r=0
<6>[   73.080726] init: make_device '/dev/block/tfsr2' block 1, major 139, minor 2 r=0
<6>[   73.088271] init: make_device '/dev/block/tfsr3' block 1, major 139, minor 3 r=0
<6>[   73.095756] init: make_device '/dev/block/tfsr4' block 1, major 139, minor 4 r=0
<6>[   73.102686] init: make_device '/dev/block/tfsr5' block 1, major 139, minor 5 r=0
<6>[   73.109607] init: make_device '/dev/block/tfsr6' block 1, major 139, minor 6 r=0
<6>[   73.115938] init: make_device '/dev/block/tfsr7' block 1, major 139, minor 7 r=0
<6>[   73.122443] init: make_device '/dev/block/mmcblk0' block 1, major 179, minor 0 r=0
<6>[   73.129121] init: make_device '/dev/block/mmcblk0p1' block 1, major 179, minor 1 r=0
<6>[   73.135800] init: make_device '/dev/block/mmcblk0p2' block 1, major 179, minor 2 r=0
<6>[   73.142478] init: make_device '/dev/block/mmcblk0p3' block 1, major 179, minor 3 r=0
<6>[   73.148983] init: make_device '/dev/block/mmcblk1' block 1, major 179, minor 8 r=0
<6>[   73.155661] init: make_device '/dev/block/mmcblk1p1' block 1, major 179, minor 9 r=0
<6>[   73.162426] init: make_device '/dev/block/mmcblk1p2' block 1, major 179, minor 10 r=0
<6>[   73.169191] init: make_device '/dev/block/mmcblk1p5' block 1, major 179, minor 13 r=0
<6>[   73.175956] init: make_device '/dev/block/mmcblk1p6' block 1, major 179, minor 14 r=0
<6>[   73.182722] init: make_device '/dev/block/mmcblk1p7' block 1, major 179, minor 15 r=0
<6>[   73.189140] init: make_device '/dev/block/bml0!c' block 1, major 137, minor 0 r=0
<6>[   73.195384] init: make_device '/dev/block/bml1' block 1, major 137, minor 1 r=0
<6>[   73.201629] init: make_device '/dev/block/bml2' block 1, major 137, minor 2 r=0
<6>[   73.207874] init: make_device '/dev/block/bml3' block 1, major 137, minor 3 r=0
<6>[   73.214118] init: make_device '/dev/block/bml4' block 1, major 137, minor 4 r=0
<6>[   73.220363] init: make_device '/dev/block/bml5' block 1, major 137, minor 5 r=0
<6>[   73.226608] init: make_device '/dev/block/bml6' block 1, major 137, minor 6 r=0
<6>[   73.232852] init: make_device '/dev/block/bml7' block 1, major 137, minor 7 r=0
<6>[   73.239097] init: make_device '/dev/block/stl1' block 1, major 138, minor 1 r=0
<6>[   73.245342] init: make_device '/dev/block/stl2' block 1, major 138, minor 2 r=0
<6>[   73.251586] init: make_device '/dev/block/stl3' block 1, major 138, minor 3 r=0
<6>[   73.257831] init: make_device '/dev/block/stl4' block 1, major 138, minor 4 r=0
<6>[   73.264076] init: make_device '/dev/block/stl5' block 1, major 138, minor 5 r=0
<6>[   73.270320] init: make_device '/dev/block/stl6' block 1, major 138, minor 6 r=0
<6>[   73.276565] init: make_device '/dev/block/stl7' block 1, major 138, minor 7 r=0
<6>[   74.728829] init: waitpid returned pid 2307, status = 00000000
<5>[   74.742348] init: process 'immvibed', pid 2307 exited
<3>[   74.745657] init: init.svc.immvibed:stopped
<6>[   76.081652] fg_read_vcell: VCELL=3878
<3>[   77.116478] init: persist.sys.language:en
<3>[   79.213265] init: persist.sys.country:GB
<6>[   81.081897] fg_read_vcell: VCELL=3878
<3>[   83.533496] init: persist.sys.localevar:
<6>[   86.081914] fg_read_vcell: VCELL=3878
<3>[   86.216623] init: ro.csc.country_code:Nordic
<4>[   86.788516] DmaAddr=@4f3e0000 Total=32768bytes PrdSz=2048 #Prds=4, dmaEnd 0x4f3e8000
<4>[   86.871032] DmaAddr=@4f3e0000 Total=32768bytes PrdSz=2048 #Prds=4, dmaEnd 0x4f3e8000
<6>[   91.081585] fg_read_vcell: VCELL=3878
<4>[   93.982068] !@beginofsystem_init1()
<6>[   93.988988] init: make_device '/dev/vcs7' block 0, major 7, minor 7 r=0
<6>[   93.995666] init: make_device '/dev/vcsa7' block 0, major 7, minor 135 r=0
<4>[   94.226668] !@endofsystem_init1()
<3>[   94.230770] init: no such service 'bootanim'
<6>[   96.081893] fg_read_vcell: VCELL=3878
<6>[  101.082211] fg_read_vcell: VCELL=3878
<4>[  104.424441] !@beginofPackageManager
<6>[  106.081643] fg_read_vcell: VCELL=3878
<6>[  111.081713] fg_read_vcell: VCELL=3878
<6>[  116.081685] fg_read_vcell: VCELL=3878
<6>[  121.081736] fg_read_vcell: VCELL=3878
<4>[  123.791098] acm_connected
<6>[  126.081701] fg_read_vcell: VCELL=3878
<6>[  131.081692] fg_read_vcell: VCELL=3878
<6>[  136.081780] fg_read_vcell: VCELL=3878
<6>[  141.081727] fg_read_vcell: VCELL=3878
<6>[  146.082019] fg_read_vcell: VCELL=3878
<6>[  151.081573] fg_read_vcell: VCELL=3878
<6>[  156.081701] fg_read_vcell: VCELL=3878
<6>[  161.081738] fg_read_vcell: VCELL=3878
<6>[  166.081552] fg_read_vcell: VCELL=3878
<7>[  166.821239] mmcblk1: error -84 transferring data, sector 2662554, nr 848, card status 0xf00
<7>[  167.508232] mmcblk1: error -84 transferring data, sector 2662554, nr 848, card status 0xf00
<6>[  171.081661] fg_read_vcell: VCELL=3878
<6>[  176.081762] fg_read_vcell: VCELL=3878
<6>[  181.081727] fg_read_vcell: VCELL=3878
<6>[  186.081684] fg_read_vcell: VCELL=3878
<6>[  191.081544] fg_read_vcell: VCELL=3878
<6>[  196.081824] fg_read_vcell: VCELL=3878
<6>[  201.081549] fg_read_vcell: VCELL=3878
<6>[  206.081609] fg_read_vcell: VCELL=3878
<6>[  211.081670] fg_read_vcell: VCELL=3878
<6>[  216.081597] fg_read_vcell: VCELL=3878
<6>[  221.081637] fg_read_vcell: VCELL=3878
<6>[  226.082077] fg_read_vcell: VCELL=3878
<6>[  231.081614] fg_read_vcell: VCELL=3878
<7>[  234.257199] [TSP]### Finger[0] Down (6,372) - touch num is (1)   status=0xc0
<7>[  234.308974] [TSP]### Finger[0] Up (6,372) - touch num is (0)  status=0x20
<7>[  234.375003] [TSP]### Finger[0] Down (5,406) - touch num is (1)   status=0xc0
<7>[  234.483339] [TSP]### Finger[0] Up (5,406) - touch num is (0)  status=0x20
<7>[  234.612232] [TSP]### Finger[0] Down (4,312) - touch num is (1)   status=0xc0
<7>[  234.795903] [TSP]### Finger[1] Down (231,116) - touch num is (1)   status=0xc0
<7>[  234.868688] [TSP]### Finger[1] Up (237,116) - touch num is (0)  status=0x20
<7>[  234.992272] [TSP]### Finger[0] Up (183,424) - touch num is (0)  status=0x20
<6>[  236.081670] fg_read_vcell: VCELL=3878
<6>[  241.081849] fg_read_vcell: VCELL=3878
<6>[  246.081692] fg_read_vcell: VCELL=3878
<6>[  251.081819] fg_read_vcell: VCELL=3878
<6>[  256.081871] fg_read_vcell: VCELL=3878
<6>[  261.081673] fg_read_vcell: VCELL=3878
<6>[  266.081490] fg_read_vcell: VCELL=3878
<6>[  271.081541] fg_read_vcell: VCELL=3878
<6>[  276.081599] fg_read_vcell: VCELL=3878
<6>[  281.081553] fg_read_vcell: VCELL=3878
<6>[  286.081670] fg_read_vcell: VCELL=3878
<6>[  291.081641] fg_read_vcell: VCELL=3878
<6>[  296.081670] fg_read_vcell: VCELL=3878
<6>[  301.081685] fg_read_vcell: VCELL=3878
<6>[  306.081631] fg_read_vcell: VCELL=3878
<6>[  311.081589] fg_read_vcell: VCELL=3878
<6>[  316.081787] fg_read_vcell: VCELL=3878
<6>[  321.081518] fg_read_vcell: VCELL=3878
<6>[  326.081482] fg_read_vcell: VCELL=3878
<6>[  331.081524] fg_read_vcell: VCELL=3878
<6>[  336.081577] fg_read_vcell: VCELL=3878
<6>[  341.081818] fg_read_vcell: VCELL=3878
<6>[  346.081454] fg_read_vcell: VCELL=3878
<6>[  351.081656] fg_read_vcell: VCELL=3878
<6>[  356.081596] fg_read_vcell: VCELL=3878
<6>[  361.081641] fg_read_vcell: VCELL=3878
<6>[  366.081653] fg_read_vcell: VCELL=3878
<6>[  371.081627] fg_read_vcell: VCELL=3878
<6>[  376.081626] fg_read_vcell: VCELL=3878
<6>[  381.081505] fg_read_vcell: VCELL=3878
<6>[  386.081882] fg_read_vcell: VCELL=3878
<6>[  391.081441] fg_read_vcell: VCELL=3878
<6>[  396.081531] fg_read_vcell: VCELL=3878
<6>[  401.081626] fg_read_vcell: VCELL=3878
<6>[  406.081754] fg_read_vcell: VCELL=3878
<6>[  411.081549] fg_read_vcell: VCELL=3878
<6>[  416.081498] fg_read_vcell: VCELL=3878
<6>[  421.081601] fg_read_vcell: VCELL=3878
<6>[  426.081726] fg_read_vcell: VCELL=3878
<6>[  431.081519] fg_read_vcell: VCELL=3878
<6>[  436.081735] fg_read_vcell: VCELL=3878
<6>[  441.081643] fg_read_vcell: VCELL=3878
<6>[  446.081565] fg_read_vcell: VCELL=3878
<6>[  451.081420] fg_read_vcell: VCELL=3878
<6>[  456.081466] fg_read_vcell: VCELL=3878
<6>[  461.081413] fg_read_vcell: VCELL=3878
<6>[  466.081448] fg_read_vcell: VCELL=3878
<6>[  471.081676] fg_read_vcell: VCELL=3878
<6>[  476.081556] fg_read_vcell: VCELL=3878
<6>[  481.081449] fg_read_vcell: VCELL=3878
<6>[  486.081589] fg_read_vcell: VCELL=3878
<6>[  491.081597] fg_read_vcell: VCELL=3878
<6>[  496.081529] fg_read_vcell: VCELL=3878
<6>[  501.081505] fg_read_vcell: VCELL=3878
<6>[  506.081415] fg_read_vcell: VCELL=3878
<6>[  511.081497] fg_read_vcell: VCELL=3878
<7>[  511.893660] [TSP]### Finger[0] Down (12,465) - touch num is (1)   status=0xc0
<7>[  512.086220] [TSP]### Finger[0] Up (16,496) - touch num is (0)  status=0x20
<6>[  516.081478] fg_read_vcell: VCELL=3878
<6>[  521.081549] fg_read_vcell: VCELL=3878
<6>[  526.081693] fg_read_vcell: VCELL=3878
<6>[  531.081442] fg_read_vcell: VCELL=3878
<6>[  536.081491] fg_read_vcell: VCELL=3878
<6>[  541.081899] fg_read_vcell: VCELL=3878
<6>[  546.081562] fg_read_vcell: VCELL=3878
<6>[  551.081374] fg_read_vcell: VCELL=3878
<6>[  556.081637] fg_read_vcell: VCELL=3878
<6>[  561.081559] fg_read_vcell: VCELL=3878
<6>[  566.081428] fg_read_vcell: VCELL=3878
<6>[  571.081437] fg_read_vcell: VCELL=3878
<6>[  576.081896] fg_read_vcell: VCELL=3878
