<6>[    0.000000] Initializing cgroup subsys cpu
<5>[    0.000000] Linux version 2.6.32.9 (nbates66@archlaptop) (gcc version 4.5.1 (Sourcery G++ Lite 2010.09-50) ) #1 Thu May 19 14:00:43 EST 2011
<4>[    0.000000] CPU: ARMv7 Processor [412fc082] revision 2 (ARMv7), cr=10c53c7f
<4>[    0.000000] CPU: VIPT nonaliasing data cache, VIPT nonaliasing instruction cache
<4>[    0.000000] Machine: SMDKC110
<4>[    0.000000] Ignoring unrecognised tag 0x54410009
<4>[    0.000000] Memory policy: ECC disabled, Data cache writeback
<7>[    0.000000] On node 0 totalpages: 20480
<7>[    0.000000] free_area_init_node: node 0, pgdat c146b860, node_mem_map c1642000
<7>[    0.000000]   Normal zone: 160 pages used for memmap
<7>[    0.000000]   Normal zone: 0 pages reserved
<7>[    0.000000]   Normal zone: 20320 pages, LIFO batch:3
<7>[    0.000000] On node 1 totalpages: 65536
<7>[    0.000000] free_area_init_node: node 1, pgdat c146bf18, node_mem_map d0002000
<7>[    0.000000]   Normal zone: 512 pages used for memmap
<7>[    0.000000]   Normal zone: 0 pages reserved
<7>[    0.000000]   Normal zone: 65024 pages, LIFO batch:15
<7>[    0.000000] On node 2 totalpages: 0
<7>[    0.000000] free_area_init_node: node 2, pgdat c146c5d0, node_mem_map c16eac20
<4>[    0.000000]   Normal zone: 1 pages exceeds realsize 0
<7>[    0.000000] On node 3 totalpages: 0
<7>[    0.000000] free_area_init_node: node 3, pgdat c146cc88, node_mem_map c16f2ce0
<4>[    0.000000]   Normal zone: 1 pages exceeds realsize 0
<4>[    0.000000] CPU S5PV210/S5PC110 (id 0x43110222)
<7>[    0.000000] s5pv210_init_clocks: initializing clocks
<6>[    0.000000] S3C24XX Clocks, Copyright 2004 Simtec Electronics
<3>[    0.000000] copy: bad source 0
<3>[    0.000000] mout_audss: bad source 0
<7>[    0.000000] s5pv210_setup_clocks: registering clocks
<7>[    0.000000] s5pv210_setup_clocks: clkdiv0 = 14131330, clkdiv1 = 00300400
<7>[    0.000000] s5pv210_setup_clocks: xtal is 24000000
<6>[    0.000000] S5PV210: PLL settings, A=800000000, M=667000000, E=80000000
<6>[    0.000000] s5pv210: 33554432 bytes system memory reserved for mfc at 0x316fd000
<6>[    0.000000] s5pv210: 33554432 bytes system memory reserved for mfc at 0x40204000
<6>[    0.000000] s5pv210: 12582912 bytes system memory reserved for fimc0 at 0x42204000
<6>[    0.000000] s5pv210: 1048576 bytes system memory reserved for fimc1 at 0x42e04000
<6>[    0.000000] s5pv210: 12582912 bytes system memory reserved for fimc2 at 0x42f04000
<6>[    0.000000] s5pv210: 2097152 bytes system memory reserved for pmem at 0x336fd000
<6>[    0.000000] s5pv210: 4194304 bytes system memory reserved for pmem_gpu1 at 0x338fd000
<6>[    0.000000] s5pv210: 1536000 bytes system memory reserved for pmem_adsp at 0x33cfd000
<6>[    0.000000] s5pv210: 10485760 bytes system memory reserved for texstream at 0x33e74000
<6>[    0.000000] s5pv210: 3145728 bytes system memory reserved for fimd at 0x43b04000
<6>[    0.000000] s5pv210: 262144 bytes system memory reserved for wifi at 0x34874000
<4>[    0.000000] Built 2 zonelists in Zone order, mobility grouping on.  Total pages: 85344
<5>[    0.000000] Kernel command line: console=ttySAC2,115200 loglevel=4
<6>[    0.000000] PID hash table entries: 2048 (order: 1, 8192 bytes)
<6>[    0.000000] Dentry cache hash table entries: 65536 (order: 6, 262144 bytes)
<6>[    0.000000] Inode-cache hash table entries: 32768 (order: 5, 131072 bytes)
<6>[    0.000000] Memory: 80MB 256MB = 336MB total
<5>[    0.000000] Memory: 205432KB available (9152K code, 1897K data, 11348K init, 0K highmem)
<6>[    0.000000] SLUB: Genslabs=9, HWalign=64, Order=0-3, MinObjects=0, CPUs=1, Nodes=4
<6>[    0.000000] Hierarchical RCU implementation.
<6>[    0.000000] NR_IRQS:339
<6>[    0.000000] VIC @fd000000: id 0x00041192, vendor 0x41
<6>[    0.000000] VIC @fd010000: id 0x00041192, vendor 0x41
<6>[    0.000000] VIC @fd020000: id 0x00041192, vendor 0x41
<6>[    0.000000] VIC @fd030000: id 0x00041192, vendor 0x41
<6>[    0.000000] mult[140737]
<6>[    0.000000] max_delta_ns[2147483647]
<6>[    0.000000] min_delta_ns[30517]
<6>[    0.000000] rate[32768]
<6>[    0.000000] HZ[256]
<4>[    0.000000] Console: colour dummy device 80x30
<6>[    0.000000] console [ttySAC2] enabled
<6>[    0.014754] Calibrating delay loop... 796.20 BogoMIPS (lpj=1556480)
<4>[    0.099092] Mount-cache hash table entries: 512
<6>[    0.102588] Initializing cgroup subsys debug
<6>[    0.105970] Initializing cgroup subsys cpuacct
<6>[    0.109353] Initializing cgroup subsys freezer
<6>[    0.112822] CPU: Testing write buffer coherency: ok
<0>[    0.121635] KERNEL:kernel_sec_get_debug_level_from_boot=0x574f4c44
<0>[    0.131694] KERNEL:magic_number=0x0 DEBUG LEVEL low!!
<0>[    0.141408] (kernel_sec_set_upload_cause) : upload_cause set 0
<6>[    0.153526] regulator: core version 0.5
<6>[    0.157150] NET: Registered protocol family 16
<4>[    0.175773] S5PC110 Hardware version : EVT1 
<4>[    0.177725] HWREV is 0xf
<4>[    0.182831] S3C Power Management, Copyright 2004 Simtec Electronics
<6>[    0.197134] S5PV210 Power Domain API Enable
<6>[    0.201270] S5PV210: Initializing architecture
<6>[    0.207437] S3C PL330-DMA Controller Driver, (c) 2008-2009 Samsung Electronics
<6>[    0.211513] Total 24 DMA channels will be initialized.
<4>[    0.216676] DMA: got clock for controller 0 and disabled 
<4>[    0.221394] DMA: got clock for controller 1 and disabled 
<4>[    0.226077] DMA: got clock for controller 2 and disabled 
<6>[    0.234688] s3c24xx-pwm s3c24xx-pwm.0: tin at 66700000, tdiv at 66700000, tin=divclk, base 0
<6>[    0.242060] s3c24xx-pwm s3c24xx-pwm.1: tin at 66700000, tdiv at 66700000, tin=divclk, base 8
<6>[    0.249345] s3c24xx-pwm s3c24xx-pwm.2: tin at 4168750, tdiv at 4168750, tin=divclk, base 12
<6>[    0.256631] s3c24xx-pwm s3c24xx-pwm.3: tin at 4168750, tdiv at 4168750, tin=divclk, base 16
<4>[    0.278574] bio: create slab <bio-0> at 0
<6>[    0.281228] vgaarb: loaded
<5>[    0.284827] SCSI subsystem initialized
<6>[    0.291273] s3c-i2c s3c2410-i2c.0: i2c-0: S3C I2C adapter
<6>[    0.296876] s3c-i2c s3c2410-i2c.1: i2c-1: S3C I2C adapter
<6>[    0.302591] s3c-i2c s3c2410-i2c.2: i2c-2: S3C I2C adapter
<6>[    0.306857] Bluetooth: Core ver 2.15
<6>[    0.310309] NET: Registered protocol family 31
<6>[    0.315599] Bluetooth: HCI device and connection manager initialized
<6>[    0.319415] Bluetooth: HCI socket layer initialized
<6>[    0.324134] Switching to clocksource clock_source_systimer
<6>[    0.336997] NET: Registered protocol family 2
<6>[    0.343206] IP route cache hash table entries: 4096 (order: 2, 16384 bytes)
<6>[    0.350570] TCP established hash table entries: 16384 (order: 5, 131072 bytes)
<6>[    0.356320] TCP bind hash table entries: 16384 (order: 6, 327680 bytes)
<6>[    0.362165] TCP: Hash tables configured (established 16384 bind 16384)
<6>[    0.364247] TCP reno registered
<6>[    0.367612] NET: Registered protocol family 1
<7>[    0.421179] [BT] rfkill_register(bt_rfk) 
<7>[    0.423832] [BT] Device Powering ON 
<7>[    0.426087] [BT] GPIO_BT_nRST = 0
<4>[    0.428341] [BT] GPIO_WLAN_BT_EN = 1
<7>[    0.431811] [BT] bt_host_wake_irq_handler start
<4>[    0.537077] [BT] GPIO_BT_nRST = 1
<7>[    0.539688] [BT] Device Powering OFF 
<7>[    0.543157] [BT] bt_host_wake_irq_handler start
<4>[    0.545152] [BT] GPIO_BT_nRST = 0
<4>[    0.547406] [BT] GPIO_WLAN_BT_EN = 0
<7>[    0.551049] [BT] bt_host_wake_irq_handler start
<4>[    0.554909] [BT] In the unblocked state of the sleep
<7>[    0.557164] [BT] GPIO_BT_WAKE = 0
<4>[    0.559939] [BT] wake_unlock(bt_wake_lock)
<4>[    0.563582] [BT] In the unblocked state of the sleep
<7>[    0.565837] [BT] GPIO_BT_WAKE = 0
<4>[    0.568612] [BT] wake_unlock(bt_wake_lock)
<4>[    0.572646] S5PC11X_FREQ_TAB=0 , S5PC11X_MAXFREQLEVEL=4
<6>[    0.577451] S5PV210 ADC driver, (c) 2010 Samsung Electronics
<4>[    0.582248] [ JACK_DRIVER (sec_jack_init,800) ] 
<6>[    0.585543] SEC JACK: Registering jack driver
<6>[    0.590348] input: sec_jack as /devices/virtual/input/input0
<4>[    0.597312] [ JACK_DRIVER (sec_jack_probe,676) ] sended isr send=0Xbe, ret =0
<4>[    0.602776] [ JACK_DRIVER (sec_jack_probe,695) ] det isr det=0X26, ret =0
<4>[    0.608665] NetWinder Floating Point Emulator V0.97 (extended precision)
<6>[    0.612187] ashmem: initialized
<6>[    0.633480] ROMFS MTD (C) 2007 Red Hat, Inc.
<6>[    0.636463] msgmni has been set to 401
<6>[    0.641562] alg: No test for cipher_null (cipher_null-generic)
<6>[    0.646419] alg: No test for ecb(cipher_null) (ecb-cipher_null)
<6>[    0.651189] alg: No test for digest_null (digest_null-generic)
<6>[    0.656307] alg: No test for compress_null (compress_null-generic)
<6>[    0.661060] alg: No test for stdrng (krng)
<6>[    0.715900] alg: No test for ghash (ghash-generic)
<6>[    0.718762] io scheduler noop registered
<6>[    0.722318] io scheduler anticipatory registered
<6>[    0.725527] io scheduler deadline registered
<6>[    0.729673] io scheduler cfq registered (default)
<4>[    0.733526] MDNIE  INIT ..........
<6>[    0.737947] S3C MDNIE Driver, (c) 2010 Samsung Electronics
<4>[    0.741955] MDNIE  INIT SUCCESS Addr : 0xe083c000
<4>[    0.744035] IELCD  INIT ..........
<6>[    0.748459] S3C IELCD Driver, (c) 2010 Samsung Electronics
<4>[    0.752355] IELCD  INIT SUCCESS Addr : 0xe0840000
<6>[    0.759520] s3cfb s3cfb: [fb0] dma: 0x43b04000, cpu: 0xe0c00000, size: 0x002ee000
<6>[    0.769111] FIMD src sclk = 166750000
<6>[    0.775181] s3cfb s3cfb: parent clock: 166750000, vclk: 25628040, vclk div: 7
<6>[    0.778737] s3cfb s3cfb: registered successfully
<6>[    0.972096] s5pv210-uart.0: s3c2410_serial0 at MMIO 0xe2900000 (irq = 16) is a S3C6400/10
<6>[    0.979588] s5pv210-uart.1: s3c2410_serial1 at MMIO 0xe2900400 (irq = 20) is a S3C6400/10
<6>[    0.987168] s5pv210-uart.2: s3c2410_serial2 at MMIO 0xe2900800 (irq = 24) is a S3C6400/10
<6>[    0.994627] s5pv210-uart.3: s3c2410_serial3 at MMIO 0xe2900c00 (irq = 28) is a S3C6400/10
<6>[    1.007542] brd: module loaded
<6>[    1.014870] loop: module loaded
<6>[    1.016344] pmem: 1 init
<6>[    1.019964] pmem_gpu1: 1 init
<6>[    1.023442] pmem_adsp: 1 init
<4>[    1.029286] [BIF:IN ] ++FSR_BML_Init(nFlag: 0x0)
<4>[    1.031626] [PAM:   ] ++FSR_PAM_Init
<4>[    1.037682] [PAM:   ]   OneNAND physical base address       : 0xb0000000
<4>[    1.043144] [PAM:   ]   OneNAND virtual  base address       : 0xe0880000
<4>[    1.048001] [PAM:   ]   OneNAND nMID=0xec : nDID=0x50 Page size=4
<4>[    1.050343] [PAM:   ] --FSR_PAM_Init
<4>[    1.054506] [BIF:   ]   FSR VERSION: FSR_1.2.1p1_b139_RTM
<4>[    1.062052] [OND:INF]   FSR_OND_4K_Open(nDev:0, pParam:0xc4c1de50, nFlag:0x00000000) / 1033 line
<4>[    1.066302]             pstOND4kCxt->nBaseAddr: 0xe0880000
<4>[    1.071505]             nDev=0, nMID=0x00ec, nDID=0x0050, nVID=0x013e
<4>[    1.076362] [OND:INF]   pstOND4kCxt->nSysConf1:0xf0c6 / 1116 line
<4>[    1.081826] [OND:INF]   pstOND4kCxt->nBlksForSLCArea[0]:2048 / 1133 line
<4>[    1.086684] [OND:INF]   pstOND4kCxt->nIntID   :0x0000 / 1236 line
<4>[    1.090066] [OND:INF]   1X_CACHEPGM CMD : 0x007f
<4>[    1.093449] [OND:INF]   1X_PLOAD    CMD : 0x0003
<4>[    1.099658] [BBM:INF]   Scan from 2004 to 2047 to find BML meta blocks (die: 0)
<4>[    1.100786] [BBM:INF]   ffff ffff ffff ffff ffff ffff ffff ffff ffff ffff 
<4>[    1.106814] [BBM:INF]   ffff ffff ffff ffff ffff ffff ffff ffff ffff ffff 
<4>[    1.112859] [BBM:INF]   ffff ffff ffff ffff ffff ffff ffff ffff ffff ffff 
<4>[    1.118904] [BBM:INF]   ffff ffff ffff ffff ffff ffff ffff ffff ffff ffff 
<4>[    1.124932] [BBM:INF]   a5a5 a5a5 ffff 
<4>[    1.167474] FSR: Registered TinyFSR Driver.
<6>[    1.174448] tl2796_probe::1124->s6e63m0 probed successfuly
<6>[    1.177787] PPP generic driver version 2.4.2
<6>[    1.182470] PPP Deflate Compression module registered
<6>[    1.186113] PPP BSD Compression module registered
<6>[    1.190580] PPP MPPE Compression module registered
<6>[    1.193962] NET: Registered protocol family 24
<6>[    1.196824] PPPoL2TP kernel driver, V1.0
<6>[    1.205410] SLIP: version 0.8.4-NET3.019-NEWTTY (dynamic channels, max=256) (6 bit encapsulation enabled).
<6>[    1.211655] CSLIP: code copyright 1989 Regents of the University of California.
<4>[    1.215836] [otg_clock_enable] clk_enable(otg_clock) OK.
<4>[    1.219912] [otg_clock_enable] clk_disable(otg_clock) OK.
<6>[    1.230650] s3c-udc : S3C HS USB OTG Device Driver, (c) 2008-2009 Samsung Electronics
<6>[    1.230662] s3c-udc : version 15 March 2009 (DMA Mode) 
<4>[    1.235663] [ADB_UMS_ACM_RNDIS_MTP] string_dev = 10003c49574a 
<4>[    1.242341] android_adb_ums_acm_rndis_mtp gadget: using random self ethernet address
<4>[    1.249019] android_adb_ums_acm_rndis_mtp gadget: using random host ethernet address
<6>[    1.253052] usb0: MAC 9e:1e:7d:a8:77:71
<6>[    1.256261] usb0: HOST MAC 2a:95:6b:51:a4:80
<6>[    1.258082] acm_function_add
<6>[    1.260720] DUN is registerd
<6>[    1.265316] fsg_function_bind cdrom patch after fsg->nluns 2
<6>[    1.270503] android_adb_ums_acm_rndis_mtp gadget: Number of LUNs=2
<6>[    1.274492] shaman: mass_storage_function_add success
<6>[    1.276314] adb_function_add
<4>[    1.279991] [mtpg_function_bind] 	line = [891] 
<4>[    1.284154] [mtpg_function_bind] 	dual speed line = [958] 
<4>[    1.290052] ***** [mtpg_function_bind:975] calling mtp_function_enable with 0 
<4>[    1.294388] [mtp_function_enable] mtp_function => (disabled)
<4>[    1.298985] ****** mtp_function_enable and line 1267 null_desc 
<4>[    1.301587]   interface 0 = acm/c4fb1000
<4>[    1.304189]   interface 1 = acm/c4fb1000
<4>[    1.307918]   interface 2 = usb_mass_storage/df35b800
<4>[    1.310520]   interface 3 = adb/df357d00
<4>[    1.313729]   interface 4 = Gadget_MTP/df357f00
<4>[    1.316505]   interface 5 = rndis/c4fb1c00
<4>[    1.319280]   interface 6 = rndis/c4fb1c00
<6>[    1.322836] mass_storage_function_config_changed
<4>[    1.326566]   interface 0 = usb_mass_storage/df35b800
<6>[    1.334025] android_adb_ums_acm_rndis_mtp gadget: Android Composite USB, version: May 19 2011
<6>[    1.340790] android_adb_ums_acm_rndis_mtp gadget: android_adb_ums_acm_rndis_mtp ready
<6>[    1.346080] Registered gadget driver 'android_adb_ums_acm_rndis_mtp'
<4>[    1.350625] [udc_enable]AP_USB_Power off by Bootup : 1
<4>[    1.355482] mice: could not register psaux device, error: -16
<6>[    1.359645] mice: PS/2 mouse device common for all mice
<6>[    1.366369] input: s3c-keypad as /devices/virtual/input/input1
<3>[    1.371961] s3c_keygpio_isr:245 input_report_key(df381000, 26, 1)
<7>[    1.381241] s3c_keygpio_isr pwr key_status =0
<4>[    1.383323] s3c-keypad Initialized
<6>[    1.385353] S3C Keypad Driver
<6>[    1.388856] i2c /dev entries driver
<6>[    1.396160] i2c-gpio i2c-gpio.4: using pins 247 (SDA) and 246 (SCL)
<6>[    1.402049] i2c-gpio i2c-gpio.5: using pins 203 (SDA) and 204 (SCL)
<6>[    1.406454] regulator: DCDC1: 750 <--> 1500 mV 
<6>[    1.410288] regulator: DCDC2: 750 <--> 1500 mV 
<6>[    1.413480] regulator: LDO4: 3300 mV 
<6>[    1.416385] regulator: LDO7: 1800 mV 
<6>[    1.420288] regulator: LDO17: 3000 <--> 3200 mV 
<6>[    1.426247] i2c-gpio i2c-gpio.6: using pins 206 (SDA) and 209 (SCL)
<4>[    1.429299] [FSA9480] fsa9480_codec_probe
<4>[    1.432049] fsa9480_interrupt
<4>[    1.476438] [FSA9480] FSA9480_ReadIntRegister
<6>[    1.481972] i2c-gpio i2c-gpio.7: using pins 201 (SDA) and 202 (SCL)
<6>[    1.487644] i2c-gpio i2c-gpio.8: using pins 42 (SDA) and 43 (SCL)
<6>[    1.493932] i2c-gpio i2c-gpio.11: using pins 114 (SDA) and 98 (SCL)
<6>[    1.499873] i2c-gpio i2c-gpio.12: using pins 173 (SDA) and 172 (SCL)
<6>[    1.503889] Linux video capture interface: v2.00
<6>[    1.507239] IPC probe success
<6>[    1.513385] mfc_init: <6>S5PC110 MFC Driver, (c) 2009 Samsung Electronics
<6>[    1.513396] 
<6>[    1.526527] S3C2410 Watchdog Timer, (c) 2004 Simtec Electronics
<6>[    1.534697] s3c2410-wdt s3c2410-wdt: watchdog inactive, reset disabled, irq enabled
<4>[    1.540324] [FSA9480] FSA9480_ProcessDevice (dev1 : 0x0, dev2 : 0x0)
<6>[    1.549154] device-mapper: ioctl: 4.15.0-ioctl (2009-04-01) initialised: dm-devel@redhat.com
<6>[    1.553655] device-mapper: multipath: version 1.1.0 loaded
<6>[    1.559119] device-mapper: multipath round-robin: version 1.0.0 loaded
<6>[    1.564670] device-mapper: multipath queue-length: version 0.1.0 loaded
<6>[    1.570221] device-mapper: multipath service-time: version 0.2.0 loaded
<6>[    1.574002] Bluetooth: HCI UART driver ver 2.2
<3>[    1.579033] s3c_keygpio_isr:245 input_report_key(df381000, 26, 0)
<7>[    1.588400] s3c_keygpio_isr pwr key_status =64
<6>[    1.592129] Bluetooth: HCI H4 protocol initialized
<6>[    1.595373] cpuidle: using governor ladder
<6>[    1.598469] cpuidle: using governor menu
<6>[    1.603638] sdhci: Secure Digital Host Controller Interface driver
<6>[    1.606934] sdhci: Copyright(c) Pierre Ossman
<6>[    1.612659] s3c-sdhci s3c-sdhci.0: clock source 2: sclk_mmc (51307692 Hz)
<6>[    1.619902] mmc0: SDHCI controller on samsung-hsmmc [s3c-sdhci.0] using ADMA
<6>[    1.625625] s3c-sdhci s3c-sdhci.1: clock source 2: sclk_mmc (47642857 Hz)
<6>[    1.632721] mmc1: SDHCI controller on samsung-hsmmc [s3c-sdhci.1] using ADMA
<6>[    1.638479] s3c-sdhci s3c-sdhci.2: clock source 2: sclk_mmc (47642857 Hz)
<4>[    1.642357]  Universal :SD Detect configuration 
<7>[    1.645131]  Universal : Card status  0
<6>[    1.652486] mmc2: SDHCI controller on samsung-hsmmc [s3c-sdhci.2] using ADMA
<6>[    1.657221] logger: created 512K log 'log_main'
<6>[    1.661020] logger: created 256K log 'log_events'
<6>[    1.665782] logger: created 256K log 'log_radio'
<6>[    1.671584] logger: created 64K log 'log_system'
<7>[    1.675921] *** DEBUG : First we search for SDIO...(0)***
<4>[    1.679901] GP2A opt i2c attach success!!!
<4>[    1.682668] opt_i2c_client : (0xdf369300)
<7>[    1.686511] *** DEBUG : ...then normal SD...(0) ***
<4>[    1.690274] [gp2a_opt_probe] CONFIG_GP2A_MODE_A INIT 
<7>[    1.695730] *** DEBUG : ...and finally MMC. (0)***
<3>[    1.734430] s3c_keygpio_isr:245 input_report_key(df381000, 26, 1)
<7>[    1.743710] s3c_keygpio_isr pwr key_status =0
<4>[    1.786755] mmc0: switch to bus width 4 
<6>[    1.791091] mmc0: new high speed MMC card at address 0001
<6>[    1.804214] mmcblk0: mmc0:0001 M2G1DD 1.91 GiB 
<6>[    1.805333]  mmcblk0: p1 p2 p3
<7>[    1.820381] Another host want the wakelock : 2
<7>[    1.863599] *** DEBUG : First we search for SDIO...(1)***
<7>[    1.868594] *** DEBUG : ...then normal SD...(1) ***
<7>[    1.879280] *** DEBUG : ...and finally MMC. (1)***
<7>[    1.886028] Another host want the wakelock : 1
<7>[    1.888803]  Universal : Card status  0
<3>[    1.895568] s3c_keygpio_isr:245 input_report_key(df381000, 26, 0)
<7>[    1.904935] s3c_keygpio_isr pwr key_status =64
<4>[    1.906583] fsa9480_interrupt
<4>[    1.909618] [FSA9480] FSA9480_ReadIntRegister
<3>[    1.930165] i2c i2c-11: sendbytes: NAK bailout.
<7>[    1.941726] *** DEBUG : First we search for SDIO...(2)***
<7>[    1.949879] *** DEBUG : ...then normal SD...(2) ***
<6>[    1.966211] ldo38_control : turn ON LDO3 and LDO8 (cur_stat=0, req=1)
<4>[    1.970201] [otg_clock_enable] clk_enable(otg_clock) OK.
<4>[    1.974745] [udc_enable]AP_USB_Power off by Bootup : 1[FSA9480] FSA9480_ProcessDevice (dev1 : 0x4, dev2 : 0x0)
<4>[    1.995864] USB attach or detach: 1
<4>[    1.998640] FSA9480_DEV_TY1_USB --- ATTACH
<3>[    2.044972] s3c_keygpio_isr:245 input_report_key(df381000, 26, 1)
<7>[    2.054252] s3c_keygpio_isr pwr key_status =0
<6>[    2.098451] mmc2: new high speed SDHC card at address 0007
<6>[    2.108780] mmcblk1: mmc2:0007 SD04G 3.67 GiB 
<6>[    2.109856]  mmcblk1:
<3>[    2.113325] i2c i2c-11: sendbytes: NAK bailout.
<4>[    2.118095]  p1 p2 < p5 p6 p7 >
<7>[    2.143742] mmc2: wake_lock_timeout 1sec 0
<3>[    2.274481] s3c_keygpio_isr:245 input_report_key(df381000, 26, 0)
<7>[    2.283848] s3c_keygpio_isr pwr key_status =64
<4>[    2.354890] gp2a_opt_probe is OK!!
<4>[    2.355861] smb_init 
<4>[    2.360745] smb_acc_start ....
<4>[    2.361872] yamaha_init
<4>[    2.363936] level device init
<6>[    2.369661] Advanced Linux Sound Architecture Driver Version 1.0.21.
<4>[    2.373312] No device for DAI WM8994 PAIFRX
<4>[    2.376174] No device for DAI WM8994 PCM
<4>[    2.380364] No device for DAI s3c-pcmdev
<6>[    2.382965] WM8994 Audio Codec 0.1
<4>[    2.421101] s3c_preallocate_dma_buffer: VA-ff001000, PA-4F3E0000, 131072bytes
<4>[    2.427059] s3c_preallocate_dma_buffer: VA-ff021000, PA-4EC00000, 131072bytes
<3>[    2.432090] s3c_keygpio_isr:245 input_report_key(df381000, 26, 1)
<7>[    2.441370] s3c_keygpio_isr pwr key_status =0
<6>[    2.445793] asoc: WM8994 PAIFRX <-> s3c64xx-i2s mapping ok
<4>[    2.449731] +++++++smdkc110_audio_init
<6>[    2.453125] WM8994 Audio Codec 0.1
<4>[    2.460754] s3c_preallocate_dma_buffer: VA-ff041000, PA-4EC20000, 131072bytes
<4>[    2.466730] s3c_preallocate_dma_buffer: VA-ff061000, PA-4EC40000, 131072bytes
<6>[    2.470806] asoc: WM8994 PCM <-> s3c-pcmdev mapping ok
<4>[    2.476965] ASoC: Failed to create codec register debugfs file
<4>[    2.480694] Failed to create pop time debugfs file
<4>[    2.484510] Failed to create DAPM debugfs directory
<4>[    2.487198] ----------smdkc110_audio_init
<6>[    2.489107] ALSA device list:
<6>[    2.491535]   #0: smdkc110 (WM8994)
<6>[    2.494310]   #1: smdkc110-pcm (WM8994)
<4>[    2.497971] Netfilter messages via NETLINK v0.30.
<4>[    2.502654] nf_conntrack version 0.5.0 (3214 buckets, 12856 max)
<4>[    2.509368] CONFIG_NF_CT_ACCT is deprecated and will be removed soon. Please use
<4>[    2.516219] nf_conntrack.acct=1 kernel parameter, acct=1 nf_conntrack module option or
<4>[    2.521336] sysctl net.netfilter.nf_conntrack_acct=1 to enable it.
<6>[    2.524875] xt_time: kernel timezone is -0000
<6>[    2.529489] IPv4 over IPv4 tunneling driver
<6>[    2.533930] GRE over IPv4 tunneling driver
<6>[    2.541085] ip_tables: (C) 2000-2006 Netfilter Core Team
<6>[    2.543297] TCP cubic registered
<6>[    2.547850] NET: Registered protocol family 10
<6>[    2.559706] IPv6 over IPv4 tunneling driver
<6>[    2.567027] NET: Registered protocol family 17
<6>[    2.570409] NET: Registered protocol family 15
<6>[    2.573011] Bluetooth: L2CAP ver 2.14
<6>[    2.577000] Bluetooth: L2CAP socket layer initialized
<6>[    2.580470] Bluetooth: SCO (Voice Link) ver 0.6
<6>[    2.584286] Bluetooth: SCO socket layer initialized
<6>[    2.588102] Bluetooth: RFCOMM TTY layer initialized
<6>[    2.592179] Bluetooth: RFCOMM socket layer initialized
<6>[    2.594867] Bluetooth: RFCOMM ver 1.11
<6>[    2.598285] NET: Registered protocol family 33
<6>[    2.601667] NET: Registered protocol family 35
<4>[    2.606203] S3C24XX RTC, (c) 2004,2006 Simtec 					Electronics
<6>[    2.612328] using rtc device, s3c, for alarms
<6>[    2.617704] s3c2410-rtc s3c2410-rtc: rtc core: registered s3c as rtc0
<6>[    2.622049] VFP support v0.3: implementor 41 architecture 3 part 30 variant c rev 2
<7>[    2.630280] qt602240 GPIO Status
<7>[    2.632101] TOUCH_EN  : High
<7>[    2.633835] TOUCH_INT : Low
<3>[    2.656317] s3c_keygpio_isr:245 input_report_key(df381000, 26, 0)
<7>[    2.665683] s3c_keygpio_isr pwr key_status =64
<4>[    2.741515] qt602240_i2c is attached..
<7>[    2.745676] |  Quantum Touch Driver Probe!            |
<6>[    2.751513] input: qt602240_ts_input as /devices/virtual/input/input2
<4>[    2.753872] QT_reprogram check
<4>[    2.756474] [QT] init_touch_driver start
<4>[    2.758295] [QT] init_I2C start
<4>[    2.785659] 
<4>[    2.785664] [TSP] Touch device found
<4>[    2.787394] Version: 	   0x16
<4>[    2.787399] Family:		   0x80
<4>[    2.789043] Variant: 	   0x1
<4>[    2.790691] Build number:   0xab
<4>[    2.792686] Matrix X size : 18
<4>[    2.794507] Matrix Y size : 12
<4>[    2.796329] Calculated CRC:	0x5c 0xe4 0x8e 0x00 
<4>[    2.803786] 
<4>[    2.804046] Stored CRC:	0x5c 0xe4 0x8e 0x00 
<4>[    2.807082] 
<4>[    2.807342] Info block CRC value OK.
<4>[    2.809859] 
<4>[    2.809863] 
<4>[    2.813413] [TSP]qt_Power_Config_Init real board 
<4>[    2.824142] 
<4>[    2.824146] [TSP][reset_chip] 
<4>[    2.895929] Chip reset OK!
<4>[    2.895935] read_mem : i2c read failed
<4>[    2.903414] 
<4>[    2.903419]  [TSP] read_mem is failed -- check your TSP chip!!
<4>[    2.903428] 
<4>[    2.907838] [QT] ret : 0, qt602240->client name : qt602240_ts
<4>[    2.910101] [QT] qt602240_init/6318
<4>[    2.914698] [QT] qt602240_init/6349, platform_driver_register!!
<7>[    2.918558] [TSP] msg id =  1 90 c1 f4 4 0 0 0 0
<3>[    2.923588] s3c_keygpio_isr:245 input_report_key(df381000, 26, 1)
<7>[    2.932868] s3c_keygpio_isr pwr key_status =0
<6>[    2.941412] s3c2410-rtc s3c2410-rtc: setting system clock to 2011-05-19 04:15:26 UTC (1305778526)
<6>[    2.947146] FIMC0 registered successfully
<7>[    2.953035] [TSP] msg id =  1 0 c1 f4 4 0 0 0 0
<6>[    2.956139] FIMC1 registered successfully
<6>[    2.961604] FIMC2 registered successfully
<6>[    2.966477] S5PC1XX TVOUT Driver, (c) 2009 Samsung Electronics
<6>[    2.975924] s5p-tvout s5p-tvout: hpd status is cable removed
<6>[    3.002826] fg_read_vcell: VCELL=3878
<4>[    3.004300] [SOC] C:0, P:75
<4>[    3.024232] pmic interrupt registered 
<6>[    3.030381] Freeing init memory: 11348K
<4>[    3.034544] Warning: unable to open an initial console.
<3>[    3.039574] s3c_keygpio_isr:245 input_report_key(df381000, 26, 0)
<7>[    3.048941] s3c_keygpio_isr pwr key_status =64
<3>[    3.055663] init: /init.rc: 232: chmod requires 2 arguments
<3>[    3.065811] init: /init.rc: 237: setprop requires 2 arguments
<3>[    3.075785] init: /init.rc: 330: invalid command 'dmesg'
<3>[    3.085325] init: /init.rc: 341: invalid option 'enabled'
<3>[    3.094866] init: /init.rc: 465: invalid option 'dmesg'
<4>[    3.102845] !@Init process: device_init #3
<3>[    3.147539] s3c_keygpio_isr:245 input_report_key(df381000, 26, 1)
<7>[    3.156818] s3c_keygpio_isr pwr key_status =0
<3>[    3.188554] s3c_keygpio_isr:245 input_report_key(df381000, 26, 0)
<7>[    3.197920] s3c_keygpio_isr pwr key_status =64
<3>[    3.270584] s3c_keygpio_isr:245 input_report_key(df381000, 26, 1)
<7>[    3.279863] s3c_keygpio_isr pwr key_status =0
<3>[    3.377038] s3c_keygpio_isr:245 input_report_key(df381000, 26, 0)
<7>[    3.386403] s3c_keygpio_isr pwr key_status =64
<4>[    3.528713] maxim_vac_disconnect: connect status skip
<3>[    3.545009] s3c_keygpio_isr:245 input_report_key(df381000, 26, 1)
<7>[    3.554289] s3c_keygpio_isr pwr key_status =0
<3>[    3.589928] s3c_keygpio_isr:245 input_report_key(df381000, 26, 0)
<7>[    3.599293] s3c_keygpio_isr pwr key_status =64
<3>[    3.664057] init: ro.secure:1
<3>[    3.670040] init: ro.allow.mock.location:0
<3>[    3.676285] init: ro.debuggable:1
<3>[    3.682876] init: persist.service.adb.enable:1
<3>[    3.694820] init: cannot open '/initlogo.rle'
<3>[    3.701498] init: ro.factorytest:0
<3>[    3.706788] init: ro.serialno:
<3>[    3.712339] init: ro.bootmode:unknown
<3>[    3.718497] init: ro.baseband:unknown
<3>[    3.724568] init: ro.carrier:unknown
<3>[    3.730813] init: ro.bootloader:unknown
<3>[    3.737231] init: ro.hardware:SMDKC110
<3>[    3.743042] init: ro.revision:48
<3>[    3.748593] init: dpm.allowcamera:0
<6>[    3.754838] init: command 'loglevel' r=0
<6>[    3.757526] init: command 'export' r=0
<6>[    3.760215] init: command 'export' r=0
<6>[    3.762903] init: command 'export' r=0
<6>[    3.765592] init: command 'export' r=0
<3>[    3.770623] s3c_keygpio_isr:245 input_report_key(df381000, 26, 1)
<7>[    3.779903] s3c_keygpio_isr pwr key_status =0
<6>[    3.782592] init: command 'export' r=0
<6>[    3.785280] init: command 'export' r=0
<6>[    3.787969] init: command 'export' r=0
<6>[    3.790658] init: command 'export' r=0
<6>[    3.793346] init: command 'export' r=0
<6>[    3.796035] init: command 'export' r=0
<6>[    3.798724] init: command 'export' r=0
<3>[    3.826263] s3c_keygpio_isr:245 input_report_key(df381000, 26, 0)
<7>[    3.835628] s3c_keygpio_isr pwr key_status =64
<6>[    3.849152] init: command 'insmod' r=0
<4>[    3.857981] PA FB = 0x43B04000, bits per pixel = 32
<4>[    3.862922] screen width=480 height=800 va=0xd3b04000 pa=0x43b04000
<4>[    3.869117] Back frameBuffer[0].VAddr=d3c7b000 PAddr=43c7b000 size=1536000
<6>[    3.873029] init: command 'insmod' r=0
<6>[    3.884096] init: command 'insmod' r=0
<4>[    3.901667] [VIBETONZ:WJYOO] MISC_REGISTER nRet = 0
<6>[    3.906785] init: command 'insmod' r=0
<6>[    3.909601] init: command 'symlink' r=0
<6>[    3.912377] init: command 'symlink' r=0
<6>[    3.914979] init: command 'mkdir' r=0
<6>[    3.917581] init: command 'mkdir' r=0
<6>[    3.920182] init: command 'mkdir' r=0
<6>[    3.922889] init: command 'mount' r=0
<6>[    3.925499] init: command 'mkdir' r=0
<4>[    3.939239] fsr: module license 'Samsung Proprietary' taints kernel.
<4>[    3.943487] Disabling lock debugging due to kernel taint
<4>[    3.979015] [BIF:IN ] ++FSR_BML_Init(nFlag: 0x0)
<4>[    3.981354] [PAM:   ] ++FSR_PAM_Init
<4>[    3.987350] [PAM:   ]   OneNAND physical base address       : 0xb0000000
<4>[    3.992812] [PAM:   ]   OneNAND virtual  base address       : 0xe0980000
<4>[    4.000099] [PAM:   ]   OneNAND Controller DMA physical base address       : 0xb0600000
<4>[    4.006862] [PAM:   ]   OneNAND Controller DMA virtual  base address       : 0xe09c0000
<4>[    4.011719] [PAM:   ]   OneNAND nMID=0xec : nDID=0x50 Page size=4
<4>[    4.014061] [PAM:   ] --FSR_PAM_Init
<4>[    4.018224] [BIF:   ]   FSR VERSION: FSR_1.2.1p1_b139_RTM
<4>[    4.025769] [OND:INF]   FSR_OND_4K_Open(nDev:0, pParam:0xc4c1de00, nFlag:0x00000000) / 1033 line
<4>[    4.030019]             pstOND4kCxt->nBaseAddr: 0xe0980000
<4>[    4.035223]             nDev=0, nMID=0x00ec, nDID=0x0050, nVID=0x013e
<4>[    4.040080] [OND:INF]   pstOND4kCxt->nSysConf1:0xf0c6 / 1116 line
<4>[    4.045544] [OND:INF]   pstOND4kCxt->nBlksForSLCArea[0]:2048 / 1133 line
<4>[    4.050401] [OND:INF]   pstOND4kCxt->nIntID   :0x0000 / 1236 line
<4>[    4.053784] [OND:INF]   1X_CACHEPGM CMD : 0x007f
<4>[    4.057166] [OND:INF]   1X_PLOAD    CMD : 0x0003
<4>[    4.063307] [BBM:INF]   Scan from 2004 to 2047 to find BML meta blocks (die: 0)
<4>[    4.064365] [BBM:INF]   ffff ffff ffff ffff ffff ffff ffff ffff ffff ffff 
<4>[    4.070003] [BBM:INF]   ffff ffff ffff ffff ffff ffff ffff ffff ffff ffff 
<4>[    4.075640] [BBM:INF]   ffff ffff ffff ffff ffff ffff ffff ffff ffff ffff 
<4>[    4.081278] [BBM:INF]   ffff ffff ffff ffff ffff ffff ffff ffff ffff ffff 
<4>[    4.086915] [BBM:INF]   a5a5 a5a5 ffff 
<4>[    4.121513] [BBM:   ]  << DevNO:0, DieNO: 0 MAPPING INFORMATION >>
<4>[    4.124548] [BBM:   ]   Bad Mark Information
<4>[    4.129058] [BBM:   ]      - Bad Mark (0x2222) by erase error
<4>[    4.133568] [BBM:   ]      - Bad Mark (0x4444) by write error
<4>[    4.138252] [BBM:   ]   << Total : 0 BAD-MAPPING INFORMATION >>
<4>[    4.142415] [BIF:   ]   nPartition Information (nVol : 0)
<4>[    4.145190]             nVer : 0xffffffff
<4>[    4.151782]             00 / nID:0x09 / nAttr:0x00001002 / 1stVun:    0 / Units:    1
<4>[    4.158373]             01 / nID:0x00 / nAttr:0x00001002 / 1stVun:    1 / Units:    7
<4>[    4.164965]             02 / nID:0x01 / nAttr:0x00001001 / 1stVun:    8 / Units:  796
<4>[    4.171557]             03 / nID:0x20 / nAttr:0x00001101 / 1stVun:  804 / Units:  716
<4>[    4.178148]             04 / nID:0x21 / nAttr:0x00001101 / 1stVun: 1520 / Units:  372
<4>[    4.184740]             05 / nID:0x23 / nAttr:0x00001101 / 1stVun: 1892 / Units:   56
<4>[    4.191332]             06 / nID:0x24 / nAttr:0x00001001 / 1stVun: 1948 / Units:   56
<4>[    4.196102] [BBM:INF]   The registered blocks in ERL are handled
<4>[    4.199224] [BBM:INF]   (number of blocks: 0)
<4>[    4.207811] BML: Registered BML Driver.
<6>[    4.211699] init: command 'insmod' r=0
<4>[    4.248794] [BIF:IN ] ++FSR_BML_Init(nFlag: 0x0)
<4>[    4.255990] [BIF:   ]   FSR_BML_Init(nFlag:0x0, nRe:FSR_BML_ALREADY_INITIALIZED) / 1027 line
<4>[    4.264091] FSR: Registered STL Driver.
<6>[    4.267823] init: command 'insmod' r=0
<3>[    4.323339] s3c_keygpio_isr:245 input_report_key(df381000, 26, 1)
<7>[    4.332617] s3c_keygpio_isr pwr key_status =0
<3>[    4.367275] s3c_keygpio_isr:245 input_report_key(df381000, 26, 0)
<7>[    4.376642] s3c_keygpio_isr pwr key_status =64
<6>[    4.382048] init: command 'insmod' r=0
<6>[    4.443437] init: command 'insmod' r=0
<6>[    4.446140] init: command 'mkdir' r=0
<6>[    4.460506] init: command 'insmod' r=0
<4>[    4.465230] [SIF:ERR]   The partition (PartID 21) is not opened
<4>[    4.468786] j4fs_fill_super 1258: Error(0x80040001)
<3>[    4.475681] s3c_keygpio_isr:245 input_report_key(df381000, 26, 1)
<7>[    4.484961] s3c_keygpio_isr pwr key_status =0
<6>[    4.498734] init: command 'mount' r=-1
<6>[    4.506057] param_init
<3>[    4.509610] lfs_param_op: filp_open failed. (-2)
<3>[    4.522187] param_init(304): Loading parameters failed. Parameters have been initialized as default.
<6>[    4.533984] init: command 'insmod' r=0
<6>[    4.536766] init: command 'symlink' r=0
<6>[    4.539368] init: command 'mkdir' r=0
<6>[    4.541970] init: command 'mkdir' r=0
<6>[    4.544572] init: command 'mkdir' r=0
<6>[    4.547174] init: command 'chown' r=0
<6>[    4.549776] init: command 'chmod' r=0
<6>[    4.552378] init: command 'mkdir' r=0
<6>[    4.554980] init: command 'mkdir' r=0
<6>[    4.557582] init: command 'mkdir' r=0
<6>[    4.560184] init: command 'mkdir' r=0
<6>[    4.562786] init: command 'mkdir' r=0
<6>[    4.565388] init: command 'mkdir' r=0
<6>[    4.567990] init: command 'mount' r=0
<6>[    4.570592] init: command 'write' r=0
<6>[    4.573194] init: command 'write' r=0
<6>[    4.575795] init: command 'write' r=0
<6>[    4.578397] init: command 'write' r=0
<6>[    4.580999] init: command 'write' r=0
<6>[    4.583601] init: command 'write' r=0
<6>[    4.586203] init: command 'write' r=0
<6>[    4.588805] init: command 'mkdir' r=0
<6>[    4.591442] init: command 'mount' r=0
<6>[    4.594044] init: command 'chown' r=0
<6>[    4.596646] init: command 'chown' r=0
<3>[    4.601676] s3c_keygpio_isr:245 input_report_key(df381000, 26, 0)
<7>[    4.611043] s3c_keygpio_isr pwr key_status =64
<6>[    4.613645] init: command 'chmod' r=0
<6>[    4.616420] init: command 'write' r=-22
<6>[    4.619022] init: command 'mkdir' r=0
<6>[    4.621624] init: command 'chown' r=0
<6>[    4.624226] init: command 'chmod' r=0
<6>[    4.626828] init: command 'write' r=0
<6>[    4.629430] init: command 'mkdir' r=0
<6>[    4.632032] init: command 'chown' r=0
<6>[    4.634634] init: command 'chmod' r=0
<6>[    4.637236] init: command 'write' r=0
<4>[    4.645519] [FSA9480]connectivity_switching_init = switch_sel : 0x1
<6>[    4.650463] inside set_param_value1 idx = 4, value = -1051560012
<3>[    4.654019] lfs_param_op: filp_open failed. (-2)
<4>[    4.661911] [FSA9480_Enable_AP_USB] Enable AP USB
<4>[    4.667219] [ap_usb_power_on]AP USB Power ON, askon: 0, mtp : 0
<4>[    4.673117] !!!!!!!!!!! [ap_usb_power_on]AP samsung_kies_mtp_mode_flag0, mtp:0
<6>[    4.688174] inside set_param_value1 idx = 4, value = -1051560012
<3>[    4.691730] lfs_param_op: filp_open failed. (-2)
<4>[    4.700749] [USB] enable_adb - enable(0x01), prev_status(0x00)
<4>[    4.702831] Here is enable_adb@@@@
<4>[    4.705953] [enable_adb]USBSTATUS_SAMSUNG_KIES
<6>[    4.708729] acm_function_config_changed
<6>[    4.711504] mtp_function_config_changed
<4>[    4.714106]   interface 0 = acm/c4fb1000
<4>[    4.716708]   interface 1 = acm/c4fb1000
<4>[    4.719917]   interface 2 = Gadget_MTP/df357f00
<4>[    4.724904] [ap_usb_power_on]AP USB Power ON, askon: 0, mtp : 0
<4>[    4.730802] !!!!!!!!!!! [ap_usb_power_on]AP samsung_kies_mtp_mode_flag0, mtp:0
<6>[    4.735746] inside set_param_value1 idx = 4, value = -1051560012
<3>[    4.740776] s3c_keygpio_isr:245 input_report_key(df381000, 26, 1)
<7>[    4.750056] s3c_keygpio_isr pwr key_status =0
<3>[    4.753613] lfs_param_op: filp_open failed. (-2)
<4>[    4.763066] [FSA9480]connectivity_switching_init = switch_sel : 0x5
<3>[    4.815531] s3c_keygpio_isr:245 input_report_key(df381000, 26, 0)
<7>[    4.824897] s3c_keygpio_isr pwr key_status =64
<4>[    4.930736] PKD:: OTG core got reset!!! 
<3>[    4.947371] s3c_keygpio_isr:245 input_report_key(df381000, 26, 1)
<7>[    4.956650] s3c_keygpio_isr pwr key_status =0
<3>[    5.028430] s3c_keygpio_isr:245 input_report_key(df381000, 26, 0)
<7>[    5.037796] s3c_keygpio_isr pwr key_status =64
<3>[    5.194443] s3c_keygpio_isr:245 input_report_key(df381000, 26, 1)
<7>[    5.203722] s3c_keygpio_isr pwr key_status =0
<3>[    5.241321] s3c_keygpio_isr:245 input_report_key(df381000, 26, 0)
<7>[    5.250687] s3c_keygpio_isr pwr key_status =64
<4>[    5.307783] acm_disconnected
<3>[    5.393664] s3c_keygpio_isr:245 input_report_key(df381000, 26, 1)
<7>[    5.402944] s3c_keygpio_isr pwr key_status =0
<3>[    5.485461] s3c_keygpio_isr:245 input_report_key(df381000, 26, 0)
<7>[    5.494827] s3c_keygpio_isr pwr key_status =64
<3>[    5.602652] s3c_keygpio_isr:245 input_report_key(df381000, 26, 1)
<7>[    5.611933] s3c_keygpio_isr pwr key_status =0
<3>[    5.708118] s3c_keygpio_isr:245 input_report_key(df381000, 26, 0)
<7>[    5.717485] s3c_keygpio_isr pwr key_status =64
<3>[    5.843870] s3c_keygpio_isr:245 input_report_key(df381000, 26, 1)
<7>[    5.853151] s3c_keygpio_isr pwr key_status =0
<3>[    5.883906] s3c_keygpio_isr:245 input_report_key(df381000, 26, 0)
<7>[    5.893273] s3c_keygpio_isr pwr key_status =64
<3>[    6.068478] s3c_keygpio_isr:245 input_report_key(df381000, 26, 1)
<7>[    6.077758] s3c_keygpio_isr pwr key_status =0
<3>[    6.255983] s3c_keygpio_isr:245 input_report_key(df381000, 26, 0)
<7>[    6.265350] s3c_keygpio_isr pwr key_status =64
<3>[    6.439576] s3c_keygpio_isr:245 input_report_key(df381000, 26, 1)
<7>[    6.448857] s3c_keygpio_isr pwr key_status =0
<3>[    6.542119] s3c_keygpio_isr:245 input_report_key(df381000, 26, 0)
<7>[    6.551486] s3c_keygpio_isr pwr key_status =64
<3>[    6.691540] s3c_keygpio_isr:245 input_report_key(df381000, 26, 1)
<7>[    6.700819] s3c_keygpio_isr pwr key_status =0
<3>[    6.935680] s3c_keygpio_isr:245 input_report_key(df381000, 26, 0)
<7>[    6.945047] s3c_keygpio_isr pwr key_status =64
<3>[    7.192519] s3c_keygpio_isr:245 input_report_key(df381000, 26, 1)
<7>[    7.201799] s3c_keygpio_isr pwr key_status =0
<3>[    7.353657] s3c_keygpio_isr:245 input_report_key(df381000, 26, 0)
<7>[    7.363024] s3c_keygpio_isr pwr key_status =64
<3>[    7.446434] s3c_keygpio_isr:245 input_report_key(df381000, 26, 1)
<7>[    7.455713] s3c_keygpio_isr pwr key_status =0
<3>[    7.538230] s3c_keygpio_isr:245 input_report_key(df381000, 26, 0)
<7>[    7.547597] s3c_keygpio_isr pwr key_status =64
<3>[    7.953275] s3c_keygpio_isr:245 input_report_key(df381000, 26, 1)
<7>[    7.962555] s3c_keygpio_isr pwr key_status =0
<6>[    7.980093] fg_read_vcell: VCELL=3878
<3>[    8.017725] s3c_keygpio_isr:245 input_report_key(df381000, 26, 0)
<7>[    8.027092] s3c_keygpio_isr pwr key_status =64
<7>[   12.113880] [TSP]### Finger[0] Down (422,14) - touch num is (1)   status=0xc0
<7>[   12.634814] [TSP]### Finger[0] Up (5,29) - touch num is (0)  status=0x20
<6>[   12.980040] fg_read_vcell: VCELL=3878
<7>[   13.011592] [TSP]### Finger[0] Down (427,69) - touch num is (1)   status=0xc0
<3>[   13.192036] s3c_keygpio_vol_down_isr:295 input_report_key(df381000, 58, 0)
<7>[   13.202617] s3c_keygpio_vol_down_isr key_status =2,
<3>[   13.208428] s3c_keygpio_vol_down_isr:295 input_report_key(df381000, 58, 0)
<7>[   13.219009] s3c_keygpio_vol_down_isr key_status =2,
<7>[   13.400504] [TSP]### Finger[0] Up (2,118) - touch num is (0)  status=0x20
<7>[   14.361047] [TSP]### Finger[0] Down (423,526) - touch num is (1)   status=0xc0
<7>[   14.666115] [TSP]### Finger[0] Up (3,530) - touch num is (0)  status=0x20
<7>[   14.937558] [TSP]### Finger[0] Down (425,667) - touch num is (1)   status=0xc0
<7>[   15.494252] [TSP]### Finger[0] Up (4,634) - touch num is (0)  status=0x20
<7>[   15.500436] [TSP]### Finger[0] Down (33,88) - touch num is (1)   status=0xc0
<7>[   15.759884] [TSP]### Finger[0] Up (42,35) - touch num is (0)  status=0x20
<6>[   17.980062] fg_read_vcell: VCELL=3878
<6>[   21.077149] init: command 'mount' r=0
<6>[   21.079880] init: command 'chmod' r=-2
<6>[   21.205589] init: command 'mount' r=0
<6>[   21.208363] init: command 'mkdir' r=-17
<6>[   21.271643] init: command 'mount' r=0
<6>[   21.274245] init: command 'chown' r=0
<6>[   21.276847] init: command 'chmod' r=0
<6>[   21.279622] init: command 'mkdir' r=-17
<6>[   21.282224] init: command 'chown' r=0
<6>[   21.284826] init: command 'chmod' r=0
<6>[   21.287428] init: command 'copy' r=-1
<6>[   21.292251] init: command 'chown' r=-2
<6>[   21.294939] init: command 'chmod' r=-2
<6>[   21.297541] init: command 'copy' r=-1
<6>[   21.300230] init: command 'chown' r=-2
<6>[   21.302918] init: command 'chmod' r=-2
<6>[   21.305607] init: command 'write' r=-2
<6>[   21.707192] init: command 'mount' r=0
<6>[   21.709792] init: command 'chown' r=0
<6>[   21.712394] init: command 'chmod' r=0
<6>[   22.980003] fg_read_vcell: VCELL=3878
<6>[   23.117272] init: command 'mkdir' r=0
<6>[   23.121132] init: command 'chown' r=0
<6>[   23.126274] init: command 'chmod' r=0
<4>[   25.459311] fsa9480_interrupt
<4>[   25.462346] [FSA9480] FSA9480_ReadIntRegister
<4>[   25.513154] [FSA9480] FSA9480_ProcessDevice (dev1 : 0x4, dev2 : 0x0)
<4>[   25.515322] USB attach or detach: 2
<4>[   25.518262] FSA9480_DEV_TY1_USB --- DETACH
<4>[   25.522338] [otg_clock_enable] clk_disable(otg_clock) OK.
<6>[   25.527803] ldo38_control : turn OFF LDO3 and LDO8 (cur_stat=1, req=1)
<6>[   25.909221] init: command 'mkdir' r=0
<6>[   25.912083] init: command 'symlink' r=-1
<6>[   25.914686] init: command 'chown' r=0
<6>[   25.917287] init: command 'chmod' r=0
<6>[   25.919890] init: command 'chown' r=0
<6>[   25.922491] init: command 'chmod' r=0
<6>[   25.925267] init: command 'mkdir' r=-17
<6>[   25.927869] init: command 'chown' r=0
<6>[   25.930471] init: command 'chmod' r=0
<6>[   25.933246] init: command 'mkdir' r=-17
<6>[   25.938571] init: command 'mkdir' r=-17
<6>[   25.941347] init: command 'mkdir' r=-17
<6>[   25.944122] init: command 'mkdir' r=-17
<6>[   25.946898] init: command 'mkdir' r=-17
<6>[   25.949673] init: command 'mkdir' r=-17
<6>[   25.954582] init: command 'mkdir' r=-17
<6>[   25.957357] init: command 'mkdir' r=-17
<6>[   25.960133] init: command 'mkdir' r=-17
<6>[   25.962735] init: command 'chmod' r=0
<6>[   25.967644] init: command 'mkdir' r=-17
<6>[   25.970419] init: command 'mkdir' r=-17
<6>[   25.973194] init: command 'mkdir' r=-17
<6>[   25.975883] init: command 'chmod' r=-2
<4>[   25.980384] [TSP] TA NON-Detect!!!
<6>[   25.983160] init: command 'mkdir' r=-17
<6>[   25.988069] init: command 'mkdir' r=-17
<6>[   25.990844] init: command 'mkdir' r=-17
<6>[   25.993620] init: command 'mkdir' r=-17
<6>[   25.996395] init: command 'mkdir' r=-17
<6>[   25.999171] init: command 'mkdir' r=-17
<6>[   26.001946] init: command 'mkdir' r=-17
<6>[   26.004548] init: command 'chmod' r=0
<6>[   26.007237] init: command 'chmod' r=-2
<6>[   26.009839] init: command 'chmod' r=0
<6>[   26.012441] init: command 'chmod' r=0
<6>[   26.015042] init: command 'chmod' r=0
<6>[   26.017644] init: command 'chmod' r=0
<6>[   26.020420] init: command 'mkdir' r=-17
<6>[   26.023022] init: command 'chown' r=0
<6>[   26.025624] init: command 'chmod' r=0
<6>[   26.028399] init: command 'mkdir' r=-17
<6>[   26.031175] init: command 'mkdir' r=-17
<6>[   26.033776] init: command 'chown' r=0
<6>[   26.036378] init: command 'chmod' r=0
<6>[   26.038981] init: command 'chown' r=0
<6>[   26.041582] init: command 'chmod' r=0
<7>[   26.050378] 
<7>[   26.050385] [TSP][set_tsp_for_ta_detect] 
<7>[   26.055494] [TSP] reset acq tchthr=40, noisethr=35, noise.ctrl=5  
<7>[   26.059137] [TSP] reset acq tchdrift=0, driftst=0
<6>[   26.063352] fg_read_vcell: VCELL=3878
<4>[   26.066502] Storage device init
<6>[   26.070649] init: command 'insmod' r=0
<4>[   26.081568] ######## bthid_init: ########
<4>[   26.085547] ######## bthid_init: done ########
<6>[   26.088949] init: command 'insmod' r=0
<6>[   26.096431] init: command 'mkdir' r=-17
<6>[   26.099207] init: command 'chown' r=-30
<6>[   26.101982] init: command 'chmod' r=-30
<6>[   26.106935] init: command 'chmod' r=-2
<6>[   26.111280] init: command 'mkdir' r=-17
<6>[   26.115486] init: command 'mkdir' r=-17
<6>[   26.118088] init: command 'mkdir' r=0
<6>[   26.122191] init: command 'chmod' r=-2
<6>[   26.124966] init: command 'mkdir' r=-17
<6>[   26.127568] init: command 'mount' r=0
<6>[   26.130343] init: command 'mkdir' r=-30
<6>[   26.133032] init: command 'chown' r=-2
<3>[   26.138149] init: ro.build.id:FROYO
<3>[   26.145175] init: ro.build.display.id:FROYO.XXJPX
<3>[   26.153674] init: ro.build.version.incremental:XXJPX
<3>[   26.161393] init: ro.build.version.sdk:8
<3>[   26.168679] init: ro.build.version.codename:REL
<3>[   26.176658] init: ro.build.version.release:2.2.1
<3>[   26.186112] init: ro.build.date:2010. 12. 17. (ê¸ˆ) 17:06:56 KST
<3>[   26.195392] init: ro.build.date.utc:1292573216
<3>[   26.202244] init: ro.build.type:user
<3>[   26.208228] init: ro.build.user:root
<3>[   26.214386] init: ro.build.host:sep-60
<3>[   26.221238] init: ro.build.tags:release-keys
<3>[   26.228524] init: ro.product.model:GT-I9000
<3>[   26.235636] init: ro.product.brand:samsung
<3>[   26.242661] init: ro.product.name:GT-I9000
<3>[   26.249860] init: ro.product.device:GT-I9000
<3>[   26.257145] init: ro.product.board:GT-I9000
<3>[   26.264777] init: ro.product.cpu.abi:armeabi-v7a
<3>[   26.272583] init: ro.product.cpu.abi2:armeabi
<3>[   26.280476] init: ro.product.manufacturer:samsung
<3>[   26.288542] init: ro.product.locale.language:en
<3>[   26.296261] init: ro.product.locale.region:GB
<3>[   26.302939] init: ro.wifi.channels:
<3>[   26.309444] init: ro.board.platform:s5pc110
<3>[   26.316643] init: ro.build.product:GT-I9000
<3>[   26.327311] init: ro.build.description:GT-I9000-user 2.2.1 FROYO XXJPX release-keys
<3>[   26.343703] init: ro.build.fingerprint:samsung/GT-I9000/GT-I9000/GT-I9000:2.2.1/FROYO/XXJPX:user/release-keys
<3>[   26.356453] init: ro.build.PDA:I9000XXJPX
<3>[   26.363912] init: ro.build.hidden_ver:I9000XXJPX
<3>[   26.371631] init: ro.build.changelist:787513
<3>[   26.378656] init: ro.tether.denied:false
<3>[   26.386722] init: rild.libpath:/system/lib/libsec-ril.so
<3>[   26.395135] init: rild.libargs:-d /dev/ttyS0
<3>[   26.402074] init: ro.sf.lcd_density:240
<3>[   26.408665] init: dalvik.vm.heapsize:48m
<3>[   26.416211] init: dalvik.vm.execution-mode:int:jit
<3>[   26.424103] init: ro.opengles.version:131072
<3>[   26.431996] init: windowsmgr.max_events_per_sec:55
<3>[   26.440409] init: keyinputqueue.use_finger_id:true
<3>[   26.449169] init: media.stagefright.enable-player:true
<3>[   26.458102] init: media.stagefright.enable-meta:true
<3>[   26.466862] init: media.stagefright.enable-scan:true
<3>[   26.475622] init: media.stagefright.enable-http:true
<3>[   26.483862] init: keyguard.no_require_sim:true
<3>[   26.492448] init: ro.config.ringtone:01_Samsung_tune.ogg
<3>[   26.502335] init: ro.config.notification_sound:01_Sherbet.ogg
<3>[   26.512223] init: ro.config.alarm_alert:Good_Morning.ogg
<3>[   26.520636] init: ro.opengles.version:131072
<3>[   26.527401] init: net.bt.name:Android
<3>[   26.533819] init: net.change:net.bt.name
<3>[   26.542666] init: dalvik.vm.stack-trace-file:/data/anr/traces.txt
<3>[   26.559206] init: ro.url.legal:http://www.google.com/intl/%s/mobile/android/basic/phone-legal.html
<3>[   26.576985] init: ro.url.legal.android_privacy:http://www.google.com/intl/%s/mobile/android/basic/privacy.html
<3>[   26.590602] init: ro.com.google.locationfeatures:1
<3>[   26.598668] init: ro.setupwizard.mode:DISABLED
<3>[   26.607601] init: ro.com.google.clientidbase:android-samsung
<3>[   26.618009] init: ro.com.google.clientidbase.yt:android-samsung
<3>[   26.628677] init: ro.com.google.clientidbase.am:android-samsung
<3>[   26.639345] init: ro.com.google.clientidbase.vs:android-samsung
<3>[   26.650100] init: ro.com.google.clientidbase.gmm:android-samsung
<3>[   26.659641] init: ro.com.google.gmsversion:2.2_r8
<6>[   26.673613] init: Created socket '/dev/socket/property_service' with mode '666', user '0', group '0'
<6>[   26.807086] init: processing action 0x32fc0 (boot)
<4>[   26.809383] [UART Switch] Path : PDA
<6>[   26.814326] inside set_param_value1 idx = 4, value = -1051560012
<3>[   26.817882] lfs_param_op: filp_open failed. (-2)
<6>[   26.824994] init: command 'write' r=0
<4>[   26.827162] [FSA9480]usb_sel_store
<4>[   26.827170]  [FSA9480] usb_switch_mode: Path = PDA
<4>[   26.833927] [FSA9480_Enable_AP_USB] Enable AP USB
<4>[   26.839235] [ap_usb_power_on]AP USB Power ON, askon: 0, mtp : 0
<4>[   26.845133] !!!!!!!!!!! [ap_usb_power_on]AP samsung_kies_mtp_mode_flag0, mtp:0
<6>[   26.860198] inside set_param_value1 idx = 4, value = -1051560012
<3>[   26.863754] lfs_param_op: filp_open failed. (-2)
<6>[   26.870866] init: command 'write' r=0
<3>[   26.873989] init: ro.build.product:smdkc110
<6>[   26.880840] init: command 'setprop' r=0
<3>[   26.884050] init: ro.product.device:smdkc110
<6>[   26.890988] init: command 'setprop' r=0
<3>[   26.893503] init: ro.radio.noril:yes
<6>[   26.899748] init: command 'setprop' r=0
<3>[   26.902870] init: status.battery.state:Slow
<6>[   26.909722] init: command 'setprop' r=0
<3>[   26.912584] init: status.battery.level:5
<6>[   26.919176] init: command 'setprop' r=0
<3>[   26.922472] init: status.battery.level_raw:50
<6>[   26.929497] init: command 'setprop' r=0
<3>[   26.932879] init: status.battery.level_scale:9
<6>[   26.939992] init: command 'setprop' r=0
<6>[   26.942880] init: command 'ifup' r=0
<6>[   26.945742] init: command 'hostname' r=0
<6>[   26.948778] init: command 'domainname' r=0
<6>[   26.951726] init: command 'setrlimit' r=0
<3>[   26.954675] init: ro.FOREGROUND_APP_ADJ:0
<6>[   26.961353] init: command 'setprop' r=0
<3>[   26.964042] init: ro.VISIBLE_APP_ADJ:1
<6>[   26.970460] init: command 'setprop' r=0
<3>[   26.973583] init: ro.SECONDARY_SERVER_ADJ:2
<6>[   26.980435] init: command 'setprop' r=0
<3>[   26.983036] init: ro.BACKUP_APP_ADJ:2
<6>[   26.989368] init: command 'setprop' r=0
<3>[   26.991796] init: ro.HOME_APP_ADJ:4
<6>[   26.997954] init: command 'setprop' r=0
<3>[   27.000903] init: ro.HIDDEN_APP_MIN_ADJ:7
<6>[   27.007581] init: command 'setprop' r=0
<3>[   27.010790] init: ro.CONTENT_PROVIDER_ADJ:14
<6>[   27.017729] init: command 'setprop' r=0
<3>[   27.020331] init: ro.EMPTY_APP_ADJ:15
<6>[   27.026663] init: command 'setprop' r=0
<3>[   27.029871] init: ro.FOREGROUND_APP_MEM:2560
<6>[   27.036810] init: command 'setprop' r=0
<3>[   27.039759] init: ro.VISIBLE_APP_MEM:4096
<6>[   27.046437] init: command 'setprop' r=0
<3>[   27.049820] init: ro.SECONDARY_SERVER_MEM:5120
<6>[   27.056932] init: command 'setprop' r=0
<3>[   27.059794] init: ro.BACKUP_APP_MEM:5120
<6>[   27.066386] init: command 'setprop' r=0
<3>[   27.069074] init: ro.HOME_APP_MEM:5120
<6>[   27.075492] init: command 'setprop' r=0
<3>[   27.078354] init: ro.HIDDEN_APP_MEM:6144
<6>[   27.084946] init: command 'setprop' r=0
<3>[   27.088328] init: ro.CONTENT_PROVIDER_MEM:7168
<6>[   27.095441] init: command 'setprop' r=0
<3>[   27.098216] init: ro.EMPTY_APP_MEM:8192
<6>[   27.104721] init: command 'setprop' r=0
<3>[   27.107323] init: wifi.interface:eth0
<6>[   27.113654] init: command 'setprop' r=0
<3>[   27.118598] init: ro.bt.bdaddr_path:/data/misc/bluetooth/bt_addr
<6>[   27.127271] init: command 'setprop' r=0
<6>[   27.129882] init: command 'write' r=0
<6>[   27.132484] init: command 'write' r=0
<6>[   27.135086] init: command 'write' r=0
<6>[   27.137688] init: command 'write' r=0
<6>[   27.140289] init: command 'write' r=0
<6>[   27.142891] init: command 'write' r=0
<6>[   27.145493] init: command 'write' r=0
<6>[   27.148095] init: command 'write' r=0
<6>[   27.150784] init: command 'chown' r=-2
<6>[   27.153473] init: command 'chown' r=-2
<6>[   27.156161] init: command 'chown' r=-2
<6>[   27.158850] init: command 'chown' r=-2
<6>[   27.161539] init: command 'chown' r=-2
<6>[   27.164141] init: command 'chown' r=0
<6>[   27.166743] init: command 'chown' r=0
<6>[   27.169345] init: command 'chown' r=0
<6>[   27.171947] init: command 'chown' r=0
<6>[   27.174548] init: command 'chmod' r=0
<6>[   27.177150] init: command 'chmod' r=0
<6>[   27.179752] init: command 'chmod' r=0
<6>[   27.182354] init: command 'chmod' r=0
<6>[   27.184956] init: command 'chown' r=0
<6>[   27.187645] init: command 'chown' r=-2
<6>[   27.190247] init: command 'chown' r=0
<6>[   27.192935] init: command 'chown' r=-2
<6>[   27.195624] init: command 'chown' r=-2
<6>[   27.198313] init: command 'chown' r=-2
<6>[   27.201001] init: command 'chown' r=-2
<6>[   27.203690] init: command 'chown' r=-2
<6>[   27.206379] init: command 'chown' r=-2
<6>[   27.209068] init: command 'chown' r=-2
<6>[   27.211756] init: command 'chown' r=-2
<6>[   27.214445] init: command 'chown' r=-2
<6>[   27.217133] init: command 'chown' r=-2
<6>[   27.219822] init: command 'chown' r=-2
<6>[   27.222511] init: command 'chown' r=-2
<6>[   27.225199] init: command 'chown' r=-2
<6>[   27.227888] init: command 'chown' r=-2
<6>[   27.230490] init: command 'chown' r=0
<6>[   27.233092] init: command 'chown' r=0
<6>[   27.235694] init: command 'chown' r=0
<6>[   27.238296] init: command 'chown' r=0
<6>[   27.240898] init: command 'chown' r=0
<6>[   27.243500] init: command 'chown' r=0
<6>[   27.246102] init: command 'chown' r=0
<6>[   27.248704] init: command 'chown' r=0
<6>[   27.251306] init: command 'chown' r=0
<3>[   27.257637] init: net.tcp.buffersize.default:4096,87380,196608,4096,16384,110208
<3>[   27.269086] init: net.change:net.tcp.buffersize.default
<6>[   27.276979] init: command 'setprop' r=0
<3>[   27.283049] init: net.tcp.buffersize.wifi:4095,87380,196608,4096,16384,110208
<3>[   27.293978] init: net.change:net.tcp.buffersize.wifi
<6>[   27.301610] init: command 'setprop' r=0
<3>[   27.307681] init: net.tcp.buffersize.umts:4094,87380,196608,4096,16384,110208
<3>[   27.318610] init: net.change:net.tcp.buffersize.umts
<6>[   27.326242] init: command 'setprop' r=0
<3>[   27.332140] init: net.tcp.buffersize.edge:4093,26280,35040,4096,16384,35040
<3>[   27.342895] init: net.change:net.tcp.buffersize.edge
<6>[   27.350527] init: command 'setprop' r=0
<3>[   27.356251] init: net.tcp.buffersize.gprs:4092,8760,11680,4096,8760,11680
<3>[   27.366832] init: net.change:net.tcp.buffersize.gprs
<6>[   27.374465] init: command 'setprop' r=0
<6>[   27.379027] init: command 'chmod' r=-30
<6>[   27.381802] init: command 'chmod' r=-30
<6>[   27.384578] init: command 'chmod' r=-30
<6>[   27.387353] init: command 'chmod' r=-30
<6>[   27.390129] init: command 'chmod' r=-30
<6>[   27.392904] init: command 'chmod' r=-30
<6>[   27.395679] init: command 'chmod' r=-30
<6>[   27.398368] init: command 'chmod' r=-2
<6>[   27.400987] init: command 'write' r=0
<6>[   27.403589] init: command 'write' r=0
<6>[   27.406278] init: command 'write' r=-2
<6>[   27.408967] init: command 'write' r=-2
<6>[   27.411655] init: command 'chown' r=-2
<6>[   27.414344] init: command 'chown' r=-2
<6>[   27.416946] init: command 'chown' r=0
<6>[   27.419635] init: command 'chmod' r=-2
<6>[   27.422323] init: command 'chmod' r=-2
<6>[   27.424925] init: command 'chown' r=0
<6>[   27.427527] init: command 'chmod' r=0
<6>[   27.430129] init: command 'chown' r=0
<6>[   27.432731] init: command 'chmod' r=0
<6>[   27.435333] init: command 'chmod' r=0
<6>[   27.437935] init: command 'chmod' r=0
<6>[   27.440537] init: command 'chown' r=0
<6>[   27.443139] init: command 'chown' r=0
<6>[   27.445845] init: command 'chmod' r=-2
<6>[   27.448447] init: command 'chown' r=0
<6>[   27.451049] init: command 'chown' r=0
<5>[   27.453564] init: starting 'console'
<3>[   27.456713] init: init.svc.console:running
<5>[   27.466523] init: starting 'playlogos1'
<3>[   27.471119] init: init.svc.playlogos1:running
<5>[   27.477711] init: starting 'adbd'
<3>[   27.481787] init: init.svc.adbd:running
<6>[   27.491961] warning: `adbd' uses 32-bit capabilities (legacy support in use)
<5>[   27.496913] init: starting 'pvrsrvinit'
<3>[   27.500530] init: init.svc.pvrsrvinit:running
<6>[   27.506340] enabling adb
<4>[   27.510850] [USB] enable_adb - enable(0x10), prev_status(0x01)
<4>[   27.512932] Here is enable_adb@@@@
<4>[   27.515273] [enable_adb]USBSTATUS_ADB
<6>[   27.518049] acm_function_config_changed
<6>[   27.521605] mass_storage_function_config_changed
<6>[   27.524380] adb_function_config_changed
<4>[   27.526982]   interface 0 = acm/c4fb1000
<4>[   27.529584]   interface 1 = acm/c4fb1000
<4>[   27.533314]   interface 2 = usb_mass_storage/df35b800
<4>[   27.535915]   interface 3 = adb/df357d00
<4>[   27.540920] [ap_usb_power_on]AP USB Power ON, askon: 0, mtp : 0
<4>[   27.546818] !!!!!!!!!!! [ap_usb_power_on]AP samsung_kies_mtp_mode_flag0, mtp:0
<5>[   27.550947] init: starting 'servicemanager'
<3>[   27.554702] init: init.svc.servicemanager:running
<5>[   27.561641] init: starting 'vold'
<3>[   27.566845] init: init.svc.vold:running
<6>[   27.580402] init: Created socket '/dev/socket/vold' with mode '660', user '0', group '1009'
<5>[   27.583818] init: starting 'notified_event'
<3>[   27.589091] init: init.svc.notified_event:running
<6>[   27.601927] init: Created socket '/dev/socket/notified_event' with mode '660', user '0', group '1000'
<5>[   27.604686] init: starting 'netd'
<3>[   27.607513] init: init.svc.netd:running
<6>[   27.618615] init: Created socket '/dev/socket/netd' with mode '660', user '0', group '1000'
<5>[   27.621425] init: starting 'debuggerd'
<3>[   27.625232] init: init.svc.debuggerd:running
<5>[   27.648494] init: starting 'DR-daemon'
<3>[   27.652232] init: init.svc.DR-daemon:running
<5>[   27.665164] init: starting 'mobex-daemon'
<3>[   27.669223] init: init.svc.mobex-daemon:running
<5>[   27.676161] init: starting 'zygote'
<3>[   27.679222] init: init.svc.zygote:running
<6>[   27.690411] init: Created socket '/dev/socket/zygote' with mode '666', user '0', group '0'
<5>[   27.713430] init: starting 'media'
<3>[   27.719613] init: init.svc.media:running
<3>[   27.745131] init: cannot find '/system/bin/vtserver', disabling 'vt'
<5>[   27.778644] init: starting 'dbus'
<3>[   27.782129] init: init.svc.dbus:running
<6>[   27.795505] init: Created socket '/dev/socket/dbus' with mode '660', user '1002', group '1002'
<6>[   27.808053] PVR_K:(Warning): SysFinalise: Version string: SGX540 S5PC110 [475, services4/system/s5pc110/sysconfig.c]
<5>[   27.814333] init: starting 'installd'
<3>[   27.817603] init: init.svc.installd:running
<6>[   27.829658] init: Created socket '/dev/socket/installd' with mode '600', user '1000', group '1000'
<3>[   27.838661] init: cannot find '/system/etc/install-recovery.sh', disabling 'flash_recovery'
<5>[   27.850023] init: starting 'sensor-daemon'
<3>[   27.853709] init: init.svc.sensor-daemon:running
<5>[   27.861394] init: starting 'keystore'
<3>[   27.864619] init: init.svc.keystore:running
<6>[   27.876155] init: Created socket '/dev/socket/keystore' with mode '666', user '0', group '0'
<5>[   27.882627] init: starting 'immvibed'
<3>[   27.886989] init: init.svc.immvibed:running
<3>[   27.900961] init: cannot find '/system/bin/immvbsd', disabling 'immvbsd'
<5>[   27.912418] init: starting 'tvout'
<3>[   27.916685] init: init.svc.tvout:running
<5>[   27.928940] init: starting 'dfta'
<3>[   27.932080] init: init.svc.dfta:running
<6>[   27.939860] init: command 'class_start' r=0
<6>[   27.946754] init: processing action 0x343c8 (property:persist.service.adb.enable=1)
<6>[   27.955906] init: command 'start' r=0
<6>[   27.962254] init: waitpid returned pid 2281, status = 00000000
<5>[   27.967101] init: process 'pvrsrvinit', pid 2281 exited
<3>[   27.973433] init: init.svc.pvrsrvinit:stopped
<6>[   27.982557] init: waitpid returned pid 2313, status = 00000200
<5>[   27.986885] init: process 'dfta', pid 2313 exited
<3>[   27.990320] init: init.svc.dfta:stopped
<6>[   28.000398] init: make_device '/dev/pvrsrvkm' block 0, major 240, minor 0 r=0
<6>[   28.007796] init: make_device '/dev/s3c_bc' block 0, major 253, minor 0 r=0
<6>[   28.014500] init: make_device '/dev/tspdrv' block 0, major 10, minor 43 r=0
<6>[   28.043192] init: make_device '/dev/block/bml0!c' block 1, major 137, minor 0 r=0
<6>[   28.052671] init: make_device '/dev/block/bml1' block 1, major 137, minor 1 r=0
<6>[   28.061180] init: make_device '/dev/block/bml2' block 1, major 137, minor 2 r=0
<6>[   28.069549] init: make_device '/dev/block/bml3' block 1, major 137, minor 3 r=0
<6>[   28.079280] init: make_device '/dev/block/bml4' block 1, major 137, minor 4 r=0
<6>[   28.087407] init: make_device '/dev/block/bml5' block 1, major 137, minor 5 r=0
<6>[   28.095412] init: make_device '/dev/block/bml6' block 1, major 137, minor 6 r=0
<6>[   28.102454] init: make_device '/dev/block/bml7' block 1, major 137, minor 7 r=0
<6>[   28.112594] init: make_device '/dev/block/stl1' block 1, major 138, minor 1 r=0
<6>[   28.120790] init: make_device '/dev/block/stl2' block 1, major 138, minor 2 r=0
<6>[   28.129394] init: make_device '/dev/block/stl3' block 1, major 138, minor 3 r=0
<6>[   28.137790] init: make_device '/dev/block/stl4' block 1, major 138, minor 4 r=0
<6>[   28.146142] init: make_device '/dev/block/stl5' block 1, major 138, minor 5 r=0
<6>[   28.155171] init: make_device '/dev/block/stl6' block 1, major 138, minor 6 r=0
<6>[   28.163028] init: make_device '/dev/block/stl7' block 1, major 138, minor 7 r=0
<6>[   28.169611] init: make_device '/dev/storage' block 0, major 10, minor 234 r=0
<6>[   28.175595] init: make_device '/dev/bthid' block 0, major 10, minor 224 r=0
<6>[   28.181762] init: make_device '/dev/block/ram0' block 1, major 1, minor 0 r=0
<6>[   28.188033] init: make_device '/dev/block/ram1' block 1, major 1, minor 1 r=0
<6>[   28.194312] init: make_device '/dev/block/ram2' block 1, major 1, minor 2 r=0
<6>[   28.201026] init: make_device '/dev/block/ram3' block 1, major 1, minor 3 r=0
<6>[   28.207157] init: make_device '/dev/block/ram4' block 1, major 1, minor 4 r=0
<6>[   28.213271] init: make_device '/dev/block/ram5' block 1, major 1, minor 5 r=0
<6>[   28.219377] init: make_device '/dev/block/ram6' block 1, major 1, minor 6 r=0
<6>[   28.225492] init: make_device '/dev/block/ram7' block 1, major 1, minor 7 r=0
<6>[   28.232882] init: make_device '/dev/block/ram8' block 1, major 1, minor 8 r=0
<6>[   28.239005] init: make_device '/dev/block/ram9' block 1, major 1, minor 9 r=0
<6>[   28.245292] init: make_device '/dev/block/ram10' block 1, major 1, minor 10 r=0
<6>[   28.251572] init: make_device '/dev/block/ram11' block 1, major 1, minor 11 r=0
<6>[   28.257851] init: make_device '/dev/block/ram12' block 1, major 1, minor 12 r=0
<6>[   28.264130] init: make_device '/dev/block/ram13' block 1, major 1, minor 13 r=0
<6>[   28.270410] init: make_device '/dev/block/ram14' block 1, major 1, minor 14 r=0
<6>[   28.276689] init: make_device '/dev/block/ram15' block 1, major 1, minor 15 r=0
<6>[   28.282882] init: make_device '/dev/block/loop0' block 1, major 7, minor 0 r=0
<6>[   28.289075] init: make_device '/dev/block/loop1' block 1, major 7, minor 1 r=0
<6>[   28.295363] init: make_device '/dev/block/loop2' block 1, major 7, minor 2 r=0
<6>[   28.301547] init: make_device '/dev/block/loop3' block 1, major 7, minor 3 r=0
<6>[   28.307739] init: make_device '/dev/block/loop4' block 1, major 7, minor 4 r=0
<6>[   28.314010] init: make_device '/dev/block/loop5' block 1, major 7, minor 5 r=0
<6>[   28.327056] init: make_device '/dev/block/loop6' block 1, major 7, minor 6 r=0
<6>[   28.334453] init: make_device '/dev/block/loop7' block 1, major 7, minor 7 r=0
<6>[   28.341070] init: make_device '/dev/block/tfsr0!c' block 1, major 139, minor 0 r=0
<6>[   28.347801] init: make_device '/dev/block/tfsr1' block 1, major 139, minor 1 r=0
<6>[   28.354288] init: make_device '/dev/block/tfsr2' block 1, major 139, minor 2 r=0
<6>[   28.360802] init: make_device '/dev/block/tfsr3' block 1, major 139, minor 3 r=0
<6>[   28.367176] init: make_device '/dev/block/tfsr4' block 1, major 139, minor 4 r=0
<6>[   28.373525] init: make_device '/dev/block/tfsr5' block 1, major 139, minor 5 r=0
<6>[   28.379856] init: make_device '/dev/block/tfsr6' block 1, major 139, minor 6 r=0
<6>[   28.386214] init: make_device '/dev/block/tfsr7' block 1, major 139, minor 7 r=0
<6>[   28.393734] init: make_device '/dev/block/mmcblk0' block 1, major 179, minor 0 r=0
<6>[   28.401201] init: make_device '/dev/block/mmcblk0p1' block 1, major 179, minor 1 r=0
<6>[   28.410256] init: make_device '/dev/block/mmcblk0p2' block 1, major 179, minor 2 r=0
<6>[   28.417351] init: make_device '/dev/block/mmcblk0p3' block 1, major 179, minor 3 r=0
<6>[   28.424584] init: make_device '/dev/block/mmcblk1' block 1, major 179, minor 8 r=0
<6>[   28.431401] init: make_device '/dev/block/mmcblk1p1' block 1, major 179, minor 9 r=0
<6>[   28.438479] init: make_device '/dev/block/mmcblk1p2' block 1, major 179, minor 10 r=0
<6>[   28.445686] init: make_device '/dev/block/mmcblk1p5' block 1, major 179, minor 13 r=0
<6>[   28.452945] init: make_device '/dev/block/mmcblk1p6' block 1, major 179, minor 14 r=0
<6>[   28.459814] init: make_device '/dev/block/mmcblk1p7' block 1, major 179, minor 15 r=0
<6>[   28.473025] init: make_device '/dev/block/bml0!c' block 1, major 137, minor 0 r=0
<6>[   28.480196] init: make_device '/dev/block/bml1' block 1, major 137, minor 1 r=0
<6>[   28.487153] init: make_device '/dev/block/bml2' block 1, major 137, minor 2 r=0
<6>[   28.493397] init: make_device '/dev/block/bml3' block 1, major 137, minor 3 r=0
<6>[   28.500414] init: make_device '/dev/block/bml4' block 1, major 137, minor 4 r=0
<6>[   28.506658] init: make_device '/dev/block/bml5' block 1, major 137, minor 5 r=0
<6>[   28.512998] init: make_device '/dev/block/bml6' block 1, major 137, minor 6 r=0
<6>[   28.519260] init: make_device '/dev/block/bml7' block 1, major 137, minor 7 r=0
<6>[   28.525912] init: make_device '/dev/block/stl1' block 1, major 138, minor 1 r=0
<6>[   28.532591] init: make_device '/dev/block/stl2' block 1, major 138, minor 2 r=0
<6>[   28.539130] init: make_device '/dev/block/stl3' block 1, major 138, minor 3 r=0
<6>[   28.545488] init: make_device '/dev/block/stl4' block 1, major 138, minor 4 r=0
<6>[   28.552158] init: make_device '/dev/block/stl5' block 1, major 138, minor 5 r=0
<6>[   28.559816] init: make_device '/dev/block/stl6' block 1, major 138, minor 6 r=0
<6>[   28.566789] init: make_device '/dev/block/stl7' block 1, major 138, minor 7 r=0
<6>[   28.571932] init: waitpid returned pid 2302, status = 00000000
<5>[   28.575921] init: process 'immvibed', pid 2302 exited
<3>[   28.579261] init: init.svc.immvibed:stopped
<4>[   28.899353] fsa9480_interrupt
<4>[   28.902388] [FSA9480] FSA9480_ReadIntRegister
<6>[   28.958287] ldo38_control : turn ON LDO3 and LDO8 (cur_stat=0, req=1)
<4>[   28.962276] [otg_clock_enable] clk_enable(otg_clock) OK.
<3>[   28.974757] init: sys_prop: permission denied uid:2000  name:adb.connected
<4>[   28.986639] [FSA9480] FSA9480_ProcessDevice (dev1 : 0x4, dev2 : 0x0)
<4>[   28.988807] USB attach or detach: 1
<4>[   28.991582] FSA9480_DEV_TY1_USB --- ATTACH
<4>[   28.994965] [FSA9480] usb_switch_mode: Path = PDA
<4>[   28.998347] [FSA9480_Enable_AP_USB] Enable AP USB
<4>[   29.003638] [ap_usb_power_on]AP USB Power ON, askon: 0, mtp : 0
<4>[   29.009536] !!!!!!!!!!! [ap_usb_power_on]AP samsung_kies_mtp_mode_flag0, mtp:0
<4>[   29.144430] PKD:: OTG core got reset!!! 
<4>[   29.181585] [TSP] TA Detect!!!
<7>[   29.187310] 
<7>[   29.187315] [TSP][set_tsp_for_ta_detect] 
<7>[   29.192600] [TSP] reset acq tchthr=70, noisethr=60, noise.ctrl=135  
<7>[   29.196243] [TSP] reset acq tchdrift=1, driftst=1
<6>[   29.210822] fg_read_vcell: VCELL=3878
<7>[   29.245993] [TSP] msg id =  1 10 c1 f4 4 0 0 0 0
<7>[   29.273026] [TSP] msg id =  1 0 c1 f4 4 0 0 0 0
<4>[   29.514002] acm_disconnected
<4>[   29.785438] [USB:UMS] fsg_function_setup, return to PC fsg->nluns=2
<4>[   29.792843] printk:do_inquiry fsg->cdrom 0 curlun->id 0
<4>[   29.800649] printk:do_inquiry fsg->cdrom 0 curlun->id 0
<4>[   29.821925] printk:do_inquiry fsg->cdrom 0 curlun->id 1
<4>[   29.828117] printk:do_inquiry fsg->cdrom 0 curlun->id 1
<3>[   30.560626] init: sys_prop: permission denied uid:2000  name:adb.connected
<4>[   31.097702] printk:do_inquiry fsg->cdrom 0 curlun->id 0
<4>[   31.101794] printk:do_inquiry fsg->cdrom 0 curlun->id 0
<4>[   31.116122] printk:do_inquiry fsg->cdrom 0 curlun->id 1
<4>[   31.120164] printk:do_inquiry fsg->cdrom 0 curlun->id 1
<4>[   32.414170] DmaAddr=@4f3e0000 Total=32768bytes PrdSz=2048 #Prds=4, dmaEnd 0x4f3e8000
<4>[   32.480389] DmaAddr=@4f3e0000 Total=32768bytes PrdSz=2048 #Prds=4, dmaEnd 0x4f3e8000
<6>[   34.210520] fg_read_vcell: VCELL=3878
<4>[   36.877238] !@beginofsystem_init1()
<6>[   36.884376] init: make_device '/dev/vcs7' block 0, major 7, minor 7 r=0
<6>[   36.891184] init: make_device '/dev/vcsa7' block 0, major 7, minor 135 r=0
<4>[   37.133495] !@endofsystem_init1()
<3>[   37.137770] init: no such service 'bootanim'
<4>[   38.564049] !@beginofPackageManager
<6>[   39.210459] fg_read_vcell: VCELL=3878
<6>[   44.210453] fg_read_vcell: VCELL=3878
<6>[   49.210503] fg_read_vcell: VCELL=3878
<6>[   54.210473] fg_read_vcell: VCELL=3878
<7>[   55.073104] mmcblk1: error -84 transferring data, sector 2659594, nr 848, card status 0xf00
<7>[   55.769724] mmcblk1: error -84 transferring data, sector 2659594, nr 848, card status 0xf00
<6>[   59.210489] fg_read_vcell: VCELL=3878
<6>[   64.210468] fg_read_vcell: VCELL=3878
<6>[   69.210435] fg_read_vcell: VCELL=3878
<3>[   71.846866] init: service.adb.root:1
<4>[   72.855362] [USB] enable_adb - enable(0x00), prev_status(0x10)
<4>[   72.857442] Here is enable_adb@@@@
<4>[   72.859783] [enable_adb]USBSTATUS_UMS
<4>[   72.866375] [USB] enable_adb - prev_status(0x10), prev_status_before_adb setting(0x01)
<4>[   72.869497] [enable_adb]USBSTATUS_SAMSUNG_KIES
<6>[   72.872273] acm_function_config_changed
<6>[   72.875049] mtp_function_config_changed
<4>[   72.877650]   interface 0 = acm/c4fb1000
<4>[   72.880252]   interface 1 = acm/c4fb1000
<4>[   72.883461]   interface 2 = Gadget_MTP/df357f00
<4>[   72.888700] [ap_usb_power_on]AP USB Power ON, askon: 0, mtp : 0
<4>[   72.894598] !!!!!!!!!!! [ap_usb_power_on]AP samsung_kies_mtp_mode_flag0, mtp:0
<6>[   72.928217] init: waitpid returned pid 2280, status = 00000100
<5>[   72.931858] init: process 'adbd', pid 2280 exited
<5>[   72.937322] init: process 'adbd' killing any children in process group
<3>[   72.940357] init: init.svc.adbd:restarting
<5>[   72.946690] init: starting 'adbd'
<3>[   72.949820] init: init.svc.adbd:running
<6>[   72.955406] enabling adb
<4>[   72.959915] [USB] enable_adb - enable(0x10), prev_status(0x01)
<4>[   72.961997] Here is enable_adb@@@@
<4>[   72.964338] [enable_adb]USBSTATUS_ADB
<6>[   72.967114] acm_function_config_changed
<6>[   72.970670] mass_storage_function_config_changed
<6>[   72.973445] adb_function_config_changed
<4>[   72.976047]   interface 0 = acm/c4fb1000
<4>[   72.978649]   interface 1 = acm/c4fb1000
<4>[   72.982379]   interface 2 = usb_mass_storage/df35b800
<4>[   72.984980]   interface 3 = adb/df357d00
<4>[   72.989985] [ap_usb_power_on]AP USB Power ON, askon: 0, mtp : 0
<4>[   72.995883] !!!!!!!!!!! [ap_usb_power_on]AP samsung_kies_mtp_mode_flag0, mtp:0
<4>[   73.277722] PKD:: OTG core got reset!!! 
<6>[   74.210592] fg_read_vcell: VCELL=3878
<4>[   74.925595] acm_disconnected
<4>[   75.189694] [USB:UMS] fsg_function_setup, return to PC fsg->nluns=2
<4>[   75.194827] printk:do_inquiry fsg->cdrom 0 curlun->id 0
<4>[   75.202964] printk:do_inquiry fsg->cdrom 0 curlun->id 0
<4>[   75.224768] printk:do_inquiry fsg->cdrom 0 curlun->id 1
<4>[   75.255661] printk:do_inquiry fsg->cdrom 0 curlun->id 1
<3>[   75.713114] init: adb.connected:1
<4>[   76.476463] printk:do_inquiry fsg->cdrom 0 curlun->id 0
<4>[   76.484322] printk:do_inquiry fsg->cdrom 0 curlun->id 0
<4>[   76.497896] printk:do_inquiry fsg->cdrom 0 curlun->id 1
<4>[   76.511617] printk:do_inquiry fsg->cdrom 0 curlun->id 1
<6>[   79.210621] fg_read_vcell: VCELL=3878
<4>[   79.423587] acm_connected
<6>[   84.210627] fg_read_vcell: VCELL=3878
<6>[   89.210478] fg_read_vcell: VCELL=3878
<6>[   94.210496] fg_read_vcell: VCELL=3878
<6>[   99.210602] fg_read_vcell: VCELL=3878
<6>[  104.210582] fg_read_vcell: VCELL=3878
<6>[  109.211325] fg_read_vcell: VCELL=3878
<6>[  114.210721] fg_read_vcell: VCELL=3878
<6>[  119.210415] fg_read_vcell: VCELL=3878
<6>[  124.210480] fg_read_vcell: VCELL=3878
<6>[  129.210534] fg_read_vcell: VCELL=3878
<6>[  134.210502] fg_read_vcell: VCELL=3878
<6>[  139.210499] fg_read_vcell: VCELL=3878
<6>[  144.210538] fg_read_vcell: VCELL=3878
<6>[  149.210366] fg_read_vcell: VCELL=3878
<6>[  154.210531] fg_read_vcell: VCELL=3878
<6>[  159.210449] fg_read_vcell: VCELL=3878
<6>[  164.210357] fg_read_vcell: VCELL=3878
<6>[  169.210461] fg_read_vcell: VCELL=3878
<6>[  174.210518] fg_read_vcell: VCELL=3878
<6>[  179.210653] fg_read_vcell: VCELL=3878
<6>[  184.210432] fg_read_vcell: VCELL=3878
<6>[  189.210336] fg_read_vcell: VCELL=3878
<6>[  194.210352] fg_read_vcell: VCELL=3878
<6>[  199.210302] fg_read_vcell: VCELL=3878
<6>[  204.210347] fg_read_vcell: VCELL=3878
<6>[  209.210615] fg_read_vcell: VCELL=3878
<6>[  214.210477] fg_read_vcell: VCELL=3878
<6>[  219.210408] fg_read_vcell: VCELL=3878
<6>[  224.210458] fg_read_vcell: VCELL=3878
<6>[  229.210447] fg_read_vcell: VCELL=3878
<6>[  234.210436] fg_read_vcell: VCELL=3878
<6>[  239.210433] fg_read_vcell: VCELL=3878
<6>[  244.210379] fg_read_vcell: VCELL=3878
<6>[  249.210410] fg_read_vcell: VCELL=3878
<6>[  254.210406] fg_read_vcell: VCELL=3878
<6>[  259.210237] fg_read_vcell: VCELL=3878
<6>[  264.210365] fg_read_vcell: VCELL=3878
<6>[  269.210510] fg_read_vcell: VCELL=3878
<6>[  274.210396] fg_read_vcell: VCELL=3878
<6>[  279.210400] fg_read_vcell: VCELL=3878
<6>[  284.210397] fg_read_vcell: VCELL=3878
<6>[  289.210271] fg_read_vcell: VCELL=3878
<7>[  289.883190] [TSP]### Finger[0] Down (423,133) - touch num is (1)   status=0xc0
<7>[  290.439248] [TSP]### Finger[0] Up (53,213) - touch num is (0)  status=0x20
<6>[  294.210476] fg_read_vcell: VCELL=3878
<6>[  299.210343] fg_read_vcell: VCELL=3878
<6>[  304.210241] fg_read_vcell: VCELL=3878
<4>[  308.829978] !@2nfofPackageManager
<6>[  309.210292] fg_read_vcell: VCELL=3878
<4>[  311.525932] [VIBETONZ] enable_vibetonz_from_user : time = 150 msec 
<4>[  311.527629] [VIBETONZ] ENABLE
<4>[  311.680320] [VIBETONZ] DISABLE
<6>[  314.210251] fg_read_vcell: VCELL=3878
<6>[  319.210369] fg_read_vcell: VCELL=3878
<6>[  324.210325] fg_read_vcell: VCELL=3878
<4>[  324.610323] [VIBETONZ] enable_vibetonz_from_user : time = 75 msec 
<4>[  324.611969] [VIBETONZ] ENABLE
<4>[  324.689586] [VIBETONZ] DISABLE
<4>[  324.742850] [VIBETONZ] enable_vibetonz_from_user : time = 75 msec 
<4>[  324.744496] [VIBETONZ] ENABLE
<4>[  324.822157] [VIBETONZ] DISABLE
<4>[  324.875577] [VIBETONZ] enable_vibetonz_from_user : time = 75 msec 
<4>[  324.877223] [VIBETONZ] ENABLE
<4>[  324.954935] [VIBETONZ] DISABLE
<6>[  329.210474] fg_read_vcell: VCELL=3878
<6>[  334.210222] fg_read_vcell: VCELL=3878
<6>[  335.235928] init: waitpid returned pid 2292, status = 00000009
<5>[  335.239742] init: process 'zygote', pid 2292 exited
<5>[  335.245380] init: process 'zygote' killing any children in process group
<6>[  335.253490] request_suspend_state: wakeup (3->0) at 335218692542 (2011-05-19 04:20:58.812240775 UTC)
<5>[  335.257132] init: service 'media' is being killed
<3>[  335.263846] init: init.svc.media:stopping
<5>[  335.277915] init: starting 'media'
<3>[  335.282728] init: init.svc.media:running
<3>[  335.291816] init: init.svc.zygote:restarting
<6>[  335.305651] init: waitpid returned pid 2279, status = 00000009
<5>[  335.312294] init: process 'playlogos1', pid 2279 exited
<3>[  335.323136] init: init.svc.playlogos1:stopped
<6>[  335.336475] init: waitpid returned pid 2293, status = 0000000f
<3>[  335.342494] init: untracked pid 2293 exited
<5>[  335.353552] init: starting 'zygote'
<3>[  335.356570] init: init.svc.zygote:running
<6>[  335.370422] init: Created socket '/dev/socket/zygote' with mode '666', user '0', group '0'
<4>[  335.705509] DmaAddr=@4f3e0000 Total=32768bytes PrdSz=2048 #Prds=4, dmaEnd 0x4f3e8000
<4>[  335.771824] DmaAddr=@4f3e0000 Total=32768bytes PrdSz=2048 #Prds=4, dmaEnd 0x4f3e8000
<4>[  337.922483] !@beginofsystem_init1()
<4>[  338.025580] !@endofsystem_init1()
<3>[  338.029630] init: no such service 'bootanim'
<4>[  338.939313] !@beginofPackageManager
<6>[  339.210221] fg_read_vcell: VCELL=3878
<6>[  344.210179] fg_read_vcell: VCELL=3878
<6>[  349.210492] fg_read_vcell: VCELL=3878
<6>[  354.210571] fg_read_vcell: VCELL=3878
<6>[  359.210128] fg_read_vcell: VCELL=3878
<6>[  364.210129] fg_read_vcell: VCELL=3878
<6>[  369.210151] fg_read_vcell: VCELL=3878
<4>[  371.296723] !@2nfofPackageManager
<4>[  372.493378] [VIBETONZ] enable_vibetonz_from_user : time = 150 msec 
<4>[  372.495024] [VIBETONZ] ENABLE
<4>[  372.647699] [VIBETONZ] DISABLE
<6>[  374.210423] fg_read_vcell: VCELL=3878
<6>[  379.210387] fg_read_vcell: VCELL=3878
<4>[  383.831111] [VIBETONZ] enable_vibetonz_from_user : time = 75 msec 
<4>[  383.832757] [VIBETONZ] ENABLE
<4>[  383.910451] [VIBETONZ] DISABLE
<4>[  383.963652] [VIBETONZ] enable_vibetonz_from_user : time = 75 msec 
<4>[  383.965300] [VIBETONZ] ENABLE
<4>[  384.043039] [VIBETONZ] DISABLE
<4>[  384.096466] [VIBETONZ] enable_vibetonz_from_user : time = 75 msec 
<4>[  384.098114] [VIBETONZ] ENABLE
<4>[  384.175846] [VIBETONZ] DISABLE
<6>[  384.210394] fg_read_vcell: VCELL=3878
<6>[  389.210391] fg_read_vcell: VCELL=3878
<6>[  394.210639] fg_read_vcell: VCELL=3878
<6>[  394.503102] init: waitpid returned pid 2491, status = 00000009
<5>[  394.506916] init: process 'zygote', pid 2491 exited
<5>[  394.512692] init: process 'zygote' killing any children in process group
<6>[  394.525869] request_suspend_state: wakeup (0->0) at 394491113104 (2011-05-19 04:21:58.084659087 UTC)
<5>[  394.529561] init: service 'media' is being killed
<3>[  394.538912] init: init.svc.media:stopping
<5>[  394.545242] init: starting 'media'
<3>[  394.548243] init: init.svc.media:running
<3>[  394.557368] init: init.svc.zygote:restarting
<6>[  394.570829] init: waitpid returned pid 2490, status = 0000000f
<3>[  394.576822] init: untracked pid 2490 exited
<5>[  394.587880] init: starting 'zygote'
<3>[  394.590932] init: init.svc.zygote:running
<6>[  394.604854] init: Created socket '/dev/socket/zygote' with mode '666', user '0', group '0'
<4>[  394.967166] DmaAddr=@4f3e0000 Total=32768bytes PrdSz=2048 #Prds=4, dmaEnd 0x4f3e8000
<4>[  395.033559] DmaAddr=@4f3e0000 Total=32768bytes PrdSz=2048 #Prds=4, dmaEnd 0x4f3e8000
<4>[  396.914828] !@beginofsystem_init1()
<4>[  397.014378] !@endofsystem_init1()
<3>[  397.018480] init: no such service 'bootanim'
<4>[  397.918424] !@beginofPackageManager
<6>[  399.210057] fg_read_vcell: VCELL=3878
<6>[  404.210053] fg_read_vcell: VCELL=3878
<6>[  409.210464] fg_read_vcell: VCELL=3878
<6>[  414.210137] fg_read_vcell: VCELL=3878
<6>[  419.210069] fg_read_vcell: VCELL=3878
<4>[  423.269539] !@2nfofPackageManager
<6>[  424.210138] fg_read_vcell: VCELL=3878
<4>[  424.436520] [VIBETONZ] enable_vibetonz_from_user : time = 150 msec 
<4>[  424.438167] [VIBETONZ] ENABLE
<4>[  424.590825] [VIBETONZ] DISABLE
<6>[  429.210468] fg_read_vcell: VCELL=3878
<4>[  433.479264] [VIBETONZ] enable_vibetonz_from_user : time = 75 msec 
<4>[  433.480910] [VIBETONZ] ENABLE
<4>[  433.558570] [VIBETONZ] DISABLE
<4>[  433.611710] [VIBETONZ] enable_vibetonz_from_user : time = 75 msec 
<4>[  433.613358] [VIBETONZ] ENABLE
<4>[  433.691028] [VIBETONZ] DISABLE
<4>[  433.744315] [VIBETONZ] enable_vibetonz_from_user : time = 75 msec 
<4>[  433.745963] [VIBETONZ] ENABLE
<4>[  433.823599] [VIBETONZ] DISABLE
<6>[  434.210327] fg_read_vcell: VCELL=3878
<6>[  439.210485] fg_read_vcell: VCELL=3878
<7>[  444.113649] [TSP]### Finger[0] Down (408,252) - touch num is (1)   status=0xc0
<6>[  444.137067] init: waitpid returned pid 2568, status = 00000009
<5>[  444.141011] init: process 'zygote', pid 2568 exited
<5>[  444.146675] init: process 'zygote' killing any children in process group
<6>[  444.155096] request_suspend_state: wakeup (0->0) at 444120439121 (2011-05-19 04:22:47.713985438 UTC)
<5>[  444.162340] init: service 'media' is being killed
<3>[  444.171620] init: init.svc.media:stopping
<5>[  444.177950] init: starting 'media'
<3>[  444.180977] init: init.svc.media:running
<3>[  444.190127] init: init.svc.zygote:restarting
<6>[  444.203710] init: waitpid returned pid 2567, status = 0000000f
<6>[  444.210032] fg_read_vcell: VCELL=3878
<3>[  444.213154] init: untracked pid 2567 exited
<5>[  444.224448] init: starting 'zygote'
<3>[  444.227508] init: init.svc.zygote:running
<6>[  444.241499] init: Created socket '/dev/socket/zygote' with mode '666', user '0', group '0'
<7>[  444.415465] [TSP]### Finger[0] Up (4,42) - touch num is (0)  status=0x20
<4>[  444.611626] DmaAddr=@4f3e0000 Total=32768bytes PrdSz=2048 #Prds=4, dmaEnd 0x4f3e8000
<4>[  444.677941] DmaAddr=@4f3e0000 Total=32768bytes PrdSz=2048 #Prds=4, dmaEnd 0x4f3e8000
<3>[  445.117748] s3c_keygpio_vol_down_isr:295 input_report_key(df381000, 58, 0)
<7>[  445.128328] s3c_keygpio_vol_down_isr key_status =2,
<3>[  445.134139] s3c_keygpio_vol_down_isr:295 input_report_key(df381000, 58, 0)
<7>[  445.144720] s3c_keygpio_vol_down_isr key_status =2,
<4>[  446.593365] !@beginofsystem_init1()
<4>[  446.692785] !@endofsystem_init1()
<3>[  446.696843] init: no such service 'bootanim'
<4>[  447.688931] !@beginofPackageManager
<6>[  449.210013] fg_read_vcell: VCELL=3878
<6>[  454.210063] fg_read_vcell: VCELL=3878
<6>[  459.210429] fg_read_vcell: VCELL=3878
<6>[  464.209993] fg_read_vcell: VCELL=3878
<6>[  469.209997] fg_read_vcell: VCELL=3878
<4>[  471.015219] !@2nfofPackageManager
<4>[  472.179799] [VIBETONZ] enable_vibetonz_from_user : time = 150 msec 
<4>[  472.181446] [VIBETONZ] ENABLE
<4>[  472.334112] [VIBETONZ] DISABLE
<6>[  474.209874] fg_read_vcell: VCELL=3878
<6>[  479.210270] fg_read_vcell: VCELL=3878
<4>[  482.625087] [VIBETONZ] enable_vibetonz_from_user : time = 75 msec 
<4>[  482.626749] [VIBETONZ] ENABLE
<4>[  482.704431] [VIBETONZ] DISABLE
<4>[  482.757840] [VIBETONZ] enable_vibetonz_from_user : time = 75 msec 
<4>[  482.759670] [VIBETONZ] ENABLE
<4>[  482.837399] [VIBETONZ] DISABLE
<4>[  482.890826] [VIBETONZ] enable_vibetonz_from_user : time = 75 msec 
<4>[  482.892690] [VIBETONZ] ENABLE
<4>[  482.970401] [VIBETONZ] DISABLE
<6>[  484.210366] fg_read_vcell: VCELL=3878
<6>[  489.210343] fg_read_vcell: VCELL=3878
<6>[  493.273364] init: waitpid returned pid 2645, status = 00000009
<5>[  493.277178] init: process 'zygote', pid 2645 exited
<5>[  493.282937] init: process 'zygote' killing any children in process group
<6>[  493.291185] request_suspend_state: wakeup (0->0) at 493256596661 (2011-05-19 04:23:36.850143145 UTC)
<5>[  493.299902] init: service 'media' is being killed
<3>[  493.308888] init: init.svc.media:stopping
<5>[  493.315218] init: starting 'media'
<3>[  493.318192] init: init.svc.media:running
<3>[  493.326745] init: init.svc.zygote:restarting
<6>[  493.340180] init: waitpid returned pid 2644, status = 0000000f
<3>[  493.346207] init: untracked pid 2644 exited
<5>[  493.361118] init: starting 'zygote'
<3>[  493.364186] init: init.svc.zygote:running
<6>[  493.378116] init: Created socket '/dev/socket/zygote' with mode '666', user '0', group '0'
<4>[  493.732684] DmaAddr=@4f3e0000 Total=32768bytes PrdSz=2048 #Prds=4, dmaEnd 0x4f3e8000
<4>[  493.798990] DmaAddr=@4f3e0000 Total=32768bytes PrdSz=2048 #Prds=4, dmaEnd 0x4f3e8000
<6>[  494.209959] fg_read_vcell: VCELL=3878
<4>[  495.686200] !@beginofsystem_init1()
<4>[  495.785820] !@endofsystem_init1()
<3>[  495.789930] init: no such service 'bootanim'
<4>[  496.745443] !@beginofPackageManager
<6>[  499.209972] fg_read_vcell: VCELL=3878
<6>[  504.210301] fg_read_vcell: VCELL=3878
<6>[  509.210232] fg_read_vcell: VCELL=3878
<6>[  514.209874] fg_read_vcell: VCELL=3878
<6>[  519.209956] fg_read_vcell: VCELL=3878
<4>[  522.009538] !@2nfofPackageManager
<4>[  523.146960] [VIBETONZ] enable_vibetonz_from_user : time = 150 msec 
<4>[  523.148607] [VIBETONZ] ENABLE
<4>[  523.301273] [VIBETONZ] DISABLE
<6>[  524.210223] fg_read_vcell: VCELL=3878
<6>[  529.212115] fg_read_vcell: VCELL=3878
<6>[  534.210050] fg_read_vcell: VCELL=3878
<4>[  534.837598] [VIBETONZ] enable_vibetonz_from_user : time = 75 msec 
<4>[  534.839286] [VIBETONZ] ENABLE
<4>[  534.916990] [VIBETONZ] DISABLE
<4>[  534.970356] [VIBETONZ] enable_vibetonz_from_user : time = 75 msec 
<4>[  534.972003] [VIBETONZ] ENABLE
<4>[  535.049727] [VIBETONZ] DISABLE
<4>[  535.103545] [VIBETONZ] enable_vibetonz_from_user : time = 75 msec 
<4>[  535.105365] [VIBETONZ] ENABLE
<4>[  535.183216] [VIBETONZ] DISABLE
<6>[  539.210226] fg_read_vcell: VCELL=3878
<6>[  544.210412] fg_read_vcell: VCELL=3878
<6>[  545.469291] init: waitpid returned pid 2722, status = 00000009
<5>[  545.473105] init: process 'zygote', pid 2722 exited
<5>[  545.478743] init: process 'zygote' killing any children in process group
<6>[  545.486852] request_suspend_state: wakeup (0->0) at 545452345347 (2011-05-19 04:24:29.045893497 UTC)
<5>[  545.490495] init: service 'media' is being killed
<3>[  545.496923] init: init.svc.media:stopping
<5>[  545.503253] init: starting 'media'
<3>[  545.506324] init: init.svc.media:running
<3>[  545.514200] init: init.svc.zygote:restarting
<6>[  545.531485] init: waitpid returned pid 2721, status = 0000000f
<3>[  545.537504] init: untracked pid 2721 exited
<5>[  545.548971] init: starting 'zygote'
<3>[  545.552014] init: init.svc.zygote:running
<6>[  545.565458] init: Created socket '/dev/socket/zygote' with mode '666', user '0', group '0'
<4>[  545.920069] DmaAddr=@4f3e0000 Total=32768bytes PrdSz=2048 #Prds=4, dmaEnd 0x4f3e8000
<4>[  545.986367] DmaAddr=@4f3e0000 Total=32768bytes PrdSz=2048 #Prds=4, dmaEnd 0x4f3e8000
<4>[  547.871009] !@beginofsystem_init1()
<4>[  547.970698] !@endofsystem_init1()
<3>[  547.974739] init: no such service 'bootanim'
<4>[  548.865420] !@beginofPackageManager
<6>[  549.209822] fg_read_vcell: VCELL=3878
<6>[  554.209861] fg_read_vcell: VCELL=3878
<6>[  559.210046] fg_read_vcell: VCELL=3878
<6>[  564.209877] fg_read_vcell: VCELL=3878
<4>[  568.602760] !@2nfofPackageManager
<6>[  569.209890] fg_read_vcell: VCELL=3878
<4>[  569.789962] [VIBETONZ] enable_vibetonz_from_user : time = 150 msec 
<4>[  569.791609] [VIBETONZ] ENABLE
<4>[  569.944257] [VIBETONZ] DISABLE
<6>[  574.209896] fg_read_vcell: VCELL=3878
<6>[  579.210211] fg_read_vcell: VCELL=3878
<4>[  582.973938] [VIBETONZ] enable_vibetonz_from_user : time = 75 msec 
<4>[  582.975627] [VIBETONZ] ENABLE
<4>[  583.053460] [VIBETONZ] DISABLE
<4>[  583.106747] [VIBETONZ] enable_vibetonz_from_user : time = 75 msec 
<4>[  583.108395] [VIBETONZ] ENABLE
<4>[  583.186180] [VIBETONZ] DISABLE
<4>[  583.239971] [VIBETONZ] enable_vibetonz_from_user : time = 75 msec 
<4>[  583.241783] [VIBETONZ] ENABLE
<4>[  583.319609] [VIBETONZ] DISABLE
<6>[  584.210139] fg_read_vcell: VCELL=3878
<6>[  589.210237] fg_read_vcell: VCELL=3878
<6>[  593.613428] init: waitpid returned pid 2799, status = 00000009
<5>[  593.617320] init: process 'zygote', pid 2799 exited
<5>[  593.623027] init: process 'zygote' killing any children in process group
<6>[  593.633983] request_suspend_state: wakeup (0->0) at 593599528998 (2011-05-19 04:25:17.193076981 UTC)
<5>[  593.637624] init: service 'media' is being killed
<3>[  593.646715] init: init.svc.media:stopping
<5>[  593.653044] init: starting 'media'
<3>[  593.656167] init: init.svc.media:running
<3>[  593.663279] init: init.svc.zygote:restarting
<6>[  593.679907] init: waitpid returned pid 2798, status = 0000000f
<3>[  593.685917] init: untracked pid 2798 exited
<5>[  593.696975] init: starting 'zygote'
<3>[  593.700036] init: init.svc.zygote:running
<6>[  593.717765] init: Created socket '/dev/socket/zygote' with mode '666', user '0', group '0'
<4>[  594.068455] DmaAddr=@4f3e0000 Total=32768bytes PrdSz=2048 #Prds=4, dmaEnd 0x4f3e8000
<4>[  594.134753] DmaAddr=@4f3e0000 Total=32768bytes PrdSz=2048 #Prds=4, dmaEnd 0x4f3e8000
<6>[  594.209837] fg_read_vcell: VCELL=3878
<4>[  596.021572] !@beginofsystem_init1()
<4>[  596.121470] !@endofsystem_init1()
<3>[  596.125580] init: no such service 'bootanim'
<4>[  597.010979] !@beginofPackageManager
<6>[  599.209806] fg_read_vcell: VCELL=3878
<6>[  604.210186] fg_read_vcell: VCELL=3878
<6>[  609.209819] fg_read_vcell: VCELL=3878
<6>[  614.210578] fg_read_vcell: VCELL=3878
<4>[  617.419134] !@2nfofPackageManager
<4>[  618.601518] [VIBETONZ] enable_vibetonz_from_user : time = 150 msec 
<4>[  618.603164] [VIBETONZ] ENABLE
<4>[  618.755831] [VIBETONZ] DISABLE
<6>[  619.209671] fg_read_vcell: VCELL=3878
<6>[  624.209920] fg_read_vcell: VCELL=3878
<6>[  629.209730] fg_read_vcell: VCELL=3878
<4>[  630.079333] [VIBETONZ] enable_vibetonz_from_user : time = 75 msec 
<4>[  630.080987] [VIBETONZ] ENABLE
<4>[  630.158735] [VIBETONZ] DISABLE
<4>[  630.212064] [VIBETONZ] enable_vibetonz_from_user : time = 75 msec 
<4>[  630.213738] [VIBETONZ] ENABLE
<4>[  630.291476] [VIBETONZ] DISABLE
<4>[  630.344851] [VIBETONZ] enable_vibetonz_from_user : time = 75 msec 
<4>[  630.346498] [VIBETONZ] ENABLE
<4>[  630.424266] [VIBETONZ] DISABLE
<6>[  634.210204] fg_read_vcell: VCELL=3878
<6>[  639.210217] fg_read_vcell: VCELL=3878
<6>[  640.707990] init: waitpid returned pid 2876, status = 00000009
<5>[  640.711804] init: process 'zygote', pid 2876 exited
<5>[  640.717441] init: process 'zygote' killing any children in process group
<6>[  640.725551] request_suspend_state: wakeup (0->0) at 640691182533 (2011-05-19 04:26:04.284730766 UTC)
<5>[  640.729193] init: service 'media' is being killed
<3>[  640.735621] init: init.svc.media:stopping
<5>[  640.741952] init: starting 'media'
<3>[  640.745074] init: init.svc.media:running
<3>[  640.756264] init: init.svc.zygote:restarting
<6>[  640.769681] init: waitpid returned pid 2875, status = 0000000f
<3>[  640.775752] init: untracked pid 2875 exited
<5>[  640.787184] init: starting 'zygote'
<3>[  640.790210] init: init.svc.zygote:running
<6>[  640.803619] init: Created socket '/dev/socket/zygote' with mode '666', user '0', group '0'
<4>[  641.162124] DmaAddr=@4f3e0000 Total=32768bytes PrdSz=2048 #Prds=4, dmaEnd 0x4f3e8000
<4>[  641.228448] DmaAddr=@4f3e0000 Total=32768bytes PrdSz=2048 #Prds=4, dmaEnd 0x4f3e8000
<4>[  643.109899] !@beginofsystem_init1()
<4>[  643.209856] !@endofsystem_init1()
<3>[  643.213967] init: no such service 'bootanim'
<4>[  644.160564] !@beginofPackageManager
<6>[  644.209750] fg_read_vcell: VCELL=3878
<6>[  649.209737] fg_read_vcell: VCELL=3878
<6>[  654.210094] fg_read_vcell: VCELL=3878
<6>[  659.210026] fg_read_vcell: VCELL=3878
<6>[  664.209714] fg_read_vcell: VCELL=3878
<7>[  668.212498] [TSP]### Finger[0] Down (166,231) - touch num is (1)   status=0xc0
<7>[  668.434937] [TSP]### Finger[0] Up (168,216) - touch num is (0)  status=0x20
<7>[  668.940192] [TSP]### Finger[0] Down (420,186) - touch num is (1)   status=0xc0
<7>[  668.993098] [TSP]### Finger[0] Up (420,186) - touch num is (0)  status=0x20
<7>[  669.123291] [TSP]### Finger[0] Down (215,174) - touch num is (1)   status=0xc0
<6>[  669.209719] fg_read_vcell: VCELL=3878
<7>[  669.345124] [TSP]### Finger[0] Up (178,106) - touch num is (0)  status=0x20
<7>[  669.488491] [TSP]### Finger[0] Down (235,176) - touch num is (1)   status=0xc0
<4>[  669.541848] !@2nfofPackageManager
<7>[  670.326262] [TSP]### Finger[0] Up (342,261) - touch num is (0)  status=0x20
<4>[  670.680850] [VIBETONZ] enable_vibetonz_from_user : time = 150 msec 
<4>[  670.682497] [VIBETONZ] ENABLE
<4>[  670.835180] [VIBETONZ] DISABLE
<6>[  674.209712] fg_read_vcell: VCELL=3878
<6>[  679.210163] fg_read_vcell: VCELL=3878
<4>[  683.948767] [VIBETONZ] enable_vibetonz_from_user : time = 75 msec 
<4>[  683.950414] [VIBETONZ] ENABLE
<4>[  684.028075] [VIBETONZ] DISABLE
<4>[  684.081397] [VIBETONZ] enable_vibetonz_from_user : time = 75 msec 
<4>[  684.083045] [VIBETONZ] ENABLE
<4>[  684.160645] [VIBETONZ] DISABLE
<6>[  684.209849] fg_read_vcell: VCELL=3878
<4>[  684.214705] [VIBETONZ] enable_vibetonz_from_user : time = 75 msec 
<4>[  684.216353] [VIBETONZ] ENABLE
<4>[  684.294008] [VIBETONZ] DISABLE
<7>[  685.257270] [TSP]### Finger[0] Down (13,447) - touch num is (1)   status=0xc0
<7>[  685.490795] [TSP]### Finger[0] Up (3,399) - touch num is (0)  status=0x20
<7>[  685.708616] [TSP]### Finger[0] Down (61,420) - touch num is (1)   status=0xc0
<7>[  685.845450] [TSP]### Finger[0] Up (61,420) - touch num is (0)  status=0x20
<7>[  685.974985] [TSP]### Finger[0] Down (170,566) - touch num is (1)   status=0xc0
<7>[  686.069565] [TSP]### Finger[0] Up (170,566) - touch num is (0)  status=0x20
<6>[  689.209948] fg_read_vcell: VCELL=3878
<7>[  693.919733] [TSP]### Finger[0] Down (232,23) - touch num is (1)   status=0xc0
<7>[  693.974921] [TSP]### Finger[1] Down (14,8) - touch num is (1)   status=0xc0
<7>[  694.032389] [TSP]### Finger[1] Up (14,8) - touch num is (0)  status=0x20
<7>[  694.126918] [TSP]### Finger[0] Up (236,21) - touch num is (0)  status=0x20
<6>[  694.209678] fg_read_vcell: VCELL=3878
<6>[  694.591222] init: waitpid returned pid 2953, status = 00000009
<5>[  694.595036] init: process 'zygote', pid 2953 exited
<5>[  694.600795] init: process 'zygote' killing any children in process group
<6>[  694.609077] request_suspend_state: wakeup (0->0) at 694574796038 (2011-05-19 04:26:58.168344105 UTC)
<5>[  694.615376] init: service 'media' is being killed
<3>[  694.624534] init: init.svc.media:stopping
<5>[  694.630864] init: starting 'media'
<3>[  694.633874] init: init.svc.media:running
<3>[  694.642868] init: init.svc.zygote:restarting
<6>[  694.656312] init: waitpid returned pid 2952, status = 0000000f
<3>[  694.662253] init: untracked pid 2952 exited
<5>[  694.673356] init: starting 'zygote'
<3>[  694.676416] init: init.svc.zygote:running
<6>[  694.694171] init: Created socket '/dev/socket/zygote' with mode '666', user '0', group '0'
<4>[  695.048868] DmaAddr=@4f3e0000 Total=32768bytes PrdSz=2048 #Prds=4, dmaEnd 0x4f3e8000
<4>[  695.115062] DmaAddr=@4f3e0000 Total=32768bytes PrdSz=2048 #Prds=4, dmaEnd 0x4f3e8000
<4>[  697.066130] !@beginofsystem_init1()
<4>[  697.166400] !@endofsystem_init1()
<3>[  697.170494] init: no such service 'bootanim'
<4>[  698.133874] !@beginofPackageManager
<6>[  699.209641] fg_read_vcell: VCELL=3878
<6>[  704.210064] fg_read_vcell: VCELL=3878
<6>[  709.210005] fg_read_vcell: VCELL=3878
<6>[  714.209683] fg_read_vcell: VCELL=3878
<6>[  719.209598] fg_read_vcell: VCELL=3878
<7>[  719.358898] [TSP]### Finger[0] Down (253,346) - touch num is (1)   status=0xc0
<7>[  719.439540] [TSP]### Finger[0] Up (253,346) - touch num is (0)  status=0x20
<4>[  723.563546] !@2nfofPackageManager
<6>[  724.209530] fg_read_vcell: VCELL=3878
<4>[  724.758627] [VIBETONZ] enable_vibetonz_from_user : time = 150 msec 
<4>[  724.760274] [VIBETONZ] ENABLE
<4>[  724.912888] [VIBETONZ] DISABLE
<6>[  729.209618] fg_read_vcell: VCELL=3878
<6>[  734.209974] fg_read_vcell: VCELL=3878
