<0>1
-----------------------------------------------------------
   Samsung Primitive Bootloader (PBL) v3.0
   Copyright (C) Samsung Electronics Co., Ltd. 2006-2010
-----------------------------------------------------------

+n1stVPN       2688 
+nPgsPerBlk    64 
PBL found bootable SBL: Partition(3).

Set cpu clk. from 400MHz to 800MHz.
OM=0x9, device=OnenandMux(Audi)
IROM e-fused - Non Secure Boot Version.

-----------------------------------------------------------
   Samsung Secondary Bootloader (SBL) v3.0
   Copyright (C) Samsung Electronics Co., Ltd. 2006-2010

   Board Name: ARIES REV 03
   Build On: Sep 21 2010 14:07:24
-----------------------------------------------------------

Re_partition: magic code(0xffffffff)
[PAM:   ] ++FSR_PAM_Init

[PAM:   ]   OneNAND physical base address       : 0xb0000000

[PAM:   ]   OneNAND virtual  base address       : 0xb0000000

[PAM:   ]   OneNAND nMID=0xec : nDID=0x50

[PAM:   ] --FSR_PAM_Init

fsr_bml_load_partition: pi->nNumOfPartEntry = 12
partitions loading success
board partition information update.. source: 0x0
.Done.
 
read 1 units.
==== PARTITION INFORMATION ====
 ID         : IBL+PBL (0x0)
 ATTR       : RO SLC (0x1002)
 FIRST_UNIT : 0
 NO_UNITS   : 1
===============================
 ID         : PIT (0x1)
 ATTR       : RO SLC (0x1002)
 FIRST_UNIT : 1
 NO_UNITS   : 1
===============================
 ID         : EFS (0x14)
 ATTR       : RW STL SLC (0x1101)
 FIRST_UNIT : 2
 NO_UNITS   : 40
===============================
 ID         : SBL (0x3)
 ATTR       : RO SLC (0x1002)
 FIRST_UNIT : 42
 NO_UNITS   : 5
===============================
 ID         : SBL2 (0x4)
 ATTR       : RO SLC (0x1002)
 FIRST_UNIT : 47
 NO_UNITS   : 5
===============================
 ID         : PARAM (0x15)
 ATTR       : RW STL SLC (0x1101)
 FIRST_UNIT : 52
 NO_UNITS   : 20
===============================
 ID         : KERNEL (0x6)
 ATTR       : RO SLC (0x1002)
 FIRST_UNIT : 72
 NO_UNITS   : 30
===============================
 ID         : RECOVERY (0x7)
 ATTR       : RO SLC (0x1002)
 FIRST_UNIT : 102
 NO_UNITS   : 30
===============================
 ID         : FACTORYFS (0x16)
 ATTR       : RW STL SLC (0x1101)
 FIRST_UNIT : 132
 NO_UNITS   : 1243
===============================
 ID         : DBDATAFS (0x17)
 ATTR       : RW STL SLC (0x1101)
 FIRST_UNIT : 1375
 NO_UNITS   : 425
===============================
 ID         : CACHE (0x18)
 ATTR       : RW STL SLC (0x1101)
 FIRST_UNIT : 1800
 NO_UNITS   : 140
===============================
 ID         : MODEM (0xb)
 ATTR       : RO SLC (0x1002)
 FIRST_UNIT : 1940
 NO_UNITS   : 64
===============================
loke_init: j4fs_open success..
load_lfs_parameters valid magic code and version.
load_debug_level reading debug level from file successfully(0x574f4c44).
EXT_I2C(3) -> No ACK
EXT_I2C(3) -> No ACK
EXT_I2C(3) -> No ACK
EXT_I2C(3) -> No ACK
EXT_I2C(3) -> No ACK
init_fuel_gauge: vcell = 0mV, soc = 0
reading nps status file is successfully!.
nps status=0x504d4f43
PMIC_IRQ1    = 0x20 
PMIC_IRQ2    = 0x0 
PMIC_IRQ3    = 0x0 
PMIC_IRQ4    = 0x0 
PMIC_STATUS1 = 0x40 
PMIC_STATUS2 = 0x0 
get_debug_level current debug level is 0x574f4c44.
aries_process_platform: Debug Level Low
keypad_scan: key value ----------------->= 0x0
CONFIG_ARIES_REV:48 , CONFIG_ARIES_REV03:48 
aries_process_platform: final s1 booting mode = 0
EXT_I2C(3) -> No ACK
EXT_I2C(3) -> No ACK
aries_check_boot_low_battery: low battery detect. voltage=0, limit voltage=3430
DISPLAY_PATH_SEL[MDNIE 0x1]is on
MDNIE setting Init start!!
vsync interrupt is off
video interrupt is off
[fb0] turn on
MDNIE setting Init end!!

Autoboot (0 seconds) in progress, press any key to stop 
get_debug_level current debug level is 0x574f4c44.
get_debug_level current debug level is 0x574f4c44.
boot_kernel: Debug Level Low
FOTA Check Bit 
 Read BML page=, NumPgs=
FOTA Check Bit (0xffffffff)
Load Partion idx = (6)
..............................done
Kernel read success from kernel partition no.6, idx.6.
setting param.serialnr=0x313135f3 0x7b8500ec
setting param.board_rev=0x30
setting param.cmdline=bootmode=2 console=ttySAC2,115200 loglevel=4

Starting kernel at 0x32000000...
Uncompressing Linux.......................................................................................................................................................................................................................................................................................................................................................................................................... done, booting the kernel.
<6>Initializing cgroup subsys cpu
<5>Linux version 2.6.29 (oleg@VM) (gcc version 4.4.1 (Sourcery G++ Lite 2010q1-188) ) #1 Mon Apr 4 02:29:07 MSD 2011
CPU: ARMv7 Processor [412fc082] revision 2 (ARMv7), cr=10c5387f
CPU: VIPT nonaliasing data cache, VIPT nonaliasing instruction cache
Machine: GT-I9000
Memory policy: ECC disabled, Data cache writeback
<7>On node 0 totalpages: 20480
<7>free_area_init_node: node 0, pgdat c0bf4314, node_mem_map c0d97000
<7>  DMA zone: 160 pages used for memmap
<7>  DMA zone: 0 pages reserved
<7>  DMA zone: 20320 pages, LIFO batch:3
<7>On node 1 totalpages: 65536
<7>free_area_init_node: node 1, pgdat c0bf4c74, node_mem_map d0002000
<7>  DMA zone: 512 pages used for memmap
<7>  DMA zone: 0 pages reserved
<7>  DMA zone: 65024 pages, LIFO batch:15
<7>On node 2 totalpages: 0
<7>free_area_init_node: node 2, pgdat c0bf55d4, node_mem_map 00000000
<7>On node 3 totalpages: 0
<7>free_area_init_node: node 3, pgdat c0bf5f34, node_mem_map 00000000
CPU S5PC110 (id 0x43110222)
<7>s5pc110_init_clocks: initialising clocks
<6>S3C24XX Clocks, (c) 2004 Simtec Electronics
<7>s5pc110_setup_clocks: registering clocks
<7>s5pc110_setup_clocks: clkdiv0 = 14131330, clkdiv1 = 00300400
<7>s5pc110_setup_clocks: xtal is 24000000
<6>S5PC100: PLL settings, A=800000000, M=667000000, E=96000000, H=54000000
<6>S5PC110: ARMCLK=800000000, HCLKM=200000000, HCLKD=166750000, HCLKP=133400000, PCLKM=100000000, PCLKD=83375000, PCLKP=66700000
<6>mout_apll: source is fout_apll (1), rate is 800000000
<6>mout_epll: source is fout_epll (1), rate is 96000000
<6>mout_mpll: source is mpll (1), rate is 667000000
<6>mout_vpll: source is srclk (1), rate is 54000000
<6>mmc_bus: source is mout_mpll (6), rate is 667000000
<6>mmc_bus: source is mout_mpll (6), rate is 667000000
<6>mmc_bus: source is mout_mpll (6), rate is 667000000
<6>mmc_bus: source is mout_mpll (6), rate is 667000000
<6>uclk1: source is mout_mpll (6), rate is 66700000
<6>uclk1: source is mout_mpll (6), rate is 66700000
<6>uclk1: source is mout_mpll (6), rate is 66700000
<6>uclk1: source is mout_mpll (6), rate is 66700000
<6>spi-bus: source is mout_epll (7), rate is 96000000
<6>spi-bus: source is mout_epll (7), rate is 96000000
<6>spi-bus: source is mout_epll (7), rate is 96000000
<3>sclk_audio0: bad source 0
<6>sclk_audio1: source is iiscd_cdclk1 (0), rate is 0
<3>sclk_audio2: bad source 0
<6>i2sclk: source is i2smain_clk (0), rate is 0
<6>audss_hclk: source is i2smain_clk (0), rate is 0
<3>i2smain_clk: bad source 0
<6>sclk_lcd: source is mout_mpll (6), rate is 166750000
<3>sclk_cam0: bad source 0
<3>sclk_cam1: bad source 0
<3>sclk_fimc: bad source 0
<3>sclk_fimc: bad source 0
<3>sclk_fimc: bad source 0
<3>mdnie_pwmclk_sel: bad source 0
<6>mdnie_sel: source is mout_mpll (6), rate is 166750000
<3>mipi-csis: bad source 0
<6>s5pc110: 33554432 bytes system memory reserved for mfc at 0x30e41000
<6>s5pc110: 33554432 bytes system memory reserved for mfc at 0x40204000
<6>s5pc110: 12582912 bytes system memory reserved for fimc0 at 0x42204000
<6>s5pc110: 1048576 bytes system memory reserved for fimc1 at 0x42e04000
<6>s5pc110: 12582912 bytes system memory reserved for fimc2 at 0x42f04000
<6>s5pc110: 16777216 bytes system memory reserved for pmem at 0x32e41000
<6>s5pc110: 8388608 bytes system memory reserved for pmem_gpu1 at 0x33e41000
<6>s5pc110: 1843200 bytes system memory reserved for pmem_adsp at 0x34641000
<6>s5pc110: 262144 bytes system memory reserved for wifi at 0x34803000
<6>s5pc110: 10485760 bytes system memory reserved for texstream at 0x43b04000
Built 2 zonelists in Zone order, mobility grouping on.  Total pages: 85344
<5>Kernel command line: bootmode=2 console=ttySAC2,115200 loglevel=4
<7>s5pc11x_init_irq: initialising interrupts
PID hash table entries: 2048 (order: 11, 8192 bytes)
Console: colour dummy device 80x30
<6>console [ttySAC2] enabled
[    0.000000] sclk_audio0: bad source 0
[    0.000000] sclk_audio2: bad source 0
[    0.000000] i2smain_clk: bad source 0
[    0.000000] sclk_cam0: bad source 0
[    0.000000] sclk_cam1: bad source 0
[    0.000000] sclk_fimc: bad source 0
[    0.000000] sclk_fimc: bad source 0
[    0.000000] sclk_fimc: bad source 0
[    0.000000] mdnie_pwmclk_sel: bad source 0
[    0.000000] mipi-csis: bad source 0
<6>Dentry cache hash table entries: 65536 (order: 6, 262144 bytes)
<6>Inode-cache hash table entries: 32768 (order: 5, 131072 bytes)
<6>Memory: 80MB 256MB = 336MB total
<5>Memory: 198708KB available (7748K code, 1687K data, 4444K init)
<6>Calibrating delay loop... 797.90 BogoMIPS (lpj=1994752)
Mount-cache hash table entries: 512
<6>Initializing cgroup subsys debug
<6>Initializing cgroup subsys cpuacct
<6>Initializing cgroup subsys freezer
<6>CPU: Testing write buffer coherency: ok
<0>KERNEL:kernel_sec_get_debug_level_from_boot=0x574f4c44
[    0.202946] KERNEL:kernel_sec_get_debug_level_from_b<ot=0x574f4c44
0>KERNEL:magic_number=0x0 DEBUG LEVEL low!!
[    0.213006] KERNEL:magic_number=0x0 DEB<G LEVEL low!!
0>(kernel_sec_set_upload_cause) : upload_cause set 0x0
[    0.222893] (kernel_sec_set_upload_cause) : upload_cause set 0x0
<7>device: 'platform': device_add
<7>PM: Adding info for No Bus:platform
<7>bus: 'platform': registered
<7>Registering sysdev class 'cpu'
<6>net_namespace: 980 bytes
<7>Registering sysdev class 's5pc110-core'
<7>Registering platform device 'power.0'. Parent at platform
<7>device: 'power.0': device_add
<7>bus: 'platform': add device power.0
<7>PM: Adding info for platform:power.0
<7>bus: 'platform': add driver power
<7>bus: 'platform': driver_probe_device: matched device power.0 with driver power
<7>bus: 'platform': really_probe: probing driver power with device power.0
<7>driver: 'power.0': driver_bound: bound to device 'power'
<7>bus: 'platform': really_probe: bound device power.0 to driver power
<6>regulator: core version 0.5
<7>device class 'regulator': registering
<6>NET: Registered protocol family 16
<7>device class 'bdi': registering
<7>device class 'gpio': registering
<7>device: 'gpiochip0': device_add
<7>PM: Adding info for No Bus:gpiochip0
<7>device: 'gpiochip9': device_add
<7>PM: Adding info for No Bus:gpiochip9
<7>device: 'gpiochip14': device_add
<7>PM: Adding info for No Bus:gpiochip14
<7>device: 'gpiochip23': device_add
<7>PM: Adding info for No Bus:gpiochip23
<7>device: 'gpiochip29': device_add
<7>PM: Adding info for No Bus:gpiochip29
<7>device: 'gpiochip35': device_add
<7>PM: Adding info for No Bus:gpiochip35
<7>device: 'gpiochip40': device_add
<7>PM: Adding info for No Bus:gpiochip40
<7>device: 'gpiochip47': device_add
<7>PM: Adding info for No Bus:gpiochip47
<7>device: 'gpiochip56': device_add
<7>PM: Adding info for No Bus:gpiochip56
<7>device: 'gpiochip62': device_add
<7>PM: Adding info for No Bus:gpiochip62
<7>device: 'gpiochip71': device_add
<7>PM: Adding info for No Bus:gpiochip71
<7>device: 'gpiochip80': device_add
<7>PM: Adding info for No Bus:gpiochip80
<7>device: 'gpiochip89': device_add
<7>PM: Adding info for No Bus:gpiochip89
<7>device: 'gpiochip96': device_add
<7>PM: Adding info for No Bus:gpiochip96
<7>device: 'gpiochip104': device_add
<7>PM: Adding info for No Bus:gpiochip104
<7>device: 'gpiochip112': device_add
<7>PM: Adding info for No Bus:gpiochip112
<7>device: 'gpiochip120': device_add
<7>PM: Adding info for No Bus:gpiochip120
<7>device: 'gpiochip128': device_add
<7>PM: Adding info for No Bus:gpiochip128
<7>device: 'gpiochip137': device_add
<7>PM: Adding info for No Bus:gpiochip137
<7>device: 'gpiochip146': device_add
<7>PM: Adding info for No Bus:gpiochip146
<7>device: 'gpiochip155': device_add
<7>PM: Adding info for No Bus:gpiochip155
<7>device: 'gpiochip164': device_add
<7>PM: Adding info for No Bus:gpiochip164
<7>device: 'gpiochip172': device_add
<7>PM: Adding info for No Bus:gpiochip172
<7>device: 'gpiochip181': device_add
<7>PM: Adding info for No Bus:gpiochip181
<7>device: 'gpiochip188': device_add
<7>PM: Adding info for No Bus:gpiochip188
<7>devpmem.1
<7>Registering platform device 'android_pmem.2'. Parent at platform
<7>device: 'android_pmem.2': device_add
<7>bus: 'platform': add device android_pmem.2
<7>PM: Adding info for platform:android_pmem.2
<7>Registering platform device 's3c24xx-pwm.0'. Parent at platform
<7>device: 's3c24xx-pwm.0': device_add
<7>bus: 'platform': add device s3c24xx-pwm.0
<7>PM: Adding info for platform:s3c24xx-pwm.0
<7>Registering platform device 's3c24xx-pwm.1'. Parent at platform
<7>device: 's3c24xx-pwm.1': device_add
<7>bus: 'platform': add device s3c24xx-pwm.1
<7>PM: Adding info for platform:s3c24xx-pwm.1
<7>Registering platform device 's3c24xx-pwm.2'. Parent at platform
<7>device: 's3c24xx-pwm.2': device_add
<7>bus: 'platform': add device s3c24xx-pwm.2
<7>PM: Adding info for platform:s3c24xx-pwm.2
<7>Registering platform device 's3c24xx-pwm.3'. Parent at platform
<7>device: 's3c24xx-pwm.3': device_add
<7>bus: 'platform': add device s3c24xx-pwm.3
<7>PM: Adding info for platform:s3c24xx-pwm.3
<7>Registering platform device 's3c-usbgadget'. Parent at platform
<7>device: 's3c-usbgadget': device_add
<7>bus: 'platform': add device s3c-usbgadget
<7>PM: Adding info for platform:s3c-usbgadget
<7>Registering platform device 'qt602240-ts'. Parent at platform
<7>device: 'qt602240-ts': device_add
<7>bus: 'platform': add device qt602240-ts
<7>PM: Adding info for platform:qt602240-ts
<7>Registering platform device 's5p_trs'. Parent at platform
<7>device: 's5p_trs': device_add
<7>bus: 'platform': add device s5p_trs
<7>PM: Adding info for platform:s5p_trs
<7>Registering platform device 's3c-adc'. Parent at platform
<7>device: 's3c-adc': device_add
<7>bus: 'platform': add device s3c-adc
<7>PM: Adding info for platform:s3c-adc
<7>Registering platform device 's3c-ide.0'. Parent at platform
<7>device: 's3c-ide.0': device_add
<7>bus: 'platform': add device s3c-ide.0
<7>PM: Adding info for platform:s3c-ide.0
<7>Registering platform device 's5p-tvout'. Parent at platform
<7>device: 's5p-tvout': device_add
<7>bus: 'platform': add device s5p-tvout
<7>PM: Adding info for platform:s5p-tvout
<7>Registering platform device 's3c-fimc.0'. Parent at platform
<7>device: 's3c-fimc.0': device_add
<7>bus: 'platform': add device s3c-fimc.0
<7>PM: Adding info for platform:s3c-fimc.0
<7>Registering platform device 's3c-fimc.1'. Parent at platform
<7>device: 's3c-fimc.1': device_add
<7>bus: 'platform': add device s3c-fimc.1
<7>PM: Adding info for platform:s3c-fimc.1
<7>Registering platform device 's3c-fimc.2'. Parent at platform
<7>device: 's3c-fimc.2': device_add
<7>bus: 'platform': add device s3c-fimc.2
<7>PM: Adding info for platform:s3c-fimc.2
<7>Registering platform device 'sec_jack'. Parent at platform
<7>device: 'sec_jack': device_add
<7>bus: 'platform': add device sec_jack
<7>PM: Adding info for platform:sec_jack
<7>Registering platform device 's3c2410-i2c.0'. Parent at platform
<7>device: 's3c2410-i2c.0': device_add
<7>bus: 'platform': add device s3c2410-i2c.0
<7>PM: Adding info for platform:s3c2410-i2c.0
<7>Registering platform device 's3c2410-i2c.1'. Parent at platform
<7>device: 's3c2410-i2c.1': device_add
<7>bus: 'platform': add device s3c2410-i2c.1
<7>PM: Adding info for platform:s3c2410-i2c.1
<7>Registering platform device 's3c2410-i2c.2'. Parent at platform
<7>device: 's3c2410-i2c.2': device_add
<7>bus: 'platform': add device s3c2410-i2c.2
<7>PM: Adding info for platform:s3c2410-i2c.2
<7>Registering platform device 's3c-ipc.0'. Parent at platform
<7>device: 's3c-ipc.0': device_add
<7>bus: 'platform': add device s3c-ipc.0
<7>PM: Adding info for platform:s3c-ipc.0
<7>Registering platform device 'i2c-gpio.4'. Parent at platform
<7>device: 'i2c-gpio.4': device_add
<7>bus: 'platform': add device i2c-gpio.4
<7>PM: Adding info for platform:i2c-gpio.4
<7>Registering platform device 'i2c-gpio.5'. Parent at platform
<7>device: 'i2c-gpio.5': device_add
<7>bus: 'platform': add device i2c-gpio.5
<7>PM: Adding info for platform:i2c-gpio.5
<7>Registering platform device 'i2c-gpio.6'. Parent at platform
<7>device: 'i2c-gpio.6': device_add
<7>bus: 'platform': add device i2c-gpio.6
<7>PM: Adding info for platform:i2c-gpio.6
<7>Registering platform device 'i2c-gpio.7'. Parent at platform
<7>device: 'i2c-gpio.7': device_add
<7>bus: 'platform': add device i2c-gpio.7
<7>PM: Adding info for platform:i2c-gpio.7
<7>Registering platform device 'i2c-gpio.8'. Parent at platform
<7>device: 'i2c-gpio.8': device_add
<7>bus: 'platform': add device i2c-gpio.8
<7>PM: Adding info for platform:i2c-gpio.8
<7>Registering platform device 'i2c-gpio.9'. Parent at platform
<7>device: 'i2c-gpio.9': device_add
<7>bus: 'platform': add device i2c-gpio.9
<7>PM: Adding info for platform:i2c-gpio.9
<7>Registering platform device 'i2c-gpio.10'. Parent at platform
<7>device: 'i2c-gpio.10': device_add
<7>bus: 'platform': add device i2c-gpio.10
<7>PM: Adding info for platform:i2c-gpio.10
<7>Registering platform device 'i2c-gpio.11'. Parent at platform
<7>device: 'i2c-gpio.11': device_add
<7>bus: 'platform': add device i2c-gpio.11
<7>PM: Adding info for platform:i2c-gpio.11
<7>Registering platform device 'i2c-gpio.12'. Parent at platform
<7>device: 'i2c-gpio.12': device_add
<7>bus: 'platform': add device i2c-gpio.12
<7>PM: Adding info for platform:i2c-gpio.12
<7>Registering platform device 'gp2a-opt'. Parent at platform
<7>device: 'gp2a-opt': device_add
<7>bus: 'platform': add device gp2a-opt
<7>PM: Adding info for platform:gp2a-opt
<7>Registering platform device 's3c-tsi'. Parent at platform
<7>device: 's3c-tsi': device_add
<7>bus: 'platform': add device s3c-tsi
<7>PM: Adding info for platform:s3c-tsi
<7>Registering platform device 'bt_rfkill'. Parent at platform
<7>device: 'bt_rfkill': device_add
<7>bus: 'platform': add device bt_rfkill
<7>PM: Adding info for platform:bt_rfkill
<7>Registering platform device 'bt_sleep'. Parent at platform
<7>device: 'bt_sleep': device_add
<7>bus: 'platform': add device bt_sleep
<7>PM: Adding info for platform:bt_sleep
<7>Registering platform device 'jupiter-battery'. Parent at platform
<7>device: 'jupiter-battery': device_add
<7>bus: 'platform': add device jupiter-battery
<7>PM: Adding info for platform:jupiter-battery
s5pc11x Power Management, (c) 2008 Samsung Electronics
<7>Registering platform device 'pwm-backlight.0'. Parent at s3c24xx-pwm.3
<7>device: 'pwm-backlight.0': device_add
<7>bus: 'platform': add device pwm-backlight.0
<7>PM: Adding info for platform:pwm-backlight.0
<7>device class 'sec': registering
<7>device: 'switch': device_add
<7>PM: Adding info for No Bus:switch
<4>GPIO-15 autorequested
HWREV is 0xf
S5PC110 Power driver init
<7>device: 'gpio120': device_add
<7>PM: Adding info for No Bus:gpio120
<7>device: 'gpio121': device_add
<7>PM: Adding info for No Bus:gpio121
<7>bus: 'platform': add driver s3c24xx-pwm
<7>bus: 'platform': driver_probe_device: matched device s3c24xx-pwm.0 with driver s3c24xx-pwm
<7>bus: 'platform': really_probe: probing driver s3c24xx-pwm with device s3c24xx-pwm.0
<6>s3c24xx-pwm s3c24xx-pwm.0: tin at 33350000, tdiv at 33350000, tin=divclk, base 0
<7>driver: 's3c24xx-pwm.0': driver_bound: bound to device 's3c24xx-pwm'
<7>bus: 'platform': really_probe: bound device s3c24xx-pwm.0 to driver s3c24xx-pwm
<7>bus: 'platform': driver_probe_device: matched device s3c24xx-pwm.1 with driver s3c24xx-pwm
<7>bus: 'platform': really_probe: probing driver s3c24xx-pwm with device s3c24xx-pwm.1
<6>s3c24xx-pwm s3c24xx-pwm.1: tin at 33350000, tdiv at 33350000, tin=divclk, base 8
<7>driver: 's3c24xx-pwm.1': driver_bound: bound to device 's3c24xx-pwm'
<7>bus: 'platform': really_probe: bound device s3c24xx-pwm.1 to driver s3c24xx-pwm
<7>bus: 'platform': driver_probe_device: matched device s3c24xx-pwm.2 with driver s3c24xx-pwm
<7>bus: 'platform': really_probe: probing driver s3c24xx-pwm with device s3c24xx-pwm.2
<6>s3c24xx-pwm s3c24xx-pwm.2: tin at 33350000, tdiv at 33350000, tin=divclk, base 12
<7>driver: 's3c24xx-pwm.2': driver_bound: bound to device 's3c24xx-pwm'
<7>bus: 'platform': really_probe: bound device s3<0>  - Fail to set CP uploadmode.
[    8.180971]   - Fail to set <P uploadmode.
0> modem_wait_count : 501 
[    8.187476]  modem_wai<_count : 501 
0>(kernel_sec_save_final_context) Final context was saved before the system reset.
[    8.198317] (kernel_sec_save_final_context) Final context was saved before the<system reset.
0>(kernel_sec_set_upload_cause) : upload_cause set 0xc8
[    8.211674] (kernel_sec_set_upload_cause) : upload_<ause set 0xc8
0>KERNEL:magic_number=0x0 CLEAR_UPLOAD_MAGIC_NUMBER
[    8.222342] KERNEL:magic_number=0x0 CLEAR_UPLOA<_MAGIC_NUMBER
0>(kernel_sec_hw_reset) Upload Magic Code is cleared for silet reset.
[    8.234224] (kernel_sec_hw_reset) Upload Magic Code is cleared fo< silet reset.
0>(kernel_sec_hw_reset) 
[    8.243764] (kernel_<ec_hw_reset) 
0>(kernel_sec_hw_reset) The forced reset was called. The system will be reset !!
[    8.254259] (kernel_sec_hw_reset) The forced reset was called. The system will be resetà1